Component: ARM Compiler 5.06 update 6 (build 750) Tool: armlink [4d35ed]

==============================================================================

Section Cross References

    main.o(i.HAL_TIM_PeriodElapsedCallback) refers to stm32f3xx_hal.o(i.HAL_IncTick) for HAL_IncTick
    main.o(i.SystemClock_Config) refers to memseta.o(.text) for __aeabi_memclr4
    main.o(i.SystemClock_Config) refers to stm32f3xx_hal_rcc.o(i.HAL_RCC_OscConfig) for HAL_RCC_OscConfig
    main.o(i.SystemClock_Config) refers to stm32f3xx_hal_rcc.o(i.HAL_RCC_ClockConfig) for HAL_RCC_ClockConfig
    main.o(i.SystemClock_Config) refers to stm32f3xx_hal_rcc_ex.o(i.HAL_RCCEx_PeriphCLKConfig) for HAL_RCCEx_PeriphCLKConfig
    main.o(i.main) refers to stm32f3xx_hal.o(i.HAL_Init) for HAL_Init
    main.o(i.main) refers to main.o(i.SystemClock_Config) for SystemClock_Config
    main.o(i.main) refers to gpio.o(i.MX_GPIO_Init) for MX_GPIO_Init
    main.o(i.main) refers to usart.o(i.MX_USART1_UART_Init) for MX_USART1_UART_Init
    main.o(i.main) refers to usart.o(i.MX_USART2_UART_Init) for MX_USART2_UART_Init
    main.o(i.main) refers to usart.o(i.MX_USART3_UART_Init) for MX_USART3_UART_Init
    main.o(i.main) refers to rtc.o(i.MX_RTC_Init) for MX_RTC_Init
    main.o(i.main) refers to spi.o(i.MX_SPI1_Init) for MX_SPI1_Init
    main.o(i.main) refers to printfa.o(i.__0printf) for __2printf
    main.o(i.main) refers to stm32f3xx_hal_uart.o(i.HAL_UART_Receive_IT) for HAL_UART_Receive_IT
    main.o(i.main) refers to memseta.o(.text) for __aeabi_memclr4
    main.o(i.main) refers to memcpya.o(.text) for __aeabi_memcpy4
    main.o(i.main) refers to mmc_sd.o(i.SD_check_init) for SD_check_init
    main.o(i.main) refers to ff.o(i.f_mount) for f_mount
    main.o(i.main) refers to ff.o(i.f_mkfs) for f_mkfs
    main.o(i.main) refers to ff.o(i.f_open) for f_open
    main.o(i.main) refers to cmsis_os.o(i.osKernelStart) for osKernelStart
    main.o(i.main) refers to ff.o(i.f_write) for f_write
    main.o(i.main) refers to ff.o(i.f_close) for f_close
    main.o(i.main) refers to ff.o(i.f_read) for f_read
    main.o(i.main) refers to usart.o(.data) for aRxBuffer
    main.o(i.main) refers to usart.o(.bss) for huart2
    gpio.o(i.MX_GPIO_Init) refers to memseta.o(.text) for __aeabi_memclr4
    gpio.o(i.MX_GPIO_Init) refers to stm32f3xx_hal_gpio.o(i.HAL_GPIO_WritePin) for HAL_GPIO_WritePin
    gpio.o(i.MX_GPIO_Init) refers to stm32f3xx_hal_gpio.o(i.HAL_GPIO_Init) for HAL_GPIO_Init
    freertos.o(i.MX_FREERTOS_Init) refers to memcpya.o(.text) for __aeabi_memcpy4
    freertos.o(i.MX_FREERTOS_Init) refers to cmsis_os.o(i.osThreadCreate) for osThreadCreate
    freertos.o(i.MX_FREERTOS_Init) refers to freertos.o(.constdata) for .constdata
    freertos.o(i.MX_FREERTOS_Init) refers to freertos.o(.data) for .data
    freertos.o(i.TaskConfig) refers to application.o(i.project_init) for project_init
    freertos.o(i.TaskConfig) refers to queue.o(i.xQueueGenericCreate) for xQueueGenericCreate
    freertos.o(i.TaskConfig) refers to application.o(i.Command_msg_handler) for Command_msg_handler
    freertos.o(i.TaskConfig) refers to cmsis_os.o(i.osDelay) for osDelay
    freertos.o(i.TaskConfig) refers to application.o(.data) for command_buffer_Queue
    freertos.o(i.u2_rv) refers to application.o(i.command_msg_analysis) for command_msg_analysis
    freertos.o(i.u2_rv) refers to by_log.o(i.log_log) for log_log
    freertos.o(i.u2_rv) refers to cmsis_os.o(i.osDelay) for osDelay
    freertos.o(i.u2_rv) refers to usart.o(.bss) for huart2
    freertos.o(i.u2_rv) refers to usart.o(.data) for USART_RX_STA
    freertos.o(.constdata) refers to freertos.o(.conststring) for .conststring
    freertos.o(.constdata) refers to freertos.o(i.TaskConfig) for TaskConfig
    freertos.o(.constdata) refers to freertos.o(i.u2_rv) for u2_rv
    rtc.o(i.MX_RTC_Init) refers to stm32f3xx_hal_rtc.o(i.HAL_RTC_Init) for HAL_RTC_Init
    rtc.o(i.MX_RTC_Init) refers to main.o(i.Error_Handler) for Error_Handler
    rtc.o(i.MX_RTC_Init) refers to rtc.o(.bss) for .bss
    rtc.o(i.RTC_Set_Date) refers to stm32f3xx_hal_rtc.o(i.HAL_RTC_SetDate) for HAL_RTC_SetDate
    rtc.o(i.RTC_Set_Date) refers to rtc.o(.bss) for .bss
    rtc.o(i.RTC_Set_Time) refers to stm32f3xx_hal_rtc.o(i.HAL_RTC_SetTime) for HAL_RTC_SetTime
    rtc.o(i.RTC_Set_Time) refers to rtc.o(.bss) for .bss
    rtc.o(i.RTC_init_set) refers to stm32f3xx_hal_rtc_ex.o(i.HAL_RTCEx_BKUPRead) for HAL_RTCEx_BKUPRead
    rtc.o(i.RTC_init_set) refers to rtc.o(i.RTC_Set_Time) for RTC_Set_Time
    rtc.o(i.RTC_init_set) refers to rtc.o(i.RTC_Set_Date) for RTC_Set_Date
    rtc.o(i.RTC_init_set) refers to stm32f3xx_hal_rtc_ex.o(i.HAL_RTCEx_BKUPWrite) for HAL_RTCEx_BKUPWrite
    rtc.o(i.RTC_init_set) refers to rtc.o(.bss) for .bss
    spi.o(i.HAL_SPI_MspDeInit) refers to stm32f3xx_hal_gpio.o(i.HAL_GPIO_DeInit) for HAL_GPIO_DeInit
    spi.o(i.HAL_SPI_MspInit) refers to memseta.o(.text) for __aeabi_memclr4
[...]
    i.HAL_InitTick                           0x08000a4c   Section        0  stm32f3xx_hal_timebase_tim.o(i.HAL_InitTick)
    i.HAL_MspInit                            0x08000ac0   Section        0  stm32f3xx_hal_msp.o(i.HAL_MspInit)
    i.HAL_NVIC_EnableIRQ                     0x08000af4   Section        0  stm32f3xx_hal_cortex.o(i.HAL_NVIC_EnableIRQ)
    i.HAL_NVIC_SetPriority                   0x08000b0c   Section        0  stm32f3xx_hal_cortex.o(i.HAL_NVIC_SetPriority)
    i.HAL_NVIC_SetPriorityGrouping           0x08000b4c   Section        0  stm32f3xx_hal_cortex.o(i.HAL_NVIC_SetPriorityGrouping)
    i.HAL_RCCEx_PeriphCLKConfig              0x08000b70   Section        0  stm32f3xx_hal_rcc_ex.o(i.HAL_RCCEx_PeriphCLKConfig)
    i.HAL_RCC_ClockConfig                    0x08000d40   Section        0  stm32f3xx_hal_rcc.o(i.HAL_RCC_ClockConfig)
    i.HAL_RCC_GetClockConfig                 0x08000e84   Section        0  stm32f3xx_hal_rcc.o(i.HAL_RCC_GetClockConfig)
    i.HAL_RCC_GetPCLK1Freq                   0x08000ec4   Section        0  stm32f3xx_hal_rcc.o(i.HAL_RCC_GetPCLK1Freq)
    i.HAL_RCC_GetPCLK2Freq                   0x08000ef4   Section        0  stm32f3xx_hal_rcc.o(i.HAL_RCC_GetPCLK2Freq)
    i.HAL_RCC_GetSysClockFreq                0x08000f24   Section        0  stm32f3xx_hal_rcc.o(i.HAL_RCC_GetSysClockFreq)
    i.HAL_RCC_OscConfig                      0x08000f88   Section        0  stm32f3xx_hal_rcc.o(i.HAL_RCC_OscConfig)
    i.HAL_RTC_Init                           0x08001518   Section        0  stm32f3xx_hal_rtc.o(i.HAL_RTC_Init)
    i.HAL_RTC_MspInit                        0x080015c4   Section        0  rtc.o(i.HAL_RTC_MspInit)
    i.HAL_RTC_WaitForSynchro                 0x080015ec   Section        0  stm32f3xx_hal_rtc.o(i.HAL_RTC_WaitForSynchro)
    i.HAL_SPI_Init                           0x08001622   Section        0  stm32f3xx_hal_spi.o(i.HAL_SPI_Init)
    i.HAL_SPI_MspInit                        0x080016d8   Section        0  spi.o(i.HAL_SPI_MspInit)
    i.HAL_SPI_TransmitReceive                0x08001758   Section        0  stm32f3xx_hal_spi.o(i.HAL_SPI_TransmitReceive)
    i.HAL_TIMEx_BreakCallback                0x08001996   Section        0  stm32f3xx_hal_tim_ex.o(i.HAL_TIMEx_BreakCallback)
    i.HAL_TIMEx_CommutationCallback          0x08001998   Section        0  stm32f3xx_hal_tim_ex.o(i.HAL_TIMEx_CommutationCallback)
    i.HAL_TIM_Base_Init                      0x0800199a   Section        0  stm32f3xx_hal_tim.o(i.HAL_TIM_Base_Init)
    i.HAL_TIM_Base_MspInit                   0x080019d0   Section        0  stm32f3xx_hal_tim.o(i.HAL_TIM_Base_MspInit)
    i.HAL_TIM_Base_Start_IT                  0x080019d2   Section        0  stm32f3xx_hal_tim.o(i.HAL_TIM_Base_Start_IT)
    i.HAL_TIM_IC_CaptureCallback             0x080019ea   Section        0  stm32f3xx_hal_tim.o(i.HAL_TIM_IC_CaptureCallback)
    i.HAL_TIM_IRQHandler                     0x080019ec   Section        0  stm32f3xx_hal_tim.o(i.HAL_TIM_IRQHandler)
    i.HAL_TIM_OC_DelayElapsedCallback        0x08001b52   Section        0  stm32f3xx_hal_tim.o(i.HAL_TIM_OC_DelayElapsedCallback)
    i.HAL_TIM_PWM_PulseFinishedCallback      0x08001b54   Section        0  stm32f3xx_hal_tim.o(i.HAL_TIM_PWM_PulseFinishedCallback)
    i.HAL_TIM_PeriodElapsedCallback          0x08001b56   Section        0  main.o(i.HAL_TIM_PeriodElapsedCallback)
    i.HAL_TIM_TriggerCallback                0x08001b64   Section        0  stm32f3xx_hal_tim.o(i.HAL_TIM_TriggerCallback)
    i.HAL_UARTEx_WakeupCallback              0x08001b66   Section        0  stm32f3xx_hal_uart_ex.o(i.HAL_UARTEx_WakeupCallback)
    i.HAL_UART_ErrorCallback                 0x08001b68   Section        0  stm32f3xx_hal_uart.o(i.HAL_UART_ErrorCallback)
    i.HAL_UART_GetState                      0x08001b6a   Section        0  stm32f3xx_hal_uart.o(i.HAL_UART_GetState)
    i.HAL_UART_IRQHandler                    0x08001b74   Section        0  stm32f3xx_hal_uart.o(i.HAL_UART_IRQHandler)
    i.HAL_UART_Init                          0x08001cb4   Section        0  stm32f3xx_hal_uart.o(i.HAL_UART_Init)
    i.HAL_UART_MspInit                       0x08001d20   Section        0  usart.o(i.HAL_UART_MspInit)
    i.HAL_UART_Receive_IT                    0x08001e58   Section        0  stm32f3xx_hal_uart.o(i.HAL_UART_Receive_IT)
    i.HAL_UART_RxCpltCallback                0x08001ed4   Section        0  usart.o(i.HAL_UART_RxCpltCallback)
    i.HAL_UART_TxCpltCallback                0x08001f2c   Section        0  stm32f3xx_hal_uart.o(i.HAL_UART_TxCpltCallback)
    i.HardFault_Handler                      0x08001f30   Section        0  stm32f3xx_it.o(i.HardFault_Handler)
    i.MX_GPIO_Init                           0x08001f6c   Section        0  gpio.o(i.MX_GPIO_Init)
    i.MX_RTC_Init                            0x08001fe8   Section        0  rtc.o(i.MX_RTC_Init)
    i.MX_SPI1_Init                           0x08002020   Section        0  spi.o(i.MX_SPI1_Init)
    i.MX_USART1_UART_Init                    0x08002070   Section        0  usart.o(i.MX_USART1_UART_Init)
    i.MX_USART2_UART_Init                    0x080020ac   Section        0  usart.o(i.MX_USART2_UART_Init)
    i.MX_USART3_UART_Init                    0x080020e8   Section        0  usart.o(i.MX_USART3_UART_Init)
    i.MemManage_Handler                      0x08002124   Section        0  stm32f3xx_it.o(i.MemManage_Handler)
    i.NMI_Handler                            0x08002126   Section        0  stm32f3xx_it.o(i.NMI_Handler)
    i.NVIC_SetPriority                       0x08002128   Section        0  stm32f3xx_hal_cortex.o(i.NVIC_SetPriority)
    NVIC_SetPriority                         0x08002129   Thumb Code    32  stm32f3xx_hal_cortex.o(i.NVIC_SetPriority)
    i.RTC_EnterInitMode                      0x08002148   Section        0  stm32f3xx_hal_rtc.o(i.RTC_EnterInitMode)
    i.SD_CS                                  0x08002184   Section        0  mmc_sd.o(i.SD_CS)
    i.SD_DisSelect                           0x0800219c   Section        0  mmc_sd.o(i.SD_DisSelect)
    i.SD_GetCSD                              0x080021ae   Section        0  mmc_sd.o(i.SD_GetCSD)
    i.SD_GetResponse                         0x080021d8   Section        0  mmc_sd.o(i.SD_GetResponse)
    i.SD_GetSectorCount                      0x08002200   Section        0  mmc_sd.o(i.SD_GetSectorCount)
    i.SD_Initialize                          0x08002270   Section        0  mmc_sd.o(i.SD_Initialize)
    i.SD_ReadDisk                            0x080023c8   Section        0  mmc_sd.o(i.SD_ReadDisk)
    i.SD_RecvData                            0x08002434   Section        0  mmc_sd.o(i.SD_RecvData)
    i.SD_SPI_Init                            0x08002468   Section        0  mmc_sd.o(i.SD_SPI_Init)
    i.SD_SPI_ReadWriteByte                   0x080024ac   Section        0  mmc_sd.o(i.SD_SPI_ReadWriteByte)
    i.SD_SPI_SpeedHigh                       0x080024b0   Section        0  mmc_sd.o(i.SD_SPI_SpeedHigh)
    i.SD_SPI_SpeedLow                        0x080024b6   Section        0  mmc_sd.o(i.SD_SPI_SpeedLow)
    i.SD_Select                              0x080024bc   Section        0  mmc_sd.o(i.SD_Select)
    i.SD_SendBlock                           0x080024d4   Section        0  mmc_sd.o(i.SD_SendBlock)
    i.SD_SendCmd                             0x08002524   Section        0  mmc_sd.o(i.SD_SendCmd)
    i.SD_WaitReady                           0x08002582   Section        0  mmc_sd.o(i.SD_WaitReady)
    i.SD_WriteDisk                           0x080025a4   Section        0  mmc_sd.o(i.SD_WriteDisk)
    i.SD_check_init                          0x08002624   Section        0  mmc_sd.o(i.SD_check_init)
    i.SPI1_ReadWriteByte                     0x080026bc   Section        0  spi.o(i.SPI1_ReadWriteByte)
    i.SPI1_SetSpeed                          0x080026dc   Section        0  spi.o(i.SPI1_SetSpeed)
    i.SPI_EndRxTxTransaction                 0x08002710   Section        0  stm32f3xx_hal_spi.o(i.SPI_EndRxTxTransaction)
    SPI_EndRxTxTransaction                   0x08002711   Thumb Code    72  stm32f3xx_hal_spi.o(i.SPI_EndRxTxTransaction)
    i.SPI_WaitFifoStateUntilTimeout          0x08002758   Section        0  stm32f3xx_hal_spi.o(i.SPI_WaitFifoStateUntilTimeout)
    SPI_WaitFifoStateUntilTimeout            0x08002759   Thumb Code   158  stm32f3xx_hal_spi.o(i.SPI_WaitFifoStateUntilTimeout)
    i.SPI_WaitFlagStateUntilTimeout          0x080027f6   Section        0  stm32f3xx_hal_spi.o(i.SPI_WaitFlagStateUntilTimeout)
    SPI_WaitFlagStateUntilTimeout            0x080027f7   Thumb Code   148  stm32f3xx_hal_spi.o(i.SPI_WaitFlagStateUntilTimeout)
    i.SysTick_Handler                        0x0800288c   Section        0  port.o(i.SysTick_Handler)
    i.SystemClock_Config                     0x080028b8   Section        0  main.o(i.SystemClock_Config)
    i.SystemInit                             0x0800292c   Section        0  system_stm32f3xx.o(i.SystemInit)
    i.TIM2_IRQHandler                        0x08002994   Section        0  stm32f3xx_it.o(i.TIM2_IRQHandler)
    i.TIM_Base_SetConfig                     0x080029a0   Section        0  stm32f3xx_hal_tim.o(i.TIM_Base_SetConfig)
    i.UART_AdvFeatureConfig                  0x08002a68   Section        0  stm32f3xx_hal_uart.o(i.UART_AdvFeatureConfig)
    i.UART_CheckIdleState                    0x08002b30   Section        0  stm32f3xx_hal_uart.o(i.UART_CheckIdleState)
    i.UART_DMAAbortOnError                   0x08002b8c   Section        0  stm32f3xx_hal_uart.o(i.UART_DMAAbortOnError)
    UART_DMAAbortOnError                     0x08002b8d   Thumb Code    20  stm32f3xx_hal_uart.o(i.UART_DMAAbortOnError)
    i.UART_EndRxTransfer                     0x08002ba0   Section        0  stm32f3xx_hal_uart.o(i.UART_EndRxTransfer)
    UART_EndRxTransfer                       0x08002ba1   Thumb Code    28  stm32f3xx_hal_uart.o(i.UART_EndRxTransfer)
    i.UART_EndTransmit_IT                    0x08002bbc   Section        0  stm32f3xx_hal_uart.o(i.UART_EndTransmit_IT)
    i.UART_Receive_IT                        0x08002bd6   Section        0  stm32f3xx_hal_uart.o(i.UART_Receive_IT)
    i.UART_SetConfig                         0x08002c4c   Section        0  stm32f3xx_hal_uart.o(i.UART_SetConfig)
    i.UART_Transmit_IT                       0x08002dd4   Section        0  stm32f3xx_hal_uart.o(i.UART_Transmit_IT)
    i.UART_WaitOnFlagUntilTimeout            0x08002e38   Section        0  stm32f3xx_hal_uart.o(i.UART_WaitOnFlagUntilTimeout)
    i.USART1_IRQHandler                      0x08002e9c   Section        0  stm32f3xx_it.o(i.USART1_IRQHandler)
    i.USART2_IRQHandler                      0x08002ea8   Section        0  stm32f3xx_it.o(i.USART2_IRQHandler)
    i.USART3_IRQHandler                      0x08002ed4   Section        0  stm32f3xx_it.o(i.USART3_IRQHandler)
    i.UsageFault_Handler                     0x08002ee0   Section        0  stm32f3xx_it.o(i.UsageFault_Handler)
    i.__0printf                              0x08002ee4   Section        0  printfa.o(i.__0printf)
    i.__0vsprintf                            0x08002f04   Section        0  printfa.o(i.__0vsprintf)
    i.__scatterload_copy                     0x08002f28   Section       14  handlers.o(i.__scatterload_copy)
    i.__scatterload_null                     0x08002f36   Section        2  handlers.o(i.__scatterload_null)
    i.__scatterload_zeroinit                 0x08002f38   Section       14  handlers.o(i.__scatterload_zeroinit)
    i._fp_digits                             0x08002f48   Section        0  printfa.o(i._fp_digits)
    _fp_digits                               0x08002f49   Thumb Code   366  printfa.o(i._fp_digits)
    i._printf_core                           0x080030cc   Section        0  printfa.o(i._printf_core)
    _printf_core                             0x080030cd   Thumb Code  1744  printfa.o(i._printf_core)
    i._printf_post_padding                   0x080037a8   Section        0  printfa.o(i._printf_post_padding)
    _printf_post_padding                     0x080037a9   Thumb Code    36  printfa.o(i._printf_post_padding)
    i._printf_pre_padding                    0x080037cc   Section        0  printfa.o(i._printf_pre_padding)
    _printf_pre_padding                      0x080037cd   Thumb Code    46  printfa.o(i._printf_pre_padding)
    i._sputc                                 0x080037fa   Section        0  printfa.o(i._sputc)
    _sputc                                   0x080037fb   Thumb Code    10  printfa.o(i._sputc)
    i.check_fs                               0x08003804   Section        0  ff.o(i.check_fs)
    check_fs                                 0x08003805   Thumb Code    86  ff.o(i.check_fs)
    i.chk_chr                                0x08003860   Section        0  ff.o(i.chk_chr)
    chk_chr                                  0x08003861   Thumb Code    16  ff.o(i.chk_chr)
    i.chk_mounted                            0x08003870   Section        0  ff.o(i.chk_mounted)
    chk_mounted                              0x08003871   Thumb Code   556  ff.o(i.chk_mounted)
    i.clmt_clust                             0x08003aa8   Section        0  ff.o(i.clmt_clust)
    clmt_clust                               0x08003aa9   Thumb Code    36  ff.o(i.clmt_clust)
    i.clust2sect                             0x08003acc   Section        0  ff.o(i.clust2sect)
    i.create_chain                           0x08003ae8   Section        0  ff.o(i.create_chain)
    create_chain                             0x08003ae9   Thumb Code   166  ff.o(i.create_chain)
    i.create_name                            0x08003b90   Section        0  ff.o(i.create_name)
    create_name                              0x08003b91   Thumb Code   618  ff.o(i.create_name)
    i.dir_find                               0x08003e10   Section        0  ff.o(i.dir_find)
    dir_find                                 0x08003e11   Thumb Code   302  ff.o(i.dir_find)
    i.dir_next                               0x08003f44   Section        0  ff.o(i.dir_next)
    dir_next                                 0x08003f45   Thumb Code   246  ff.o(i.dir_next)
    i.dir_register                           0x0800403c   Section        0  ff.o(i.dir_register)
    dir_register                             0x0800403d   Thumb Code   432  ff.o(i.dir_register)
    i.dir_sdi                                0x080041f0   Section        0  ff.o(i.dir_sdi)
    dir_sdi                                  0x080041f1   Thumb Code   134  ff.o(i.dir_sdi)
    i.disk_initialize                        0x08004276   Section        0  diskio.o(i.disk_initialize)
    i.disk_ioctl                             0x08004294   Section        0  diskio.o(i.disk_ioctl)
    i.disk_read                              0x080042e2   Section        0  diskio.o(i.disk_read)
    i.disk_status                            0x08004312   Section        0  diskio.o(i.disk_status)
    i.disk_write                             0x08004316   Section        0  diskio.o(i.disk_write)
    i.f_close                                0x08004338   Section        0  ff.o(i.f_close)
    i.f_mkfs                                 0x0800434c   Section        0  ff.o(i.f_mkfs)
    i.f_mount                                0x08004868   Section        0  ff.o(i.f_mount)
    i.f_open                                 0x08004890   Section        0  ff.o(i.f_open)
    i.f_read                                 0x080049d8   Section        0  ff.o(i.f_read)
    i.f_sync                                 0x08004b34   Section        0  ff.o(i.f_sync)
    i.f_write                                0x08004bd8   Section        0  ff.o(i.f_write)
    i.ff_convert                             0x08004d70   Section        0  cc936.o(i.ff_convert)
    i.ff_wtoupper                            0x08004dbc   Section        0  cc936.o(i.ff_wtoupper)
    i.follow_path                            0x08004de0   Section        0  ff.o(i.follow_path)
    follow_path                              0x08004de1   Thumb Code   130  ff.o(i.follow_path)
    i.fputc                                  0x08004e64   Section        0  usart.o(i.fputc)
    i.gen_numname                            0x08004e7c   Section        0  ff.o(i.gen_numname)
    i.get_fat                                0x08004ef4   Section        0  ff.o(i.get_fat)
    i.get_fattime                            0x08004fb6   Section        0  diskio.o(i.get_fattime)
    i.log_log                                0x08004fbc   Section        0  by_log.o(i.log_log)
    i.main                                   0x08005010   Section        0  main.o(i.main)
    i.mem_cpy                                0x08005434   Section        0  ff.o(i.mem_cpy)
    mem_cpy                                  0x08005435   Thumb Code    18  ff.o(i.mem_cpy)
    i.mem_set                                0x08005446   Section        0  ff.o(i.mem_set)
    mem_set                                  0x08005447   Thumb Code    14  ff.o(i.mem_set)
    i.move_window                            0x08005454   Section        0  ff.o(i.move_window)
    move_window                              0x08005455   Thumb Code   116  ff.o(i.move_window)
    i.osKernelStart                          0x080054c8   Section        0  cmsis_os.o(i.osKernelStart)
    i.prvAddNewTaskToReadyList               0x080054d4   Section        0  tasks.o(i.prvAddNewTaskToReadyList)
    prvAddNewTaskToReadyList                 0x080054d5   Thumb Code   194  tasks.o(i.prvAddNewTaskToReadyList)
    i.prvCheckTasksWaitingTermination        0x080055a4   Section        0  tasks.o(i.prvCheckTasksWaitingTermination)
    prvCheckTasksWaitingTermination          0x080055a5   Thumb Code    70  tasks.o(i.prvCheckTasksWaitingTermination)
    i.prvDeleteTCB                           0x080055f4   Section        0  tasks.o(i.prvDeleteTCB)
    prvDeleteTCB                             0x080055f5   Thumb Code    20  tasks.o(i.prvDeleteTCB)
    i.prvHeapInit                            0x08005608   Section        0  heap_4.o(i.prvHeapInit)
    prvHeapInit                              0x08005609   Thumb Code    66  heap_4.o(i.prvHeapInit)
    i.prvIdleTask                            0x08005654   Section        0  tasks.o(i.prvIdleTask)
    prvIdleTask                              0x08005655   Thumb Code    30  tasks.o(i.prvIdleTask)
    i.prvInitialiseNewTask                   0x0800567c   Section        0  tasks.o(i.prvInitialiseNewTask)
    prvInitialiseNewTask                     0x0800567d   Thumb Code   142  tasks.o(i.prvInitialiseNewTask)
    i.prvInsertBlockIntoFreeList             0x0800570c   Section        0  heap_4.o(i.prvInsertBlockIntoFreeList)
    prvInsertBlockIntoFreeList               0x0800570d   Thumb Code    72  heap_4.o(i.prvInsertBlockIntoFreeList)
    i.prvResetNextTaskUnblockTime            0x08005758   Section        0  tasks.o(i.prvResetNextTaskUnblockTime)
    prvResetNextTaskUnblockTime              0x08005759   Thumb Code    26  tasks.o(i.prvResetNextTaskUnblockTime)
    i.prvTaskExitError                       0x08005778   Section        0  port.o(i.prvTaskExitError)
    prvTaskExitError                         0x08005779   Thumb Code    36  port.o(i.prvTaskExitError)
    i.put_fat                                0x080057a0   Section        0  ff.o(i.put_fat)
    i.pvPortMalloc                           0x080058a4   Section        0  heap_4.o(i.pvPortMalloc)
    i.pxPortInitialiseStack                  0x0800597c   Section        0  port.o(i.pxPortInitialiseStack)
    i.remove_chain                           0x080059a8   Section        0  ff.o(i.remove_chain)
    remove_chain                             0x080059a9   Thumb Code   106  ff.o(i.remove_chain)
    i.sum_sfn                                0x08005a12   Section        0  ff.o(i.sum_sfn)
    sum_sfn                                  0x08005a13   Thumb Code    26  ff.o(i.sum_sfn)
    i.sync                                   0x08005a2c   Section        0  ff.o(i.sync)
    sync                                     0x08005a2d   Thumb Code   192  ff.o(i.sync)
    i.uxListRemove                           0x08005aec   Section        0  list.o(i.uxListRemove)
    i.vListInitialise                        0x08005b10   Section        0  list.o(i.vListInitialise)
    i.vListInitialiseItem                    0x08005b26   Section        0  list.o(i.vListInitialiseItem)
    i.vListInsertEnd                         0x08005b2c   Section        0  list.o(i.vListInsertEnd)
    i.vPortEnterCritical                     0x08005b44   Section        0  port.o(i.vPortEnterCritical)
    i.vPortExitCritical                      0x08005b84   Section        0  port.o(i.vPortExitCritical)
    i.vPortFree                              0x08005bac   Section        0  heap_4.o(i.vPortFree)
    i.vPortSetupTimerInterrupt               0x08005c08   Section        0  port.o(i.vPortSetupTimerInterrupt)
    i.vTaskStartScheduler                    0x08005c28   Section        0  tasks.o(i.vTaskStartScheduler)
    i.vTaskSuspendAll                        0x08005c90   Section        0  tasks.o(i.vTaskSuspendAll)
    i.vTaskSwitchContext                     0x08005ca0   Section        0  tasks.o(i.vTaskSwitchContext)
    i.validate                               0x08005cfc   Section        0  ff.o(i.validate)
    validate                                 0x08005cfd   Thumb Code    32  ff.o(i.validate)
    i.xPortStartScheduler                    0x08005d1c   Section        0  port.o(i.xPortStartScheduler)
    i.xTaskCreate                            0x08005dfc   Section        0  tasks.o(i.xTaskCreate)
    i.xTaskIncrementTick                     0x08005e54   Section        0  tasks.o(i.xTaskIncrementTick)
    i.xTaskResumeAll                         0x08005f1c   Section        0  tasks.o(i.xTaskResumeAll)
    .constdata                               0x08005fe0   Section       32  stm32f3xx_hal_rcc.o(.constdata)
    .constdata                               0x08006000   Section       16  system_stm32f3xx.o(.constdata)
    .constdata                               0x08006010   Section        8  system_stm32f3xx.o(.constdata)
    .constdata                               0x08006018   Section       58  ff.o(.constdata)
    LfnOfs                                   0x08006018   Data          13  ff.o(.constdata)
    vst                                      0x08006026   Data          22  ff.o(.constdata)
    cst                                      0x0800603c   Data          22  ff.o(.constdata)
    .constdata                               0x08006052   Section    175304  cc936.o(.constdata)
    uni2oem                                  0x08006052   Data       87172  cc936.o(.constdata)
    oem2uni                                  0x0801b4d6   Data       87172  cc936.o(.constdata)
    tbl_lower                                0x0803095a   Data         480  cc936.o(.constdata)
    tbl_upper                                0x08030b3a   Data         480  cc936.o(.constdata)
    .conststring                             0x08030d1c   Section       48  by_log.o(.conststring)
    .data                                    0x20000000   Section        4  usart.o(.data)
    .data                                    0x20000004   Section        4  usart.o(.data)
    .data                                    0x20000008   Section       12  stm32f3xx_hal.o(.data)
    .data                                    0x20000014   Section        4  system_stm32f3xx.o(.data)
    .data                                    0x20000018   Section       60  tasks.o(.data)
    uxDeletedTasksWaitingCleanUp             0x2000001c   Data           4  tasks.o(.data)
    uxCurrentNumberOfTasks                   0x20000020   Data           4  tasks.o(.data)
    xTickCount                               0x20000024   Data           4  tasks.o(.data)
    uxTopReadyPriority                       0x20000028   Data           4  tasks.o(.data)
    xSchedulerRunning                        0x2000002c   Data           4  tasks.o(.data)
    uxPendedTicks                            0x20000030   Data           4  tasks.o(.data)
    xYieldPending                            0x20000034   Data           4  tasks.o(.data)
    xNumOfOverflows                          0x20000038   Data           4  tasks.o(.data)
    uxTaskNumber                             0x2000003c   Data           4  tasks.o(.data)
    xNextTaskUnblockTime                     0x20000040   Data           4  tasks.o(.data)
    xIdleTaskHandle                          0x20000044   Data           4  tasks.o(.data)
    uxSchedulerSuspended                     0x20000048   Data           4  tasks.o(.data)
    pxDelayedTaskList                        0x2000004c   Data           4  tasks.o(.data)
    pxOverflowDelayedTaskList                0x20000050   Data           4  tasks.o(.data)
    .data                                    0x20000054   Section       24  heap_4.o(.data)
    pxEnd                                    0x20000054   Data           4  heap_4.o(.data)
    xFreeBytesRemaining                      0x20000058   Data           4  heap_4.o(.data)
    xMinimumEverFreeBytesRemaining           0x2000005c   Data           4  heap_4.o(.data)
    xBlockAllocatedBit                       0x20000060   Data           4  heap_4.o(.data)
    xStart                                   0x20000064   Data           8  heap_4.o(.data)
    .data                                    0x2000006c   Section       12  port.o(.data)
    ucMaxSysCallPriority                     0x2000006c   Data           1  port.o(.data)
    uxCriticalNesting                        0x20000070   Data           4  port.o(.data)
    ulMaxPRIGROUPValue                       0x20000074   Data           4  port.o(.data)
    .data                                    0x20000078   Section       24  by_log.o(.data)
    level_names                              0x20000078   Data          24  by_log.o(.data)
    .data                                    0x20000090   Section        1  mmc_sd.o(.data)
    .data                                    0x20000094   Section       12  ff.o(.data)
    CurrVol                                  0x20000094   Data           1  ff.o(.data)
    Fsid                                     0x20000096   Data           2  ff.o(.data)
    FatFs                                    0x20000098   Data           8  ff.o(.data)
    .bss                                     0x200000a0   Section       32  rtc.o(.bss)
    .bss                                     0x200000c0   Section      100  spi.o(.bss)
    .bss                                     0x20000124   Section      536  usart.o(.bss)
    .bss                                     0x2000033c   Section       64  stm32f3xx_hal_timebase_tim.o(.bss)
    .bss                                     0x2000037c   Section      240  tasks.o(.bss)
    pxReadyTasksLists                        0x2000037c   Data         140  tasks.o(.bss)
    xDelayedTaskList1                        0x20000408   Data          20  tasks.o(.bss)
    xDelayedTaskList2                        0x2000041c   Data          20  tasks.o(.bss)
    xPendingReadyList                        0x20000430   Data          20  tasks.o(.bss)
    xTasksWaitingTermination                 0x20000444   Data          20  tasks.o(.bss)
    xSuspendedTaskList                       0x20000458   Data          20  tasks.o(.bss)
    .bss                                     0x2000046c   Section     3072  heap_4.o(.bss)
    ucHeap                                   0x2000046c   Data        3072  heap_4.o(.bss)
    .bss                                     0x2000106c   Section      512  ff.o(.bss)
    LfnBuf                                   0x2000106c   Data         512  ff.o(.bss)
    STACK                                    0x20001270   Section     1024  startup_stm32f373xc.o(STACK)

    Global Symbols

    Symbol Name                              Value     Ov Type        Size  Object(Section)

    BuildAttributes$$THM_ISAv4$E$P$D$K$B$S$7EM$VFPi3$EXTD16$VFPS$VFMA$PE$A:L22UL41UL21$X:L11$S22US41US21$IEEE1$IW$USESV6$~STKCKD$USESV7$~SHL$OTIME$ROPI$EBA8$MICROLIB$REQ8$PRES8$EABIv2 0x00000000   Number         0  anon$$obj.o ABSOLUTE
    __ARM_use_no_argv                        0x00000000   Number         0  main.o ABSOLUTE
    __use_no_errno                           0x00000000   Number         0  useno.o ABSOLUTE
    __use_no_exception_handling              0x00000000   Number         0  useno.o ABSOLUTE
    __use_no_fp                              0x00000000   Number         0  useno.o ABSOLUTE
    __use_no_heap                            0x00000000   Number         0  useno.o ABSOLUTE
    __use_no_heap_region                     0x00000000   Number         0  useno.o ABSOLUTE
    __use_no_semihosting                     0x00000000   Number         0  useno.o ABSOLUTE
    __use_no_semihosting_swi                 0x00000000   Number         0  useno.o ABSOLUTE
    __use_no_signal_handling                 0x00000000   Number         0  useno.o ABSOLUTE
    _printf_a                                0x00000000   Number         0  stubs.o ABSOLUTE
    _printf_c                                0x00000000   Number         0  stubs.o ABSOLUTE
    _printf_charcount                        0x00000000   Number         0  stubs.o ABSOLUTE
    _printf_d                                0x00000000   Number         0  stubs.o ABSOLUTE
    _printf_e                                0x00000000   Number         0  stubs.o ABSOLUTE
    _printf_f                                0x00000000   Number         0  stubs.o ABSOLUTE
    _printf_flags                            0x00000000   Number         0  stubs.o ABSOLUTE
    _printf_fp_dec                           0x00000000   Number         0  stubs.o ABSOLUTE
    _printf_fp_hex                           0x00000000   Number         0  stubs.o ABSOLUTE
    _printf_g                                0x00000000   Number         0  stubs.o ABSOLUTE
    _printf_i                                0x00000000   Number         0  stubs.o ABSOLUTE
    _printf_int_dec                          0x00000000   Number         0  stubs.o ABSOLUTE
    _printf_l                                0x00000000   Number         0  stubs.o ABSOLUTE
    _printf_lc                               0x00000000   Number         0  stubs.o ABSOLUTE
    _printf_ll                               0x00000000   Number         0  stubs.o ABSOLUTE
    _printf_lld                              0x00000000   Number         0  stubs.o ABSOLUTE
    _printf_lli                              0x00000000   Number         0  stubs.o ABSOLUTE
    _printf_llo                              0x00000000   Number         0  stubs.o ABSOLUTE
    _printf_llu                              0x00000000   Number         0  stubs.o ABSOLUTE
    _printf_llx                              0x00000000   Number         0  stubs.o ABSOLUTE
    _printf_longlong_dec                     0x00000000   Number         0  stubs.o ABSOLUTE
    _printf_longlong_hex                     0x00000000   Number         0  stubs.o ABSOLUTE
    _printf_longlong_oct                     0x00000000   Number         0  stubs.o ABSOLUTE
    _printf_ls                               0x00000000   Number         0  stubs.o ABSOLUTE
    _printf_mbtowc                           0x00000000   Number         0  stubs.o ABSOLUTE
    _printf_n                                0x00000000   Number         0  stubs.o ABSOLUTE
    _printf_o                                0x00000000   Number         0  stubs.o ABSOLUTE
    _printf_p                                0x00000000   Number         0  stubs.o ABSOLUTE
    _printf_percent                          0x00000000   Number         0  stubs.o ABSOLUTE
    _printf_pre_padding                      0x00000000   Number         0  stubs.o ABSOLUTE
    _printf_return_value                     0x00000000   Number         0  stubs.o ABSOLUTE
    _printf_s                                0x00000000   Number         0  stubs.o ABSOLUTE
    _printf_sizespec                         0x00000000   Number         0  stubs.o ABSOLUTE
    _printf_str                              0x00000000   Number         0  stubs.o ABSOLUTE
    _printf_truncate_signed                  0x00000000   Number         0  stubs.o ABSOLUTE
    _printf_truncate_unsigned                0x00000000   Number         0  stubs.o ABSOLUTE
    _printf_u                                0x00000000   Number         0  stubs.o ABSOLUTE
    _printf_wc                               0x00000000   Number         0  stubs.o ABSOLUTE
    _printf_wctomb                           0x00000000   Number         0  stubs.o ABSOLUTE
    _printf_widthprec                        0x00000000   Number         0  stubs.o ABSOLUTE
    _printf_x                                0x00000000   Number         0  stubs.o ABSOLUTE
    __cpp_initialize__aeabi_                  - Undefined Weak Reference
    __cxa_finalize                            - Undefined Weak Reference
    __decompress                              - Undefined Weak Reference
    _clock_init                               - Undefined Weak Reference
    _microlib_exit                            - Undefined Weak Reference
    __Vectors_Size                           0x00000188   Number         0  startup_stm32f373xc.o ABSOLUTE
    __Vectors                                0x08000000   Data           4  startup_stm32f373xc.o(RESET)
    __Vectors_End                            0x08000188   Data           0  startup_stm32f373xc.o(RESET)
    __main                                   0x08000189   Thumb Code     0  entry.o(.ARM.Collect$$$$00000000)
    _main_stk                                0x08000189   Thumb Code     0  entry2.o(.ARM.Collect$$$$00000001)
    _main_scatterload                        0x0800018d   Thumb Code     0  entry5.o(.ARM.Collect$$$$00000004)
    __main_after_scatterload                 0x08000191   Thumb Code     0  entry5.o(.ARM.Collect$$$$00000004)
    _main_clock                              0x08000191   Thumb Code     0  entry7b.o(.ARM.Collect$$$$00000008)
    _main_cpp_init                           0x08000191   Thumb Code     0  entry8b.o(.ARM.Collect$$$$0000000A)
    _main_init                               0x08000191   Thumb Code     0  entry9a.o(.ARM.Collect$$$$0000000B)
    __rt_final_cpp                           0x08000199   Thumb Code     0  entry10a.o(.ARM.Collect$$$$0000000D)
    __rt_final_exit                          0x08000199   Thumb Code     0  entry11a.o(.ARM.Collect$$$$0000000F)
    SVC_Handler                              0x0800019d   Thumb Code    28  port.o(.emb_text)
    __asm___6_port_c_39a90d8d__prvStartFirstTask 0x080001bd   Thumb Code    28  port.o(.emb_text)
    __asm___6_port_c_39a90d8d__prvEnableVFP  0x080001dd   Thumb Code    16  port.o(.emb_text)
    PendSV_Handler                           0x080001f1   Thumb Code    92  port.o(.emb_text)
    vPortGetIPSR                             0x08000251   Thumb Code     6  port.o(.emb_text)
    Reset_Handler                            0x08000259   Thumb Code     8  startup_stm32f373xc.o(.text)
    ADC1_IRQHandler                          0x08000273   Thumb Code     0  startup_stm32f373xc.o(.text)
    CAN_RX0_IRQHandler                       0x08000273   Thumb Code     0  startup_stm32f373xc.o(.text)
    CAN_RX1_IRQHandler                       0x08000273   Thumb Code     0  startup_stm32f373xc.o(.text)
    CAN_SCE_IRQHandler                       0x08000273   Thumb Code     0  startup_stm32f373xc.o(.text)
    CAN_TX_IRQHandler                        0x08000273   Thumb Code     0  startup_stm32f373xc.o(.text)
    CEC_IRQHandler                           0x08000273   Thumb Code     0  startup_stm32f373xc.o(.text)
    COMP1_2_IRQHandler                       0x08000273   Thumb Code     0  startup_stm32f373xc.o(.text)
    DMA1_Channel1_IRQHandler                 0x08000273   Thumb Code     0  startup_stm32f373xc.o(.text)
    DMA1_Channel2_IRQHandler                 0x08000273   Thumb Code     0  startup_stm32f373xc.o(.text)
    DMA1_Channel3_IRQHandler                 0x08000273   Thumb Code     0  startup_stm32f373xc.o(.text)
    DMA1_Channel4_IRQHandler                 0x08000273   Thumb Code     0  startup_stm32f373xc.o(.text)
    DMA1_Channel5_IRQHandler                 0x08000273   Thumb Code     0  startup_stm32f373xc.o(.text)
    DMA1_Channel6_IRQHandler                 0x08000273   Thumb Code     0  startup_stm32f373xc.o(.text)
    DMA1_Channel7_IRQHandler                 0x08000273   Thumb Code     0  startup_stm32f373xc.o(.text)
    DMA2_Channel1_IRQHandler                 0x08000273   Thumb Code     0  startup_stm32f373xc.o(.text)
    DMA2_Channel2_IRQHandler                 0x08000273   Thumb Code     0  startup_stm32f373xc.o(.text)
    DMA2_Channel3_IRQHandler                 0x08000273   Thumb Code     0  startup_stm32f373xc.o(.text)
    DMA2_Channel4_IRQHandler                 0x08000273   Thumb Code     0  startup_stm32f373xc.o(.text)
    DMA2_Channel5_IRQHandler                 0x08000273   Thumb Code     0  startup_stm32f373xc.o(.text)
    EXTI0_IRQHandler                         0x08000273   Thumb Code     0  startup_stm32f373xc.o(.text)
    EXTI15_10_IRQHandler                     0x08000273   Thumb Code     0  startup_stm32f373xc.o(.text)
    EXTI1_IRQHandler                         0x08000273   Thumb Code     0  startup_stm32f373xc.o(.text)
    EXTI2_TSC_IRQHandler                     0x08000273   Thumb Code     0  startup_stm32f373xc.o(.text)
    EXTI3_IRQHandler                         0x08000273   Thumb Code     0  startup_stm32f373xc.o(.text)
    EXTI4_IRQHandler                         0x08000273   Thumb Code     0  startup_stm32f373xc.o(.text)
    EXTI9_5_IRQHandler                       0x08000273   Thumb Code     0  startup_stm32f373xc.o(.text)
    FLASH_IRQHandler                         0x08000273   Thumb Code     0  startup_stm32f373xc.o(.text)
    FPU_IRQHandler                           0x08000273   Thumb Code     0  startup_stm32f373xc.o(.text)
    I2C1_ER_IRQHandler                       0x08000273   Thumb Code     0  startup_stm32f373xc.o(.text)
    I2C1_EV_IRQHandler                       0x08000273   Thumb Code     0  startup_stm32f373xc.o(.text)
    I2C2_ER_IRQHandler                       0x08000273   Thumb Code     0  startup_stm32f373xc.o(.text)
    I2C2_EV_IRQHandler                       0x08000273   Thumb Code     0  startup_stm32f373xc.o(.text)
    PVD_IRQHandler                           0x08000273   Thumb Code     0  startup_stm32f373xc.o(.text)
    RCC_IRQHandler                           0x08000273   Thumb Code     0  startup_stm32f373xc.o(.text)
    RTC_Alarm_IRQHandler                     0x08000273   Thumb Code     0  startup_stm32f373xc.o(.text)
    RTC_WKUP_IRQHandler                      0x08000273   Thumb Code     0  startup_stm32f373xc.o(.text)
    SDADC1_IRQHandler                        0x08000273   Thumb Code     0  startup_stm32f373xc.o(.text)
    SDADC2_IRQHandler                        0x08000273   Thumb Code     0  startup_stm32f373xc.o(.text)
    SDADC3_IRQHandler                        0x08000273   Thumb Code     0  startup_stm32f373xc.o(.text)
    SPI1_IRQHandler                          0x08000273   Thumb Code     0  startup_stm32f373xc.o(.text)
    SPI2_IRQHandler                          0x08000273   Thumb Code     0  startup_stm32f373xc.o(.text)
    SPI3_IRQHandler                          0x08000273   Thumb Code     0  startup_stm32f373xc.o(.text)
    TAMP_STAMP_IRQHandler                    0x08000273   Thumb Code     0  startup_stm32f373xc.o(.text)
    TIM12_IRQHandler                         0x08000273   Thumb Code     0  startup_stm32f373xc.o(.text)
    TIM13_IRQHandler                         0x08000273   Thumb Code     0  startup_stm32f373xc.o(.text)
    TIM14_IRQHandler                         0x08000273   Thumb Code     0  startup_stm32f373xc.o(.text)
    TIM15_IRQHandler                         0x08000273   Thumb Code     0  startup_stm32f373xc.o(.text)
    TIM16_IRQHandler                         0x08000273   Thumb Code     0  startup_stm32f373xc.o(.text)
    TIM17_IRQHandler                         0x08000273   Thumb Code     0  startup_stm32f373xc.o(.text)
    TIM18_DAC2_IRQHandler                    0x08000273   Thumb Code     0  startup_stm32f373xc.o(.text)
    TIM19_IRQHandler                         0x08000273   Thumb Code     0  startup_stm32f373xc.o(.text)
    TIM3_IRQHandler                          0x08000273   Thumb Code     0  startup_stm32f373xc.o(.text)
    TIM4_IRQHandler                          0x08000273   Thumb Code     0  startup_stm32f373xc.o(.text)
    TIM5_IRQHandler                          0x08000273   Thumb Code     0  startup_stm32f373xc.o(.text)
    TIM6_DAC1_IRQHandler                     0x08000273   Thumb Code     0  startup_stm32f373xc.o(.text)
    TIM7_IRQHandler                          0x08000273   Thumb Code     0  startup_stm32f373xc.o(.text)
    USBWakeUp_IRQHandler                     0x08000273   Thumb Code     0  startup_stm32f373xc.o(.text)
    USB_HP_IRQHandler                        0x08000273   Thumb Code     0  startup_stm32f373xc.o(.text)
    USB_LP_IRQHandler                        0x08000273   Thumb Code     0  startup_stm32f373xc.o(.text)
    WWDG_IRQHandler                          0x08000273   Thumb Code     0  startup_stm32f373xc.o(.text)
    __aeabi_llsr                             0x0800027d   Thumb Code    32  llushr.o(.text)
    _ll_ushift_r                             0x0800027d   Thumb Code     0  llushr.o(.text)
    __aeabi_memcpy                           0x0800029d   Thumb Code    36  memcpya.o(.text)
    __aeabi_memcpy4                          0x0800029d   Thumb Code     0  memcpya.o(.text)
    __aeabi_memcpy8                          0x0800029d   Thumb Code     0  memcpya.o(.text)
    __aeabi_memset                           0x080002c1   Thumb Code    14  memseta.o(.text)
    __aeabi_memset4                          0x080002c1   Thumb Code     0  memseta.o(.text)
    __aeabi_memset8                          0x080002c1   Thumb Code     0  memseta.o(.text)
    __aeabi_memclr                           0x080002cf   Thumb Code     4  memseta.o(.text)
    __aeabi_memclr4                          0x080002cf   Thumb Code     0  memseta.o(.text)
    __aeabi_memclr8                          0x080002cf   Thumb Code     0  memseta.o(.text)
    _memset$wrapper                          0x080002d3   Thumb Code    18  memseta.o(.text)
    __aeabi_dmul                             0x080002e5   Thumb Code   228  dmul.o(.text)
    __aeabi_uidiv                            0x080003c9   Thumb Code     0  uidiv.o(.text)
    __aeabi_uidivmod                         0x080003c9   Thumb Code    44  uidiv.o(.text)
    __aeabi_uldivmod                         0x080003f5   Thumb Code    98  uldiv.o(.text)
    __I$use$fp                               0x08000457   Thumb Code     0  iusefp.o(.text)
    _double_round                            0x08000457   Thumb Code    30  depilogue.o(.text)
    _double_epilogue                         0x08000475   Thumb Code   156  depilogue.o(.text)
    __aeabi_dadd                             0x08000511   Thumb Code   322  dadd.o(.text)
    __aeabi_dsub                             0x08000653   Thumb Code     6  dadd.o(.text)
    __aeabi_drsub                            0x08000659   Thumb Code     6  dadd.o(.text)
    __aeabi_ddiv                             0x0800065f   Thumb Code   222  ddiv.o(.text)
    __aeabi_d2ulz                            0x0800073d   Thumb Code    48  dfixul.o(.text)
    __aeabi_cdrcmple                         0x0800076d   Thumb Code    48  cdrcmple.o(.text)
    __scatterload                            0x0800079d   Thumb Code    28  init.o(.text)
    __scatterload_rt2                        0x0800079d   Thumb Code     0  init.o(.text)
    __aeabi_llsl                             0x080007c1   Thumb Code    30  llshl.o(.text)
    _ll_shift_l                              0x080007c1   Thumb Code     0  llshl.o(.text)
    __aeabi_lasr                             0x080007df   Thumb Code    36  llsshr.o(.text)
    _ll_sshift_r                             0x080007df   Thumb Code     0  llsshr.o(.text)
    BusFault_Handler                         0x08000803   Thumb Code     2  stm32f3xx_it.o(i.BusFault_Handler)
    DebugMon_Handler                         0x08000805   Thumb Code     2  stm32f3xx_it.o(i.DebugMon_Handler)
    Error_Handler                            0x08000807   Thumb Code     2  main.o(i.Error_Handler)
    HAL_DMA_Abort_IT                         0x08000809   Thumb Code    74  stm32f3xx_hal_dma.o(i.HAL_DMA_Abort_IT)
    HAL_Delay                                0x08000855   Thumb Code    32  stm32f3xx_hal.o(i.HAL_Delay)
    HAL_GPIO_Init                            0x08000879   Thumb Code   364  stm32f3xx_hal_gpio.o(i.HAL_GPIO_Init)
    HAL_GPIO_WritePin                        0x08000a01   Thumb Code    10  stm32f3xx_hal_gpio.o(i.HAL_GPIO_WritePin)
    HAL_GetTick                              0x08000a0d   Thumb Code     6  stm32f3xx_hal.o(i.HAL_GetTick)
    HAL_IncTick                              0x08000a19   Thumb Code    12  stm32f3xx_hal.o(i.HAL_IncTick)
    HAL_Init                                 0x08000a29   Thumb Code    32  stm32f3xx_hal.o(i.HAL_Init)
    HAL_InitTick                             0x08000a4d   Thumb Code   102  stm32f3xx_hal_timebase_tim.o(i.HAL_InitTick)
    HAL_MspInit                              0x08000ac1   Thumb Code    48  stm32f3xx_hal_msp.o(i.HAL_MspInit)
    HAL_NVIC_EnableIRQ                       0x08000af5   Thumb Code    22  stm32f3xx_hal_cortex.o(i.HAL_NVIC_EnableIRQ)
    HAL_NVIC_SetPriority                     0x08000b0d   Thumb Code    60  stm32f3xx_hal_cortex.o(i.HAL_NVIC_SetPriority)
    HAL_NVIC_SetPriorityGrouping             0x08000b4d   Thumb Code    26  stm32f3xx_hal_cortex.o(i.HAL_NVIC_SetPriorityGrouping)
    HAL_RCCEx_PeriphCLKConfig                0x08000b71   Thumb Code   450  stm32f3xx_hal_rcc_ex.o(i.HAL_RCCEx_PeriphCLKConfig)
    HAL_RCC_ClockConfig                      0x08000d41   Thumb Code   306  stm32f3xx_hal_rcc.o(i.HAL_RCC_ClockConfig)
    HAL_RCC_GetClockConfig                   0x08000e85   Thumb Code    54  stm32f3xx_hal_rcc.o(i.HAL_RCC_GetClockConfig)
    HAL_RCC_GetPCLK1Freq                     0x08000ec5   Thumb Code    34  stm32f3xx_hal_rcc.o(i.HAL_RCC_GetPCLK1Freq)
    HAL_RCC_GetPCLK2Freq                     0x08000ef5   Thumb Code    34  stm32f3xx_hal_rcc.o(i.HAL_RCC_GetPCLK2Freq)
    HAL_RCC_GetSysClockFreq                  0x08000f25   Thumb Code    84  stm32f3xx_hal_rcc.o(i.HAL_RCC_GetSysClockFreq)
    HAL_RCC_OscConfig                        0x08000f89   Thumb Code  1424  stm32f3xx_hal_rcc.o(i.HAL_RCC_OscConfig)
    HAL_RTC_Init                             0x08001519   Thumb Code   166  stm32f3xx_hal_rtc.o(i.HAL_RTC_Init)
    HAL_RTC_MspInit                          0x080015c5   Thumb Code    32  rtc.o(i.HAL_RTC_MspInit)
    HAL_RTC_WaitForSynchro                   0x080015ed   Thumb Code    54  stm32f3xx_hal_rtc.o(i.HAL_RTC_WaitForSynchro)
    HAL_SPI_Init                             0x08001623   Thumb Code   182  stm32f3xx_hal_spi.o(i.HAL_SPI_Init)
    HAL_SPI_MspInit                          0x080016d9   Thumb Code   114  spi.o(i.HAL_SPI_MspInit)
    HAL_SPI_TransmitReceive                  0x08001759   Thumb Code   574  stm32f3xx_hal_spi.o(i.HAL_SPI_TransmitReceive)
    HAL_TIMEx_BreakCallback                  0x08001997   Thumb Code     2  stm32f3xx_hal_tim_ex.o(i.HAL_TIMEx_BreakCallback)
    HAL_TIMEx_CommutationCallback            0x08001999   Thumb Code     2  stm32f3xx_hal_tim_ex.o(i.HAL_TIMEx_CommutationCallback)
    HAL_TIM_Base_Init                        0x0800199b   Thumb Code    54  stm32f3xx_hal_tim.o(i.HAL_TIM_Base_Init)
    HAL_TIM_Base_MspInit                     0x080019d1   Thumb Code     2  stm32f3xx_hal_tim.o(i.HAL_TIM_Base_MspInit)
    HAL_TIM_Base_Start_IT                    0x080019d3   Thumb Code    24  stm32f3xx_hal_tim.o(i.HAL_TIM_Base_Start_IT)
    HAL_TIM_IC_CaptureCallback               0x080019eb   Thumb Code     2  stm32f3xx_hal_tim.o(i.HAL_TIM_IC_CaptureCallback)
    HAL_TIM_IRQHandler                       0x080019ed   Thumb Code   358  stm32f3xx_hal_tim.o(i.HAL_TIM_IRQHandler)
    HAL_TIM_OC_DelayElapsedCallback          0x08001b53   Thumb Code     2  stm32f3xx_hal_tim.o(i.HAL_TIM_OC_DelayElapsedCallback)
    HAL_TIM_PWM_PulseFinishedCallback        0x08001b55   Thumb Code     2  stm32f3xx_hal_tim.o(i.HAL_TIM_PWM_PulseFinishedCallback)
    HAL_TIM_PeriodElapsedCallback            0x08001b57   Thumb Code    14  main.o(i.HAL_TIM_PeriodElapsedCallback)
    HAL_TIM_TriggerCallback                  0x08001b65   Thumb Code     2  stm32f3xx_hal_tim.o(i.HAL_TIM_TriggerCallback)
    HAL_UARTEx_WakeupCallback                0x08001b67   Thumb Code     2  stm32f3xx_hal_uart_ex.o(i.HAL_UARTEx_WakeupCallback)
    HAL_UART_ErrorCallback                   0x08001b69   Thumb Code     2  stm32f3xx_hal_uart.o(i.HAL_UART_ErrorCallback)
    HAL_UART_GetState                        0x08001b6b   Thumb Code    10  stm32f3xx_hal_uart.o(i.HAL_UART_GetState)
    HAL_UART_IRQHandler                      0x08001b75   Thumb Code   316  stm32f3xx_hal_uart.o(i.HAL_UART_IRQHandler)
    HAL_UART_Init                            0x08001cb5   Thumb Code   106  stm32f3xx_hal_uart.o(i.HAL_UART_Init)
    HAL_UART_MspInit                         0x08001d21   Thumb Code   286  usart.o(i.HAL_UART_MspInit)
    HAL_UART_Receive_IT                      0x08001e59   Thumb Code   122  stm32f3xx_hal_uart.o(i.HAL_UART_Receive_IT)
    HAL_UART_RxCpltCallback                  0x08001ed5   Thumb Code    76  usart.o(i.HAL_UART_RxCpltCallback)
    HAL_UART_TxCpltCallback                  0x08001f2d   Thumb Code     2  stm32f3xx_hal_uart.o(i.HAL_UART_TxCpltCallback)
    HardFault_Handler                        0x08001f31   Thumb Code    14  stm32f3xx_it.o(i.HardFault_Handler)
    MX_GPIO_Init                             0x08001f6d   Thumb Code   116  gpio.o(i.MX_GPIO_Init)
    MX_RTC_Init                              0x08001fe9   Thumb Code    46  rtc.o(i.MX_RTC_Init)
    MX_SPI1_Init                             0x08002021   Thumb Code    72  spi.o(i.MX_SPI1_Init)
    MX_USART1_UART_Init                      0x08002071   Thumb Code    52  usart.o(i.MX_USART1_UART_Init)
    MX_USART2_UART_Init                      0x080020ad   Thumb Code    52  usart.o(i.MX_USART2_UART_Init)
    MX_USART3_UART_Init                      0x080020e9   Thumb Code    52  usart.o(i.MX_USART3_UART_Init)
    MemManage_Handler                        0x08002125   Thumb Code     2  stm32f3xx_it.o(i.MemManage_Handler)
    NMI_Handler                              0x08002127   Thumb Code     2  stm32f3xx_it.o(i.NMI_Handler)
    RTC_EnterInitMode                        0x08002149   Thumb Code    58  stm32f3xx_hal_rtc.o(i.RTC_EnterInitMode)
    SD_CS                                    0x08002185   Thumb Code    18  mmc_sd.o(i.SD_CS)
    SD_DisSelect                             0x0800219d   Thumb Code    18  mmc_sd.o(i.SD_DisSelect)
    SD_GetCSD                                0x080021af   Thumb Code    42  mmc_sd.o(i.SD_GetCSD)
    SD_GetResponse                           0x080021d9   Thumb Code    40  mmc_sd.o(i.SD_GetResponse)
    SD_GetSectorCount                        0x08002201   Thumb Code   110  mmc_sd.o(i.SD_GetSectorCount)
    SD_Initialize                            0x08002271   Thumb Code   340  mmc_sd.o(i.SD_Initialize)
    SD_ReadDisk                              0x080023c9   Thumb Code   104  mmc_sd.o(i.SD_ReadDisk)
    SD_RecvData                              0x08002435   Thumb Code    52  mmc_sd.o(i.SD_RecvData)
    SD_SPI_Init                              0x08002469   Thumb Code    58  mmc_sd.o(i.SD_SPI_Init)
    SD_SPI_ReadWriteByte                     0x080024ad   Thumb Code     4  mmc_sd.o(i.SD_SPI_ReadWriteByte)
    SD_SPI_SpeedHigh                         0x080024b1   Thumb Code     6  mmc_sd.o(i.SD_SPI_SpeedHigh)
    SD_SPI_SpeedLow                          0x080024b7   Thumb Code     6  mmc_sd.o(i.SD_SPI_SpeedLow)
    SD_Select                                0x080024bd   Thumb Code    24  mmc_sd.o(i.SD_Select)
    SD_SendBlock                             0x080024d5   Thumb Code    80  mmc_sd.o(i.SD_SendBlock)
    SD_SendCmd                               0x08002525   Thumb Code    94  mmc_sd.o(i.SD_SendCmd)
    SD_WaitReady                             0x08002583   Thumb Code    32  mmc_sd.o(i.SD_WaitReady)
    SD_WriteDisk                             0x080025a5   Thumb Code   124  mmc_sd.o(i.SD_WriteDisk)
    SD_check_init                            0x08002625   Thumb Code    68  mmc_sd.o(i.SD_check_init)
    SPI1_ReadWriteByte                       0x080026bd   Thumb Code    28  spi.o(i.SPI1_ReadWriteByte)
    SPI1_SetSpeed                            0x080026dd   Thumb Code    46  spi.o(i.SPI1_SetSpeed)
    SysTick_Handler                          0x0800288d   Thumb Code    38  port.o(i.SysTick_Handler)
    SystemClock_Config                       0x080028b9   Thumb Code   112  main.o(i.SystemClock_Config)
    SystemInit                               0x0800292d   Thumb Code    82  system_stm32f3xx.o(i.SystemInit)
    TIM2_IRQHandler                          0x08002995   Thumb Code     6  stm32f3xx_it.o(i.TIM2_IRQHandler)
    TIM_Base_SetConfig                       0x080029a1   Thumb Code   158  stm32f3xx_hal_tim.o(i.TIM_Base_SetConfig)
    UART_AdvFeatureConfig                    0x08002a69   Thumb Code   200  stm32f3xx_hal_uart.o(i.UART_AdvFeatureConfig)
    UART_CheckIdleState                      0x08002b31   Thumb Code    92  stm32f3xx_hal_uart.o(i.UART_CheckIdleState)
    UART_EndTransmit_IT                      0x08002bbd   Thumb Code    26  stm32f3xx_hal_uart.o(i.UART_EndTransmit_IT)
    UART_Receive_IT                          0x08002bd7   Thumb Code   118  stm32f3xx_hal_uart.o(i.UART_Receive_IT)
    UART_SetConfig                           0x08002c4d   Thumb Code   366  stm32f3xx_hal_uart.o(i.UART_SetConfig)
    UART_Transmit_IT                         0x08002dd5   Thumb Code   100  stm32f3xx_hal_uart.o(i.UART_Transmit_IT)
    UART_WaitOnFlagUntilTimeout              0x08002e39   Thumb Code   100  stm32f3xx_hal_uart.o(i.UART_WaitOnFlagUntilTimeout)
    USART1_IRQHandler                        0x08002e9d   Thumb Code     6  stm32f3xx_it.o(i.USART1_IRQHandler)
    USART2_IRQHandler                        0x08002ea9   Thumb Code    34  stm32f3xx_it.o(i.USART2_IRQHandler)
    USART3_IRQHandler                        0x08002ed5   Thumb Code     6  stm32f3xx_it.o(i.USART3_IRQHandler)
    UsageFault_Handler                       0x08002ee1   Thumb Code     2  stm32f3xx_it.o(i.UsageFault_Handler)
    __0printf                                0x08002ee5   Thumb Code    22  printfa.o(i.__0printf)
    __1printf                                0x08002ee5   Thumb Code     0  printfa.o(i.__0printf)
    __2printf                                0x08002ee5   Thumb Code     0  printfa.o(i.__0printf)
    __c89printf                              0x08002ee5   Thumb Code     0  printfa.o(i.__0printf)
    printf                                   0x08002ee5   Thumb Code     0  printfa.o(i.__0printf)
    __0vsprintf                              0x08002f05   Thumb Code    30  printfa.o(i.__0vsprintf)
    __1vsprintf                              0x08002f05   Thumb Code     0  printfa.o(i.__0vsprintf)
    __2vsprintf                              0x08002f05   Thumb Code     0  printfa.o(i.__0vsprintf)
    __c89vsprintf                            0x08002f05   Thumb Code     0  printfa.o(i.__0vsprintf)
    vsprintf                                 0x08002f05   Thumb Code     0  printfa.o(i.__0vsprintf)
    __scatterload_copy                       0x08002f29   Thumb Code    14  handlers.o(i.__scatterload_copy)
    __scatterload_null                       0x08002f37   Thumb Code     2  handlers.o(i.__scatterload_null)
    __scatterload_zeroinit                   0x08002f39   Thumb Code    14  handlers.o(i.__scatterload_zeroinit)
    clust2sect                               0x08003acd   Thumb Code    28  ff.o(i.clust2sect)
    disk_initialize                          0x08004277   Thumb Code    30  diskio.o(i.disk_initialize)
    disk_ioctl                               0x08004295   Thumb Code    78  diskio.o(i.disk_ioctl)
    disk_read                                0x080042e3   Thumb Code    48  diskio.o(i.disk_read)
    disk_status                              0x08004313   Thumb Code     4  diskio.o(i.disk_status)
    disk_write                               0x08004317   Thumb Code    34  diskio.o(i.disk_write)
    f_close                                  0x08004339   Thumb Code    18  ff.o(i.f_close)
    f_mkfs                                   0x0800434d   Thumb Code  1306  ff.o(i.f_mkfs)
    f_mount                                  0x08004869   Thumb Code    34  ff.o(i.f_mount)
    f_open                                   0x08004891   Thumb Code   322  ff.o(i.f_open)
    f_read                                   0x080049d9   Thumb Code   348  ff.o(i.f_read)
    f_sync                                   0x08004b35   Thumb Code   164  ff.o(i.f_sync)
    f_write                                  0x08004bd9   Thumb Code   406  ff.o(i.f_write)
    ff_convert                               0x08004d71   Thumb Code    68  cc936.o(i.ff_convert)
    ff_wtoupper                              0x08004dbd   Thumb Code    28  cc936.o(i.ff_wtoupper)
    fputc                                    0x08004e65   Thumb Code    18  usart.o(i.fputc)
    gen_numname                              0x08004e7d   Thumb Code   120  ff.o(i.gen_numname)
    get_fat                                  0x08004ef5   Thumb Code   194  ff.o(i.get_fat)
    get_fattime                              0x08004fb7   Thumb Code     4  diskio.o(i.get_fattime)
    log_log                                  0x08004fbd   Thumb Code    58  by_log.o(i.log_log)
    main                                     0x08005011   Thumb Code   374  main.o(i.main)
    osKernelStart                            0x080054c9   Thumb Code    10  cmsis_os.o(i.osKernelStart)
    put_fat                                  0x080057a1   Thumb Code   258  ff.o(i.put_fat)
    pvPortMalloc                             0x080058a5   Thumb Code   210  heap_4.o(i.pvPortMalloc)
    pxPortInitialiseStack                    0x0800597d   Thumb Code    40  port.o(i.pxPortInitialiseStack)
    uxListRemove                             0x08005aed   Thumb Code    36  list.o(i.uxListRemove)
    vListInitialise                          0x08005b11   Thumb Code    22  list.o(i.vListInitialise)
    vListInitialiseItem                      0x08005b27   Thumb Code     6  list.o(i.vListInitialiseItem)
    vListInsertEnd                           0x08005b2d   Thumb Code    24  list.o(i.vListInsertEnd)
    vPortEnterCritical                       0x08005b45   Thumb Code    54  port.o(i.vPortEnterCritical)
    vPortExitCritical                        0x08005b85   Thumb Code    34  port.o(i.vPortExitCritical)
    vPortFree                                0x08005bad   Thumb Code    88  heap_4.o(i.vPortFree)
    vPortSetupTimerInterrupt                 0x08005c09   Thumb Code    26  port.o(i.vPortSetupTimerInterrupt)
    vTaskStartScheduler                      0x08005c29   Thumb Code    86  tasks.o(i.vTaskStartScheduler)
    vTaskSuspendAll                          0x08005c91   Thumb Code    10  tasks.o(i.vTaskSuspendAll)
    vTaskSwitchContext                       0x08005ca1   Thumb Code    82  tasks.o(i.vTaskSwitchContext)
    xPortStartScheduler                      0x08005d1d   Thumb Code   202  port.o(i.xPortStartScheduler)
    xTaskCreate                              0x08005dfd   Thumb Code    86  tasks.o(i.xTaskCreate)
    xTaskIncrementTick                       0x08005e55   Thumb Code   192  tasks.o(i.xTaskIncrementTick)
    xTaskResumeAll                           0x08005f1d   Thumb Code   182  tasks.o(i.xTaskResumeAll)
    aPLLMULFactorTable                       0x08005fe0   Data          16  stm32f3xx_hal_rcc.o(.constdata)
    aPredivFactorTable                       0x08005ff0   Data          16  stm32f3xx_hal_rcc.o(.constdata)
    AHBPrescTable                            0x08006000   Data          16  system_stm32f3xx.o(.constdata)
    APBPrescTable                            0x08006010   Data           8  system_stm32f3xx.o(.constdata)
    Region$$Table$$Base                      0x08030d4c   Number         0  anon$$obj.o(Region$$Table)
    Region$$Table$$Limit                     0x08030d6c   Number         0  anon$$obj.o(Region$$Table)
    aRxBuffer                                0x20000000   Data           1  usart.o(.data)
    USART_RX_STA                             0x20000002   Data           2  usart.o(.data)
    __stdout                                 0x20000004   Data           4  usart.o(.data)
    uwTickFreq                               0x20000008   Data           1  stm32f3xx_hal.o(.data)
    uwTickPrio                               0x2000000c   Data           4  stm32f3xx_hal.o(.data)
    uwTick                                   0x20000010   Data           4  stm32f3xx_hal.o(.data)
    SystemCoreClock                          0x20000014   Data           4  system_stm32f3xx.o(.data)
    pxCurrentTCB                             0x20000018   Data           4  tasks.o(.data)
    SD_Type                                  0x20000090   Data           1  mmc_sd.o(.data)
    hrtc                                     0x200000a0   Data          32  rtc.o(.bss)
    hspi1                                    0x200000c0   Data         100  spi.o(.bss)
    USART_RX_BUF                             0x20000124   Data         200  usart.o(.bss)
    huart1                                   0x200001ec   Data         112  usart.o(.bss)
    huart2                                   0x2000025c   Data         112  usart.o(.bss)
    huart3                                   0x200002cc   Data         112  usart.o(.bss)
    htim2                                    0x2000033c   Data          64  stm32f3xx_hal_timebase_tim.o(.bss)
    __initial_sp                             0x20001670   Data           0  startup_stm32f373xc.o(STACK)



==============================================================================

Memory Map of the image

  Image Entry point : 0x08000189

  Load Region LR_IROM1 (Base: 0x08000000, Size: 0x00030e0c, Max: 0x00040000, ABSOLUTE)

    Execution Region ER_IROM1 (Exec base: 0x08000000, Load base: 0x08000000, Size: 0x00030d6c, Max: 0x00040000, ABSOLUTE)

    Exec Addr    Load Addr    Size         Type   Attr      Idx    E Section Name        Object

    0x08000000   0x08000000   0x00000188   Data   RO         4109    RESET               startup_stm32f373xc.o
    0x08000188   0x08000188   0x00000000   Code   RO         5890  * .ARM.Collect$$$$00000000  mc_w.l(entry.o)
    0x08000188   0x08000188   0x00000004   Code   RO         6200    .ARM.Collect$$$$00000001  mc_w.l(entry2.o)
    0x0800018c   0x0800018c   0x00000004   Code   RO         6203    .ARM.Collect$$$$00000004  mc_w.l(entry5.o)
    0x08000190   0x08000190   0x00000000   Code   RO         6205    .ARM.Collect$$$$00000008  mc_w.l(entry7b.o)
    0x08000190   0x08000190   0x00000000   Code   RO         6207    .ARM.Collect$$$$0000000A  mc_w.l(entry8b.o)
    0x08000190   0x08000190   0x00000008   Code   RO         6208    .ARM.Collect$$$$0000000B  mc_w.l(entry9a.o)
    0x08000198   0x08000198   0x00000000   Code   RO         6210    .ARM.Collect$$$$0000000D  mc_w.l(entry10a.o)
    0x08000198   0x08000198   0x00000000   Code   RO         6212    .ARM.Collect$$$$0000000F  mc_w.l(entry11a.o)
    0x08000198   0x08000198   0x00000004   Code   RO         6201    .ARM.Collect$$$$00002712  mc_w.l(entry2.o)
    0x0800019c   0x0800019c   0x000000ba   Code   RO         5150    .emb_text           port.o
    0x08000256   0x08000256   0x00000002   PAD
    0x08000258   0x08000258   0x00000024   Code   RO         4110    .text               startup_stm32f373xc.o
    0x0800027c   0x0800027c   0x00000020   Code   RO         5893    .text               mc_w.l(llushr.o)
    0x0800029c   0x0800029c   0x00000024   Code   RO         5895    .text               mc_w.l(memcpya.o)
    0x080002c0   0x080002c0   0x00000024   Code   RO         5897    .text               mc_w.l(memseta.o)
    0x080002e4   0x080002e4   0x000000e4   Code   RO         6192    .text               mf_w.l(dmul.o)
    0x080003c8   0x080003c8   0x0000002c   Code   RO         6214    .text               mc_w.l(uidiv.o)
    0x080003f4   0x080003f4   0x00000062   Code   RO         6216    .text               mc_w.l(uldiv.o)
    0x08000456   0x08000456   0x00000000   Code   RO         6220    .text               mc_w.l(iusefp.o)
    0x08000456   0x08000456   0x000000ba   Code   RO         6223    .text               mf_w.l(depilogue.o)
    0x08000510   0x08000510   0x0000014e   Code   RO         6225    .text               mf_w.l(dadd.o)
    0x0800065e   0x0800065e   0x000000de   Code   RO         6227    .text               mf_w.l(ddiv.o)
    0x0800073c   0x0800073c   0x00000030   Code   RO         6229    .text               mf_w.l(dfixul.o)
    0x0800076c   0x0800076c   0x00000030   Code   RO         6231    .text               mf_w.l(cdrcmple.o)
    0x0800079c   0x0800079c   0x00000024   Code   RO         6233    .text               mc_w.l(init.o)
    0x080007c0   0x080007c0   0x0000001e   Code   RO         6235    .text               mc_w.l(llshl.o)
    0x080007de   0x080007de   0x00000024   Code   RO         6237    .text               mc_w.l(llsshr.o)
    0x08000802   0x08000802   0x00000002   Code   RO          518    i.BusFault_Handler  stm32f3xx_it.o
    0x08000804   0x08000804   0x00000002   Code   RO          519    i.DebugMon_Handler  stm32f3xx_it.o
    0x08000806   0x08000806   0x00000002   Code   RO            4    i.Error_Handler     main.o
    0x08000808   0x08000808   0x0000004a   Code   RO         3058    i.HAL_DMA_Abort_IT  stm32f3xx_hal_dma.o
    0x08000852   0x08000852   0x00000002   PAD
    0x08000854   0x08000854   0x00000024   Code   RO         2676    i.HAL_Delay         stm32f3xx_hal.o
    0x08000878   0x08000878   0x00000188   Code   RO         2992    i.HAL_GPIO_Init     stm32f3xx_hal_gpio.o
    0x08000a00   0x08000a00   0x0000000a   Code   RO         2996    i.HAL_GPIO_WritePin  stm32f3xx_hal_gpio.o
    0x08000a0a   0x08000a0a   0x00000002   PAD
    0x08000a0c   0x08000a0c   0x0000000c   Code   RO         2680    i.HAL_GetTick       stm32f3xx_hal.o
    0x08000a18   0x08000a18   0x00000010   Code   RO         2686    i.HAL_IncTick       stm32f3xx_hal.o
    0x08000a28   0x08000a28   0x00000024   Code   RO         2687    i.HAL_Init          stm32f3xx_hal.o
    0x08000a4c   0x08000a4c   0x00000074   Code   RO          627    i.HAL_InitTick      stm32f3xx_hal_timebase_tim.o
    0x08000ac0   0x08000ac0   0x00000034   Code   RO          603    i.HAL_MspInit       stm32f3xx_hal_msp.o
    0x08000af4   0x08000af4   0x00000016   Code   RO         3160    i.HAL_NVIC_EnableIRQ  stm32f3xx_hal_cortex.o
    0x08000b0a   0x08000b0a   0x00000002   PAD
    0x08000b0c   0x08000b0c   0x00000040   Code   RO         3166    i.HAL_NVIC_SetPriority  stm32f3xx_hal_cortex.o
    0x08000b4c   0x08000b4c   0x00000024   Code   RO         3167    i.HAL_NVIC_SetPriorityGrouping  stm32f3xx_hal_cortex.o
    0x08000b70   0x08000b70   0x000001d0   Code   RO         2950    i.HAL_RCCEx_PeriphCLKConfig  stm32f3xx_hal_rcc_ex.o
    0x08000d40   0x08000d40   0x00000144   Code   RO         2844    i.HAL_RCC_ClockConfig  stm32f3xx_hal_rcc.o
    0x08000e84   0x08000e84   0x00000040   Code   RO         2848    i.HAL_RCC_GetClockConfig  stm32f3xx_hal_rcc.o
    0x08000ec4   0x08000ec4   0x00000030   Code   RO         2851    i.HAL_RCC_GetPCLK1Freq  stm32f3xx_hal_rcc.o
    0x08000ef4   0x08000ef4   0x00000030   Code   RO         2852    i.HAL_RCC_GetPCLK2Freq  stm32f3xx_hal_rcc.o
    0x08000f24   0x08000f24   0x00000064   Code   RO         2853    i.HAL_RCC_GetSysClockFreq  stm32f3xx_hal_rcc.o
    0x08000f88   0x08000f88   0x00000590   Code   RO         2856    i.HAL_RCC_OscConfig  stm32f3xx_hal_rcc.o
    0x08001518   0x08001518   0x000000ac   Code   RO          674    i.HAL_RTC_Init      stm32f3xx_hal_rtc.o
    0x080015c4   0x080015c4   0x00000028   Code   RO          328    i.HAL_RTC_MspInit   rtc.o
    0x080015ec   0x080015ec   0x00000036   Code   RO          682    i.HAL_RTC_WaitForSynchro  stm32f3xx_hal_rtc.o
    0x08001622   0x08001622   0x000000b6   Code   RO         1042    i.HAL_SPI_Init      stm32f3xx_hal_spi.o
    0x080016d8   0x080016d8   0x00000080   Code   RO          387    i.HAL_SPI_MspInit   spi.o
    0x08001758   0x08001758   0x0000023e   Code   RO         1051    i.HAL_SPI_TransmitReceive  stm32f3xx_hal_spi.o
    0x08001996   0x08001996   0x00000002   Code   RO         2029    i.HAL_TIMEx_BreakCallback  stm32f3xx_hal_tim_ex.o
    0x08001998   0x08001998   0x00000002   Code   RO         2030    i.HAL_TIMEx_CommutationCallback  stm32f3xx_hal_tim_ex.o
    0x0800199a   0x0800199a   0x00000036   Code   RO         1384    i.HAL_TIM_Base_Init  stm32f3xx_hal_tim.o
    0x080019d0   0x080019d0   0x00000002   Code   RO         1386    i.HAL_TIM_Base_MspInit  stm32f3xx_hal_tim.o
    0x080019d2   0x080019d2   0x00000018   Code   RO         1389    i.HAL_TIM_Base_Start_IT  stm32f3xx_hal_tim.o
    0x080019ea   0x080019ea   0x00000002   Code   RO         1415    i.HAL_TIM_IC_CaptureCallback  stm32f3xx_hal_tim.o
    0x080019ec   0x080019ec   0x00000166   Code   RO         1428    i.HAL_TIM_IRQHandler  stm32f3xx_hal_tim.o
    0x08001b52   0x08001b52   0x00000002   Code   RO         1431    i.HAL_TIM_OC_DelayElapsedCallback  stm32f3xx_hal_tim.o
    0x08001b54   0x08001b54   0x00000002   Code   RO         1458    i.HAL_TIM_PWM_PulseFinishedCallback  stm32f3xx_hal_tim.o
    0x08001b56   0x08001b56   0x0000000e   Code   RO            5    i.HAL_TIM_PeriodElapsedCallback  main.o
    0x08001b64   0x08001b64   0x00000002   Code   RO         1469    i.HAL_TIM_TriggerCallback  stm32f3xx_hal_tim.o
    0x08001b66   0x08001b66   0x00000002   Code   RO         2620    i.HAL_UARTEx_WakeupCallback  stm32f3xx_hal_uart_ex.o
    0x08001b68   0x08001b68   0x00000002   Code   RO         2277    i.HAL_UART_ErrorCallback  stm32f3xx_hal_uart.o
    0x08001b6a   0x08001b6a   0x0000000a   Code   RO         2279    i.HAL_UART_GetState  stm32f3xx_hal_uart.o
    0x08001b74   0x08001b74   0x00000140   Code   RO         2280    i.HAL_UART_IRQHandler  stm32f3xx_hal_uart.o
    0x08001cb4   0x08001cb4   0x0000006a   Code   RO         2281    i.HAL_UART_Init     stm32f3xx_hal_uart.o
    0x08001d1e   0x08001d1e   0x00000002   PAD
    0x08001d20   0x08001d20   0x00000138   Code   RO          441    i.HAL_UART_MspInit  usart.o
    0x08001e58   0x08001e58   0x0000007a   Code   RO         2286    i.HAL_UART_Receive_IT  stm32f3xx_hal_uart.o
    0x08001ed2   0x08001ed2   0x00000002   PAD
    0x08001ed4   0x08001ed4   0x00000058   Code   RO          442    i.HAL_UART_RxCpltCallback  usart.o
    0x08001f2c   0x08001f2c   0x00000002   Code   RO         2292    i.HAL_UART_TxCpltCallback  stm32f3xx_hal_uart.o
    0x08001f2e   0x08001f2e   0x00000002   PAD
    0x08001f30   0x08001f30   0x0000003c   Code   RO          520    i.HardFault_Handler  stm32f3xx_it.o
    0x08001f6c   0x08001f6c   0x0000007c   Code   RO          237    i.MX_GPIO_Init      gpio.o
    0x08001fe8   0x08001fe8   0x00000038   Code   RO          329    i.MX_RTC_Init       rtc.o
    0x08002020   0x08002020   0x00000050   Code   RO          388    i.MX_SPI1_Init      spi.o
    0x08002070   0x08002070   0x0000003c   Code   RO          443    i.MX_USART1_UART_Init  usart.o
    0x080020ac   0x080020ac   0x0000003c   Code   RO          444    i.MX_USART2_UART_Init  usart.o
    0x080020e8   0x080020e8   0x0000003c   Code   RO          445    i.MX_USART3_UART_Init  usart.o
    0x08002124   0x08002124   0x00000002   Code   RO          521    i.MemManage_Handler  stm32f3xx_it.o
    0x08002126   0x08002126   0x00000002   Code   RO          522    i.NMI_Handler       stm32f3xx_it.o
    0x08002128   0x08002128   0x00000020   Code   RO         3173    i.NVIC_SetPriority  stm32f3xx_hal_cortex.o
    0x08002148   0x08002148   0x0000003a   Code   RO          685    i.RTC_EnterInitMode  stm32f3xx_hal_rtc.o
    0x08002182   0x08002182   0x00000002   PAD
    0x08002184   0x08002184   0x00000018   Code   RO         5389    i.SD_CS             mmc_sd.o
    0x0800219c   0x0800219c   0x00000012   Code   RO         5390    i.SD_DisSelect      mmc_sd.o
    0x080021ae   0x080021ae   0x0000002a   Code   RO         5392    i.SD_GetCSD         mmc_sd.o
    0x080021d8   0x080021d8   0x00000028   Code   RO         5393    i.SD_GetResponse    mmc_sd.o
    0x08002200   0x08002200   0x0000006e   Code   RO         5394    i.SD_GetSectorCount  mmc_sd.o
    0x0800226e   0x0800226e   0x00000002   PAD
    0x08002270   0x08002270   0x00000158   Code   RO         5395    i.SD_Initialize     mmc_sd.o
    0x080023c8   0x080023c8   0x0000006c   Code   RO         5396    i.SD_ReadDisk       mmc_sd.o
    0x08002434   0x08002434   0x00000034   Code   RO         5397    i.SD_RecvData       mmc_sd.o
    0x08002468   0x08002468   0x00000044   Code   RO         5398    i.SD_SPI_Init       mmc_sd.o
    0x080024ac   0x080024ac   0x00000004   Code   RO         5399    i.SD_SPI_ReadWriteByte  mmc_sd.o
    0x080024b0   0x080024b0   0x00000006   Code   RO         5400    i.SD_SPI_SpeedHigh  mmc_sd.o
    0x080024b6   0x080024b6   0x00000006   Code   RO         5401    i.SD_SPI_SpeedLow   mmc_sd.o
    0x080024bc   0x080024bc   0x00000018   Code   RO         5402    i.SD_Select         mmc_sd.o
    0x080024d4   0x080024d4   0x00000050   Code   RO         5403    i.SD_SendBlock      mmc_sd.o
    0x08002524   0x08002524   0x0000005e   Code   RO         5404    i.SD_SendCmd        mmc_sd.o
    0x08002582   0x08002582   0x00000020   Code   RO         5405    i.SD_WaitReady      mmc_sd.o
    0x080025a2   0x080025a2   0x00000002   PAD
    0x080025a4   0x080025a4   0x00000080   Code   RO         5406    i.SD_WriteDisk      mmc_sd.o
    0x08002624   0x08002624   0x00000098   Code   RO         5407    i.SD_check_init     mmc_sd.o
    0x080026bc   0x080026bc   0x00000020   Code   RO          389    i.SPI1_ReadWriteByte  spi.o
    0x080026dc   0x080026dc   0x00000034   Code   RO          390    i.SPI1_SetSpeed     spi.o
    0x08002710   0x08002710   0x00000048   Code   RO         1080    i.SPI_EndRxTxTransaction  stm32f3xx_hal_spi.o
    0x08002758   0x08002758   0x0000009e   Code   RO         1085    i.SPI_WaitFifoStateUntilTimeout  stm32f3xx_hal_spi.o
    0x080027f6   0x080027f6   0x00000094   Code   RO         1086    i.SPI_WaitFlagStateUntilTimeout  stm32f3xx_hal_spi.o
    0x0800288a   0x0800288a   0x00000002   PAD
    0x0800288c   0x0800288c   0x0000002c   Code   RO         5151    i.SysTick_Handler   port.o
    0x080028b8   0x080028b8   0x00000074   Code   RO            6    i.SystemClock_Config  main.o
    0x0800292c   0x0800292c   0x00000068   Code   RO         4118    i.SystemInit        system_stm32f3xx.o
    0x08002994   0x08002994   0x0000000c   Code   RO          523    i.TIM2_IRQHandler   stm32f3xx_it.o
    0x080029a0   0x080029a0   0x000000c8   Code   RO         1470    i.TIM_Base_SetConfig  stm32f3xx_hal_tim.o
    0x08002a68   0x08002a68   0x000000c8   Code   RO         2294    i.UART_AdvFeatureConfig  stm32f3xx_hal_uart.o
    0x08002b30   0x08002b30   0x0000005c   Code   RO         2295    i.UART_CheckIdleState  stm32f3xx_hal_uart.o
    0x08002b8c   0x08002b8c   0x00000014   Code   RO         2296    i.UART_DMAAbortOnError  stm32f3xx_hal_uart.o
    0x08002ba0   0x08002ba0   0x0000001c   Code   RO         2306    i.UART_EndRxTransfer  stm32f3xx_hal_uart.o
    0x08002bbc   0x08002bbc   0x0000001a   Code   RO         2307    i.UART_EndTransmit_IT  stm32f3xx_hal_uart.o
    0x08002bd6   0x08002bd6   0x00000076   Code   RO         2309    i.UART_Receive_IT   stm32f3xx_hal_uart.o
    0x08002c4c   0x08002c4c   0x00000188   Code   RO         2310    i.UART_SetConfig    stm32f3xx_hal_uart.o
    0x08002dd4   0x08002dd4   0x00000064   Code   RO         2311    i.UART_Transmit_IT  stm32f3xx_hal_uart.o
    0x08002e38   0x08002e38   0x00000064   Code   RO         2312    i.UART_WaitOnFlagUntilTimeout  stm32f3xx_hal_uart.o
    0x08002e9c   0x08002e9c   0x0000000c   Code   RO          524    i.USART1_IRQHandler  stm32f3xx_it.o
    0x08002ea8   0x08002ea8   0x0000002c   Code   RO          525    i.USART2_IRQHandler  stm32f3xx_it.o
    0x08002ed4   0x08002ed4   0x0000000c   Code   RO          526    i.USART3_IRQHandler  stm32f3xx_it.o
    0x08002ee0   0x08002ee0   0x00000002   Code   RO          527    i.UsageFault_Handler  stm32f3xx_it.o
    0x08002ee2   0x08002ee2   0x00000002   PAD
    0x08002ee4   0x08002ee4   0x00000020   Code   RO         6136    i.__0printf         mc_w.l(printfa.o)
    0x08002f04   0x08002f04   0x00000024   Code   RO         6142    i.__0vsprintf       mc_w.l(printfa.o)
    0x08002f28   0x08002f28   0x0000000e   Code   RO         6241    i.__scatterload_copy  mc_w.l(handlers.o)
    0x08002f36   0x08002f36   0x00000002   Code   RO         6242    i.__scatterload_null  mc_w.l(handlers.o)
    0x08002f38   0x08002f38   0x0000000e   Code   RO         6243    i.__scatterload_zeroinit  mc_w.l(handlers.o)
    0x08002f46   0x08002f46   0x00000002   PAD
    0x08002f48   0x08002f48   0x00000184   Code   RO         6143    i._fp_digits        mc_w.l(printfa.o)
    0x080030cc   0x080030cc   0x000006dc   Code   RO         6144    i._printf_core      mc_w.l(printfa.o)
    0x080037a8   0x080037a8   0x00000024   Code   RO         6145    i._printf_post_padding  mc_w.l(printfa.o)
    0x080037cc   0x080037cc   0x0000002e   Code   RO         6146    i._printf_pre_padding  mc_w.l(printfa.o)
    0x080037fa   0x080037fa   0x0000000a   Code   RO         6148    i._sputc            mc_w.l(printfa.o)
    0x08003804   0x08003804   0x0000005c   Code   RO         5577    i.check_fs          ff.o
    0x08003860   0x08003860   0x00000010   Code   RO         5578    i.chk_chr           ff.o
    0x08003870   0x08003870   0x00000238   Code   RO         5579    i.chk_mounted       ff.o
    0x08003aa8   0x08003aa8   0x00000024   Code   RO         5580    i.clmt_clust        ff.o
    0x08003acc   0x08003acc   0x0000001c   Code   RO         5581    i.clust2sect        ff.o
    0x08003ae8   0x08003ae8   0x000000a6   Code   RO         5582    i.create_chain      ff.o
    0x08003b8e   0x08003b8e   0x00000002   PAD
    0x08003b90   0x08003b90   0x00000280   Code   RO         5583    i.create_name       ff.o
    0x08003e10   0x08003e10   0x00000134   Code   RO         5584    i.dir_find          ff.o
    0x08003f44   0x08003f44   0x000000f6   Code   RO         5585    i.dir_next          ff.o
    0x0800403a   0x0800403a   0x00000002   PAD
    0x0800403c   0x0800403c   0x000001b4   Code   RO         5587    i.dir_register      ff.o
    0x080041f0   0x080041f0   0x00000086   Code   RO         5589    i.dir_sdi           ff.o
    0x08004276   0x08004276   0x0000001e   Code   RO         5516    i.disk_initialize   diskio.o
    0x08004294   0x08004294   0x0000004e   Code   RO         5517    i.disk_ioctl        diskio.o
    0x080042e2   0x080042e2   0x00000030   Code   RO         5518    i.disk_read         diskio.o
    0x08004312   0x08004312   0x00000004   Code   RO         5519    i.disk_status       diskio.o
    0x08004316   0x08004316   0x00000022   Code   RO         5520    i.disk_write        diskio.o
    0x08004338   0x08004338   0x00000012   Code   RO         5593    i.f_close           ff.o
    0x0800434a   0x0800434a   0x00000002   PAD
    0x0800434c   0x0800434c   0x0000051a   Code   RO         5598    i.f_mkfs            ff.o
    0x08004866   0x08004866   0x00000002   PAD
    0x08004868   0x08004868   0x00000028   Code   RO         5599    i.f_mount           ff.o
    0x08004890   0x08004890   0x00000148   Code   RO         5600    i.f_open            ff.o
    0x080049d8   0x080049d8   0x0000015c   Code   RO         5605    i.f_read            ff.o
    0x08004b34   0x08004b34   0x000000a4   Code   RO         5609    i.f_sync            ff.o
    0x08004bd8   0x08004bd8   0x00000196   Code   RO         5613    i.f_write           ff.o
    0x08004d6e   0x08004d6e   0x00000002   PAD
    0x08004d70   0x08004d70   0x0000004c   Code   RO         5861    i.ff_convert        cc936.o
    0x08004dbc   0x08004dbc   0x00000024   Code   RO         5862    i.ff_wtoupper       cc936.o
    0x08004de0   0x08004de0   0x00000082   Code   RO         5614    i.follow_path       ff.o
    0x08004e62   0x08004e62   0x00000002   PAD
    0x08004e64   0x08004e64   0x00000018   Code   RO          447    i.fputc             usart.o
    0x08004e7c   0x08004e7c   0x00000078   Code   RO         5615    i.gen_numname       ff.o
    0x08004ef4   0x08004ef4   0x000000c2   Code   RO         5616    i.get_fat           ff.o
    0x08004fb6   0x08004fb6   0x00000004   Code   RO         5523    i.get_fattime       diskio.o
    0x08004fba   0x08004fba   0x00000002   PAD
    0x08004fbc   0x08004fbc   0x00000054   Code   RO         5227    i.log_log           by_log.o
    0x08005010   0x08005010   0x00000424   Code   RO            7    i.main              main.o
    0x08005434   0x08005434   0x00000012   Code   RO         5618    i.mem_cpy           ff.o
    0x08005446   0x08005446   0x0000000e   Code   RO         5619    i.mem_set           ff.o
    0x08005454   0x08005454   0x00000074   Code   RO         5620    i.move_window       ff.o
    0x080054c8   0x080054c8   0x0000000a   Code   RO         4721    i.osKernelStart     cmsis_os.o
    0x080054d2   0x080054d2   0x00000002   PAD
    0x080054d4   0x080054d4   0x000000d0   Code   RO         4428    i.prvAddNewTaskToReadyList  tasks.o
    0x080055a4   0x080055a4   0x00000050   Code   RO         4429    i.prvCheckTasksWaitingTermination  tasks.o
    0x080055f4   0x080055f4   0x00000014   Code   RO         4430    i.prvDeleteTCB      tasks.o
    0x08005608   0x08005608   0x0000004c   Code   RO         5089    i.prvHeapInit       heap_4.o
    0x08005654   0x08005654   0x00000028   Code   RO         4431    i.prvIdleTask       tasks.o
    0x0800567c   0x0800567c   0x0000008e   Code   RO         4432    i.prvInitialiseNewTask  tasks.o
    0x0800570a   0x0800570a   0x00000002   PAD
    0x0800570c   0x0800570c   0x0000004c   Code   RO         5090    i.prvInsertBlockIntoFreeList  heap_4.o
    0x08005758   0x08005758   0x00000020   Code   RO         4433    i.prvResetNextTaskUnblockTime  tasks.o
    0x08005778   0x08005778   0x00000028   Code   RO         5152    i.prvTaskExitError  port.o
    0x080057a0   0x080057a0   0x00000102   Code   RO         5621    i.put_fat           ff.o
    0x080058a2   0x080058a2   0x00000002   PAD
    0x080058a4   0x080058a4   0x000000d8   Code   RO         5091    i.pvPortMalloc      heap_4.o
    0x0800597c   0x0800597c   0x0000002c   Code   RO         5153    i.pxPortInitialiseStack  port.o
    0x080059a8   0x080059a8   0x0000006a   Code   RO         5622    i.remove_chain      ff.o
    0x08005a12   0x08005a12   0x0000001a   Code   RO         5623    i.sum_sfn           ff.o
    0x08005a2c   0x08005a2c   0x000000c0   Code   RO         5624    i.sync              ff.o
    0x08005aec   0x08005aec   0x00000024   Code   RO         4250    i.uxListRemove      list.o
    0x08005b10   0x08005b10   0x00000016   Code   RO         4251    i.vListInitialise   list.o
    0x08005b26   0x08005b26   0x00000006   Code   RO         4252    i.vListInitialiseItem  list.o
    0x08005b2c   0x08005b2c   0x00000018   Code   RO         4254    i.vListInsertEnd    list.o
    0x08005b44   0x08005b44   0x00000040   Code   RO         5155    i.vPortEnterCritical  port.o
    0x08005b84   0x08005b84   0x00000028   Code   RO         5156    i.vPortExitCritical  port.o
    0x08005bac   0x08005bac   0x0000005c   Code   RO         5092    i.vPortFree         heap_4.o
    0x08005c08   0x08005c08   0x00000020   Code   RO         5157    i.vPortSetupTimerInterrupt  port.o
    0x08005c28   0x08005c28   0x00000068   Code   RO         4452    i.vTaskStartScheduler  tasks.o
    0x08005c90   0x08005c90   0x00000010   Code   RO         4454    i.vTaskSuspendAll   tasks.o
    0x08005ca0   0x08005ca0   0x0000005c   Code   RO         4455    i.vTaskSwitchContext  tasks.o
    0x08005cfc   0x08005cfc   0x00000020   Code   RO         5625    i.validate          ff.o
    0x08005d1c   0x08005d1c   0x000000e0   Code   RO         5159    i.xPortStartScheduler  port.o
    0x08005dfc   0x08005dfc   0x00000056   Code   RO         4457    i.xTaskCreate       tasks.o
    0x08005e52   0x08005e52   0x00000002   PAD
    0x08005e54   0x08005e54   0x000000c8   Code   RO         4464    i.xTaskIncrementTick  tasks.o
    0x08005f1c   0x08005f1c   0x000000c4   Code   RO         4470    i.xTaskResumeAll    tasks.o
    0x08005fe0   0x08005fe0   0x00000020   Data   RO         2857    .constdata          stm32f3xx_hal_rcc.o
    0x08006000   0x08006000   0x00000010   Data   RO         4119    .constdata          system_stm32f3xx.o
    0x08006010   0x08006010   0x00000008   Data   RO         4120    .constdata          system_stm32f3xx.o
    0x08006018   0x08006018   0x0000003a   Data   RO         5627    .constdata          ff.o
    0x08006052   0x08006052   0x0002acc8   Data   RO         5863    .constdata          cc936.o
    0x08030d1a   0x08030d1a   0x00000002   PAD
    0x08030d1c   0x08030d1c   0x00000030   Data   RO         5228    .conststring        by_log.o
    0x08030d4c   0x08030d4c   0x00000020   Data   RO         6239    Region$$Table       anon$$obj.o


    Execution Region RW_IRAM1 (Exec base: 0x20000000, Load base: 0x08030d6c, Size: 0x00001670, Max: 0x00008000, ABSOLUTE)

    Exec Addr    Load Addr    Size         Type   Attr      Idx    E Section Name        Object

    0x20000000   0x08030d6c   0x00000004   Data   RW          449    .data               usart.o
    0x20000004   0x08030d70   0x00000004   Data   RW          450    .data               usart.o
    0x20000008   0x08030d74   0x0000000c   Data   RW         2694    .data               stm32f3xx_hal.o
    0x20000014   0x08030d80   0x00000004   Data   RW         4121    .data               system_stm32f3xx.o
    0x20000018   0x08030d84   0x0000003c   Data   RW         4473    .data               tasks.o
    0x20000054   0x08030dc0   0x00000018   Data   RW         5097    .data               heap_4.o
    0x2000006c   0x08030dd8   0x0000000c   Data   RW         5160    .data               port.o
    0x20000078   0x08030de4   0x00000018   Data   RW         5229    .data               by_log.o
    0x20000090   0x08030dfc   0x00000001   Data   RW         5408    .data               mmc_sd.o
    0x20000091   0x08030dfd   0x00000003   PAD
    0x20000094   0x08030e00   0x0000000c   Data   RW         5628    .data               ff.o
    0x200000a0        -       0x00000020   Zero   RW          333    .bss                rtc.o
    0x200000c0        -       0x00000064   Zero   RW          391    .bss                spi.o
    0x20000124        -       0x00000218   Zero   RW          448    .bss                usart.o
    0x2000033c        -       0x00000040   Zero   RW          630    .bss                stm32f3xx_hal_timebase_tim.o
    0x2000037c        -       0x000000f0   Zero   RW         4472    .bss                tasks.o
    0x2000046c        -       0x00000c00   Zero   RW         5096    .bss                heap_4.o
    0x2000106c        -       0x00000200   Zero   RW         5626    .bss                ff.o
    0x2000126c   0x08030e0c   0x00000004   PAD
    0x20001270        -       0x00000400   Zero   RW         4107    STACK               startup_stm32f373xc.o


==============================================================================

Image component sizes


      Code (inc. data)   RO Data    RW Data    ZI Data      Debug   Object Name

        84         26         48         24          0       1866   by_log.o
       112         16     175304          0          0       2531   cc936.o
        10          0          0          0          0      10662   cmsis_os.o
       198          0          0          0          0       4148   diskio.o
         0          0          0          0          0       9500   event_groups.o
      6486        126         58         12        512      33159   ff.o
       124          8          0          0          0        911   gpio.o
       460         24          0         24       3072       7279   heap_4.o
        88          0          0          0          0       2776   list.o
      1192        690          0          0          0     543520   main.o
      1332        112          0          1          0      12830   mmc_sd.o
       674         74          0         12          0      10940   port.o
        96         18          0          0         32       1679   rtc.o
       292         32          0          0        100       2730   spi.o
        36          8        392          0       1024        796   startup_stm32f373xc.o
       100         18          0         12          0      12170   stm32f3xx_hal.o
       154         14          0          0          0      29578   stm32f3xx_hal_cortex.o
        74          0          0          0          0       1067   stm32f3xx_hal_dma.o
       402         28          0          0          0       2356   stm32f3xx_hal_gpio.o
        52          4          0          0          0        818   stm32f3xx_hal_msp.o
      2008         84         32          0          0       6317   stm32f3xx_hal_rcc.o
       464         14          0          0          0       1520   stm32f3xx_hal_rcc_ex.o
       284          6          0          0          0       2820   stm32f3xx_hal_rtc.o
      1134          0          0          0          0       5581   stm32f3xx_hal_spi.o
       646         42          0          0          0       7012   stm32f3xx_hal_tim.o
         4          0          0          0          0       1586   stm32f3xx_hal_tim_ex.o
       116         14          0          0         64       1379   stm32f3xx_hal_timebase_tim.o
      1638         50          0          0          0      11879   stm32f3xx_hal_uart.o
         2          0          0          0          0        916   stm32f3xx_hal_uart_ex.o
       150         74          0          0          0       4547   stm32f3xx_it.o
       104         22         24          4          0       1139   system_stm32f3xx.o
      1216         96          0         60        240      13625   tasks.o
       604         68          0          8        536       5586   usart.o

    ----------------------------------------------------------------------
     20382       1668     175892        160       5584     755223   Object Totals
         0          0         32          0          0          0   (incl. Generated)
        46          0          2          3          4          0   (incl. Padding)

    ----------------------------------------------------------------------

      Code (inc. data)   RO Data    RW Data    ZI Data      Debug   Library Member Name

         0          0          0          0          0          0   entry.o
         0          0          0          0          0          0   entry10a.o
         0          0          0          0          0          0   entry11a.o
         8          4          0          0          0          0   entry2.o
         4          0          0          0          0          0   entry5.o
         0          0          0          0          0          0   entry7b.o
         0          0          0          0          0          0   entry8b.o
         8          4          0          0          0          0   entry9a.o
        30          0          0          0          0          0   handlers.o
        36          8          0          0          0         68   init.o
         0          0          0          0          0          0   iusefp.o
        30          0          0          0          0         68   llshl.o
        36          0          0          0          0         68   llsshr.o
        32          0          0          0          0         68   llushr.o
        36          0          0          0          0         68   memcpya.o
        36          0          0          0          0        108   memseta.o
      2304         96          0          0          0        600   printfa.o
        44          0          0          0          0         80   uidiv.o
        98          0          0          0          0         92   uldiv.o
        48          0          0          0          0         68   cdrcmple.o
       334          0          0          0          0        148   dadd.o
       222          0          0          0          0        100   ddiv.o
       186          0          0          0          0        176   depilogue.o
        48          0          0          0          0         68   dfixul.o
       228          0          0          0          0         96   dmul.o

    ----------------------------------------------------------------------
      3770        112          0          0          0       1876   Library Totals
         2          0          0          0          0          0   (incl. Padding)

    ----------------------------------------------------------------------

      Code (inc. data)   RO Data    RW Data    ZI Data      Debug   Library Name

      2702        112          0          0          0       1220   mc_w.l
      1066          0          0          0          0        656   mf_w.l

    ----------------------------------------------------------------------
      3770        112          0          0          0       1876   Library Totals

    ----------------------------------------------------------------------

==============================================================================


      Code (inc. data)   RO Data    RW Data    ZI Data      Debug   

     24152       1780     175892        160       5584     740215   Grand Totals
     24152       1780     175892        160       5584     740215   ELF Image Totals
     24152       1780     175892        160          0          0   ROM Totals

==============================================================================

    Total RO  Size (Code + RO Data)               200044 ( 195.36kB)
    Total RW  Size (RW Data + ZI Data)              5744 (   5.61kB)
    Total ROM Size (Code + RO Data + RW Data)     200204 ( 195.51kB)

==============================================================================

