Component: ARM Compiler 5.06 update 6 (build 750) Tool: armlink [4d35ed]

==============================================================================

Section Cross References

    main.o(i.HAL_TIM_PeriodElapsedCallback) refers to stm32f3xx_hal.o(i.HAL_IncTick) for HAL_IncTick
    main.o(i.SystemClock_Config) refers to memseta.o(.text) for __aeabi_memclr4
    main.o(i.SystemClock_Config) refers to stm32f3xx_hal_rcc.o(i.HAL_RCC_OscConfig) for HAL_RCC_OscConfig
    main.o(i.SystemClock_Config) refers to stm32f3xx_hal_rcc.o(i.HAL_RCC_ClockConfig) for HAL_RCC_ClockConfig
    main.o(i.SystemClock_Config) refers to stm32f3xx_hal_rcc_ex.o(i.HAL_RCCEx_PeriphCLKConfig) for HAL_RCCEx_PeriphCLKConfig
    main.o(i.main) refers to stm32f3xx_hal.o(i.HAL_Init) for HAL_Init
    main.o(i.main) refers to main.o(i.SystemClock_Config) for SystemClock_Config
    main.o(i.main) refers to gpio.o(i.MX_GPIO_Init) for MX_GPIO_Init
    main.o(i.main) refers to usart.o(i.MX_USART1_UART_Init) for MX_USART1_UART_Init
    main.o(i.main) refers to usart.o(i.MX_USART2_UART_Init) for MX_USART2_UART_Init
    main.o(i.main) refers to usart.o(i.MX_USART3_UART_Init) for MX_USART3_UART_Init
    main.o(i.main) refers to rtc.o(i.MX_RTC_Init) for MX_RTC_Init
    main.o(i.main) refers to spi.o(i.MX_SPI1_Init) for MX_SPI1_Init
    main.o(i.main) refers to printfa.o(i.__0printf) for __2printf
    main.o(i.main) refers to stm32f3xx_hal_uart.o(i.HAL_UART_Receive_IT) for HAL_UART_Receive_IT
    main.o(i.main) refers to freertos.o(i.MX_FREERTOS_Init) for MX_FREERTOS_Init
    main.o(i.main) refers to cmsis_os.o(i.osKernelStart) for osKernelStart
    main.o(i.main) refers to usart.o(.data) for aRxBuffer
    main.o(i.main) refers to usart.o(.bss) for huart2
    gpio.o(i.MX_GPIO_Init) refers to memseta.o(.text) for __aeabi_memclr4
    gpio.o(i.MX_GPIO_Init) refers to stm32f3xx_hal_gpio.o(i.HAL_GPIO_WritePin) for HAL_GPIO_WritePin
    gpio.o(i.MX_GPIO_Init) refers to stm32f3xx_hal_gpio.o(i.HAL_GPIO_Init) for HAL_GPIO_Init
    freertos.o(i.MX_FREERTOS_Init) refers to memcpya.o(.text) for __aeabi_memcpy4
    freertos.o(i.MX_FREERTOS_Init) refers to cmsis_os.o(i.osThreadCreate) for osThreadCreate
    freertos.o(i.MX_FREERTOS_Init) refers to freertos.o(.constdata) for .constdata
    freertos.o(i.MX_FREERTOS_Init) refers to freertos.o(.data) for .data
    freertos.o(i.TaskConfig) refers to application.o(i.project_init) for project_init
    freertos.o(i.TaskConfig) refers to queue.o(i.xQueueGenericCreate) for xQueueGenericCreate
    freertos.o(i.TaskConfig) refers to application.o(i.Command_msg_handler) for Command_msg_handler
    freertos.o(i.TaskConfig) refers to cmsis_os.o(i.osDelay) for osDelay
    freertos.o(i.TaskConfig) refers to application.o(.data) for command_buffer_Queue
    freertos.o(i.u2_rv) refers to application.o(i.command_msg_analysis) for command_msg_analysis
    freertos.o(i.u2_rv) refers to by_log.o(i.log_log) for log_log
    freertos.o(i.u2_rv) refers to cmsis_os.o(i.osDelay) for osDelay
    freertos.o(i.u2_rv) refers to usart.o(.bss) for huart2
    freertos.o(i.u2_rv) refers to usart.o(.data) for USART_RX_STA
    freertos.o(.constdata) refers to freertos.o(.conststring) for .conststring
    freertos.o(.constdata) refers to freertos.o(i.TaskConfig) for TaskConfig
    freertos.o(.constdata) refers to freertos.o(i.u2_rv) for u2_rv
    rtc.o(i.MX_RTC_Init) refers to stm32f3xx_hal_rtc.o(i.HAL_RTC_Init) for HAL_RTC_Init
    rtc.o(i.MX_RTC_Init) refers to main.o(i.Error_Handler) for Error_Handler
    rtc.o(i.MX_RTC_Init) refers to rtc.o(.bss) for .bss
    rtc.o(i.RTC_Set_Date) refers to stm32f3xx_hal_rtc.o(i.HAL_RTC_SetDate) for HAL_RTC_SetDate
    rtc.o(i.RTC_Set_Date) refers to rtc.o(.bss) for .bss
    rtc.o(i.RTC_Set_Time) refers to stm32f3xx_hal_rtc.o(i.HAL_RTC_SetTime) for HAL_RTC_SetTime
    rtc.o(i.RTC_Set_Time) refers to rtc.o(.bss) for .bss
    rtc.o(i.RTC_init_set) refers to stm32f3xx_hal_rtc_ex.o(i.HAL_RTCEx_BKUPRead) for HAL_RTCEx_BKUPRead
    rtc.o(i.RTC_init_set) refers to rtc.o(i.RTC_Set_Time) for RTC_Set_Time
    rtc.o(i.RTC_init_set) refers to rtc.o(i.RTC_Set_Date) for RTC_Set_Date
    rtc.o(i.RTC_init_set) refers to stm32f3xx_hal_rtc_ex.o(i.HAL_RTCEx_BKUPWrite) for HAL_RTCEx_BKUPWrite
    rtc.o(i.RTC_init_set) refers to rtc.o(.bss) for .bss
    spi.o(i.HAL_SPI_MspDeInit) refers to stm32f3xx_hal_gpio.o(i.HAL_GPIO_DeInit) for HAL_GPIO_DeInit
    spi.o(i.HAL_SPI_MspInit) refers to memseta.o(.text) for __aeabi_memclr4
    spi.o(i.HAL_SPI_MspInit) refers to stm32f3xx_hal_gpio.o(i.HAL_GPIO_Init) for HAL_GPIO_Init
    spi.o(i.MX_SPI1_Init) refers to stm32f3xx_hal_spi.o(i.HAL_SPI_Init) for HAL_SPI_Init
    spi.o(i.MX_SPI1_Init) refers to main.o(i.Error_Handler) for Error_Handler
    spi.o(i.MX_SPI1_Init) refers to spi.o(.bss) for .bss
    spi.o(i.SPI1_ReadWriteByte) refers to stm32f3xx_hal_spi.o(i.HAL_SPI_TransmitReceive) for HAL_SPI_TransmitReceive
    spi.o(i.SPI1_ReadWriteByte) refers to spi.o(.bss) for .bss
[...]
    i.SPI_EndRxTxTransaction                 0x08002d78   Section        0  stm32f3xx_hal_spi.o(i.SPI_EndRxTxTransaction)
    SPI_EndRxTxTransaction                   0x08002d79   Thumb Code    72  stm32f3xx_hal_spi.o(i.SPI_EndRxTxTransaction)
    i.SPI_WaitFifoStateUntilTimeout          0x08002dc0   Section        0  stm32f3xx_hal_spi.o(i.SPI_WaitFifoStateUntilTimeout)
    SPI_WaitFifoStateUntilTimeout            0x08002dc1   Thumb Code   158  stm32f3xx_hal_spi.o(i.SPI_WaitFifoStateUntilTimeout)
    i.SPI_WaitFlagStateUntilTimeout          0x08002e5e   Section        0  stm32f3xx_hal_spi.o(i.SPI_WaitFlagStateUntilTimeout)
    SPI_WaitFlagStateUntilTimeout            0x08002e5f   Thumb Code   148  stm32f3xx_hal_spi.o(i.SPI_WaitFlagStateUntilTimeout)
    i.SysTick_Handler                        0x08002ef4   Section        0  port.o(i.SysTick_Handler)
    i.SystemClock_Config                     0x08002f20   Section        0  main.o(i.SystemClock_Config)
    i.SystemInit                             0x08002f94   Section        0  system_stm32f3xx.o(i.SystemInit)
    i.TIM2_IRQHandler                        0x08002ffc   Section        0  stm32f3xx_it.o(i.TIM2_IRQHandler)
    i.TIM_Base_SetConfig                     0x08003008   Section        0  stm32f3xx_hal_tim.o(i.TIM_Base_SetConfig)
    i.TaskConfig                             0x080030d0   Section        0  freertos.o(i.TaskConfig)
    i.UART_AdvFeatureConfig                  0x080030f4   Section        0  stm32f3xx_hal_uart.o(i.UART_AdvFeatureConfig)
    i.UART_CheckIdleState                    0x080031bc   Section        0  stm32f3xx_hal_uart.o(i.UART_CheckIdleState)
    i.UART_DMAAbortOnError                   0x08003218   Section        0  stm32f3xx_hal_uart.o(i.UART_DMAAbortOnError)
    UART_DMAAbortOnError                     0x08003219   Thumb Code    20  stm32f3xx_hal_uart.o(i.UART_DMAAbortOnError)
    i.UART_EndRxTransfer                     0x0800322c   Section        0  stm32f3xx_hal_uart.o(i.UART_EndRxTransfer)
    UART_EndRxTransfer                       0x0800322d   Thumb Code    28  stm32f3xx_hal_uart.o(i.UART_EndRxTransfer)
    i.UART_EndTransmit_IT                    0x08003248   Section        0  stm32f3xx_hal_uart.o(i.UART_EndTransmit_IT)
    i.UART_Receive_IT                        0x08003262   Section        0  stm32f3xx_hal_uart.o(i.UART_Receive_IT)
    i.UART_SetConfig                         0x080032d8   Section        0  stm32f3xx_hal_uart.o(i.UART_SetConfig)
    i.UART_Transmit_IT                       0x08003460   Section        0  stm32f3xx_hal_uart.o(i.UART_Transmit_IT)
    i.UART_WaitOnFlagUntilTimeout            0x080034c4   Section        0  stm32f3xx_hal_uart.o(i.UART_WaitOnFlagUntilTimeout)
    i.USART1_IRQHandler                      0x08003528   Section        0  stm32f3xx_it.o(i.USART1_IRQHandler)
    i.USART2_IRQHandler                      0x08003534   Section        0  stm32f3xx_it.o(i.USART2_IRQHandler)
    i.USART3_IRQHandler                      0x08003560   Section        0  stm32f3xx_it.o(i.USART3_IRQHandler)
    i.UsageFault_Handler                     0x0800356c   Section        0  stm32f3xx_it.o(i.UsageFault_Handler)
    i.__0printf                              0x08003570   Section        0  printfa.o(i.__0printf)
    i.__0sprintf                             0x08003590   Section        0  printfa.o(i.__0sprintf)
    i.__0vsprintf                            0x080035b8   Section        0  printfa.o(i.__0vsprintf)
    i.__scatterload_copy                     0x080035dc   Section       14  handlers.o(i.__scatterload_copy)
    i.__scatterload_null                     0x080035ea   Section        2  handlers.o(i.__scatterload_null)
    i.__scatterload_zeroinit                 0x080035ec   Section       14  handlers.o(i.__scatterload_zeroinit)
    i._fp_digits                             0x080035fc   Section        0  printfa.o(i._fp_digits)
    _fp_digits                               0x080035fd   Thumb Code   366  printfa.o(i._fp_digits)
    i._printf_core                           0x08003780   Section        0  printfa.o(i._printf_core)
    _printf_core                             0x08003781   Thumb Code  1744  printfa.o(i._printf_core)
    i._printf_post_padding                   0x08003e5c   Section        0  printfa.o(i._printf_post_padding)
    _printf_post_padding                     0x08003e5d   Thumb Code    36  printfa.o(i._printf_post_padding)
    i._printf_pre_padding                    0x08003e80   Section        0  printfa.o(i._printf_pre_padding)
    _printf_pre_padding                      0x08003e81   Thumb Code    46  printfa.o(i._printf_pre_padding)
    i._sputc                                 0x08003eae   Section        0  printfa.o(i._sputc)
    _sputc                                   0x08003eaf   Thumb Code    10  printfa.o(i._sputc)
    i.command_msg_analysis                   0x08003eb8   Section        0  application.o(i.command_msg_analysis)
    i.disk_initialize                        0x080043b0   Section        0  diskio.o(i.disk_initialize)
    i.disk_ioctl                             0x080043ce   Section        0  diskio.o(i.disk_ioctl)
    i.disk_write                             0x0800441c   Section        0  diskio.o(i.disk_write)
    i.f_mkfs                                 0x08004440   Section        0  ff.o(i.f_mkfs)
    i.f_mount                                0x0800495c   Section        0  ff.o(i.f_mount)
    i.fputc                                  0x08004984   Section        0  usart.o(i.fputc)
    i.free                                   0x0800499c   Section        0  malloc.o(i.free)
    i.get_fattime                            0x080049ec   Section        0  diskio.o(i.get_fattime)
    i.log_log                                0x080049f0   Section        0  by_log.o(i.log_log)
    i.main                                   0x08004a44   Section        0  main.o(i.main)
    i.makeFreeRtosPriority                   0x08004b20   Section        0  cmsis_os.o(i.makeFreeRtosPriority)
    makeFreeRtosPriority                     0x08004b21   Thumb Code    12  cmsis_os.o(i.makeFreeRtosPriority)
    i.malloc                                 0x08004b2c   Section        0  malloc.o(i.malloc)
    i.mem_cpy                                0x08004b98   Section        0  ff.o(i.mem_cpy)
    mem_cpy                                  0x08004b99   Thumb Code    18  ff.o(i.mem_cpy)
    i.mem_set                                0x08004baa   Section        0  ff.o(i.mem_set)
    mem_set                                  0x08004bab   Thumb Code    14  ff.o(i.mem_set)
    i.osDelay                                0x08004bb8   Section        0  cmsis_os.o(i.osDelay)
    i.osKernelStart                          0x08004bc6   Section        0  cmsis_os.o(i.osKernelStart)
    i.osThreadCreate                         0x08004bd0   Section        0  cmsis_os.o(i.osThreadCreate)
    i.project_init                           0x08004bfe   Section        0  application.o(i.project_init)
    i.prvAddCurrentTaskToDelayedList         0x08004c10   Section        0  tasks.o(i.prvAddCurrentTaskToDelayedList)
    prvAddCurrentTaskToDelayedList           0x08004c11   Thumb Code   102  tasks.o(i.prvAddCurrentTaskToDelayedList)
    i.prvAddNewTaskToReadyList               0x08004c80   Section        0  tasks.o(i.prvAddNewTaskToReadyList)
    prvAddNewTaskToReadyList                 0x08004c81   Thumb Code   194  tasks.o(i.prvAddNewTaskToReadyList)
    i.prvCheckTasksWaitingTermination        0x08004d50   Section        0  tasks.o(i.prvCheckTasksWaitingTermination)
    prvCheckTasksWaitingTermination          0x08004d51   Thumb Code    70  tasks.o(i.prvCheckTasksWaitingTermination)
    i.prvCopyDataFromQueue                   0x08004da0   Section        0  queue.o(i.prvCopyDataFromQueue)
    prvCopyDataFromQueue                     0x08004da1   Thumb Code    38  queue.o(i.prvCopyDataFromQueue)
    i.prvCopyDataToQueue                     0x08004dc6   Section        0  queue.o(i.prvCopyDataToQueue)
    prvCopyDataToQueue                       0x08004dc7   Thumb Code   108  queue.o(i.prvCopyDataToQueue)
    i.prvDeleteTCB                           0x08004e32   Section        0  tasks.o(i.prvDeleteTCB)
    prvDeleteTCB                             0x08004e33   Thumb Code    20  tasks.o(i.prvDeleteTCB)
    i.prvHeapInit                            0x08004e48   Section        0  heap_4.o(i.prvHeapInit)
    prvHeapInit                              0x08004e49   Thumb Code    66  heap_4.o(i.prvHeapInit)
    i.prvIdleTask                            0x08004e94   Section        0  tasks.o(i.prvIdleTask)
    prvIdleTask                              0x08004e95   Thumb Code    30  tasks.o(i.prvIdleTask)
    i.prvInitialiseNewTask                   0x08004ebc   Section        0  tasks.o(i.prvInitialiseNewTask)
    prvInitialiseNewTask                     0x08004ebd   Thumb Code   142  tasks.o(i.prvInitialiseNewTask)
    i.prvInsertBlockIntoFreeList             0x08004f4c   Section        0  heap_4.o(i.prvInsertBlockIntoFreeList)
    prvInsertBlockIntoFreeList               0x08004f4d   Thumb Code    72  heap_4.o(i.prvInsertBlockIntoFreeList)
    i.prvIsQueueEmpty                        0x08004f98   Section        0  queue.o(i.prvIsQueueEmpty)
    prvIsQueueEmpty                          0x08004f99   Thumb Code    28  queue.o(i.prvIsQueueEmpty)
    i.prvResetNextTaskUnblockTime            0x08004fb4   Section        0  tasks.o(i.prvResetNextTaskUnblockTime)
    prvResetNextTaskUnblockTime              0x08004fb5   Thumb Code    26  tasks.o(i.prvResetNextTaskUnblockTime)
    i.prvTaskExitError                       0x08004fd4   Section        0  port.o(i.prvTaskExitError)
    prvTaskExitError                         0x08004fd5   Thumb Code    36  port.o(i.prvTaskExitError)
    i.prvUnlockQueue                         0x08004ffc   Section        0  queue.o(i.prvUnlockQueue)
    prvUnlockQueue                           0x08004ffd   Thumb Code   106  queue.o(i.prvUnlockQueue)
    i.pvPortMalloc                           0x08005068   Section        0  heap_4.o(i.pvPortMalloc)
    i.pvTaskIncrementMutexHeldCount          0x08005140   Section        0  tasks.o(i.pvTaskIncrementMutexHeldCount)
    i.pxPortInitialiseStack                  0x08005158   Section        0  port.o(i.pxPortInitialiseStack)
    i.timet_checking                         0x08005184   Section        0  application.o(i.timet_checking)
    i.timet_compare                          0x080052f0   Section        0  application.o(i.timet_compare)
    i.u2_rv                                  0x08005344   Section        0  freertos.o(i.u2_rv)
    i.uxListRemove                           0x080053d0   Section        0  list.o(i.uxListRemove)
    i.vListInitialise                        0x080053f4   Section        0  list.o(i.vListInitialise)
    i.vListInitialiseItem                    0x0800540a   Section        0  list.o(i.vListInitialiseItem)
    i.vListInsert                            0x08005410   Section        0  list.o(i.vListInsert)
    i.vListInsertEnd                         0x08005440   Section        0  list.o(i.vListInsertEnd)
    i.vPortEnterCritical                     0x08005458   Section        0  port.o(i.vPortEnterCritical)
    i.vPortExitCritical                      0x08005498   Section        0  port.o(i.vPortExitCritical)
    i.vPortFree                              0x080054c0   Section        0  heap_4.o(i.vPortFree)
    i.vPortSetupTimerInterrupt               0x0800551c   Section        0  port.o(i.vPortSetupTimerInterrupt)
    i.vTaskDelay                             0x0800553c   Section        0  tasks.o(i.vTaskDelay)
    i.vTaskMissedYield                       0x08005588   Section        0  tasks.o(i.vTaskMissedYield)
    i.vTaskPlaceOnEventList                  0x08005594   Section        0  tasks.o(i.vTaskPlaceOnEventList)
    i.vTaskPriorityInherit                   0x080055c4   Section        0  tasks.o(i.vTaskPriorityInherit)
    i.vTaskSetTimeOutState                   0x08005648   Section        0  tasks.o(i.vTaskSetTimeOutState)
    i.vTaskStartScheduler                    0x0800566c   Section        0  tasks.o(i.vTaskStartScheduler)
    i.vTaskSuspendAll                        0x080056d4   Section        0  tasks.o(i.vTaskSuspendAll)
    i.vTaskSwitchContext                     0x080056e4   Section        0  tasks.o(i.vTaskSwitchContext)
    i.xPortStartScheduler                    0x08005740   Section        0  port.o(i.xPortStartScheduler)
    i.xQueueGenericCreate                    0x08005820   Section        0  queue.o(i.xQueueGenericCreate)
    i.xQueueGenericReceive                   0x08005868   Section        0  queue.o(i.xQueueGenericReceive)
    i.xQueueGenericReset                     0x080059d4   Section        0  queue.o(i.xQueueGenericReset)
    i.xQueueGenericSend                      0x08005a5c   Section        0  queue.o(i.xQueueGenericSend)
    i.xTaskCheckForTimeOut                   0x08005bbc   Section        0  tasks.o(i.xTaskCheckForTimeOut)
    i.xTaskCreate                            0x08005c28   Section        0  tasks.o(i.xTaskCreate)
    i.xTaskGetSchedulerState                 0x08005c80   Section        0  tasks.o(i.xTaskGetSchedulerState)
    i.xTaskIncrementTick                     0x08005c9c   Section        0  tasks.o(i.xTaskIncrementTick)
    i.xTaskPriorityDisinherit                0x08005d64   Section        0  tasks.o(i.xTaskPriorityDisinherit)
    i.xTaskRemoveFromEventList               0x08005dfc   Section        0  tasks.o(i.xTaskRemoveFromEventList)
    i.xTaskResumeAll                         0x08005e70   Section        0  tasks.o(i.xTaskResumeAll)
    .constdata                               0x08005f34   Section       40  freertos.o(.constdata)
    .constdata                               0x08005f5c   Section       32  stm32f3xx_hal_rcc.o(.constdata)
    .constdata                               0x08005f7c   Section       16  system_stm32f3xx.o(.constdata)
    .constdata                               0x08005f8c   Section        8  system_stm32f3xx.o(.constdata)
    .constdata                               0x08005f94   Section       58  ff.o(.constdata)
    LfnOfs                                   0x08005f94   Data          13  ff.o(.constdata)
    vst                                      0x08005fa2   Data          22  ff.o(.constdata)
    cst                                      0x08005fb8   Data          22  ff.o(.constdata)
    .conststring                             0x08005fd0   Section       23  freertos.o(.conststring)
    .conststring                             0x08005fe8   Section       48  by_log.o(.conststring)
    .data                                    0x20000000   Section        8  freertos.o(.data)
    .data                                    0x20000008   Section        4  usart.o(.data)
    .data                                    0x2000000c   Section        4  usart.o(.data)
    .data                                    0x20000010   Section       12  stm32f3xx_hal.o(.data)
    .data                                    0x2000001c   Section        4  system_stm32f3xx.o(.data)
    .data                                    0x20000020   Section       60  tasks.o(.data)
    uxDeletedTasksWaitingCleanUp             0x20000024   Data           4  tasks.o(.data)
    uxCurrentNumberOfTasks                   0x20000028   Data           4  tasks.o(.data)
    xTickCount                               0x2000002c   Data           4  tasks.o(.data)
    uxTopReadyPriority                       0x20000030   Data           4  tasks.o(.data)
    xSchedulerRunning                        0x20000034   Data           4  tasks.o(.data)
    uxPendedTicks                            0x20000038   Data           4  tasks.o(.data)
    xYieldPending                            0x2000003c   Data           4  tasks.o(.data)
    xNumOfOverflows                          0x20000040   Data           4  tasks.o(.data)
    uxTaskNumber                             0x20000044   Data           4  tasks.o(.data)
    xNextTaskUnblockTime                     0x20000048   Data           4  tasks.o(.data)
    xIdleTaskHandle                          0x2000004c   Data           4  tasks.o(.data)
    uxSchedulerSuspended                     0x20000050   Data           4  tasks.o(.data)
    pxDelayedTaskList                        0x20000054   Data           4  tasks.o(.data)
    pxOverflowDelayedTaskList                0x20000058   Data           4  tasks.o(.data)
    .data                                    0x2000005c   Section       24  heap_4.o(.data)
    pxEnd                                    0x2000005c   Data           4  heap_4.o(.data)
    xFreeBytesRemaining                      0x20000060   Data           4  heap_4.o(.data)
    xMinimumEverFreeBytesRemaining           0x20000064   Data           4  heap_4.o(.data)
    xBlockAllocatedBit                       0x20000068   Data           4  heap_4.o(.data)
    xStart                                   0x2000006c   Data           8  heap_4.o(.data)
    .data                                    0x20000074   Section       12  port.o(.data)
    ucMaxSysCallPriority                     0x20000074   Data           1  port.o(.data)
    uxCriticalNesting                        0x20000078   Data           4  port.o(.data)
    ulMaxPRIGROUPValue                       0x2000007c   Data           4  port.o(.data)
    .data                                    0x20000080   Section       24  by_log.o(.data)
    level_names                              0x20000080   Data          24  by_log.o(.data)
    .data                                    0x20000098   Section       16  application.o(.data)
    state                                    0x20000098   Data           1  application.o(.data)
    command_rcv                              0x2000009c   Data           4  application.o(.data)
    .data                                    0x200000a8   Section        1  mmc_sd.o(.data)
    .data                                    0x200000ac   Section       12  ff.o(.data)
    CurrVol                                  0x200000ac   Data           1  ff.o(.data)
    Fsid                                     0x200000ae   Data           2  ff.o(.data)
    FatFs                                    0x200000b0   Data           8  ff.o(.data)
    .data                                    0x200000b8   Section        4  mvars.o(.data)
    .data                                    0x200000bc   Section        4  mvars.o(.data)
    .bss                                     0x200000c0   Section       32  rtc.o(.bss)
    .bss                                     0x200000e0   Section      100  spi.o(.bss)
    .bss                                     0x20000144   Section      536  usart.o(.bss)
    .bss                                     0x2000035c   Section       64  stm32f3xx_hal_timebase_tim.o(.bss)
    .bss                                     0x2000039c   Section      240  tasks.o(.bss)
    pxReadyTasksLists                        0x2000039c   Data         140  tasks.o(.bss)
    xDelayedTaskList1                        0x20000428   Data          20  tasks.o(.bss)
    xDelayedTaskList2                        0x2000043c   Data          20  tasks.o(.bss)
    xPendingReadyList                        0x20000450   Data          20  tasks.o(.bss)
    xTasksWaitingTermination                 0x20000464   Data          20  tasks.o(.bss)
    xSuspendedTaskList                       0x20000478   Data          20  tasks.o(.bss)
    .bss                                     0x2000048c   Section     3072  heap_4.o(.bss)
    ucHeap                                   0x2000048c   Data        3072  heap_4.o(.bss)
    .bss                                     0x2000108c   Section       60  application.o(.bss)
    HEAP                                     0x200010c8   Section      512  startup_stm32f373xc.o(HEAP)
    STACK                                    0x200012c8   Section     1024  startup_stm32f373xc.o(STACK)

    Global Symbols

    Symbol Name                              Value     Ov Type        Size  Object(Section)

    BuildAttributes$$THM_ISAv4$E$P$D$K$B$S$7EM$VFPi3$EXTD16$VFPS$VFMA$PE$A:L22UL41UL21$X:L11$S22US41US21$IEEE1$IW$USESV6$~STKCKD$USESV7$~SHL$OTIME$ROPI$EBA8$MICROLIB$REQ8$PRES8$EABIv2 0x00000000   Number         0  anon$$obj.o ABSOLUTE
    __ARM_use_no_argv                        0x00000000   Number         0  main.o ABSOLUTE
    __use_no_errno                           0x00000000   Number         0  useno.o ABSOLUTE
    __use_no_exception_handling              0x00000000   Number         0  useno.o ABSOLUTE
    __use_no_fp                              0x00000000   Number         0  useno.o ABSOLUTE
    __use_no_heap                            0x00000000   Number         0  useno.o ABSOLUTE
    __use_no_heap_region                     0x00000000   Number         0  useno.o ABSOLUTE
    __use_no_semihosting                     0x00000000   Number         0  useno.o ABSOLUTE
    __use_no_semihosting_swi                 0x00000000   Number         0  useno.o ABSOLUTE
    __use_no_signal_handling                 0x00000000   Number         0  useno.o ABSOLUTE
    _printf_a                                0x00000000   Number         0  stubs.o ABSOLUTE
    _printf_c                                0x00000000   Number         0  stubs.o ABSOLUTE
    _printf_charcount                        0x00000000   Number         0  stubs.o ABSOLUTE
    _printf_d                                0x00000000   Number         0  stubs.o ABSOLUTE
    _printf_e                                0x00000000   Number         0  stubs.o ABSOLUTE
    _printf_f                                0x00000000   Number         0  stubs.o ABSOLUTE
    _printf_flags                            0x00000000   Number         0  stubs.o ABSOLUTE
    _printf_fp_dec                           0x00000000   Number         0  stubs.o ABSOLUTE
    _printf_fp_hex                           0x00000000   Number         0  stubs.o ABSOLUTE
    _printf_g                                0x00000000   Number         0  stubs.o ABSOLUTE
    _printf_i                                0x00000000   Number         0  stubs.o ABSOLUTE
    _printf_int_dec                          0x00000000   Number         0  stubs.o ABSOLUTE
    _printf_l                                0x00000000   Number         0  stubs.o ABSOLUTE
    _printf_lc                               0x00000000   Number         0  stubs.o ABSOLUTE
    _printf_ll                               0x00000000   Number         0  stubs.o ABSOLUTE
    _printf_lld                              0x00000000   Number         0  stubs.o ABSOLUTE
    _printf_lli                              0x00000000   Number         0  stubs.o ABSOLUTE
    _printf_llo                              0x00000000   Number         0  stubs.o ABSOLUTE
    _printf_llu                              0x00000000   Number         0  stubs.o ABSOLUTE
    _printf_llx                              0x00000000   Number         0  stubs.o ABSOLUTE
    _printf_longlong_dec                     0x00000000   Number         0  stubs.o ABSOLUTE
    _printf_longlong_hex                     0x00000000   Number         0  stubs.o ABSOLUTE
    _printf_longlong_oct                     0x00000000   Number         0  stubs.o ABSOLUTE
    _printf_ls                               0x00000000   Number         0  stubs.o ABSOLUTE
    _printf_mbtowc                           0x00000000   Number         0  stubs.o ABSOLUTE
    _printf_n                                0x00000000   Number         0  stubs.o ABSOLUTE
    _printf_o                                0x00000000   Number         0  stubs.o ABSOLUTE
    _printf_p                                0x00000000   Number         0  stubs.o ABSOLUTE
    _printf_percent                          0x00000000   Number         0  stubs.o ABSOLUTE
    _printf_pre_padding                      0x00000000   Number         0  stubs.o ABSOLUTE
    _printf_return_value                     0x00000000   Number         0  stubs.o ABSOLUTE
    _printf_s                                0x00000000   Number         0  stubs.o ABSOLUTE
    _printf_sizespec                         0x00000000   Number         0  stubs.o ABSOLUTE
    _printf_str                              0x00000000   Number         0  stubs.o ABSOLUTE
    _printf_truncate_signed                  0x00000000   Number         0  stubs.o ABSOLUTE
    _printf_truncate_unsigned                0x00000000   Number         0  stubs.o ABSOLUTE
    _printf_u                                0x00000000   Number         0  stubs.o ABSOLUTE
    _printf_wc                               0x00000000   Number         0  stubs.o ABSOLUTE
    _printf_wctomb                           0x00000000   Number         0  stubs.o ABSOLUTE
    _printf_widthprec                        0x00000000   Number         0  stubs.o ABSOLUTE
    _printf_x                                0x00000000   Number         0  stubs.o ABSOLUTE
    __cpp_initialize__aeabi_                  - Undefined Weak Reference
    __cxa_finalize                            - Undefined Weak Reference
    __decompress                              - Undefined Weak Reference
    _clock_init                               - Undefined Weak Reference
    _microlib_exit                            - Undefined Weak Reference
    __Vectors_Size                           0x00000188   Number         0  startup_stm32f373xc.o ABSOLUTE
    __Vectors                                0x08000000   Data           4  startup_stm32f373xc.o(RESET)
    __Vectors_End                            0x08000188   Data           0  startup_stm32f373xc.o(RESET)
    __main                                   0x08000189   Thumb Code     0  entry.o(.ARM.Collect$$$$00000000)
    _main_stk                                0x08000189   Thumb Code     0  entry2.o(.ARM.Collect$$$$00000001)
    _main_scatterload                        0x0800018d   Thumb Code     0  entry5.o(.ARM.Collect$$$$00000004)
    __main_after_scatterload                 0x08000191   Thumb Code     0  entry5.o(.ARM.Collect$$$$00000004)
    _main_clock                              0x08000191   Thumb Code     0  entry7b.o(.ARM.Collect$$$$00000008)
    _main_cpp_init                           0x08000191   Thumb Code     0  entry8b.o(.ARM.Collect$$$$0000000A)
    _main_init                               0x08000191   Thumb Code     0  entry9a.o(.ARM.Collect$$$$0000000B)
    __rt_final_cpp                           0x08000199   Thumb Code     0  entry10a.o(.ARM.Collect$$$$0000000D)
    __rt_final_exit                          0x08000199   Thumb Code     0  entry11a.o(.ARM.Collect$$$$0000000F)
    SVC_Handler                              0x0800019d   Thumb Code    28  port.o(.emb_text)
    __asm___6_port_c_39a90d8d__prvStartFirstTask 0x080001bd   Thumb Code    28  port.o(.emb_text)
    __asm___6_port_c_39a90d8d__prvEnableVFP  0x080001dd   Thumb Code    16  port.o(.emb_text)
    PendSV_Handler                           0x080001f1   Thumb Code    92  port.o(.emb_text)
    vPortGetIPSR                             0x08000251   Thumb Code     6  port.o(.emb_text)
    Reset_Handler                            0x08000259   Thumb Code     8  startup_stm32f373xc.o(.text)
    ADC1_IRQHandler                          0x08000273   Thumb Code     0  startup_stm32f373xc.o(.text)
    CAN_RX0_IRQHandler                       0x08000273   Thumb Code     0  startup_stm32f373xc.o(.text)
    CAN_RX1_IRQHandler                       0x08000273   Thumb Code     0  startup_stm32f373xc.o(.text)
    CAN_SCE_IRQHandler                       0x08000273   Thumb Code     0  startup_stm32f373xc.o(.text)
    CAN_TX_IRQHandler                        0x08000273   Thumb Code     0  startup_stm32f373xc.o(.text)
    CEC_IRQHandler                           0x08000273   Thumb Code     0  startup_stm32f373xc.o(.text)
    COMP1_2_IRQHandler                       0x08000273   Thumb Code     0  startup_stm32f373xc.o(.text)
    DMA1_Channel1_IRQHandler                 0x08000273   Thumb Code     0  startup_stm32f373xc.o(.text)
    DMA1_Channel2_IRQHandler                 0x08000273   Thumb Code     0  startup_stm32f373xc.o(.text)
    DMA1_Channel3_IRQHandler                 0x08000273   Thumb Code     0  startup_stm32f373xc.o(.text)
    DMA1_Channel4_IRQHandler                 0x08000273   Thumb Code     0  startup_stm32f373xc.o(.text)
    DMA1_Channel5_IRQHandler                 0x08000273   Thumb Code     0  startup_stm32f373xc.o(.text)
    DMA1_Channel6_IRQHandler                 0x08000273   Thumb Code     0  startup_stm32f373xc.o(.text)
    DMA1_Channel7_IRQHandler                 0x08000273   Thumb Code     0  startup_stm32f373xc.o(.text)
    DMA2_Channel1_IRQHandler                 0x08000273   Thumb Code     0  startup_stm32f373xc.o(.text)
    DMA2_Channel2_IRQHandler                 0x08000273   Thumb Code     0  startup_stm32f373xc.o(.text)
    DMA2_Channel3_IRQHandler                 0x08000273   Thumb Code     0  startup_stm32f373xc.o(.text)
    DMA2_Channel4_IRQHandler                 0x08000273   Thumb Code     0  startup_stm32f373xc.o(.text)
    DMA2_Channel5_IRQHandler                 0x08000273   Thumb Code     0  startup_stm32f373xc.o(.text)
    EXTI0_IRQHandler                         0x08000273   Thumb Code     0  startup_stm32f373xc.o(.text)
    EXTI15_10_IRQHandler                     0x08000273   Thumb Code     0  startup_stm32f373xc.o(.text)
    EXTI1_IRQHandler                         0x08000273   Thumb Code     0  startup_stm32f373xc.o(.text)
    EXTI2_TSC_IRQHandler                     0x08000273   Thumb Code     0  startup_stm32f373xc.o(.text)
    EXTI3_IRQHandler                         0x08000273   Thumb Code     0  startup_stm32f373xc.o(.text)
    EXTI4_IRQHandler                         0x08000273   Thumb Code     0  startup_stm32f373xc.o(.text)
    EXTI9_5_IRQHandler                       0x08000273   Thumb Code     0  startup_stm32f373xc.o(.text)
    FLASH_IRQHandler                         0x08000273   Thumb Code     0  startup_stm32f373xc.o(.text)
    FPU_IRQHandler                           0x08000273   Thumb Code     0  startup_stm32f373xc.o(.text)
    I2C1_ER_IRQHandler                       0x08000273   Thumb Code     0  startup_stm32f373xc.o(.text)
    I2C1_EV_IRQHandler                       0x08000273   Thumb Code     0  startup_stm32f373xc.o(.text)
    I2C2_ER_IRQHandler                       0x08000273   Thumb Code     0  startup_stm32f373xc.o(.text)
    I2C2_EV_IRQHandler                       0x08000273   Thumb Code     0  startup_stm32f373xc.o(.text)
    PVD_IRQHandler                           0x08000273   Thumb Code     0  startup_stm32f373xc.o(.text)
    RCC_IRQHandler                           0x08000273   Thumb Code     0  startup_stm32f373xc.o(.text)
    RTC_Alarm_IRQHandler                     0x08000273   Thumb Code     0  startup_stm32f373xc.o(.text)
    RTC_WKUP_IRQHandler                      0x08000273   Thumb Code     0  startup_stm32f373xc.o(.text)
    SDADC1_IRQHandler                        0x08000273   Thumb Code     0  startup_stm32f373xc.o(.text)
    SDADC2_IRQHandler                        0x08000273   Thumb Code     0  startup_stm32f373xc.o(.text)
    SDADC3_IRQHandler                        0x08000273   Thumb Code     0  startup_stm32f373xc.o(.text)
    SPI1_IRQHandler                          0x08000273   Thumb Code     0  startup_stm32f373xc.o(.text)
    SPI2_IRQHandler                          0x08000273   Thumb Code     0  startup_stm32f373xc.o(.text)
    SPI3_IRQHandler                          0x08000273   Thumb Code     0  startup_stm32f373xc.o(.text)
    TAMP_STAMP_IRQHandler                    0x08000273   Thumb Code     0  startup_stm32f373xc.o(.text)
    TIM12_IRQHandler                         0x08000273   Thumb Code     0  startup_stm32f373xc.o(.text)
    TIM13_IRQHandler                         0x08000273   Thumb Code     0  startup_stm32f373xc.o(.text)
    TIM14_IRQHandler                         0x08000273   Thumb Code     0  startup_stm32f373xc.o(.text)
    TIM15_IRQHandler                         0x08000273   Thumb Code     0  startup_stm32f373xc.o(.text)
    TIM16_IRQHandler                         0x08000273   Thumb Code     0  startup_stm32f373xc.o(.text)
    TIM17_IRQHandler                         0x08000273   Thumb Code     0  startup_stm32f373xc.o(.text)
    TIM18_DAC2_IRQHandler                    0x08000273   Thumb Code     0  startup_stm32f373xc.o(.text)
    TIM19_IRQHandler                         0x08000273   Thumb Code     0  startup_stm32f373xc.o(.text)
    TIM3_IRQHandler                          0x08000273   Thumb Code     0  startup_stm32f373xc.o(.text)
    TIM4_IRQHandler                          0x08000273   Thumb Code     0  startup_stm32f373xc.o(.text)
    TIM5_IRQHandler                          0x08000273   Thumb Code     0  startup_stm32f373xc.o(.text)
    TIM6_DAC1_IRQHandler                     0x08000273   Thumb Code     0  startup_stm32f373xc.o(.text)
    TIM7_IRQHandler                          0x08000273   Thumb Code     0  startup_stm32f373xc.o(.text)
    USBWakeUp_IRQHandler                     0x08000273   Thumb Code     0  startup_stm32f373xc.o(.text)
    USB_HP_IRQHandler                        0x08000273   Thumb Code     0  startup_stm32f373xc.o(.text)
    USB_LP_IRQHandler                        0x08000273   Thumb Code     0  startup_stm32f373xc.o(.text)
    WWDG_IRQHandler                          0x08000273   Thumb Code     0  startup_stm32f373xc.o(.text)
    __aeabi_llsr                             0x0800027d   Thumb Code    32  llushr.o(.text)
    _ll_ushift_r                             0x0800027d   Thumb Code     0  llushr.o(.text)
    __aeabi_memcpy                           0x0800029d   Thumb Code    36  memcpya.o(.text)
    __aeabi_memcpy4                          0x0800029d   Thumb Code     0  memcpya.o(.text)
    __aeabi_memcpy8                          0x0800029d   Thumb Code     0  memcpya.o(.text)
    __aeabi_memset                           0x080002c1   Thumb Code    14  memseta.o(.text)
    __aeabi_memset4                          0x080002c1   Thumb Code     0  memseta.o(.text)
    __aeabi_memset8                          0x080002c1   Thumb Code     0  memseta.o(.text)
    __aeabi_memclr                           0x080002cf   Thumb Code     4  memseta.o(.text)
    __aeabi_memclr4                          0x080002cf   Thumb Code     0  memseta.o(.text)
    __aeabi_memclr8                          0x080002cf   Thumb Code     0  memseta.o(.text)
    _memset$wrapper                          0x080002d3   Thumb Code    18  memseta.o(.text)
    strcmp                                   0x080002e5   Thumb Code    28  strcmp.o(.text)
    __aeabi_dmul                             0x08000301   Thumb Code   228  dmul.o(.text)
    __aeabi_uidiv                            0x080003e5   Thumb Code     0  uidiv.o(.text)
    __aeabi_uidivmod                         0x080003e5   Thumb Code    44  uidiv.o(.text)
    __aeabi_uldivmod                         0x08000411   Thumb Code    98  uldiv.o(.text)
    __I$use$fp                               0x08000473   Thumb Code     0  iusefp.o(.text)
    _double_round                            0x08000473   Thumb Code    30  depilogue.o(.text)
    _double_epilogue                         0x08000491   Thumb Code   156  depilogue.o(.text)
    __aeabi_dadd                             0x0800052d   Thumb Code   322  dadd.o(.text)
    __aeabi_dsub                             0x0800066f   Thumb Code     6  dadd.o(.text)
    __aeabi_drsub                            0x08000675   Thumb Code     6  dadd.o(.text)
    __aeabi_ddiv                             0x0800067b   Thumb Code   222  ddiv.o(.text)
    __aeabi_d2ulz                            0x08000759   Thumb Code    48  dfixul.o(.text)
    __aeabi_cdrcmple                         0x08000789   Thumb Code    48  cdrcmple.o(.text)
    __scatterload                            0x080007b9   Thumb Code    28  init.o(.text)
    __scatterload_rt2                        0x080007b9   Thumb Code     0  init.o(.text)
    __aeabi_llsl                             0x080007dd   Thumb Code    30  llshl.o(.text)
    _ll_shift_l                              0x080007dd   Thumb Code     0  llshl.o(.text)
    __aeabi_lasr                             0x080007fb   Thumb Code    36  llsshr.o(.text)
    _ll_sshift_r                             0x080007fb   Thumb Code     0  llsshr.o(.text)
    BusFault_Handler                         0x0800081f   Thumb Code     2  stm32f3xx_it.o(i.BusFault_Handler)
    Command_msg_handler                      0x08000821   Thumb Code   124  application.o(i.Command_msg_handler)
    DebugMon_Handler                         0x080008c9   Thumb Code     2  stm32f3xx_it.o(i.DebugMon_Handler)
    Error_Handler                            0x080008cb   Thumb Code     2  main.o(i.Error_Handler)
    FATFS_INIT                               0x080008cd   Thumb Code   128  application.o(i.FATFS_INIT)
    HAL_DMA_Abort_IT                         0x08000a2d   Thumb Code    74  stm32f3xx_hal_dma.o(i.HAL_DMA_Abort_IT)
    HAL_Delay                                0x08000a79   Thumb Code    32  stm32f3xx_hal.o(i.HAL_Delay)
    HAL_GPIO_Init                            0x08000a9d   Thumb Code   364  stm32f3xx_hal_gpio.o(i.HAL_GPIO_Init)
    HAL_GPIO_WritePin                        0x08000c25   Thumb Code    10  stm32f3xx_hal_gpio.o(i.HAL_GPIO_WritePin)
    HAL_GetTick                              0x08000c31   Thumb Code     6  stm32f3xx_hal.o(i.HAL_GetTick)
    HAL_IncTick                              0x08000c3d   Thumb Code    12  stm32f3xx_hal.o(i.HAL_IncTick)
    HAL_Init                                 0x08000c4d   Thumb Code    32  stm32f3xx_hal.o(i.HAL_Init)
    HAL_InitTick                             0x08000c71   Thumb Code   102  stm32f3xx_hal_timebase_tim.o(i.HAL_InitTick)
    HAL_MspInit                              0x08000ce5   Thumb Code    48  stm32f3xx_hal_msp.o(i.HAL_MspInit)
    HAL_NVIC_EnableIRQ                       0x08000d19   Thumb Code    22  stm32f3xx_hal_cortex.o(i.HAL_NVIC_EnableIRQ)
    HAL_NVIC_SetPriority                     0x08000d31   Thumb Code    60  stm32f3xx_hal_cortex.o(i.HAL_NVIC_SetPriority)
    HAL_NVIC_SetPriorityGrouping             0x08000d71   Thumb Code    26  stm32f3xx_hal_cortex.o(i.HAL_NVIC_SetPriorityGrouping)
    HAL_RCCEx_PeriphCLKConfig                0x08000d95   Thumb Code   450  stm32f3xx_hal_rcc_ex.o(i.HAL_RCCEx_PeriphCLKConfig)
    HAL_RCC_ClockConfig                      0x08000f65   Thumb Code   306  stm32f3xx_hal_rcc.o(i.HAL_RCC_ClockConfig)
    HAL_RCC_GetClockConfig                   0x080010a9   Thumb Code    54  stm32f3xx_hal_rcc.o(i.HAL_RCC_GetClockConfig)
    HAL_RCC_GetPCLK1Freq                     0x080010e9   Thumb Code    34  stm32f3xx_hal_rcc.o(i.HAL_RCC_GetPCLK1Freq)
    HAL_RCC_GetPCLK2Freq                     0x08001119   Thumb Code    34  stm32f3xx_hal_rcc.o(i.HAL_RCC_GetPCLK2Freq)
    HAL_RCC_GetSysClockFreq                  0x08001149   Thumb Code    84  stm32f3xx_hal_rcc.o(i.HAL_RCC_GetSysClockFreq)
    HAL_RCC_OscConfig                        0x080011ad   Thumb Code  1424  stm32f3xx_hal_rcc.o(i.HAL_RCC_OscConfig)
    HAL_RTCEx_BKUPRead                       0x0800173d   Thumb Code    10  stm32f3xx_hal_rtc_ex.o(i.HAL_RTCEx_BKUPRead)
    HAL_RTCEx_BKUPWrite                      0x08001747   Thumb Code    10  stm32f3xx_hal_rtc_ex.o(i.HAL_RTCEx_BKUPWrite)
    HAL_RTC_GetDate                          0x08001751   Thumb Code    62  stm32f3xx_hal_rtc.o(i.HAL_RTC_GetDate)
    HAL_RTC_GetTime                          0x08001795   Thumb Code    82  stm32f3xx_hal_rtc.o(i.HAL_RTC_GetTime)
    HAL_RTC_Init                             0x080017ed   Thumb Code   166  stm32f3xx_hal_rtc.o(i.HAL_RTC_Init)
    HAL_RTC_MspInit                          0x08001899   Thumb Code    32  rtc.o(i.HAL_RTC_MspInit)
    HAL_RTC_SetDate                          0x080018c1   Thumb Code   194  stm32f3xx_hal_rtc.o(i.HAL_RTC_SetDate)
    HAL_RTC_SetTime                          0x08001989   Thumb Code   236  stm32f3xx_hal_rtc.o(i.HAL_RTC_SetTime)
    HAL_RTC_WaitForSynchro                   0x08001a79   Thumb Code    54  stm32f3xx_hal_rtc.o(i.HAL_RTC_WaitForSynchro)
    HAL_SPI_Init                             0x08001aaf   Thumb Code   182  stm32f3xx_hal_spi.o(i.HAL_SPI_Init)
    HAL_SPI_MspInit                          0x08001b65   Thumb Code   114  spi.o(i.HAL_SPI_MspInit)
    HAL_SPI_TransmitReceive                  0x08001be5   Thumb Code   574  stm32f3xx_hal_spi.o(i.HAL_SPI_TransmitReceive)
    HAL_TIMEx_BreakCallback                  0x08001e23   Thumb Code     2  stm32f3xx_hal_tim_ex.o(i.HAL_TIMEx_BreakCallback)
    HAL_TIMEx_CommutationCallback            0x08001e25   Thumb Code     2  stm32f3xx_hal_tim_ex.o(i.HAL_TIMEx_CommutationCallback)
    HAL_TIM_Base_Init                        0x08001e27   Thumb Code    54  stm32f3xx_hal_tim.o(i.HAL_TIM_Base_Init)
    HAL_TIM_Base_MspInit                     0x08001e5d   Thumb Code     2  stm32f3xx_hal_tim.o(i.HAL_TIM_Base_MspInit)
    HAL_TIM_Base_Start_IT                    0x08001e5f   Thumb Code    24  stm32f3xx_hal_tim.o(i.HAL_TIM_Base_Start_IT)
    HAL_TIM_IC_CaptureCallback               0x08001e77   Thumb Code     2  stm32f3xx_hal_tim.o(i.HAL_TIM_IC_CaptureCallback)
    HAL_TIM_IRQHandler                       0x08001e79   Thumb Code   358  stm32f3xx_hal_tim.o(i.HAL_TIM_IRQHandler)
    HAL_TIM_OC_DelayElapsedCallback          0x08001fdf   Thumb Code     2  stm32f3xx_hal_tim.o(i.HAL_TIM_OC_DelayElapsedCallback)
    HAL_TIM_PWM_PulseFinishedCallback        0x08001fe1   Thumb Code     2  stm32f3xx_hal_tim.o(i.HAL_TIM_PWM_PulseFinishedCallback)
    HAL_TIM_PeriodElapsedCallback            0x08001fe3   Thumb Code    14  main.o(i.HAL_TIM_PeriodElapsedCallback)
    HAL_TIM_TriggerCallback                  0x08001ff1   Thumb Code     2  stm32f3xx_hal_tim.o(i.HAL_TIM_TriggerCallback)
    HAL_UARTEx_WakeupCallback                0x08001ff3   Thumb Code     2  stm32f3xx_hal_uart_ex.o(i.HAL_UARTEx_WakeupCallback)
    HAL_UART_ErrorCallback                   0x08001ff5   Thumb Code     2  stm32f3xx_hal_uart.o(i.HAL_UART_ErrorCallback)
    HAL_UART_GetState                        0x08001ff7   Thumb Code    10  stm32f3xx_hal_uart.o(i.HAL_UART_GetState)
    HAL_UART_IRQHandler                      0x08002001   Thumb Code   316  stm32f3xx_hal_uart.o(i.HAL_UART_IRQHandler)
    HAL_UART_Init                            0x08002141   Thumb Code   106  stm32f3xx_hal_uart.o(i.HAL_UART_Init)
    HAL_UART_MspInit                         0x080021ad   Thumb Code   286  usart.o(i.HAL_UART_MspInit)
    HAL_UART_Receive_IT                      0x080022e5   Thumb Code   122  stm32f3xx_hal_uart.o(i.HAL_UART_Receive_IT)
    HAL_UART_RxCpltCallback                  0x08002361   Thumb Code    76  usart.o(i.HAL_UART_RxCpltCallback)
    HAL_UART_Transmit                        0x080023b9   Thumb Code   180  stm32f3xx_hal_uart.o(i.HAL_UART_Transmit)
    HAL_UART_TxCpltCallback                  0x0800246d   Thumb Code     2  stm32f3xx_hal_uart.o(i.HAL_UART_TxCpltCallback)
    HardFault_Handler                        0x08002471   Thumb Code    14  stm32f3xx_it.o(i.HardFault_Handler)
    MX_FREERTOS_Init                         0x080024ad   Thumb Code    52  freertos.o(i.MX_FREERTOS_Init)
    MX_GPIO_Init                             0x080024e9   Thumb Code   116  gpio.o(i.MX_GPIO_Init)
    MX_RTC_Init                              0x08002565   Thumb Code    46  rtc.o(i.MX_RTC_Init)
    MX_SPI1_Init                             0x0800259d   Thumb Code    72  spi.o(i.MX_SPI1_Init)
    MX_USART1_UART_Init                      0x080025ed   Thumb Code    52  usart.o(i.MX_USART1_UART_Init)
    MX_USART2_UART_Init                      0x08002629   Thumb Code    52  usart.o(i.MX_USART2_UART_Init)
    MX_USART3_UART_Init                      0x08002665   Thumb Code    52  usart.o(i.MX_USART3_UART_Init)
    MY_AD_start                              0x080026a1   Thumb Code    96  application.o(i.MY_AD_start)
    MemManage_Handler                        0x08002741   Thumb Code     2  stm32f3xx_it.o(i.MemManage_Handler)
    NMI_Handler                              0x08002743   Thumb Code     2  stm32f3xx_it.o(i.NMI_Handler)
    RTC_Bcd2ToByte                           0x08002765   Thumb Code    18  stm32f3xx_hal_rtc.o(i.RTC_Bcd2ToByte)
    RTC_ByteToBcd2                           0x08002777   Thumb Code    22  stm32f3xx_hal_rtc.o(i.RTC_ByteToBcd2)
    RTC_EnterInitMode                        0x0800278d   Thumb Code    58  stm32f3xx_hal_rtc.o(i.RTC_EnterInitMode)
    RTC_Set_Date                             0x080027c9   Thumb Code    30  rtc.o(i.RTC_Set_Date)
    RTC_Set_Time                             0x080027ed   Thumb Code    40  rtc.o(i.RTC_Set_Time)
    RTC_init_set                             0x08002819   Thumb Code    58  rtc.o(i.RTC_init_set)
    SD_CS                                    0x08002859   Thumb Code    18  mmc_sd.o(i.SD_CS)
    SD_DisSelect                             0x08002871   Thumb Code    18  mmc_sd.o(i.SD_DisSelect)
    SD_GetCSD                                0x08002883   Thumb Code    42  mmc_sd.o(i.SD_GetCSD)
    SD_GetResponse                           0x080028ad   Thumb Code    40  mmc_sd.o(i.SD_GetResponse)
    SD_GetSectorCount                        0x080028d5   Thumb Code   110  mmc_sd.o(i.SD_GetSectorCount)
    SD_Initialize                            0x08002945   Thumb Code   340  mmc_sd.o(i.SD_Initialize)
    SD_RecvData                              0x08002a9d   Thumb Code    52  mmc_sd.o(i.SD_RecvData)
    SD_SPI_Init                              0x08002ad1   Thumb Code    58  mmc_sd.o(i.SD_SPI_Init)
    SD_SPI_ReadWriteByte                     0x08002b15   Thumb Code     4  mmc_sd.o(i.SD_SPI_ReadWriteByte)
    SD_SPI_SpeedHigh                         0x08002b19   Thumb Code     6  mmc_sd.o(i.SD_SPI_SpeedHigh)
    SD_SPI_SpeedLow                          0x08002b1f   Thumb Code     6  mmc_sd.o(i.SD_SPI_SpeedLow)
    SD_Select                                0x08002b25   Thumb Code    24  mmc_sd.o(i.SD_Select)
    SD_SendBlock                             0x08002b3d   Thumb Code    80  mmc_sd.o(i.SD_SendBlock)
    SD_SendCmd                               0x08002b8d   Thumb Code    94  mmc_sd.o(i.SD_SendCmd)
    SD_WaitReady                             0x08002beb   Thumb Code    32  mmc_sd.o(i.SD_WaitReady)
    SD_WriteDisk                             0x08002c0d   Thumb Code   124  mmc_sd.o(i.SD_WriteDisk)
    SD_check_init                            0x08002c8d   Thumb Code    68  mmc_sd.o(i.SD_check_init)
    SPI1_ReadWriteByte                       0x08002d25   Thumb Code    28  spi.o(i.SPI1_ReadWriteByte)
    SPI1_SetSpeed                            0x08002d45   Thumb Code    46  spi.o(i.SPI1_SetSpeed)
    SysTick_Handler                          0x08002ef5   Thumb Code    38  port.o(i.SysTick_Handler)
    SystemClock_Config                       0x08002f21   Thumb Code   112  main.o(i.SystemClock_Config)
    SystemInit                               0x08002f95   Thumb Code    82  system_stm32f3xx.o(i.SystemInit)
    TIM2_IRQHandler                          0x08002ffd   Thumb Code     6  stm32f3xx_it.o(i.TIM2_IRQHandler)
    TIM_Base_SetConfig                       0x08003009   Thumb Code   158  stm32f3xx_hal_tim.o(i.TIM_Base_SetConfig)
    TaskConfig                               0x080030d1   Thumb Code    32  freertos.o(i.TaskConfig)
    UART_AdvFeatureConfig                    0x080030f5   Thumb Code   200  stm32f3xx_hal_uart.o(i.UART_AdvFeatureConfig)
    UART_CheckIdleState                      0x080031bd   Thumb Code    92  stm32f3xx_hal_uart.o(i.UART_CheckIdleState)
    UART_EndTransmit_IT                      0x08003249   Thumb Code    26  stm32f3xx_hal_uart.o(i.UART_EndTransmit_IT)
    UART_Receive_IT                          0x08003263   Thumb Code   118  stm32f3xx_hal_uart.o(i.UART_Receive_IT)
    UART_SetConfig                           0x080032d9   Thumb Code   366  stm32f3xx_hal_uart.o(i.UART_SetConfig)
    UART_Transmit_IT                         0x08003461   Thumb Code   100  stm32f3xx_hal_uart.o(i.UART_Transmit_IT)
    UART_WaitOnFlagUntilTimeout              0x080034c5   Thumb Code   100  stm32f3xx_hal_uart.o(i.UART_WaitOnFlagUntilTimeout)
    USART1_IRQHandler                        0x08003529   Thumb Code     6  stm32f3xx_it.o(i.USART1_IRQHandler)
    USART2_IRQHandler                        0x08003535   Thumb Code    34  stm32f3xx_it.o(i.USART2_IRQHandler)
    USART3_IRQHandler                        0x08003561   Thumb Code     6  stm32f3xx_it.o(i.USART3_IRQHandler)
    UsageFault_Handler                       0x0800356d   Thumb Code     2  stm32f3xx_it.o(i.UsageFault_Handler)
    __0printf                                0x08003571   Thumb Code    22  printfa.o(i.__0printf)
    __1printf                                0x08003571   Thumb Code     0  printfa.o(i.__0printf)
    __2printf                                0x08003571   Thumb Code     0  printfa.o(i.__0printf)
    __c89printf                              0x08003571   Thumb Code     0  printfa.o(i.__0printf)
    printf                                   0x08003571   Thumb Code     0  printfa.o(i.__0printf)
    __0sprintf                               0x08003591   Thumb Code    34  printfa.o(i.__0sprintf)
    __1sprintf                               0x08003591   Thumb Code     0  printfa.o(i.__0sprintf)
    __2sprintf                               0x08003591   Thumb Code     0  printfa.o(i.__0sprintf)
    __c89sprintf                             0x08003591   Thumb Code     0  printfa.o(i.__0sprintf)
    sprintf                                  0x08003591   Thumb Code     0  printfa.o(i.__0sprintf)
    __0vsprintf                              0x080035b9   Thumb Code    30  printfa.o(i.__0vsprintf)
    __1vsprintf                              0x080035b9   Thumb Code     0  printfa.o(i.__0vsprintf)
    __2vsprintf                              0x080035b9   Thumb Code     0  printfa.o(i.__0vsprintf)
    __c89vsprintf                            0x080035b9   Thumb Code     0  printfa.o(i.__0vsprintf)
    vsprintf                                 0x080035b9   Thumb Code     0  printfa.o(i.__0vsprintf)
    __scatterload_copy                       0x080035dd   Thumb Code    14  handlers.o(i.__scatterload_copy)
    __scatterload_null                       0x080035eb   Thumb Code     2  handlers.o(i.__scatterload_null)
    __scatterload_zeroinit                   0x080035ed   Thumb Code    14  handlers.o(i.__scatterload_zeroinit)
    command_msg_analysis                     0x08003eb9   Thumb Code   914  application.o(i.command_msg_analysis)
    disk_initialize                          0x080043b1   Thumb Code    30  diskio.o(i.disk_initialize)
    disk_ioctl                               0x080043cf   Thumb Code    78  diskio.o(i.disk_ioctl)
    disk_write                               0x0800441d   Thumb Code    34  diskio.o(i.disk_write)
    f_mkfs                                   0x08004441   Thumb Code  1306  ff.o(i.f_mkfs)
    f_mount                                  0x0800495d   Thumb Code    34  ff.o(i.f_mount)
    fputc                                    0x08004985   Thumb Code    18  usart.o(i.fputc)
    free                                     0x0800499d   Thumb Code    76  malloc.o(i.free)
    get_fattime                              0x080049ed   Thumb Code     4  diskio.o(i.get_fattime)
    log_log                                  0x080049f1   Thumb Code    58  by_log.o(i.log_log)
    main                                     0x08004a45   Thumb Code    88  main.o(i.main)
    malloc                                   0x08004b2d   Thumb Code    92  malloc.o(i.malloc)
    osDelay                                  0x08004bb9   Thumb Code    14  cmsis_os.o(i.osDelay)
    osKernelStart                            0x08004bc7   Thumb Code    10  cmsis_os.o(i.osKernelStart)
    osThreadCreate                           0x08004bd1   Thumb Code    46  cmsis_os.o(i.osThreadCreate)
    project_init                             0x08004bff   Thumb Code    18  application.o(i.project_init)
    pvPortMalloc                             0x08005069   Thumb Code   210  heap_4.o(i.pvPortMalloc)
    pvTaskIncrementMutexHeldCount            0x08005141   Thumb Code    18  tasks.o(i.pvTaskIncrementMutexHeldCount)
    pxPortInitialiseStack                    0x08005159   Thumb Code    40  port.o(i.pxPortInitialiseStack)
    timet_checking                           0x08005185   Thumb Code   204  application.o(i.timet_checking)
    timet_compare                            0x080052f1   Thumb Code    82  application.o(i.timet_compare)
    u2_rv                                    0x08005345   Thumb Code    60  freertos.o(i.u2_rv)
    uxListRemove                             0x080053d1   Thumb Code    36  list.o(i.uxListRemove)
    vListInitialise                          0x080053f5   Thumb Code    22  list.o(i.vListInitialise)
    vListInitialiseItem                      0x0800540b   Thumb Code     6  list.o(i.vListInitialiseItem)
    vListInsert                              0x08005411   Thumb Code    48  list.o(i.vListInsert)
    vListInsertEnd                           0x08005441   Thumb Code    24  list.o(i.vListInsertEnd)
    vPortEnterCritical                       0x08005459   Thumb Code    54  port.o(i.vPortEnterCritical)
    vPortExitCritical                        0x08005499   Thumb Code    34  port.o(i.vPortExitCritical)
    vPortFree                                0x080054c1   Thumb Code    88  heap_4.o(i.vPortFree)
    vPortSetupTimerInterrupt                 0x0800551d   Thumb Code    26  port.o(i.vPortSetupTimerInterrupt)
    vTaskDelay                               0x0800553d   Thumb Code    66  tasks.o(i.vTaskDelay)
    vTaskMissedYield                         0x08005589   Thumb Code     8  tasks.o(i.vTaskMissedYield)
    vTaskPlaceOnEventList                    0x08005595   Thumb Code    44  tasks.o(i.vTaskPlaceOnEventList)
    vTaskPriorityInherit                     0x080055c5   Thumb Code   124  tasks.o(i.vTaskPriorityInherit)
    vTaskSetTimeOutState                     0x08005649   Thumb Code    30  tasks.o(i.vTaskSetTimeOutState)
    vTaskStartScheduler                      0x0800566d   Thumb Code    86  tasks.o(i.vTaskStartScheduler)
    vTaskSuspendAll                          0x080056d5   Thumb Code    10  tasks.o(i.vTaskSuspendAll)
    vTaskSwitchContext                       0x080056e5   Thumb Code    82  tasks.o(i.vTaskSwitchContext)
    xPortStartScheduler                      0x08005741   Thumb Code   202  port.o(i.xPortStartScheduler)
    xQueueGenericCreate                      0x08005821   Thumb Code    72  queue.o(i.xQueueGenericCreate)
    xQueueGenericReceive                     0x08005869   Thumb Code   360  queue.o(i.xQueueGenericReceive)
    xQueueGenericReset                       0x080059d5   Thumb Code   132  queue.o(i.xQueueGenericReset)
    xQueueGenericSend                        0x08005a5d   Thumb Code   346  queue.o(i.xQueueGenericSend)
    xTaskCheckForTimeOut                     0x08005bbd   Thumb Code   102  tasks.o(i.xTaskCheckForTimeOut)
    xTaskCreate                              0x08005c29   Thumb Code    86  tasks.o(i.xTaskCreate)
    xTaskGetSchedulerState                   0x08005c81   Thumb Code    22  tasks.o(i.xTaskGetSchedulerState)
    xTaskIncrementTick                       0x08005c9d   Thumb Code   192  tasks.o(i.xTaskIncrementTick)
    xTaskPriorityDisinherit                  0x08005d65   Thumb Code   144  tasks.o(i.xTaskPriorityDisinherit)
    xTaskRemoveFromEventList                 0x08005dfd   Thumb Code   108  tasks.o(i.xTaskRemoveFromEventList)
    xTaskResumeAll                           0x08005e71   Thumb Code   182  tasks.o(i.xTaskResumeAll)
    aPLLMULFactorTable                       0x08005f5c   Data          16  stm32f3xx_hal_rcc.o(.constdata)
    aPredivFactorTable                       0x08005f6c   Data          16  stm32f3xx_hal_rcc.o(.constdata)
    AHBPrescTable                            0x08005f7c   Data          16  system_stm32f3xx.o(.constdata)
    APBPrescTable                            0x08005f8c   Data           8  system_stm32f3xx.o(.constdata)
    Region$$Table$$Base                      0x08006018   Number         0  anon$$obj.o(Region$$Table)
    Region$$Table$$Limit                     0x08006038   Number         0  anon$$obj.o(Region$$Table)
    taskconfigHandle                         0x20000000   Data           4  freertos.o(.data)
    TaskU2_RVHandle                          0x20000004   Data           4  freertos.o(.data)
    aRxBuffer                                0x20000008   Data           1  usart.o(.data)
    USART_RX_STA                             0x2000000a   Data           2  usart.o(.data)
    __stdout                                 0x2000000c   Data           4  usart.o(.data)
    uwTickFreq                               0x20000010   Data           1  stm32f3xx_hal.o(.data)
    uwTickPrio                               0x20000014   Data           4  stm32f3xx_hal.o(.data)
    uwTick                                   0x20000018   Data           4  stm32f3xx_hal.o(.data)
    SystemCoreClock                          0x2000001c   Data           4  system_stm32f3xx.o(.data)
    pxCurrentTCB                             0x20000020   Data           4  tasks.o(.data)
    RTC_Date                                 0x200000a0   Data           4  application.o(.data)
    command_buffer_Queue                     0x200000a4   Data           4  application.o(.data)
    SD_Type                                  0x200000a8   Data           1  mmc_sd.o(.data)
    __microlib_freelist                      0x200000b8   Data           4  mvars.o(.data)
    __microlib_freelist_initialised          0x200000bc   Data           4  mvars.o(.data)
    hrtc                                     0x200000c0   Data          32  rtc.o(.bss)
    hspi1                                    0x200000e0   Data         100  spi.o(.bss)
    USART_RX_BUF                             0x20000144   Data         200  usart.o(.bss)
    huart1                                   0x2000020c   Data         112  usart.o(.bss)
    huart2                                   0x2000027c   Data         112  usart.o(.bss)
    huart3                                   0x200002ec   Data         112  usart.o(.bss)
    htim2                                    0x2000035c   Data          64  stm32f3xx_hal_timebase_tim.o(.bss)
    tbuf                                     0x2000108c   Data          40  application.o(.bss)
    RTC_Time                                 0x200010b4   Data          20  application.o(.bss)
    __heap_base                              0x200010c8   Data           0  startup_stm32f373xc.o(HEAP)
    __heap_limit                             0x200012c8   Data           0  startup_stm32f373xc.o(HEAP)
    __initial_sp                             0x200016c8   Data           0  startup_stm32f373xc.o(STACK)



==============================================================================

Memory Map of the image

  Image Entry point : 0x08000189

  Load Region LR_IROM1 (Base: 0x08000000, Size: 0x000060f8, Max: 0x00040000, ABSOLUTE)

    Execution Region ER_IROM1 (Exec base: 0x08000000, Load base: 0x08000000, Size: 0x00006038, Max: 0x00040000, ABSOLUTE)

    Exec Addr    Load Addr    Size         Type   Attr      Idx    E Section Name        Object

    0x08000000   0x08000000   0x00000188   Data   RO         4109    RESET               startup_stm32f373xc.o
    0x08000188   0x08000188   0x00000000   Code   RO         5896  * .ARM.Collect$$$$00000000  mc_w.l(entry.o)
    0x08000188   0x08000188   0x00000004   Code   RO         6206    .ARM.Collect$$$$00000001  mc_w.l(entry2.o)
    0x0800018c   0x0800018c   0x00000004   Code   RO         6209    .ARM.Collect$$$$00000004  mc_w.l(entry5.o)
    0x08000190   0x08000190   0x00000000   Code   RO         6211    .ARM.Collect$$$$00000008  mc_w.l(entry7b.o)
    0x08000190   0x08000190   0x00000000   Code   RO         6213    .ARM.Collect$$$$0000000A  mc_w.l(entry8b.o)
    0x08000190   0x08000190   0x00000008   Code   RO         6214    .ARM.Collect$$$$0000000B  mc_w.l(entry9a.o)
    0x08000198   0x08000198   0x00000000   Code   RO         6216    .ARM.Collect$$$$0000000D  mc_w.l(entry10a.o)
    0x08000198   0x08000198   0x00000000   Code   RO         6218    .ARM.Collect$$$$0000000F  mc_w.l(entry11a.o)
    0x08000198   0x08000198   0x00000004   Code   RO         6207    .ARM.Collect$$$$00002712  mc_w.l(entry2.o)
    0x0800019c   0x0800019c   0x000000ba   Code   RO         5150    .emb_text           port.o
    0x08000256   0x08000256   0x00000002   PAD
    0x08000258   0x08000258   0x00000024   Code   RO         4110    .text               startup_stm32f373xc.o
    0x0800027c   0x0800027c   0x00000020   Code   RO         5899    .text               mc_w.l(llushr.o)
    0x0800029c   0x0800029c   0x00000024   Code   RO         5901    .text               mc_w.l(memcpya.o)
    0x080002c0   0x080002c0   0x00000024   Code   RO         5903    .text               mc_w.l(memseta.o)
    0x080002e4   0x080002e4   0x0000001c   Code   RO         5905    .text               mc_w.l(strcmp.o)
    0x08000300   0x08000300   0x000000e4   Code   RO         6198    .text               mf_w.l(dmul.o)
    0x080003e4   0x080003e4   0x0000002c   Code   RO         6220    .text               mc_w.l(uidiv.o)
    0x08000410   0x08000410   0x00000062   Code   RO         6222    .text               mc_w.l(uldiv.o)
    0x08000472   0x08000472   0x00000000   Code   RO         6226    .text               mc_w.l(iusefp.o)
    0x08000472   0x08000472   0x000000ba   Code   RO         6229    .text               mf_w.l(depilogue.o)
    0x0800052c   0x0800052c   0x0000014e   Code   RO         6231    .text               mf_w.l(dadd.o)
    0x0800067a   0x0800067a   0x000000de   Code   RO         6233    .text               mf_w.l(ddiv.o)
    0x08000758   0x08000758   0x00000030   Code   RO         6235    .text               mf_w.l(dfixul.o)
    0x08000788   0x08000788   0x00000030   Code   RO         6237    .text               mf_w.l(cdrcmple.o)
    0x080007b8   0x080007b8   0x00000024   Code   RO         6239    .text               mc_w.l(init.o)
    0x080007dc   0x080007dc   0x0000001e   Code   RO         6241    .text               mc_w.l(llshl.o)
    0x080007fa   0x080007fa   0x00000024   Code   RO         6243    .text               mc_w.l(llsshr.o)
    0x0800081e   0x0800081e   0x00000002   Code   RO          518    i.BusFault_Handler  stm32f3xx_it.o
    0x08000820   0x08000820   0x000000a8   Code   RO         5318    i.Command_msg_handler  application.o
    0x080008c8   0x080008c8   0x00000002   Code   RO          519    i.DebugMon_Handler  stm32f3xx_it.o
    0x080008ca   0x080008ca   0x00000002   Code   RO            4    i.Error_Handler     main.o
    0x080008cc   0x080008cc   0x00000160   Code   RO         5319    i.FATFS_INIT        application.o
    0x08000a2c   0x08000a2c   0x0000004a   Code   RO         3058    i.HAL_DMA_Abort_IT  stm32f3xx_hal_dma.o
    0x08000a76   0x08000a76   0x00000002   PAD
    0x08000a78   0x08000a78   0x00000024   Code   RO         2676    i.HAL_Delay         stm32f3xx_hal.o
    0x08000a9c   0x08000a9c   0x00000188   Code   RO         2992    i.HAL_GPIO_Init     stm32f3xx_hal_gpio.o
    0x08000c24   0x08000c24   0x0000000a   Code   RO         2996    i.HAL_GPIO_WritePin  stm32f3xx_hal_gpio.o
    0x08000c2e   0x08000c2e   0x00000002   PAD
    0x08000c30   0x08000c30   0x0000000c   Code   RO         2680    i.HAL_GetTick       stm32f3xx_hal.o
    0x08000c3c   0x08000c3c   0x00000010   Code   RO         2686    i.HAL_IncTick       stm32f3xx_hal.o
    0x08000c4c   0x08000c4c   0x00000024   Code   RO         2687    i.HAL_Init          stm32f3xx_hal.o
    0x08000c70   0x08000c70   0x00000074   Code   RO          627    i.HAL_InitTick      stm32f3xx_hal_timebase_tim.o
    0x08000ce4   0x08000ce4   0x00000034   Code   RO          603    i.HAL_MspInit       stm32f3xx_hal_msp.o
    0x08000d18   0x08000d18   0x00000016   Code   RO         3160    i.HAL_NVIC_EnableIRQ  stm32f3xx_hal_cortex.o
    0x08000d2e   0x08000d2e   0x00000002   PAD
    0x08000d30   0x08000d30   0x00000040   Code   RO         3166    i.HAL_NVIC_SetPriority  stm32f3xx_hal_cortex.o
    0x08000d70   0x08000d70   0x00000024   Code   RO         3167    i.HAL_NVIC_SetPriorityGrouping  stm32f3xx_hal_cortex.o
    0x08000d94   0x08000d94   0x000001d0   Code   RO         2950    i.HAL_RCCEx_PeriphCLKConfig  stm32f3xx_hal_rcc_ex.o
    0x08000f64   0x08000f64   0x00000144   Code   RO         2844    i.HAL_RCC_ClockConfig  stm32f3xx_hal_rcc.o
    0x080010a8   0x080010a8   0x00000040   Code   RO         2848    i.HAL_RCC_GetClockConfig  stm32f3xx_hal_rcc.o
    0x080010e8   0x080010e8   0x00000030   Code   RO         2851    i.HAL_RCC_GetPCLK1Freq  stm32f3xx_hal_rcc.o
    0x08001118   0x08001118   0x00000030   Code   RO         2852    i.HAL_RCC_GetPCLK2Freq  stm32f3xx_hal_rcc.o
    0x08001148   0x08001148   0x00000064   Code   RO         2853    i.HAL_RCC_GetSysClockFreq  stm32f3xx_hal_rcc.o
    0x080011ac   0x080011ac   0x00000590   Code   RO         2856    i.HAL_RCC_OscConfig  stm32f3xx_hal_rcc.o
    0x0800173c   0x0800173c   0x0000000a   Code   RO          804    i.HAL_RTCEx_BKUPRead  stm32f3xx_hal_rtc_ex.o
    0x08001746   0x08001746   0x0000000a   Code   RO          805    i.HAL_RTCEx_BKUPWrite  stm32f3xx_hal_rtc_ex.o
    0x08001750   0x08001750   0x00000044   Code   RO          671    i.HAL_RTC_GetDate   stm32f3xx_hal_rtc.o
    0x08001794   0x08001794   0x00000058   Code   RO          673    i.HAL_RTC_GetTime   stm32f3xx_hal_rtc.o
    0x080017ec   0x080017ec   0x000000ac   Code   RO          674    i.HAL_RTC_Init      stm32f3xx_hal_rtc.o
    0x08001898   0x08001898   0x00000028   Code   RO          328    i.HAL_RTC_MspInit   rtc.o
    0x080018c0   0x080018c0   0x000000c8   Code   RO          680    i.HAL_RTC_SetDate   stm32f3xx_hal_rtc.o
    0x08001988   0x08001988   0x000000f0   Code   RO          681    i.HAL_RTC_SetTime   stm32f3xx_hal_rtc.o
    0x08001a78   0x08001a78   0x00000036   Code   RO          682    i.HAL_RTC_WaitForSynchro  stm32f3xx_hal_rtc.o
    0x08001aae   0x08001aae   0x000000b6   Code   RO         1042    i.HAL_SPI_Init      stm32f3xx_hal_spi.o
    0x08001b64   0x08001b64   0x00000080   Code   RO          387    i.HAL_SPI_MspInit   spi.o
    0x08001be4   0x08001be4   0x0000023e   Code   RO         1051    i.HAL_SPI_TransmitReceive  stm32f3xx_hal_spi.o
    0x08001e22   0x08001e22   0x00000002   Code   RO         2029    i.HAL_TIMEx_BreakCallback  stm32f3xx_hal_tim_ex.o
    0x08001e24   0x08001e24   0x00000002   Code   RO         2030    i.HAL_TIMEx_CommutationCallback  stm32f3xx_hal_tim_ex.o
    0x08001e26   0x08001e26   0x00000036   Code   RO         1384    i.HAL_TIM_Base_Init  stm32f3xx_hal_tim.o
    0x08001e5c   0x08001e5c   0x00000002   Code   RO         1386    i.HAL_TIM_Base_MspInit  stm32f3xx_hal_tim.o
    0x08001e5e   0x08001e5e   0x00000018   Code   RO         1389    i.HAL_TIM_Base_Start_IT  stm32f3xx_hal_tim.o
    0x08001e76   0x08001e76   0x00000002   Code   RO         1415    i.HAL_TIM_IC_CaptureCallback  stm32f3xx_hal_tim.o
    0x08001e78   0x08001e78   0x00000166   Code   RO         1428    i.HAL_TIM_IRQHandler  stm32f3xx_hal_tim.o
    0x08001fde   0x08001fde   0x00000002   Code   RO         1431    i.HAL_TIM_OC_DelayElapsedCallback  stm32f3xx_hal_tim.o
    0x08001fe0   0x08001fe0   0x00000002   Code   RO         1458    i.HAL_TIM_PWM_PulseFinishedCallback  stm32f3xx_hal_tim.o
    0x08001fe2   0x08001fe2   0x0000000e   Code   RO            5    i.HAL_TIM_PeriodElapsedCallback  main.o
    0x08001ff0   0x08001ff0   0x00000002   Code   RO         1469    i.HAL_TIM_TriggerCallback  stm32f3xx_hal_tim.o
    0x08001ff2   0x08001ff2   0x00000002   Code   RO         2620    i.HAL_UARTEx_WakeupCallback  stm32f3xx_hal_uart_ex.o
    0x08001ff4   0x08001ff4   0x00000002   Code   RO         2277    i.HAL_UART_ErrorCallback  stm32f3xx_hal_uart.o
    0x08001ff6   0x08001ff6   0x0000000a   Code   RO         2279    i.HAL_UART_GetState  stm32f3xx_hal_uart.o
    0x08002000   0x08002000   0x00000140   Code   RO         2280    i.HAL_UART_IRQHandler  stm32f3xx_hal_uart.o
    0x08002140   0x08002140   0x0000006a   Code   RO         2281    i.HAL_UART_Init     stm32f3xx_hal_uart.o
    0x080021aa   0x080021aa   0x00000002   PAD
    0x080021ac   0x080021ac   0x00000138   Code   RO          441    i.HAL_UART_MspInit  usart.o
    0x080022e4   0x080022e4   0x0000007a   Code   RO         2286    i.HAL_UART_Receive_IT  stm32f3xx_hal_uart.o
    0x0800235e   0x0800235e   0x00000002   PAD
    0x08002360   0x08002360   0x00000058   Code   RO          442    i.HAL_UART_RxCpltCallback  usart.o
    0x080023b8   0x080023b8   0x000000b4   Code   RO         2289    i.HAL_UART_Transmit  stm32f3xx_hal_uart.o
    0x0800246c   0x0800246c   0x00000002   Code   RO         2292    i.HAL_UART_TxCpltCallback  stm32f3xx_hal_uart.o
    0x0800246e   0x0800246e   0x00000002   PAD
    0x08002470   0x08002470   0x0000003c   Code   RO          520    i.HardFault_Handler  stm32f3xx_it.o
    0x080024ac   0x080024ac   0x0000003c   Code   RO          261    i.MX_FREERTOS_Init  freertos.o
    0x080024e8   0x080024e8   0x0000007c   Code   RO          237    i.MX_GPIO_Init      gpio.o
    0x08002564   0x08002564   0x00000038   Code   RO          329    i.MX_RTC_Init       rtc.o
    0x0800259c   0x0800259c   0x00000050   Code   RO          388    i.MX_SPI1_Init      spi.o
    0x080025ec   0x080025ec   0x0000003c   Code   RO          443    i.MX_USART1_UART_Init  usart.o
    0x08002628   0x08002628   0x0000003c   Code   RO          444    i.MX_USART2_UART_Init  usart.o
    0x08002664   0x08002664   0x0000003c   Code   RO          445    i.MX_USART3_UART_Init  usart.o
    0x080026a0   0x080026a0   0x000000a0   Code   RO         5320    i.MY_AD_start       application.o
    0x08002740   0x08002740   0x00000002   Code   RO          521    i.MemManage_Handler  stm32f3xx_it.o
    0x08002742   0x08002742   0x00000002   Code   RO          522    i.NMI_Handler       stm32f3xx_it.o
    0x08002744   0x08002744   0x00000020   Code   RO         3173    i.NVIC_SetPriority  stm32f3xx_hal_cortex.o
    0x08002764   0x08002764   0x00000012   Code   RO          683    i.RTC_Bcd2ToByte    stm32f3xx_hal_rtc.o
    0x08002776   0x08002776   0x00000016   Code   RO          684    i.RTC_ByteToBcd2    stm32f3xx_hal_rtc.o
    0x0800278c   0x0800278c   0x0000003a   Code   RO          685    i.RTC_EnterInitMode  stm32f3xx_hal_rtc.o
    0x080027c6   0x080027c6   0x00000002   PAD
    0x080027c8   0x080027c8   0x00000024   Code   RO          330    i.RTC_Set_Date      rtc.o
    0x080027ec   0x080027ec   0x0000002c   Code   RO          331    i.RTC_Set_Time      rtc.o
    0x08002818   0x08002818   0x00000040   Code   RO          332    i.RTC_init_set      rtc.o
    0x08002858   0x08002858   0x00000018   Code   RO         5395    i.SD_CS             mmc_sd.o
    0x08002870   0x08002870   0x00000012   Code   RO         5396    i.SD_DisSelect      mmc_sd.o
    0x08002882   0x08002882   0x0000002a   Code   RO         5398    i.SD_GetCSD         mmc_sd.o
    0x080028ac   0x080028ac   0x00000028   Code   RO         5399    i.SD_GetResponse    mmc_sd.o
    0x080028d4   0x080028d4   0x0000006e   Code   RO         5400    i.SD_GetSectorCount  mmc_sd.o
    0x08002942   0x08002942   0x00000002   PAD
    0x08002944   0x08002944   0x00000158   Code   RO         5401    i.SD_Initialize     mmc_sd.o
    0x08002a9c   0x08002a9c   0x00000034   Code   RO         5403    i.SD_RecvData       mmc_sd.o
    0x08002ad0   0x08002ad0   0x00000044   Code   RO         5404    i.SD_SPI_Init       mmc_sd.o
    0x08002b14   0x08002b14   0x00000004   Code   RO         5405    i.SD_SPI_ReadWriteByte  mmc_sd.o
    0x08002b18   0x08002b18   0x00000006   Code   RO         5406    i.SD_SPI_SpeedHigh  mmc_sd.o
    0x08002b1e   0x08002b1e   0x00000006   Code   RO         5407    i.SD_SPI_SpeedLow   mmc_sd.o
    0x08002b24   0x08002b24   0x00000018   Code   RO         5408    i.SD_Select         mmc_sd.o
    0x08002b3c   0x08002b3c   0x00000050   Code   RO         5409    i.SD_SendBlock      mmc_sd.o
    0x08002b8c   0x08002b8c   0x0000005e   Code   RO         5410    i.SD_SendCmd        mmc_sd.o
    0x08002bea   0x08002bea   0x00000020   Code   RO         5411    i.SD_WaitReady      mmc_sd.o
    0x08002c0a   0x08002c0a   0x00000002   PAD
    0x08002c0c   0x08002c0c   0x00000080   Code   RO         5412    i.SD_WriteDisk      mmc_sd.o
    0x08002c8c   0x08002c8c   0x00000098   Code   RO         5413    i.SD_check_init     mmc_sd.o
    0x08002d24   0x08002d24   0x00000020   Code   RO          389    i.SPI1_ReadWriteByte  spi.o
    0x08002d44   0x08002d44   0x00000034   Code   RO          390    i.SPI1_SetSpeed     spi.o
    0x08002d78   0x08002d78   0x00000048   Code   RO         1080    i.SPI_EndRxTxTransaction  stm32f3xx_hal_spi.o
    0x08002dc0   0x08002dc0   0x0000009e   Code   RO         1085    i.SPI_WaitFifoStateUntilTimeout  stm32f3xx_hal_spi.o
    0x08002e5e   0x08002e5e   0x00000094   Code   RO         1086    i.SPI_WaitFlagStateUntilTimeout  stm32f3xx_hal_spi.o
    0x08002ef2   0x08002ef2   0x00000002   PAD
    0x08002ef4   0x08002ef4   0x0000002c   Code   RO         5151    i.SysTick_Handler   port.o
    0x08002f20   0x08002f20   0x00000074   Code   RO            6    i.SystemClock_Config  main.o
    0x08002f94   0x08002f94   0x00000068   Code   RO         4118    i.SystemInit        system_stm32f3xx.o
    0x08002ffc   0x08002ffc   0x0000000c   Code   RO          523    i.TIM2_IRQHandler   stm32f3xx_it.o
    0x08003008   0x08003008   0x000000c8   Code   RO         1470    i.TIM_Base_SetConfig  stm32f3xx_hal_tim.o
    0x080030d0   0x080030d0   0x00000024   Code   RO          262    i.TaskConfig        freertos.o
    0x080030f4   0x080030f4   0x000000c8   Code   RO         2294    i.UART_AdvFeatureConfig  stm32f3xx_hal_uart.o
    0x080031bc   0x080031bc   0x0000005c   Code   RO         2295    i.UART_CheckIdleState  stm32f3xx_hal_uart.o
    0x08003218   0x08003218   0x00000014   Code   RO         2296    i.UART_DMAAbortOnError  stm32f3xx_hal_uart.o
    0x0800322c   0x0800322c   0x0000001c   Code   RO         2306    i.UART_EndRxTransfer  stm32f3xx_hal_uart.o
    0x08003248   0x08003248   0x0000001a   Code   RO         2307    i.UART_EndTransmit_IT  stm32f3xx_hal_uart.o
    0x08003262   0x08003262   0x00000076   Code   RO         2309    i.UART_Receive_IT   stm32f3xx_hal_uart.o
    0x080032d8   0x080032d8   0x00000188   Code   RO         2310    i.UART_SetConfig    stm32f3xx_hal_uart.o
    0x08003460   0x08003460   0x00000064   Code   RO         2311    i.UART_Transmit_IT  stm32f3xx_hal_uart.o
    0x080034c4   0x080034c4   0x00000064   Code   RO         2312    i.UART_WaitOnFlagUntilTimeout  stm32f3xx_hal_uart.o
    0x08003528   0x08003528   0x0000000c   Code   RO          524    i.USART1_IRQHandler  stm32f3xx_it.o
    0x08003534   0x08003534   0x0000002c   Code   RO          525    i.USART2_IRQHandler  stm32f3xx_it.o
    0x08003560   0x08003560   0x0000000c   Code   RO          526    i.USART3_IRQHandler  stm32f3xx_it.o
    0x0800356c   0x0800356c   0x00000002   Code   RO          527    i.UsageFault_Handler  stm32f3xx_it.o
    0x0800356e   0x0800356e   0x00000002   PAD
    0x08003570   0x08003570   0x00000020   Code   RO         6142    i.__0printf         mc_w.l(printfa.o)
    0x08003590   0x08003590   0x00000028   Code   RO         6144    i.__0sprintf        mc_w.l(printfa.o)
    0x080035b8   0x080035b8   0x00000024   Code   RO         6148    i.__0vsprintf       mc_w.l(printfa.o)
    0x080035dc   0x080035dc   0x0000000e   Code   RO         6247    i.__scatterload_copy  mc_w.l(handlers.o)
    0x080035ea   0x080035ea   0x00000002   Code   RO         6248    i.__scatterload_null  mc_w.l(handlers.o)
    0x080035ec   0x080035ec   0x0000000e   Code   RO         6249    i.__scatterload_zeroinit  mc_w.l(handlers.o)
    0x080035fa   0x080035fa   0x00000002   PAD
    0x080035fc   0x080035fc   0x00000184   Code   RO         6149    i._fp_digits        mc_w.l(printfa.o)
    0x08003780   0x08003780   0x000006dc   Code   RO         6150    i._printf_core      mc_w.l(printfa.o)
    0x08003e5c   0x08003e5c   0x00000024   Code   RO         6151    i._printf_post_padding  mc_w.l(printfa.o)
    0x08003e80   0x08003e80   0x0000002e   Code   RO         6152    i._printf_pre_padding  mc_w.l(printfa.o)
    0x08003eae   0x08003eae   0x0000000a   Code   RO         6154    i._sputc            mc_w.l(printfa.o)
    0x08003eb8   0x08003eb8   0x000004f8   Code   RO         5321    i.command_msg_analysis  application.o
    0x080043b0   0x080043b0   0x0000001e   Code   RO         5522    i.disk_initialize   diskio.o
    0x080043ce   0x080043ce   0x0000004e   Code   RO         5523    i.disk_ioctl        diskio.o
    0x0800441c   0x0800441c   0x00000022   Code   RO         5526    i.disk_write        diskio.o
    0x0800443e   0x0800443e   0x00000002   PAD
    0x08004440   0x08004440   0x0000051a   Code   RO         5604    i.f_mkfs            ff.o
    0x0800495a   0x0800495a   0x00000002   PAD
    0x0800495c   0x0800495c   0x00000028   Code   RO         5605    i.f_mount           ff.o
    0x08004984   0x08004984   0x00000018   Code   RO          447    i.fputc             usart.o
    0x0800499c   0x0800499c   0x00000050   Code   RO         6170    i.free              mc_w.l(malloc.o)
    0x080049ec   0x080049ec   0x00000004   Code   RO         5529    i.get_fattime       diskio.o
    0x080049f0   0x080049f0   0x00000054   Code   RO         5227    i.log_log           by_log.o
    0x08004a44   0x08004a44   0x000000dc   Code   RO            7    i.main              main.o
    0x08004b20   0x08004b20   0x0000000c   Code   RO         4716    i.makeFreeRtosPriority  cmsis_os.o
    0x08004b2c   0x08004b2c   0x0000006c   Code   RO         6171    i.malloc            mc_w.l(malloc.o)
    0x08004b98   0x08004b98   0x00000012   Code   RO         5624    i.mem_cpy           ff.o
    0x08004baa   0x08004baa   0x0000000e   Code   RO         5625    i.mem_set           ff.o
    0x08004bb8   0x08004bb8   0x0000000e   Code   RO         4718    i.osDelay           cmsis_os.o
    0x08004bc6   0x08004bc6   0x0000000a   Code   RO         4721    i.osKernelStart     cmsis_os.o
    0x08004bd0   0x08004bd0   0x0000002e   Code   RO         4755    i.osThreadCreate    cmsis_os.o
    0x08004bfe   0x08004bfe   0x00000012   Code   RO         5322    i.project_init      application.o
    0x08004c10   0x08004c10   0x00000070   Code   RO         4427    i.prvAddCurrentTaskToDelayedList  tasks.o
    0x08004c80   0x08004c80   0x000000d0   Code   RO         4428    i.prvAddNewTaskToReadyList  tasks.o
    0x08004d50   0x08004d50   0x00000050   Code   RO         4429    i.prvCheckTasksWaitingTermination  tasks.o
    0x08004da0   0x08004da0   0x00000026   Code   RO         4287    i.prvCopyDataFromQueue  queue.o
    0x08004dc6   0x08004dc6   0x0000006c   Code   RO         4288    i.prvCopyDataToQueue  queue.o
    0x08004e32   0x08004e32   0x00000014   Code   RO         4430    i.prvDeleteTCB      tasks.o
    0x08004e46   0x08004e46   0x00000002   PAD
    0x08004e48   0x08004e48   0x0000004c   Code   RO         5089    i.prvHeapInit       heap_4.o
    0x08004e94   0x08004e94   0x00000028   Code   RO         4431    i.prvIdleTask       tasks.o
    0x08004ebc   0x08004ebc   0x0000008e   Code   RO         4432    i.prvInitialiseNewTask  tasks.o
    0x08004f4a   0x08004f4a   0x00000002   PAD
    0x08004f4c   0x08004f4c   0x0000004c   Code   RO         5090    i.prvInsertBlockIntoFreeList  heap_4.o
    0x08004f98   0x08004f98   0x0000001c   Code   RO         4289    i.prvIsQueueEmpty   queue.o
    0x08004fb4   0x08004fb4   0x00000020   Code   RO         4433    i.prvResetNextTaskUnblockTime  tasks.o
    0x08004fd4   0x08004fd4   0x00000028   Code   RO         5152    i.prvTaskExitError  port.o
    0x08004ffc   0x08004ffc   0x0000006a   Code   RO         4290    i.prvUnlockQueue    queue.o
    0x08005066   0x08005066   0x00000002   PAD
    0x08005068   0x08005068   0x000000d8   Code   RO         5091    i.pvPortMalloc      heap_4.o
    0x08005140   0x08005140   0x00000018   Code   RO         4435    i.pvTaskIncrementMutexHeldCount  tasks.o
    0x08005158   0x08005158   0x0000002c   Code   RO         5153    i.pxPortInitialiseStack  port.o
    0x08005184   0x08005184   0x0000016c   Code   RO         5323    i.timet_checking    application.o
    0x080052f0   0x080052f0   0x00000052   Code   RO         5324    i.timet_compare     application.o
    0x08005342   0x08005342   0x00000002   PAD
    0x08005344   0x08005344   0x0000008c   Code   RO          263    i.u2_rv             freertos.o
    0x080053d0   0x080053d0   0x00000024   Code   RO         4250    i.uxListRemove      list.o
    0x080053f4   0x080053f4   0x00000016   Code   RO         4251    i.vListInitialise   list.o
    0x0800540a   0x0800540a   0x00000006   Code   RO         4252    i.vListInitialiseItem  list.o
    0x08005410   0x08005410   0x00000030   Code   RO         4253    i.vListInsert       list.o
    0x08005440   0x08005440   0x00000018   Code   RO         4254    i.vListInsertEnd    list.o
    0x08005458   0x08005458   0x00000040   Code   RO         5155    i.vPortEnterCritical  port.o
    0x08005498   0x08005498   0x00000028   Code   RO         5156    i.vPortExitCritical  port.o
    0x080054c0   0x080054c0   0x0000005c   Code   RO         5092    i.vPortFree         heap_4.o
    0x0800551c   0x0800551c   0x00000020   Code   RO         5157    i.vPortSetupTimerInterrupt  port.o
    0x0800553c   0x0800553c   0x0000004c   Code   RO         4441    i.vTaskDelay        tasks.o
    0x08005588   0x08005588   0x0000000c   Code   RO         4444    i.vTaskMissedYield  tasks.o
    0x08005594   0x08005594   0x00000030   Code   RO         4446    i.vTaskPlaceOnEventList  tasks.o
    0x080055c4   0x080055c4   0x00000084   Code   RO         4448    i.vTaskPriorityInherit  tasks.o
    0x08005648   0x08005648   0x00000024   Code   RO         4451    i.vTaskSetTimeOutState  tasks.o
    0x0800566c   0x0800566c   0x00000068   Code   RO         4452    i.vTaskStartScheduler  tasks.o
    0x080056d4   0x080056d4   0x00000010   Code   RO         4454    i.vTaskSuspendAll   tasks.o
    0x080056e4   0x080056e4   0x0000005c   Code   RO         4455    i.vTaskSwitchContext  tasks.o
    0x08005740   0x08005740   0x000000e0   Code   RO         5159    i.xPortStartScheduler  port.o
    0x08005820   0x08005820   0x00000048   Code   RO         4298    i.xQueueGenericCreate  queue.o
    0x08005868   0x08005868   0x0000016c   Code   RO         4299    i.xQueueGenericReceive  queue.o
    0x080059d4   0x080059d4   0x00000088   Code   RO         4300    i.xQueueGenericReset  queue.o
    0x08005a5c   0x08005a5c   0x00000160   Code   RO         4301    i.xQueueGenericSend  queue.o
    0x08005bbc   0x08005bbc   0x0000006c   Code   RO         4456    i.xTaskCheckForTimeOut  tasks.o
    0x08005c28   0x08005c28   0x00000056   Code   RO         4457    i.xTaskCreate       tasks.o
    0x08005c7e   0x08005c7e   0x00000002   PAD
    0x08005c80   0x08005c80   0x0000001c   Code   RO         4461    i.xTaskGetSchedulerState  tasks.o
    0x08005c9c   0x08005c9c   0x000000c8   Code   RO         4464    i.xTaskIncrementTick  tasks.o
    0x08005d64   0x08005d64   0x00000098   Code   RO         4467    i.xTaskPriorityDisinherit  tasks.o
    0x08005dfc   0x08005dfc   0x00000074   Code   RO         4468    i.xTaskRemoveFromEventList  tasks.o
    0x08005e70   0x08005e70   0x000000c4   Code   RO         4470    i.xTaskResumeAll    tasks.o
    0x08005f34   0x08005f34   0x00000028   Data   RO          264    .constdata          freertos.o
    0x08005f5c   0x08005f5c   0x00000020   Data   RO         2857    .constdata          stm32f3xx_hal_rcc.o
    0x08005f7c   0x08005f7c   0x00000010   Data   RO         4119    .constdata          system_stm32f3xx.o
    0x08005f8c   0x08005f8c   0x00000008   Data   RO         4120    .constdata          system_stm32f3xx.o
    0x08005f94   0x08005f94   0x0000003a   Data   RO         5633    .constdata          ff.o
    0x08005fce   0x08005fce   0x00000002   PAD
    0x08005fd0   0x08005fd0   0x00000017   Data   RO          265    .conststring        freertos.o
    0x08005fe7   0x08005fe7   0x00000001   PAD
    0x08005fe8   0x08005fe8   0x00000030   Data   RO         5228    .conststring        by_log.o
    0x08006018   0x08006018   0x00000020   Data   RO         6245    Region$$Table       anon$$obj.o


    Execution Region RW_IRAM1 (Exec base: 0x20000000, Load base: 0x08006038, Size: 0x000016c8, Max: 0x00008000, ABSOLUTE)

    Exec Addr    Load Addr    Size         Type   Attr      Idx    E Section Name        Object

    0x20000000   0x08006038   0x00000008   Data   RW          266    .data               freertos.o
    0x20000008   0x08006040   0x00000004   Data   RW          449    .data               usart.o
    0x2000000c   0x08006044   0x00000004   Data   RW          450    .data               usart.o
    0x20000010   0x08006048   0x0000000c   Data   RW         2694    .data               stm32f3xx_hal.o
    0x2000001c   0x08006054   0x00000004   Data   RW         4121    .data               system_stm32f3xx.o
    0x20000020   0x08006058   0x0000003c   Data   RW         4473    .data               tasks.o
    0x2000005c   0x08006094   0x00000018   Data   RW         5097    .data               heap_4.o
    0x20000074   0x080060ac   0x0000000c   Data   RW         5160    .data               port.o
    0x20000080   0x080060b8   0x00000018   Data   RW         5229    .data               by_log.o
    0x20000098   0x080060d0   0x00000010   Data   RW         5326    .data               application.o
    0x200000a8   0x080060e0   0x00000001   Data   RW         5414    .data               mmc_sd.o
    0x200000a9   0x080060e1   0x00000003   PAD
    0x200000ac   0x080060e4   0x0000000c   Data   RW         5634    .data               ff.o
    0x200000b8   0x080060f0   0x00000004   Data   RW         6224    .data               mc_w.l(mvars.o)
    0x200000bc   0x080060f4   0x00000004   Data   RW         6225    .data               mc_w.l(mvars.o)
    0x200000c0        -       0x00000020   Zero   RW          333    .bss                rtc.o
    0x200000e0        -       0x00000064   Zero   RW          391    .bss                spi.o
    0x20000144        -       0x00000218   Zero   RW          448    .bss                usart.o
    0x2000035c        -       0x00000040   Zero   RW          630    .bss                stm32f3xx_hal_timebase_tim.o
    0x2000039c        -       0x000000f0   Zero   RW         4472    .bss                tasks.o
    0x2000048c        -       0x00000c00   Zero   RW         5096    .bss                heap_4.o
    0x2000108c        -       0x0000003c   Zero   RW         5325    .bss                application.o
    0x200010c8        -       0x00000200   Zero   RW         4108    HEAP                startup_stm32f373xc.o
    0x200012c8        -       0x00000400   Zero   RW         4107    STACK               startup_stm32f373xc.o


==============================================================================

Image component sizes


      Code (inc. data)   RO Data    RW Data    ZI Data      Debug   Object Name

      2416        850          0         16         60       7668   application.o
        84         26         48         24          0       1866   by_log.o
        82          0          0          0          0      12637   cmsis_os.o
       146          0          0          0          0       2942   diskio.o
         0          0          0          0          0       9500   event_groups.o
      1378         70         58         12          0      10498   ff.o
       236         92         63          8          0       2379   freertos.o
       124          8          0          0          0        911   gpio.o
       460         24          0         24       3072       7279   heap_4.o
       136          0          0          0          0       3494   list.o
       352        136          0          0          0     563004   main.o
      1224        108          0          1          0      11988   mmc_sd.o
       674         74          0         12          0      10940   port.o
      1204         14          0          0          0      10654   queue.o
       240         34          0          0         32       3318   rtc.o
       292         32          0          0        100       2730   spi.o
        36          8        392          0       1536        796   startup_stm32f373xc.o
       100         18          0         12          0      12170   stm32f3xx_hal.o
       154         14          0          0          0      29578   stm32f3xx_hal_cortex.o
        74          0          0          0          0       1067   stm32f3xx_hal_dma.o
       402         28          0          0          0       2356   stm32f3xx_hal_gpio.o
        52          4          0          0          0        818   stm32f3xx_hal_msp.o
      2008         84         32          0          0       6317   stm32f3xx_hal_rcc.o
       464         14          0          0          0       1520   stm32f3xx_hal_rcc_ex.o
       920         28          0          0          0       7396   stm32f3xx_hal_rtc.o
        20          0          0          0          0       1691   stm32f3xx_hal_rtc_ex.o
      1134          0          0          0          0       5581   stm32f3xx_hal_spi.o
       646         42          0          0          0       7012   stm32f3xx_hal_tim.o
         4          0          0          0          0       1586   stm32f3xx_hal_tim_ex.o
       116         14          0          0         64       1379   stm32f3xx_hal_timebase_tim.o
      1818         50          0          0          0      12967   stm32f3xx_hal_uart.o
         2          0          0          0          0        916   stm32f3xx_hal_uart_ex.o
       150         74          0          0          0       4547   stm32f3xx_it.o
       104         22         24          4          0       1139   system_stm32f3xx.o
      2060        172          0         60        240      22185   tasks.o
       604         68          0          8        536       5586   usart.o

    ----------------------------------------------------------------------
     19954       2108        652        184       5640     788415   Object Totals
         0          0         32          0          0          0   (incl. Generated)
        38          0          3          3          0          0   (incl. Padding)

    ----------------------------------------------------------------------

      Code (inc. data)   RO Data    RW Data    ZI Data      Debug   Library Member Name

         0          0          0          0          0          0   entry.o
         0          0          0          0          0          0   entry10a.o
         0          0          0          0          0          0   entry11a.o
         8          4          0          0          0          0   entry2.o
         4          0          0          0          0          0   entry5.o
         0          0          0          0          0          0   entry7b.o
         0          0          0          0          0          0   entry8b.o
         8          4          0          0          0          0   entry9a.o
        30          0          0          0          0          0   handlers.o
        36          8          0          0          0         68   init.o
         0          0          0          0          0          0   iusefp.o
        30          0          0          0          0         68   llshl.o
        36          0          0          0          0         68   llsshr.o
        32          0          0          0          0         68   llushr.o
       188         20          0          0          0        160   malloc.o
        36          0          0          0          0         68   memcpya.o
        36          0          0          0          0        108   memseta.o
         0          0          0          8          0          0   mvars.o
      2344        102          0          0          0        684   printfa.o
        28          0          0          0          0         76   strcmp.o
        44          0          0          0          0         80   uidiv.o
        98          0          0          0          0         92   uldiv.o
        48          0          0          0          0         68   cdrcmple.o
       334          0          0          0          0        148   dadd.o
       222          0          0          0          0        100   ddiv.o
       186          0          0          0          0        176   depilogue.o
        48          0          0          0          0         68   dfixul.o
       228          0          0          0          0         96   dmul.o

    ----------------------------------------------------------------------
      4026        138          0          8          0       2196   Library Totals
         2          0          0          0          0          0   (incl. Padding)

    ----------------------------------------------------------------------

      Code (inc. data)   RO Data    RW Data    ZI Data      Debug   Library Name

      2958        138          0          8          0       1540   mc_w.l
      1066          0          0          0          0        656   mf_w.l

    ----------------------------------------------------------------------
      4026        138          0          8          0       2196   Library Totals

    ----------------------------------------------------------------------

==============================================================================


      Code (inc. data)   RO Data    RW Data    ZI Data      Debug   

     23980       2246        652        192       5640     772019   Grand Totals
     23980       2246        652        192       5640     772019   ELF Image Totals
     23980       2246        652        192          0          0   ROM Totals

==============================================================================

    Total RO  Size (Code + RO Data)                24632 (  24.05kB)
    Total RW  Size (RW Data + ZI Data)              5832 (   5.70kB)
    Total ROM Size (Code + RO Data + RW Data)      24824 (  24.24kB)

==============================================================================

