ARM Linker, 5.03 [Build 76] [MDK-ARM Standard]

==============================================================================

Section Cross References

    startup_stm32f37x.o(STACK) refers (Special) to heapauxi.o(.text) for __use_two_region_memory
    startup_stm32f37x.o(HEAP) refers (Special) to heapauxi.o(.text) for __use_two_region_memory
    startup_stm32f37x.o(RESET) refers (Special) to heapauxi.o(.text) for __use_two_region_memory
    startup_stm32f37x.o(RESET) refers to startup_stm32f37x.o(STACK) for __initial_sp
    startup_stm32f37x.o(RESET) refers to startup_stm32f37x.o(.text) for Reset_Handler
    startup_stm32f37x.o(.text) refers (Special) to heapauxi.o(.text) for __use_two_region_memory
    startup_stm32f37x.o(.text) refers to system_stm32f37x.o(.text) for SystemInit
    startup_stm32f37x.o(.text) refers to __main.o(!!!main) for __main
    startup_stm32f37x.o(.text) refers to startup_stm32f37x.o(HEAP) for Heap_Mem
    startup_stm32f37x.o(.text) refers to startup_stm32f37x.o(STACK) for Stack_Mem
    system_stm32f37x.o(.text) refers to system_stm32f37x.o(.data) for SystemCoreClock
    main.o(.text) refers to _printf_percent.o(.ARM.Collect$$_printf_percent$$00000000) for _printf_percent
    main.o(.text) refers to _printf_s.o(.ARM.Collect$$_printf_percent$$00000014) for _printf_s
    main.o(.text) refers to _printf_str.o(.text) for _printf_str
    main.o(.text) refers to system_stm32f37x.o(.text) for SystemInit
    main.o(.text) refers to uart.o(.text) for USART_Configuration
    main.o(.text) refers to noretval__2printf.o(.text) for __2printf
    main.o(.text) refers to diskio.o(.text) for disk_initialize
    main.o(.text) refers to ff.o(.text) for f_mount
    main.o(.text) refers to main.o(.bss) for fs
    main.o(.text) refers to main.o(.data) for res
    w25x16.o(.text) refers to stm32f37x_rcc.o(.text) for RCC_AHBPeriphClockCmd
    w25x16.o(.text) refers to stm32f37x_gpio.o(.text) for GPIO_Init
    w25x16.o(.text) refers to stm32f37x_spi.o(.text) for SPI_Init
    fatapp.o(.text) refers to ff.o(.text) for f_mount
    fatapp.o(.text) refers to strlen.o(.text) for strlen
    fatapp.o(.text) refers to strcasecmp.o(.text) for strcasecmp
    fatapp.o(.text) refers to strcpy.o(.text) for strcpy
    fatapp.o(.text) refers to rt_memcpy_w.o(.text) for __aeabi_memcpy4
    fatapp.o(.text) refers to ili9328.o(.text) for LCD_WR_REG_DATA
    fatapp.o(.text) refers to fatapp.o(.bss) for flag
    fatapp.o(.text) refers to fatapp.o(.data) for type
    ili9328.o(.text) refers to ili9328.o(.data) for POINT_COLOR
    ili9328.o(.text) refers to w25x16.o(.text) for SPI_FLASH_BufferRead
    ili9328.o(.text) refers to ili9328.o(.constdata) for ascii_16
    sd.o(.text) refers to stm32f37x_rcc.o(.text) for RCC_AHBPeriphClockCmd
    sd.o(.text) refers to stm32f37x_gpio.o(.text) for GPIO_Init
    sd.o(.text) refers to stm32f37x_spi.o(.text) for SPI_Init
    uart.o(.rev16_text) refers (Special) to use_no_semi_2.o(.text) for __use_no_semihosting
    uart.o(.revsh_text) refers (Special) to use_no_semi_2.o(.text) for __use_no_semihosting
    uart.o(.text) refers (Special) to use_no_semi_2.o(.text) for __use_no_semihosting
    uart.o(.text) refers to stm32f37x_rcc.o(.text) for RCC_AHBPeriphClockCmd
    uart.o(.text) refers to stm32f37x_gpio.o(.text) for GPIO_PinAFConfig
    uart.o(.text) refers to stm32f37x_usart.o(.text) for USART_Init
    uart.o(.data) refers (Special) to use_no_semi_2.o(.text) for __use_no_semihosting
    stm32f37x_spi.o(.text) refers to stm32f37x_rcc.o(.text) for RCC_APB2PeriphResetCmd
    stm32f37x_gpio.o(.text) refers to stm32f37x_rcc.o(.text) for RCC_AHBPeriphResetCmd
    stm32f37x_rcc.o(.text) refers to stm32f37x_rcc.o(.data) for APBAHBPrescTable
    stm32f37x_usart.o(.text) refers to stm32f37x_rcc.o(.text) for RCC_APB2PeriphResetCmd
    diskio.o(.text) refers to sd.o(.text) for SD_Init
    ff.o(.text) refers to diskio.o(.text) for disk_write
    ff.o(.text) refers to ff.o(.data) for FatFs
    cc936.o(.text) refers to w25x16.o(.text) for SPI_FLASH_BufferRead
    cc936.o(.text) refers to cc936.o(.constdata) for tbl_lower
    use_no_semi_2.o(.text) refers (Special) to use_no_semi.o(.text) for __use_no_semihosting_swi
    __2printf.o(.text) refers to _printf_char_file.o(.text) for _printf_char_file
    __2printf.o(.text) refers to uart.o(.data) for __stdout
    noretval__2printf.o(.text) refers to _printf_char_file.o(.text) for _printf_char_file
    noretval__2printf.o(.text) refers to uart.o(.data) for __stdout
    __printf.o(.text) refers to _printf_percent.o(.ARM.Collect$$_printf_percent$$00000000) for _printf_percent
    _printf_str.o(.text) refers (Special) to _printf_char.o(.text) for _printf_cs_common
    __printf_flags.o(.text) refers to _printf_percent.o(.ARM.Collect$$_printf_percent$$00000000) for _printf_percent
    __printf_flags.o(.text) refers to __printf_flags.o(.constdata) for .constdata
    __printf_ss.o(.text) refers to _printf_percent.o(.ARM.Collect$$_printf_percent$$00000000) for _printf_percent
    __printf_flags_ss.o(.text) refers to _printf_percent.o(.ARM.Collect$$_printf_percent$$00000000) for _printf_percent
    __printf_flags_ss.o(.text) refers to __printf_flags_ss.o(.constdata) for .constdata
    __printf_wp.o(.text) refers to __printf_wp.o(i._is_digit) for _is_digit
    __printf_wp.o(.text) refers to _printf_percent.o(.ARM.Collect$$_printf_percent$$00000000) for _printf_percent
    __printf_flags_wp.o(.text) refers to __printf_wp.o(i._is_digit) for _is_digit
    __printf_flags_wp.o(.text) refers to _printf_percent.o(.ARM.Collect$$_printf_percent$$00000000) for _printf_percent
    __printf_flags_wp.o(.text) refers to __printf_flags_wp.o(.constdata) for .constdata
    __printf_ss_wp.o(.text) refers to __printf_wp.o(i._is_digit) for _is_digit
    __printf_ss_wp.o(.text) refers to _printf_percent.o(.ARM.Collect$$_printf_percent$$00000000) for _printf_percent
    __printf_flags_ss_wp.o(.text) refers to __printf_wp.o(i._is_digit) for _is_digit
    __printf_flags_ss_wp.o(.text) refers to _printf_percent.o(.ARM.Collect$$_printf_percent$$00000000) for _printf_percent
    __printf_flags_ss_wp.o(.text) refers to __printf_flags_ss_wp.o(.constdata) for .constdata
    _printf_s.o(.ARM.Collect$$_printf_percent$$00000014) refers (Weak) to _printf_char.o(.text) for _printf_string
    _printf_percent.o(.ARM.Collect$$_printf_percent$$00000000) refers (Special) to _printf_percent_end.o(.ARM.Collect$$_printf_percent$$00000017) for _printf_percent_end
    strcasecmp.o(.text) refers to tolower.o(.text) for tolower
    __main.o(!!!main) refers to rtentry.o(.ARM.Collect$$rtentry$$00000000) for __rt_entry
    rtentry.o(.ARM.Collect$$rtentry$$00000000) refers (Special) to rtentry2.o(.ARM.Collect$$rtentry$$0000000A) for __rt_entry_li
    rtentry.o(.ARM.Collect$$rtentry$$00000000) refers (Special) to rtentry2.o(.ARM.Collect$$rtentry$$0000000D) for __rt_entry_main
    rtentry.o(.ARM.Collect$$rtentry$$00000000) refers (Special) to rtentry2.o(.ARM.Collect$$rtentry$$0000000C) for __rt_entry_postli_1
    rtentry.o(.ARM.Collect$$rtentry$$00000000) refers (Special) to rtentry2.o(.ARM.Collect$$rtentry$$00000009) for __rt_entry_postsh_1
    rtentry.o(.ARM.Collect$$rtentry$$00000000) refers (Special) to rtentry2.o(.ARM.Collect$$rtentry$$00000002) for __rt_entry_presh_1
    rtentry.o(.ARM.Collect$$rtentry$$00000000) refers (Special) to rtentry4.o(.ARM.Collect$$rtentry$$00000004) for __rt_entry_sh
    tolower.o(.text) refers to rt_ctype_table.o(.text) for __rt_ctype_table
    _printf_char.o(.text) refers (Weak) to _printf_str.o(.text) for _printf_str
    _printf_char_file.o(.text) refers to _printf_char_common.o(.text) for _printf_char_common
    _printf_char_file.o(.text) refers to ferror.o(.text) for ferror
    _printf_char_file.o(.text) refers to uart.o(.text) for fputc
    rtentry2.o(.ARM.Collect$$rtentry$$00000008) refers to boardinit2.o(.text) for _platform_post_stackheap_init
    rtentry2.o(.ARM.Collect$$rtentry$$0000000A) refers to libinit.o(.ARM.Collect$$libinit$$00000000) for __rt_lib_init
    rtentry2.o(.ARM.Collect$$rtentry$$0000000B) refers to boardinit3.o(.text) for _platform_post_lib_init
    rtentry2.o(.ARM.Collect$$rtentry$$0000000D) refers to main.o(.text) for main
    rtentry2.o(.ARM.Collect$$rtentry$$0000000D) refers to exit.o(.text) for exit
    rtentry2.o(.ARM.exidx) refers to rtentry2.o(.ARM.Collect$$rtentry$$00000001) for .ARM.Collect$$rtentry$$00000001
    rtentry2.o(.ARM.exidx) refers to rtentry2.o(.ARM.Collect$$rtentry$$00000008) for .ARM.Collect$$rtentry$$00000008
    rtentry2.o(.ARM.exidx) refers to rtentry2.o(.ARM.Collect$$rtentry$$0000000A) for .ARM.Collect$$rtentry$$0000000A
    rtentry2.o(.ARM.exidx) refers to rtentry2.o(.ARM.Collect$$rtentry$$0000000B) for .ARM.Collect$$rtentry$$0000000B
    rtentry2.o(.ARM.exidx) refers to rtentry2.o(.ARM.Collect$$rtentry$$0000000D) for .ARM.Collect$$rtentry$$0000000D
    rtentry4.o(.ARM.Collect$$rtentry$$00000004) refers to sys_stackheap_outer.o(.text) for __user_setup_stackheap
    rtentry4.o(.ARM.exidx) refers to rtentry4.o(.ARM.Collect$$rtentry$$00000004) for .ARM.Collect$$rtentry$$00000004
    rt_ctype_table.o(.text) refers to rt_locale_intlibspace.o(.text) for __rt_locale
    rt_ctype_table.o(.text) refers to lc_ctype_c.o(locale$$code) for _get_lc_ctype
    _printf_char_common.o(.text) refers to __printf.o(.text) for __printf
    sys_stackheap_outer.o(.text) refers to libspace.o(.text) for __user_perproc_libspace
    sys_stackheap_outer.o(.text) refers to startup_stm32f37x.o(.text) for __user_initial_stackheap
    rt_locale.o(.text) refers to rt_locale.o(.bss) for __rt_locale_data
    rt_locale_intlibspace.o(.text) refers to libspace.o(.bss) for __libspace_start
    lc_ctype_c.o(locale$$data) refers (Special) to libinit2.o(.ARM.Collect$$libinit$$00000010) for __rt_lib_init_lc_ctype_2
    lc_ctype_c.o(locale$$code) refers (Special) to libinit2.o(.ARM.Collect$$libinit$$00000010) for __rt_lib_init_lc_ctype_2
    lc_ctype_c.o(locale$$code) refers to strcmpv7m.o(.text) for strcmp
    lc_ctype_c.o(locale$$code) refers to lc_ctype_c.o(locale$$data) for __lcctype_c_name
    exit.o(.text) refers to rtexit.o(.ARM.Collect$$rtexit$$00000000) for __rt_exit
    libinit.o(.ARM.Collect$$libinit$$00000000) refers (Special) to libinit2.o(.ARM.Collect$$libinit$$0000002C) for __rt_lib_init_alloca_1
    libinit.o(.ARM.Collect$$libinit$$00000000) refers (Special) to libinit2.o(.ARM.Collect$$libinit$$0000002A) for __rt_lib_init_argv_1
    libinit.o(.ARM.Collect$$libinit$$00000000) refers (Special) to libinit2.o(.ARM.Collect$$libinit$$00000019) for __rt_lib_init_atexit_1
    libinit.o(.ARM.Collect$$libinit$$00000000) refers (Special) to libinit2.o(.ARM.Collect$$libinit$$0000001F) for __rt_lib_init_clock_1
    libinit.o(.ARM.Collect$$libinit$$00000000) refers (Special) to libinit2.o(.ARM.Collect$$libinit$$00000030) for __rt_lib_init_cpp_1
    libinit.o(.ARM.Collect$$libinit$$00000000) refers (Special) to libinit2.o(.ARM.Collect$$libinit$$0000002E) for __rt_lib_init_exceptions_1
    libinit.o(.ARM.Collect$$libinit$$00000000) refers (Special) to libinit2.o(.ARM.Collect$$libinit$$00000001) for __rt_lib_init_fp_1
    libinit.o(.ARM.Collect$$libinit$$00000000) refers (Special) to libinit2.o(.ARM.Collect$$libinit$$0000001D) for __rt_lib_init_fp_trap_1
    libinit.o(.ARM.Collect$$libinit$$00000000) refers (Special) to libinit2.o(.ARM.Collect$$libinit$$00000021) for __rt_lib_init_getenv_1
    libinit.o(.ARM.Collect$$libinit$$00000000) refers (Special) to libinit2.o(.ARM.Collect$$libinit$$00000008) for __rt_lib_init_heap_1
    libinit.o(.ARM.Collect$$libinit$$00000000) refers (Special) to libinit2.o(.ARM.Collect$$libinit$$0000000F) for __rt_lib_init_lc_collate_1
    libinit.o(.ARM.Collect$$libinit$$00000000) refers (Special) to libinit2.o(.ARM.Collect$$libinit$$00000011) for __rt_lib_init_lc_ctype_1
    libinit.o(.ARM.Collect$$libinit$$00000000) refers (Special) to libinit2.o(.ARM.Collect$$libinit$$00000013) for __rt_lib_init_lc_monetary_1
    libinit.o(.ARM.Collect$$libinit$$00000000) refers (Special) to libinit2.o(.ARM.Collect$$libinit$$00000015) for __rt_lib_init_lc_numeric_1
    libinit.o(.ARM.Collect$$libinit$$00000000) refers (Special) to libinit2.o(.ARM.Collect$$libinit$$00000017) for __rt_lib_init_lc_time_1
    libinit.o(.ARM.Collect$$libinit$$00000000) refers (Special) to libinit2.o(.ARM.Collect$$libinit$$0000000C) for __rt_lib_init_rand_1
    libinit.o(.ARM.Collect$$libinit$$00000000) refers (Special) to libinit2.o(.ARM.Collect$$libinit$$00000031) for __rt_lib_init_return
    libinit.o(.ARM.Collect$$libinit$$00000000) refers (Special) to libinit2.o(.ARM.Collect$$libinit$$0000001B) for __rt_lib_init_signal_1
    libinit.o(.ARM.Collect$$libinit$$00000000) refers (Special) to libinit2.o(.ARM.Collect$$libinit$$00000023) for __rt_lib_init_stdio_1
    libinit.o(.ARM.Collect$$libinit$$00000000) refers (Special) to libinit2.o(.ARM.Collect$$libinit$$0000000A) for __rt_lib_init_user_alloc_1
    libspace.o(.text) refers to libspace.o(.bss) for __libspace_start
    rtexit.o(.ARM.Collect$$rtexit$$00000000) refers (Special) to rtexit2.o(.ARM.Collect$$rtexit$$00000004) for __rt_exit_exit
    rtexit.o(.ARM.Collect$$rtexit$$00000000) refers (Special) to rtexit2.o(.ARM.Collect$$rtexit$$00000003) for __rt_exit_ls
    rtexit.o(.ARM.Collect$$rtexit$$00000000) refers (Special) to rtexit2.o(.ARM.Collect$$rtexit$$00000002) for __rt_exit_prels_1
    rtexit.o(.ARM.exidx) refers (Special) to rtexit2.o(.ARM.Collect$$rtexit$$00000004) for __rt_exit_exit
    rtexit.o(.ARM.exidx) refers (Special) to rtexit2.o(.ARM.Collect$$rtexit$$00000003) for __rt_exit_ls
    rtexit.o(.ARM.exidx) refers (Special) to rtexit2.o(.ARM.Collect$$rtexit$$00000002) for __rt_exit_prels_1
    rtexit.o(.ARM.exidx) refers to rtexit.o(.ARM.Collect$$rtexit$$00000000) for .ARM.Collect$$rtexit$$00000000
    libinit2.o(.ARM.Collect$$libinit$$00000001) refers to fpinit.o(x$fpl$fpinit) for _fp_init
    libinit2.o(.ARM.Collect$$libinit$$0000000D) refers (Weak) to rt_locale_intlibspace.o(.text) for __rt_locale
    libinit2.o(.ARM.Collect$$libinit$$0000000E) refers to libinit2.o(.ARM.Collect$$libinit$$0000000D) for .ARM.Collect$$libinit$$0000000D
    libinit2.o(.ARM.Collect$$libinit$$00000010) refers to libinit2.o(.ARM.Collect$$libinit$$0000000D) for .ARM.Collect$$libinit$$0000000D
    libinit2.o(.ARM.Collect$$libinit$$00000010) refers (Weak) to lc_ctype_c.o(locale$$code) for _get_lc_ctype
    libinit2.o(.ARM.Collect$$libinit$$00000012) refers to libinit2.o(.ARM.Collect$$libinit$$0000000D) for .ARM.Collect$$libinit$$0000000D
    libinit2.o(.ARM.Collect$$libinit$$00000014) refers to libinit2.o(.ARM.Collect$$libinit$$0000000D) for .ARM.Collect$$libinit$$0000000D
    libinit2.o(.ARM.Collect$$libinit$$00000016) refers to libinit2.o(.ARM.Collect$$libinit$$0000000D) for .ARM.Collect$$libinit$$0000000D
    libinit2.o(.ARM.Collect$$libinit$$00000024) refers to argv_veneer.o(.emb_text) for __ARM_argv_veneer
    libinit2.o(.ARM.Collect$$libinit$$00000025) refers to argv_veneer.o(.emb_text) for __ARM_argv_veneer
    rtexit2.o(.ARM.Collect$$rtexit$$00000003) refers to libshutdown.o(.ARM.Collect$$libshutdown$$00000000) for __rt_lib_shutdown
    rtexit2.o(.ARM.Collect$$rtexit$$00000004) refers to uart.o(.text) for _sys_exit
    rtexit2.o(.ARM.exidx) refers to rtexit2.o(.ARM.Collect$$rtexit$$00000001) for .ARM.Collect$$rtexit$$00000001
    rtexit2.o(.ARM.exidx) refers to rtexit2.o(.ARM.Collect$$rtexit$$00000003) for .ARM.Collect$$rtexit$$00000003
    rtexit2.o(.ARM.exidx) refers to rtexit2.o(.ARM.Collect$$rtexit$$00000004) for .ARM.Collect$$rtexit$$00000004
    argv_veneer.o(.emb_text) refers to no_argv.o(.text) for __ARM_get_argv
    _get_argv_nomalloc.o(.text) refers (Special) to hrguard.o(.text) for __heap_region$guard
    _get_argv_nomalloc.o(.text) refers to defsig_rtmem_outer.o(.text) for __rt_SIGRTMEM
    _get_argv_nomalloc.o(.text) refers to sys_command.o(.text) for _sys_command_string
    libshutdown.o(.ARM.Collect$$libshutdown$$00000000) refers (Special) to libshutdown2.o(.ARM.Collect$$libshutdown$$00000006) for __rt_lib_shutdown_fp_trap_1
    libshutdown.o(.ARM.Collect$$libshutdown$$00000000) refers (Special) to libshutdown2.o(.ARM.Collect$$libshutdown$$0000000E) for __rt_lib_shutdown_heap_1
    libshutdown.o(.ARM.Collect$$libshutdown$$00000000) refers (Special) to libshutdown2.o(.ARM.Collect$$libshutdown$$0000000F) for __rt_lib_shutdown_return
    libshutdown.o(.ARM.Collect$$libshutdown$$00000000) refers (Special) to libshutdown2.o(.ARM.Collect$$libshutdown$$00000009) for __rt_lib_shutdown_signal_1
    libshutdown.o(.ARM.Collect$$libshutdown$$00000000) refers (Special) to libshutdown2.o(.ARM.Collect$$libshutdown$$00000003) for __rt_lib_shutdown_stdio_1
    libshutdown.o(.ARM.Collect$$libshutdown$$00000000) refers (Special) to libshutdown2.o(.ARM.Collect$$libshutdown$$0000000B) for __rt_lib_shutdown_user_alloc_1
    sys_command.o(.text) refers (Special) to use_no_semi.o(.text) for __I$use$semihosting
    sys_command.o(.text) refers (Special) to indicate_semi.o(.text) for __semihosting_library_function
    defsig_rtmem_outer.o(.text) refers to defsig_rtmem_inner.o(.text) for __rt_SIGRTMEM_inner
    defsig_rtmem_outer.o(.text) refers to defsig_exit.o(.text) for __sig_exit
    defsig_rtmem_formal.o(.text) refers to rt_raise.o(.text) for __rt_raise
    rt_raise.o(.text) refers to __raise.o(.text) for __raise
    rt_raise.o(.text) refers to uart.o(.text) for _sys_exit
    defsig_exit.o(.text) refers to uart.o(.text) for _sys_exit
    defsig_rtmem_inner.o(.text) refers to defsig_general.o(.text) for __default_signal_display
    __raise.o(.text) refers to defsig.o(CL$$defsig) for __default_signal_handler
    defsig_general.o(.text) refers to sys_wrch.o(.text) for _ttywrch
    sys_wrch.o(.text) refers (Special) to use_no_semi.o(.text) for __I$use$semihosting
    sys_wrch.o(.text) refers (Special) to indicate_semi.o(.text) for __semihosting_library_function
    defsig.o(CL$$defsig) refers to defsig_rtmem_inner.o(.text) for __rt_SIGRTMEM_inner
    defsig_abrt_inner.o(.text) refers to defsig_general.o(.text) for __default_signal_display
    defsig_fpe_inner.o(.text) refers to defsig_general.o(.text) for __default_signal_display
    defsig_rtred_inner.o(.text) refers to defsig_general.o(.text) for __default_signal_display
    defsig_stak_inner.o(.text) refers to defsig_general.o(.text) for __default_signal_display
    defsig_pvfn_inner.o(.text) refers to defsig_general.o(.text) for __default_signal_display
    defsig_cppl_inner.o(.text) refers to defsig_general.o(.text) for __default_signal_display
    defsig_segv_inner.o(.text) refers to defsig_general.o(.text) for __default_signal_display
    defsig_other.o(.text) refers to defsig_general.o(.text) for __default_signal_display


==============================================================================

Removing Unused input sections from the image.

    Removing system_stm32f37x.o(.rev16_text), (4 bytes).
    Removing system_stm32f37x.o(.revsh_text), (4 bytes).
    Removing main.o(.rev16_text), (4 bytes).
    Removing main.o(.revsh_text), (4 bytes).
    Removing w25x16.o(.rev16_text), (4 bytes).
    Removing w25x16.o(.revsh_text), (4 bytes).
    Removing w25x16.o(.text), (1272 bytes).
    Removing fatapp.o(.rev16_text), (4 bytes).
    Removing fatapp.o(.revsh_text), (4 bytes).
    Removing fatapp.o(.text), (956 bytes).
    Removing fatapp.o(.bss), (3062 bytes).
    Removing fatapp.o(.data), (160 bytes).
    Removing ili9328.o(.rev16_text), (4 bytes).
    Removing ili9328.o(.revsh_text), (4 bytes).
    Removing ili9328.o(.text), (2952 bytes).
    Removing ili9328.o(.bss), (32 bytes).
    Removing ili9328.o(.constdata), (1520 bytes).
    Removing ili9328.o(.data), (4 bytes).
    Removing sd.o(.rev16_text), (4 bytes).
    Removing sd.o(.revsh_text), (4 bytes).
    Removing uart.o(.rev16_text), (4 bytes).
    Removing uart.o(.revsh_text), (4 bytes).
    Removing stm32f37x_spi.o(.rev16_text), (4 bytes).
    Removing stm32f37x_spi.o(.revsh_text), (4 bytes).
    Removing stm32f37x_gpio.o(.rev16_text), (4 bytes).
    Removing stm32f37x_gpio.o(.revsh_text), (4 bytes).
    Removing stm32f37x_rcc.o(.rev16_text), (4 bytes).
    Removing stm32f37x_rcc.o(.revsh_text), (4 bytes).
    Removing stm32f37x_usart.o(.rev16_text), (4 bytes).
    Removing stm32f37x_usart.o(.revsh_text), (4 bytes).
    Removing diskio.o(.rev16_text), (4 bytes).
    Removing diskio.o(.revsh_text), (4 bytes).
    Removing diskio.o(.bss), (76 bytes).
    Removing cc936.o(.rev16_text), (4 bytes).
    Removing cc936.o(.revsh_text), (4 bytes).
    Removing cc936.o(.text), (432 bytes).
    Removing cc936.o(.constdata), (960 bytes).

37 unused section(s) (total 11530 bytes) removed from the image.

==============================================================================

Image Symbol Table

    Local Symbols

    Symbol Name                              Value     Ov Type        Size  Object(Section)

    ../clib/angel/boardlib.s                 0x00000000   Number         0  boardshut.o ABSOLUTE
    ../clib/angel/boardlib.s                 0x00000000   Number         0  boardinit3.o ABSOLUTE
    ../clib/angel/boardlib.s                 0x00000000   Number         0  boardinit1.o ABSOLUTE
    ../clib/angel/boardlib.s                 0x00000000   Number         0  boardinit2.o ABSOLUTE
    ../clib/angel/handlers.s                 0x00000000   Number         0  __scatter_copy.o ABSOLUTE
    ../clib/angel/handlers.s                 0x00000000   Number         0  __scatter_zi.o ABSOLUTE
    ../clib/angel/kernel.s                   0x00000000   Number         0  rtexit.o ABSOLUTE
    ../clib/angel/kernel.s                   0x00000000   Number         0  rtentry4.o ABSOLUTE
    ../clib/angel/kernel.s                   0x00000000   Number         0  rtentry.o ABSOLUTE
    ../clib/angel/kernel.s                   0x00000000   Number         0  rtexit2.o ABSOLUTE
    ../clib/angel/kernel.s                   0x00000000   Number         0  rtentry2.o ABSOLUTE
    ../clib/angel/rt.s                       0x00000000   Number         0  rt_locale.o ABSOLUTE
    ../clib/angel/rt.s                       0x00000000   Number         0  rt_locale_intlibspace.o ABSOLUTE
    ../clib/angel/rt.s                       0x00000000   Number         0  rt_ctype_table.o ABSOLUTE
    ../clib/angel/rt.s                       0x00000000   Number         0  rt_raise.o ABSOLUTE
    ../clib/angel/scatter.s                  0x00000000   Number         0  __scatter.o ABSOLUTE
    ../clib/angel/startup.s                  0x00000000   Number         0  __main.o ABSOLUTE
    ../clib/angel/sys.s                      0x00000000   Number         0  indicate_semi.o ABSOLUTE
    ../clib/angel/sys.s                      0x00000000   Number         0  libspace.o ABSOLUTE
    ../clib/angel/sys.s                      0x00000000   Number         0  use_no_semi.o ABSOLUTE
    ../clib/angel/sys.s                      0x00000000   Number         0  use_no_semi_2.o ABSOLUTE
    ../clib/angel/sys.s                      0x00000000   Number         0  sys_stackheap_outer.o ABSOLUTE
    ../clib/angel/sysapp.c                   0x00000000   Number         0  sys_command.o ABSOLUTE
    ../clib/angel/sysapp.c                   0x00000000   Number         0  sys_wrch.o ABSOLUTE
    ../clib/armsys.c                         0x00000000   Number         0  argv_veneer.o ABSOLUTE
    ../clib/armsys.c                         0x00000000   Number         0  no_argv.o ABSOLUTE
    ../clib/armsys.c                         0x00000000   Number         0  _get_argv_nomalloc.o ABSOLUTE
    ../clib/armsys.c                         0x00000000   Number         0  argv_veneer.o ABSOLUTE
    ../clib/ctype.c                          0x00000000   Number         0  tolower.o ABSOLUTE
    ../clib/heapalloc.c                      0x00000000   Number         0  hrguard.o ABSOLUTE
    ../clib/heapaux.c                        0x00000000   Number         0  heapauxi.o ABSOLUTE
    ../clib/libinit.s                        0x00000000   Number         0  libshutdown.o ABSOLUTE
    ../clib/libinit.s                        0x00000000   Number         0  libinit2.o ABSOLUTE
    ../clib/libinit.s                        0x00000000   Number         0  libinit.o ABSOLUTE
    ../clib/libinit.s                        0x00000000   Number         0  libshutdown2.o ABSOLUTE
    ../clib/locale.s                         0x00000000   Number         0  lc_ctype_c.o ABSOLUTE
    ../clib/memcpset.s                       0x00000000   Number         0  rt_memcpy_w.o ABSOLUTE
    ../clib/memcpset.s                       0x00000000   Number         0  strcmpv7m.o ABSOLUTE
    ../clib/printf.c                         0x00000000   Number         0  __printf_nopercent.o ABSOLUTE
    ../clib/printf.c                         0x00000000   Number         0  _printf_char_common.o ABSOLUTE
    ../clib/printf.c                         0x00000000   Number         0  __printf_flags_ss.o ABSOLUTE
    ../clib/printf.c                         0x00000000   Number         0  __printf_ss.o ABSOLUTE
    ../clib/printf.c                         0x00000000   Number         0  __printf_flags_ss_wp.o ABSOLUTE
    ../clib/printf.c                         0x00000000   Number         0  __printf_ss_wp.o ABSOLUTE
    ../clib/printf.c                         0x00000000   Number         0  __printf_flags_wp.o ABSOLUTE
    ../clib/printf.c                         0x00000000   Number         0  __printf_wp.o ABSOLUTE
    ../clib/printf.c                         0x00000000   Number         0  _printf_char_file.o ABSOLUTE
    ../clib/printf.c                         0x00000000   Number         0  _printf_str.o ABSOLUTE
    ../clib/printf.c                         0x00000000   Number         0  __printf.o ABSOLUTE
    ../clib/printf.c                         0x00000000   Number         0  __printf_flags.o ABSOLUTE
    ../clib/printf.c                         0x00000000   Number         0  noretval__2printf.o ABSOLUTE
    ../clib/printf.c                         0x00000000   Number         0  __2printf.o ABSOLUTE
    ../clib/printf.c                         0x00000000   Number         0  _printf_char.o ABSOLUTE
    ../clib/printf_percent.s                 0x00000000   Number         0  _printf_percent.o ABSOLUTE
    ../clib/printf_percent.s                 0x00000000   Number         0  _printf_percent_end.o ABSOLUTE
    ../clib/printf_percent.s                 0x00000000   Number         0  _printf_s.o ABSOLUTE
    ../clib/signal.c                         0x00000000   Number         0  defsig_other.o ABSOLUTE
    ../clib/signal.c                         0x00000000   Number         0  defsig_segv_inner.o ABSOLUTE
    ../clib/signal.c                         0x00000000   Number         0  defsig_cppl_inner.o ABSOLUTE
    ../clib/signal.c                         0x00000000   Number         0  defsig_stak_inner.o ABSOLUTE
    ../clib/signal.c                         0x00000000   Number         0  defsig_rtmem_formal.o ABSOLUTE
    ../clib/signal.c                         0x00000000   Number         0  defsig_fpe_inner.o ABSOLUTE
    ../clib/signal.c                         0x00000000   Number         0  defsig_rtred_inner.o ABSOLUTE
    ../clib/signal.c                         0x00000000   Number         0  defsig_rtmem_outer.o ABSOLUTE
    ../clib/signal.c                         0x00000000   Number         0  defsig_rtmem_inner.o ABSOLUTE
    ../clib/signal.c                         0x00000000   Number         0  defsig_general.o ABSOLUTE
    ../clib/signal.c                         0x00000000   Number         0  defsig_pvfn_inner.o ABSOLUTE
    ../clib/signal.c                         0x00000000   Number         0  __raise.o ABSOLUTE
    ../clib/signal.c                         0x00000000   Number         0  defsig_abrt_inner.o ABSOLUTE
    ../clib/signal.c                         0x00000000   Number         0  defsig_exit.o ABSOLUTE
    ../clib/signal.s                         0x00000000   Number         0  defsig.o ABSOLUTE
    ../clib/stdio.c                          0x00000000   Number         0  ferror.o ABSOLUTE
    ../clib/stdio.c                          0x00000000   Number         0  ferror_locked.o ABSOLUTE
    ../clib/stdlib.c                         0x00000000   Number         0  exit.o ABSOLUTE
    ../clib/string.c                         0x00000000   Number         0  strlen.o ABSOLUTE
    ../clib/string.c                         0x00000000   Number         0  strcasecmp.o ABSOLUTE
    ../clib/string.c                         0x00000000   Number         0  strcpy.o ABSOLUTE
    ../fplib/fpinit.s                        0x00000000   Number         0  fpinit.o ABSOLUTE
    ..\\drive\\fatapp.c                      0x00000000   Number         0  fatapp.o ABSOLUTE
    ..\\drive\\ili9328.c                     0x00000000   Number         0  ili9328.o ABSOLUTE
    ..\\drive\\sd.c                          0x00000000   Number         0  sd.o ABSOLUTE
    ..\\drive\\uart.c                        0x00000000   Number         0  uart.o ABSOLUTE
    ..\\drive\\w25x16.c                      0x00000000   Number         0  w25x16.o ABSOLUTE
    ..\\ff\\FatFs_vR0.08a\\diskio.c          0x00000000   Number         0  diskio.o ABSOLUTE
    ..\\ff\\FatFs_vR0.08a\\option\\cc936.c   0x00000000   Number         0  cc936.o ABSOLUTE
    ..\\lib\\src\\stm32f37x_gpio.c           0x00000000   Number         0  stm32f37x_gpio.o ABSOLUTE
    ..\\lib\\src\\stm32f37x_rcc.c            0x00000000   Number         0  stm32f37x_rcc.o ABSOLUTE
    ..\\lib\\src\\stm32f37x_spi.c            0x00000000   Number         0  stm32f37x_spi.o ABSOLUTE
    ..\\lib\\src\\stm32f37x_usart.c          0x00000000   Number         0  stm32f37x_usart.o ABSOLUTE
    ..\\stm32f3\\system_stm32f37x.c          0x00000000   Number         0  system_stm32f37x.o ABSOLUTE
    ..\drive\fatapp.c                        0x00000000   Number         0  fatapp.o ABSOLUTE
    ..\drive\ili9328.c                       0x00000000   Number         0  ili9328.o ABSOLUTE
    ..\drive\sd.c                            0x00000000   Number         0  sd.o ABSOLUTE
    ..\drive\uart.c                          0x00000000   Number         0  uart.o ABSOLUTE
    ..\drive\w25x16.c                        0x00000000   Number         0  w25x16.o ABSOLUTE
    ..\ff\FatFs_vR0.08a\diskio.c             0x00000000   Number         0  diskio.o ABSOLUTE
    ..\ff\FatFs_vR0.08a\ff.c                 0x00000000   Number         0  ff.o ABSOLUTE
    ..\ff\FatFs_vR0.08a\option\cc936.c       0x00000000   Number         0  cc936.o ABSOLUTE
    ..\lib\src\stm32f37x_gpio.c              0x00000000   Number         0  stm32f37x_gpio.o ABSOLUTE
    ..\lib\src\stm32f37x_rcc.c               0x00000000   Number         0  stm32f37x_rcc.o ABSOLUTE
    ..\lib\src\stm32f37x_spi.c               0x00000000   Number         0  stm32f37x_spi.o ABSOLUTE
    ..\lib\src\stm32f37x_usart.c             0x00000000   Number         0  stm32f37x_usart.o ABSOLUTE
    ..\stm32f3\system_stm32f37x.c            0x00000000   Number         0  system_stm32f37x.o ABSOLUTE
    dc.s                                     0x00000000   Number         0  dc.o ABSOLUTE
    main.c                                   0x00000000   Number         0  main.o ABSOLUTE
    main.c                                   0x00000000   Number         0  main.o ABSOLUTE
    startup_stm32f37x.s                      0x00000000   Number         0  startup_stm32f37x.o ABSOLUTE
    RESET                                    0x08000000   Section      392  startup_stm32f37x.o(RESET)
    !!!main                                  0x08000188   Section        8  __main.o(!!!main)
    !!!scatter                               0x08000190   Section       52  __scatter.o(!!!scatter)
    !!handler_copy                           0x080001c4   Section       26  __scatter_copy.o(!!handler_copy)
    !!handler_zi                             0x080001e0   Section       28  __scatter_zi.o(!!handler_zi)
    .ARM.Collect$$_printf_percent$$00000000  0x080001fc   Section        0  _printf_percent.o(.ARM.Collect$$_printf_percent$$00000000)
    .ARM.Collect$$_printf_percent$$00000014  0x080001fc   Section        6  _printf_s.o(.ARM.Collect$$_printf_percent$$00000014)
    .ARM.Collect$$_printf_percent$$00000017  0x08000202   Section        4  _printf_percent_end.o(.ARM.Collect$$_printf_percent$$00000017)
    .ARM.Collect$$libinit$$00000000          0x08000206   Section        2  libinit.o(.ARM.Collect$$libinit$$00000000)
    .ARM.Collect$$libinit$$00000001          0x08000208   Section        4  libinit2.o(.ARM.Collect$$libinit$$00000001)
    .ARM.Collect$$libinit$$00000008          0x0800020c   Section        0  libinit2.o(.ARM.Collect$$libinit$$00000008)
    .ARM.Collect$$libinit$$0000000A          0x0800020c   Section        0  libinit2.o(.ARM.Collect$$libinit$$0000000A)
    .ARM.Collect$$libinit$$0000000C          0x0800020c   Section        0  libinit2.o(.ARM.Collect$$libinit$$0000000C)
    .ARM.Collect$$libinit$$0000000F          0x0800020c   Section        0  libinit2.o(.ARM.Collect$$libinit$$0000000F)
    .ARM.Collect$$libinit$$00000011          0x0800020c   Section        0  libinit2.o(.ARM.Collect$$libinit$$00000011)
    .ARM.Collect$$libinit$$00000013          0x0800020c   Section        0  libinit2.o(.ARM.Collect$$libinit$$00000013)
    .ARM.Collect$$libinit$$00000015          0x0800020c   Section        0  libinit2.o(.ARM.Collect$$libinit$$00000015)
    .ARM.Collect$$libinit$$00000017          0x0800020c   Section        0  libinit2.o(.ARM.Collect$$libinit$$00000017)
    .ARM.Collect$$libinit$$00000019          0x0800020c   Section        0  libinit2.o(.ARM.Collect$$libinit$$00000019)
    .ARM.Collect$$libinit$$0000001B          0x0800020c   Section        0  libinit2.o(.ARM.Collect$$libinit$$0000001B)
    .ARM.Collect$$libinit$$0000001D          0x0800020c   Section        0  libinit2.o(.ARM.Collect$$libinit$$0000001D)
    .ARM.Collect$$libinit$$0000001F          0x0800020c   Section        0  libinit2.o(.ARM.Collect$$libinit$$0000001F)
    .ARM.Collect$$libinit$$00000021          0x0800020c   Section        0  libinit2.o(.ARM.Collect$$libinit$$00000021)
    .ARM.Collect$$libinit$$00000023          0x0800020c   Section        0  libinit2.o(.ARM.Collect$$libinit$$00000023)
    .ARM.Collect$$libinit$$0000002A          0x0800020c   Section        0  libinit2.o(.ARM.Collect$$libinit$$0000002A)
    .ARM.Collect$$libinit$$0000002C          0x0800020c   Section        0  libinit2.o(.ARM.Collect$$libinit$$0000002C)
    .ARM.Collect$$libinit$$0000002E          0x0800020c   Section        0  libinit2.o(.ARM.Collect$$libinit$$0000002E)
    .ARM.Collect$$libinit$$00000030          0x0800020c   Section        0  libinit2.o(.ARM.Collect$$libinit$$00000030)
    .ARM.Collect$$libinit$$00000031          0x0800020c   Section        2  libinit2.o(.ARM.Collect$$libinit$$00000031)
    .ARM.Collect$$libshutdown$$00000000      0x0800020e   Section        2  libshutdown.o(.ARM.Collect$$libshutdown$$00000000)
    .ARM.Collect$$libshutdown$$00000003      0x08000210   Section        0  libshutdown2.o(.ARM.Collect$$libshutdown$$00000003)
    .ARM.Collect$$libshutdown$$00000006      0x08000210   Section        0  libshutdown2.o(.ARM.Collect$$libshutdown$$00000006)
    .ARM.Collect$$libshutdown$$00000009      0x08000210   Section        0  libshutdown2.o(.ARM.Collect$$libshutdown$$00000009)
    .ARM.Collect$$libshutdown$$0000000B      0x08000210   Section        0  libshutdown2.o(.ARM.Collect$$libshutdown$$0000000B)
    .ARM.Collect$$libshutdown$$0000000E      0x08000210   Section        0  libshutdown2.o(.ARM.Collect$$libshutdown$$0000000E)
    .ARM.Collect$$libshutdown$$0000000F      0x08000210   Section        2  libshutdown2.o(.ARM.Collect$$libshutdown$$0000000F)
    .ARM.Collect$$rtentry$$00000000          0x08000212   Section        0  rtentry.o(.ARM.Collect$$rtentry$$00000000)
    .ARM.Collect$$rtentry$$00000002          0x08000212   Section        0  rtentry2.o(.ARM.Collect$$rtentry$$00000002)
    .ARM.Collect$$rtentry$$00000004          0x08000212   Section        6  rtentry4.o(.ARM.Collect$$rtentry$$00000004)
    .ARM.Collect$$rtentry$$00000009          0x08000218   Section        0  rtentry2.o(.ARM.Collect$$rtentry$$00000009)
    .ARM.Collect$$rtentry$$0000000A          0x08000218   Section        4  rtentry2.o(.ARM.Collect$$rtentry$$0000000A)
    .ARM.Collect$$rtentry$$0000000C          0x0800021c   Section        0  rtentry2.o(.ARM.Collect$$rtentry$$0000000C)
    .ARM.Collect$$rtentry$$0000000D          0x0800021c   Section        8  rtentry2.o(.ARM.Collect$$rtentry$$0000000D)
    .ARM.Collect$$rtexit$$00000000           0x08000224   Section        2  rtexit.o(.ARM.Collect$$rtexit$$00000000)
    .ARM.Collect$$rtexit$$00000002           0x08000226   Section        0  rtexit2.o(.ARM.Collect$$rtexit$$00000002)
    .ARM.Collect$$rtexit$$00000003           0x08000226   Section        4  rtexit2.o(.ARM.Collect$$rtexit$$00000003)
    .ARM.Collect$$rtexit$$00000004           0x0800022a   Section        6  rtexit2.o(.ARM.Collect$$rtexit$$00000004)
    .text                                    0x08000230   Section       64  startup_stm32f37x.o(.text)
    $v0                                      0x08000230   Number         0  startup_stm32f37x.o(.text)
    .text                                    0x08000270   Section        0  system_stm32f37x.o(.text)
    SetSysClock                              0x08000271   Thumb Code   186  system_stm32f37x.o(.text)
    .text                                    0x08000448   Section        0  main.o(.text)
    .text                                    0x08000658   Section        0  sd.o(.text)
    .text                                    0x08000e84   Section        0  uart.o(.text)
    .text                                    0x08000f78   Section        0  stm32f37x_spi.o(.text)
    .text                                    0x08001310   Section        0  stm32f37x_gpio.o(.text)
    .text                                    0x08001514   Section        0  stm32f37x_rcc.o(.text)
    .text                                    0x08001ab4   Section        0  stm32f37x_usart.o(.text)
    .text                                    0x08001f98   Section        0  diskio.o(.text)
    .text                                    0x0800202c   Section        0  ff.o(.text)
    mem_cpy                                  0x0800202d   Thumb Code    26  ff.o(.text)
    mem_set                                  0x08002047   Thumb Code    20  ff.o(.text)
    mem_cmp                                  0x0800205b   Thumb Code    38  ff.o(.text)
    chk_chr                                  0x08002081   Thumb Code    20  ff.o(.text)
    move_window                              0x08002095   Thumb Code   114  ff.o(.text)
    sync                                     0x08002107   Thumb Code   202  ff.o(.text)
    remove_chain                             0x08002409   Thumb Code   104  ff.o(.text)
    create_chain                             0x08002471   Thumb Code   202  ff.o(.text)
    dir_sdi                                  0x0800253b   Thumb Code   156  ff.o(.text)
    dir_next                                 0x080025d7   Thumb Code   274  ff.o(.text)
    dir_find                                 0x080026e9   Thumb Code    92  ff.o(.text)
    dir_read                                 0x08002745   Thumb Code    86  ff.o(.text)
    dir_register                             0x0800279b   Thumb Code   110  ff.o(.text)
    dir_remove                               0x08002809   Thumb Code    44  ff.o(.text)
    create_name                              0x08002835   Thumb Code   310  ff.o(.text)
    get_fileinfo                             0x0800296b   Thumb Code   152  ff.o(.text)
    follow_path                              0x08002a03   Thumb Code   158  ff.o(.text)
    check_fs                                 0x08002aa1   Thumb Code   138  ff.o(.text)
    chk_mounted                              0x08002b2b   Thumb Code   890  ff.o(.text)
    validate                                 0x08002ea5   Thumb Code    42  ff.o(.text)
    .text                                    0x08003d6a   Section        2  use_no_semi_2.o(.text)
    .text                                    0x08003d6c   Section        0  noretval__2printf.o(.text)
    .text                                    0x08003d84   Section        0  __printf.o(.text)
    .text                                    0x08003dec   Section        0  _printf_str.o(.text)
    .text                                    0x08003e3e   Section        0  heapauxi.o(.text)
    .text                                    0x08003e44   Section        2  use_no_semi.o(.text)
    .text                                    0x08003e46   Section        0  _printf_char.o(.text)
    .text                                    0x08003e74   Section        0  _printf_char_file.o(.text)
    .text                                    0x08003e98   Section        0  _printf_char_common.o(.text)
    _printf_input_char                       0x08003e99   Thumb Code    10  _printf_char_common.o(.text)
    .text                                    0x08003ec8   Section        0  ferror.o(.text)
    .text                                    0x08003ed0   Section       74  sys_stackheap_outer.o(.text)
    .text                                    0x08003f1a   Section        0  exit.o(.text)
    .text                                    0x08003f28   Section        8  libspace.o(.text)
    x$fpl$fpinit                             0x08003f30   Section       10  fpinit.o(x$fpl$fpinit)
    $v0                                      0x08003f30   Number         0  fpinit.o(x$fpl$fpinit)
    .data                                    0x20000000   Section       20  system_stm32f37x.o(.data)
    .data                                    0x20000014   Section       16  main.o(.data)
    .data                                    0x20000024   Section        4  uart.o(.data)
    .data                                    0x20000028   Section       36  stm32f37x_rcc.o(.data)
    APBAHBPrescTable                         0x20000028   Data          16  stm32f37x_rcc.o(.data)
    ADCPrescTable                            0x20000038   Data           4  stm32f37x_rcc.o(.data)
    SDADCPrescTable                          0x2000003c   Data          16  stm32f37x_rcc.o(.data)
    .data                                    0x2000004c   Section        6  ff.o(.data)
    FatFs                                    0x2000004c   Data           4  ff.o(.data)
    Fsid                                     0x20000050   Data           2  ff.o(.data)
    .bss                                     0x20000054   Section     2680  main.o(.bss)
    .bss                                     0x20000acc   Section       96  libspace.o(.bss)
    HEAP                                     0x20000b30   Section      512  startup_stm32f37x.o(HEAP)
    Heap_Mem                                 0x20000b30   Data         512  startup_stm32f37x.o(HEAP)
    STACK                                    0x20000d30   Section     1024  startup_stm32f37x.o(STACK)
    Stack_Mem                                0x20000d30   Data        1024  startup_stm32f37x.o(STACK)
    __initial_sp                             0x20001130   Data           0  startup_stm32f37x.o(STACK)

    Global Symbols

    Symbol Name                              Value     Ov Type        Size  Object(Section)

    BuildAttributes$$THM_ISAv4$E$P$D$K$B$S$7EM$VFPi3$EXTD16$VFPS$VFMA$PE$A:L22UL41UL21$X:L11$S22US41US21$IEEE1$IW$USESV6$~STKCKD$USESV7$~SHL$OSPACE$ROPI$EBA8$UX$STANDARDLIB$REQ8$PRES8$EABIv2 0x00000000   Number         0  anon$$obj.o ABSOLUTE
    __ARM_use_no_argv                        0x00000000   Number         0  main.o ABSOLUTE
    __ARM_exceptions_init                     - Undefined Weak Reference
    __alloca_initialize                       - Undefined Weak Reference
    __cpp_initialize__aeabi_                  - Undefined Weak Reference
    __cxa_finalize                            - Undefined Weak Reference
    __sigvec_lookup                           - Undefined Weak Reference
    _atexit_init                              - Undefined Weak Reference
    _call_atexit_fns                          - Undefined Weak Reference
    _clock_init                               - Undefined Weak Reference
    _fp_trap_init                             - Undefined Weak Reference
    _fp_trap_shutdown                         - Undefined Weak Reference
    _get_lc_collate                           - Undefined Weak Reference
    _get_lc_monetary                          - Undefined Weak Reference
    _get_lc_numeric                           - Undefined Weak Reference
    _get_lc_time                              - Undefined Weak Reference
    _getenv_init                              - Undefined Weak Reference
    _handle_redirection                       - Undefined Weak Reference
    _init_alloc                               - Undefined Weak Reference
    _init_user_alloc                          - Undefined Weak Reference
    _initio                                   - Undefined Weak Reference
    _mutex_acquire                            - Undefined Weak Reference
    _mutex_release                            - Undefined Weak Reference
    _printf_mbtowc                            - Undefined Weak Reference
    _printf_post_padding                      - Undefined Weak Reference
    _printf_pre_padding                       - Undefined Weak Reference
    _rand_init                                - Undefined Weak Reference
    _signal_finish                            - Undefined Weak Reference
    _signal_init                              - Undefined Weak Reference
    _terminate_alloc                          - Undefined Weak Reference
    _terminate_user_alloc                     - Undefined Weak Reference
    _terminateio                              - Undefined Weak Reference
    __Vectors_Size                           0x00000188   Number         0  startup_stm32f37x.o ABSOLUTE
    __Vectors                                0x08000000   Data           4  startup_stm32f37x.o(RESET)
    __Vectors_End                            0x08000188   Data           0  startup_stm32f37x.o(RESET)
    __main                                   0x08000189   Thumb Code     8  __main.o(!!!main)
    __scatterload                            0x08000191   Thumb Code     0  __scatter.o(!!!scatter)
    __scatterload_rt2                        0x08000191   Thumb Code    44  __scatter.o(!!!scatter)
    __scatterload_rt2_thumb_only             0x08000191   Thumb Code     0  __scatter.o(!!!scatter)
    __scatterload_null                       0x0800019f   Thumb Code     0  __scatter.o(!!!scatter)
    __scatterload_copy                       0x080001c5   Thumb Code    26  __scatter_copy.o(!!handler_copy)
    __scatterload_zeroinit                   0x080001e1   Thumb Code    28  __scatter_zi.o(!!handler_zi)
    _printf_percent                          0x080001fd   Thumb Code     0  _printf_percent.o(.ARM.Collect$$_printf_percent$$00000000)
    _printf_s                                0x080001fd   Thumb Code     0  _printf_s.o(.ARM.Collect$$_printf_percent$$00000014)
    _printf_percent_end                      0x08000203   Thumb Code     0  _printf_percent_end.o(.ARM.Collect$$_printf_percent$$00000017)
    __rt_lib_init                            0x08000207   Thumb Code     0  libinit.o(.ARM.Collect$$libinit$$00000000)
    __rt_lib_init_fp_1                       0x08000209   Thumb Code     0  libinit2.o(.ARM.Collect$$libinit$$00000001)
    __rt_lib_init_alloca_1                   0x0800020d   Thumb Code     0  libinit2.o(.ARM.Collect$$libinit$$0000002C)
    __rt_lib_init_argv_1                     0x0800020d   Thumb Code     0  libinit2.o(.ARM.Collect$$libinit$$0000002A)
    __rt_lib_init_atexit_1                   0x0800020d   Thumb Code     0  libinit2.o(.ARM.Collect$$libinit$$00000019)
    __rt_lib_init_clock_1                    0x0800020d   Thumb Code     0  libinit2.o(.ARM.Collect$$libinit$$0000001F)
    __rt_lib_init_cpp_1                      0x0800020d   Thumb Code     0  libinit2.o(.ARM.Collect$$libinit$$00000030)
    __rt_lib_init_exceptions_1               0x0800020d   Thumb Code     0  libinit2.o(.ARM.Collect$$libinit$$0000002E)
    __rt_lib_init_fp_trap_1                  0x0800020d   Thumb Code     0  libinit2.o(.ARM.Collect$$libinit$$0000001D)
    __rt_lib_init_getenv_1                   0x0800020d   Thumb Code     0  libinit2.o(.ARM.Collect$$libinit$$00000021)
    __rt_lib_init_heap_1                     0x0800020d   Thumb Code     0  libinit2.o(.ARM.Collect$$libinit$$00000008)
    __rt_lib_init_lc_collate_1               0x0800020d   Thumb Code     0  libinit2.o(.ARM.Collect$$libinit$$0000000F)
    __rt_lib_init_lc_ctype_1                 0x0800020d   Thumb Code     0  libinit2.o(.ARM.Collect$$libinit$$00000011)
    __rt_lib_init_lc_monetary_1              0x0800020d   Thumb Code     0  libinit2.o(.ARM.Collect$$libinit$$00000013)
    __rt_lib_init_lc_numeric_1               0x0800020d   Thumb Code     0  libinit2.o(.ARM.Collect$$libinit$$00000015)
    __rt_lib_init_lc_time_1                  0x0800020d   Thumb Code     0  libinit2.o(.ARM.Collect$$libinit$$00000017)
    __rt_lib_init_rand_1                     0x0800020d   Thumb Code     0  libinit2.o(.ARM.Collect$$libinit$$0000000C)
    __rt_lib_init_return                     0x0800020d   Thumb Code     0  libinit2.o(.ARM.Collect$$libinit$$00000031)
    __rt_lib_init_signal_1                   0x0800020d   Thumb Code     0  libinit2.o(.ARM.Collect$$libinit$$0000001B)
    __rt_lib_init_stdio_1                    0x0800020d   Thumb Code     0  libinit2.o(.ARM.Collect$$libinit$$00000023)
    __rt_lib_init_user_alloc_1               0x0800020d   Thumb Code     0  libinit2.o(.ARM.Collect$$libinit$$0000000A)
    __rt_lib_shutdown                        0x0800020f   Thumb Code     0  libshutdown.o(.ARM.Collect$$libshutdown$$00000000)
    __rt_lib_shutdown_fp_trap_1              0x08000211   Thumb Code     0  libshutdown2.o(.ARM.Collect$$libshutdown$$00000006)
    __rt_lib_shutdown_heap_1                 0x08000211   Thumb Code     0  libshutdown2.o(.ARM.Collect$$libshutdown$$0000000E)
    __rt_lib_shutdown_return                 0x08000211   Thumb Code     0  libshutdown2.o(.ARM.Collect$$libshutdown$$0000000F)
    __rt_lib_shutdown_signal_1               0x08000211   Thumb Code     0  libshutdown2.o(.ARM.Collect$$libshutdown$$00000009)
    __rt_lib_shutdown_stdio_1                0x08000211   Thumb Code     0  libshutdown2.o(.ARM.Collect$$libshutdown$$00000003)
    __rt_lib_shutdown_user_alloc_1           0x08000211   Thumb Code     0  libshutdown2.o(.ARM.Collect$$libshutdown$$0000000B)
    __rt_entry                               0x08000213   Thumb Code     0  rtentry.o(.ARM.Collect$$rtentry$$00000000)
    __rt_entry_presh_1                       0x08000213   Thumb Code     0  rtentry2.o(.ARM.Collect$$rtentry$$00000002)
    __rt_entry_sh                            0x08000213   Thumb Code     0  rtentry4.o(.ARM.Collect$$rtentry$$00000004)
    __rt_entry_li                            0x08000219   Thumb Code     0  rtentry2.o(.ARM.Collect$$rtentry$$0000000A)
    __rt_entry_postsh_1                      0x08000219   Thumb Code     0  rtentry2.o(.ARM.Collect$$rtentry$$00000009)
    __rt_entry_main                          0x0800021d   Thumb Code     0  rtentry2.o(.ARM.Collect$$rtentry$$0000000D)
    __rt_entry_postli_1                      0x0800021d   Thumb Code     0  rtentry2.o(.ARM.Collect$$rtentry$$0000000C)
    __rt_exit                                0x08000225   Thumb Code     0  rtexit.o(.ARM.Collect$$rtexit$$00000000)
    __rt_exit_ls                             0x08000227   Thumb Code     0  rtexit2.o(.ARM.Collect$$rtexit$$00000003)
    __rt_exit_prels_1                        0x08000227   Thumb Code     0  rtexit2.o(.ARM.Collect$$rtexit$$00000002)
    __rt_exit_exit                           0x0800022b   Thumb Code     0  rtexit2.o(.ARM.Collect$$rtexit$$00000004)
    Reset_Handler                            0x08000231   Thumb Code     8  startup_stm32f37x.o(.text)
    NMI_Handler                              0x08000239   Thumb Code     2  startup_stm32f37x.o(.text)
    HardFault_Handler                        0x0800023b   Thumb Code     2  startup_stm32f37x.o(.text)
    MemManage_Handler                        0x0800023d   Thumb Code     2  startup_stm32f37x.o(.text)
    BusFault_Handler                         0x0800023f   Thumb Code     2  startup_stm32f37x.o(.text)
    UsageFault_Handler                       0x08000241   Thumb Code     2  startup_stm32f37x.o(.text)
    SVC_Handler                              0x08000243   Thumb Code     2  startup_stm32f37x.o(.text)
    DebugMon_Handler                         0x08000245   Thumb Code     2  startup_stm32f37x.o(.text)
    PendSV_Handler                           0x08000247   Thumb Code     2  startup_stm32f37x.o(.text)
    SysTick_Handler                          0x08000249   Thumb Code     2  startup_stm32f37x.o(.text)
    ADC1_IRQHandler                          0x0800024b   Thumb Code     0  startup_stm32f37x.o(.text)
    CAN1_RX0_IRQHandler                      0x0800024b   Thumb Code     0  startup_stm32f37x.o(.text)
    CAN1_RX1_IRQHandler                      0x0800024b   Thumb Code     0  startup_stm32f37x.o(.text)
    CAN1_SCE_IRQHandler                      0x0800024b   Thumb Code     0  startup_stm32f37x.o(.text)
    CAN1_TX_IRQHandler                       0x0800024b   Thumb Code     0  startup_stm32f37x.o(.text)
    CEC_IRQHandler                           0x0800024b   Thumb Code     0  startup_stm32f37x.o(.text)
    COMP_IRQHandler                          0x0800024b   Thumb Code     0  startup_stm32f37x.o(.text)
    DMA1_Channel1_IRQHandler                 0x0800024b   Thumb Code     0  startup_stm32f37x.o(.text)
    DMA1_Channel2_IRQHandler                 0x0800024b   Thumb Code     0  startup_stm32f37x.o(.text)
    DMA1_Channel3_IRQHandler                 0x0800024b   Thumb Code     0  startup_stm32f37x.o(.text)
    DMA1_Channel4_IRQHandler                 0x0800024b   Thumb Code     0  startup_stm32f37x.o(.text)
    DMA1_Channel5_IRQHandler                 0x0800024b   Thumb Code     0  startup_stm32f37x.o(.text)
    DMA1_Channel6_IRQHandler                 0x0800024b   Thumb Code     0  startup_stm32f37x.o(.text)
    DMA1_Channel7_IRQHandler                 0x0800024b   Thumb Code     0  startup_stm32f37x.o(.text)
    DMA2_Channel1_IRQHandler                 0x0800024b   Thumb Code     0  startup_stm32f37x.o(.text)
    DMA2_Channel2_IRQHandler                 0x0800024b   Thumb Code     0  startup_stm32f37x.o(.text)
    DMA2_Channel3_IRQHandler                 0x0800024b   Thumb Code     0  startup_stm32f37x.o(.text)
    DMA2_Channel4_IRQHandler                 0x0800024b   Thumb Code     0  startup_stm32f37x.o(.text)
    DMA2_Channel5_IRQHandler                 0x0800024b   Thumb Code     0  startup_stm32f37x.o(.text)
    EXTI0_IRQHandler                         0x0800024b   Thumb Code     0  startup_stm32f37x.o(.text)
    EXTI15_10_IRQHandler                     0x0800024b   Thumb Code     0  startup_stm32f37x.o(.text)
    EXTI1_IRQHandler                         0x0800024b   Thumb Code     0  startup_stm32f37x.o(.text)
    EXTI2_TS_IRQHandler                      0x0800024b   Thumb Code     0  startup_stm32f37x.o(.text)
    EXTI3_IRQHandler                         0x0800024b   Thumb Code     0  startup_stm32f37x.o(.text)
    EXTI4_IRQHandler                         0x0800024b   Thumb Code     0  startup_stm32f37x.o(.text)
    EXTI9_5_IRQHandler                       0x0800024b   Thumb Code     0  startup_stm32f37x.o(.text)
    FLASH_IRQHandler                         0x0800024b   Thumb Code     0  startup_stm32f37x.o(.text)
    FPU_IRQHandler                           0x0800024b   Thumb Code     0  startup_stm32f37x.o(.text)
    I2C1_ER_IRQHandler                       0x0800024b   Thumb Code     0  startup_stm32f37x.o(.text)
    I2C1_EV_IRQHandler                       0x0800024b   Thumb Code     0  startup_stm32f37x.o(.text)
    I2C2_ER_IRQHandler                       0x0800024b   Thumb Code     0  startup_stm32f37x.o(.text)
    I2C2_EV_IRQHandler                       0x0800024b   Thumb Code     0  startup_stm32f37x.o(.text)
    PVD_IRQHandler                           0x0800024b   Thumb Code     0  startup_stm32f37x.o(.text)
    RCC_IRQHandler                           0x0800024b   Thumb Code     0  startup_stm32f37x.o(.text)
    RTC_Alarm_IRQHandler                     0x0800024b   Thumb Code     0  startup_stm32f37x.o(.text)
    RTC_WKUP_IRQHandler                      0x0800024b   Thumb Code     0  startup_stm32f37x.o(.text)
    SDADC1_IRQHandler                        0x0800024b   Thumb Code     0  startup_stm32f37x.o(.text)
    SDADC2_IRQHandler                        0x0800024b   Thumb Code     0  startup_stm32f37x.o(.text)
    SDADC3_IRQHandler                        0x0800024b   Thumb Code     0  startup_stm32f37x.o(.text)
    SPI1_IRQHandler                          0x0800024b   Thumb Code     0  startup_stm32f37x.o(.text)
    SPI2_IRQHandler                          0x0800024b   Thumb Code     0  startup_stm32f37x.o(.text)
    SPI3_IRQHandler                          0x0800024b   Thumb Code     0  startup_stm32f37x.o(.text)
    TAMPER_STAMP_IRQHandler                  0x0800024b   Thumb Code     0  startup_stm32f37x.o(.text)
    TIM12_IRQHandler                         0x0800024b   Thumb Code     0  startup_stm32f37x.o(.text)
    TIM13_IRQHandler                         0x0800024b   Thumb Code     0  startup_stm32f37x.o(.text)
    TIM14_IRQHandler                         0x0800024b   Thumb Code     0  startup_stm32f37x.o(.text)
    TIM15_IRQHandler                         0x0800024b   Thumb Code     0  startup_stm32f37x.o(.text)
    TIM16_IRQHandler                         0x0800024b   Thumb Code     0  startup_stm32f37x.o(.text)
    TIM17_IRQHandler                         0x0800024b   Thumb Code     0  startup_stm32f37x.o(.text)
    TIM18_DAC2_IRQHandler                    0x0800024b   Thumb Code     0  startup_stm32f37x.o(.text)
    TIM19_IRQHandler                         0x0800024b   Thumb Code     0  startup_stm32f37x.o(.text)
    TIM2_IRQHandler                          0x0800024b   Thumb Code     0  startup_stm32f37x.o(.text)
    TIM3_IRQHandler                          0x0800024b   Thumb Code     0  startup_stm32f37x.o(.text)
    TIM4_IRQHandler                          0x0800024b   Thumb Code     0  startup_stm32f37x.o(.text)
    TIM5_IRQHandler                          0x0800024b   Thumb Code     0  startup_stm32f37x.o(.text)
    TIM6_DAC1_IRQHandler                     0x0800024b   Thumb Code     0  startup_stm32f37x.o(.text)
    TIM7_IRQHandler                          0x0800024b   Thumb Code     0  startup_stm32f37x.o(.text)
    USART1_IRQHandler                        0x0800024b   Thumb Code     0  startup_stm32f37x.o(.text)
    USART2_IRQHandler                        0x0800024b   Thumb Code     0  startup_stm32f37x.o(.text)
    USART3_IRQHandler                        0x0800024b   Thumb Code     0  startup_stm32f37x.o(.text)
    USBWakeUp_IRQHandler                     0x0800024b   Thumb Code     0  startup_stm32f37x.o(.text)
    USB_HP_IRQHandler                        0x0800024b   Thumb Code     0  startup_stm32f37x.o(.text)
    USB_LP_IRQHandler                        0x0800024b   Thumb Code     0  startup_stm32f37x.o(.text)
    WWDG_IRQHandler                          0x0800024b   Thumb Code     0  startup_stm32f37x.o(.text)
    __user_initial_stackheap                 0x0800024d   Thumb Code     0  startup_stm32f37x.o(.text)
    SystemInit                               0x0800032b   Thumb Code   110  system_stm32f37x.o(.text)
    SystemCoreClockUpdate                    0x08000399   Thumb Code   138  system_stm32f37x.o(.text)
    main                                     0x08000449   Thumb Code   242  main.o(.text)
    SD_SPI_Init                              0x08000659   Thumb Code   242  sd.o(.text)
    SD_WriteByte                             0x0800074b   Thumb Code    48  sd.o(.text)
    SD_SendCmd                               0x0800077b   Thumb Code    70  sd.o(.text)
    SD_ReadByte                              0x080007c1   Thumb Code    52  sd.o(.text)
    SD_GetResponse                           0x080007f5   Thumb Code    34  sd.o(.text)
    SD_GoIdleState                           0x08000817   Thumb Code   102  sd.o(.text)
    SD_Init                                  0x0800087d   Thumb Code    40  sd.o(.text)
    SD_GetCIDRegister                        0x080008a5   Thumb Code   262  sd.o(.text)
    SD_GetCSDRegister                        0x080009ab   Thumb Code   532  sd.o(.text)
    SD_GetCardInfo                           0x08000bbf   Thumb Code    62  sd.o(.text)
    SD_ReadBlock                             0x08000bfd   Thumb Code   104  sd.o(.text)
    SD_ReadMultiBlocks                       0x08000c65   Thumb Code   140  sd.o(.text)
    SD_GetDataResponse                       0x08000cf1   Thumb Code    76  sd.o(.text)
    SD_WriteBlock                            0x08000d3d   Thumb Code   116  sd.o(.text)
    SD_WriteMultiBlocks                      0x08000db1   Thumb Code   152  sd.o(.text)
    SD_GetStatus                             0x08000e49   Thumb Code    58  sd.o(.text)
    USART_Configuration                      0x08000e85   Thumb Code   122  uart.o(.text)
    UART_send_byte                           0x08000eff   Thumb Code    22  uart.o(.text)
    UART_Send                                0x08000f15   Thumb Code    34  uart.o(.text)
    UART_Recive                              0x08000f37   Thumb Code    24  uart.o(.text)
    _sys_exit                                0x08000f4f   Thumb Code     6  uart.o(.text)
    fputc                                    0x08000f55   Thumb Code    32  uart.o(.text)
    SPI_I2S_DeInit                           0x08000f79   Thumb Code    76  stm32f37x_spi.o(.text)
    SPI_StructInit                           0x08000fc5   Thumb Code    30  stm32f37x_spi.o(.text)
    SPI_Init                                 0x08000fe3   Thumb Code    80  stm32f37x_spi.o(.text)
    I2S_StructInit                           0x08001033   Thumb Code    20  stm32f37x_spi.o(.text)
    I2S_Init                                 0x08001047   Thumb Code   216  stm32f37x_spi.o(.text)
    SPI_Cmd                                  0x0800111f   Thumb Code    24  stm32f37x_spi.o(.text)
    SPI_TIModeCmd                            0x08001137   Thumb Code    24  stm32f37x_spi.o(.text)
    I2S_Cmd                                  0x0800114f   Thumb Code    24  stm32f37x_spi.o(.text)
    SPI_DataSizeConfig                       0x08001167   Thumb Code    18  stm32f37x_spi.o(.text)
    SPI_RxFIFOThresholdConfig                0x08001179   Thumb Code    18  stm32f37x_spi.o(.text)
    SPI_BiDirectionalLineConfig              0x0800118b   Thumb Code    28  stm32f37x_spi.o(.text)
    SPI_NSSInternalSoftwareConfig            0x080011a7   Thumb Code    30  stm32f37x_spi.o(.text)
    SPI_SSOutputCmd                          0x080011c5   Thumb Code    24  stm32f37x_spi.o(.text)
    SPI_NSSPulseModeCmd                      0x080011dd   Thumb Code    24  stm32f37x_spi.o(.text)
    SPI_SendData8                            0x080011f5   Thumb Code    10  stm32f37x_spi.o(.text)
    SPI_I2S_SendData16                       0x080011ff   Thumb Code     4  stm32f37x_spi.o(.text)
    SPI_ReceiveData8                         0x08001203   Thumb Code    12  stm32f37x_spi.o(.text)
    SPI_I2S_ReceiveData16                    0x0800120f   Thumb Code     6  stm32f37x_spi.o(.text)
    SPI_CRCLengthConfig                      0x08001215   Thumb Code    18  stm32f37x_spi.o(.text)
    SPI_CalculateCRC                         0x08001227   Thumb Code    24  stm32f37x_spi.o(.text)
    SPI_TransmitCRC                          0x0800123f   Thumb Code    10  stm32f37x_spi.o(.text)
    SPI_GetCRC                               0x08001249   Thumb Code    16  stm32f37x_spi.o(.text)
    SPI_GetCRCPolynomial                     0x08001259   Thumb Code     6  stm32f37x_spi.o(.text)
    SPI_I2S_DMACmd                           0x0800125f   Thumb Code    18  stm32f37x_spi.o(.text)
    SPI_LastDMATransferCmd                   0x08001271   Thumb Code    18  stm32f37x_spi.o(.text)
    SPI_I2S_ITConfig                         0x08001283   Thumb Code    32  stm32f37x_spi.o(.text)
    SPI_GetTransmissionFIFOStatus            0x080012a3   Thumb Code    10  stm32f37x_spi.o(.text)
    SPI_GetReceptionFIFOStatus               0x080012ad   Thumb Code    10  stm32f37x_spi.o(.text)
    SPI_I2S_GetFlagStatus                    0x080012b7   Thumb Code    18  stm32f37x_spi.o(.text)
    SPI_I2S_ClearFlag                        0x080012c9   Thumb Code     6  stm32f37x_spi.o(.text)
    SPI_I2S_GetITStatus                      0x080012cf   Thumb Code    52  stm32f37x_spi.o(.text)
    GPIO_DeInit                              0x08001311   Thumb Code   154  stm32f37x_gpio.o(.text)
    GPIO_Init                                0x080013ab   Thumb Code   144  stm32f37x_gpio.o(.text)
    GPIO_StructInit                          0x0800143b   Thumb Code    22  stm32f37x_gpio.o(.text)
    GPIO_PinLockConfig                       0x08001451   Thumb Code    34  stm32f37x_gpio.o(.text)
    GPIO_ReadInputDataBit                    0x08001473   Thumb Code    18  stm32f37x_gpio.o(.text)
    GPIO_ReadInputData                       0x08001485   Thumb Code     6  stm32f37x_gpio.o(.text)
    GPIO_ReadOutputDataBit                   0x0800148b   Thumb Code    18  stm32f37x_gpio.o(.text)
    GPIO_ReadOutputData                      0x0800149d   Thumb Code     6  stm32f37x_gpio.o(.text)
    GPIO_SetBits                             0x080014a3   Thumb Code     4  stm32f37x_gpio.o(.text)
    GPIO_ResetBits                           0x080014a7   Thumb Code     4  stm32f37x_gpio.o(.text)
    GPIO_WriteBit                            0x080014ab   Thumb Code    10  stm32f37x_gpio.o(.text)
    GPIO_Write                               0x080014b5   Thumb Code     4  stm32f37x_gpio.o(.text)
    GPIO_PinAFConfig                         0x080014b9   Thumb Code    70  stm32f37x_gpio.o(.text)
    RCC_DeInit                               0x08001515   Thumb Code    82  stm32f37x_rcc.o(.text)
    RCC_HSEConfig                            0x08001567   Thumb Code    12  stm32f37x_rcc.o(.text)
    RCC_GetFlagStatus                        0x08001573   Thumb Code    54  stm32f37x_rcc.o(.text)
    RCC_WaitForHSEStartUp                    0x080015a9   Thumb Code    56  stm32f37x_rcc.o(.text)
    RCC_AdjustHSICalibrationValue            0x080015e1   Thumb Code    20  stm32f37x_rcc.o(.text)
    RCC_HSICmd                               0x080015f5   Thumb Code     6  stm32f37x_rcc.o(.text)
    RCC_LSEConfig                            0x080015fb   Thumb Code    32  stm32f37x_rcc.o(.text)
    RCC_LSEDriveConfig                       0x0800161b   Thumb Code    22  stm32f37x_rcc.o(.text)
    RCC_LSICmd                               0x08001631   Thumb Code     6  stm32f37x_rcc.o(.text)
    RCC_PLLConfig                            0x08001637   Thumb Code    28  stm32f37x_rcc.o(.text)
    RCC_PLLCmd                               0x08001653   Thumb Code     6  stm32f37x_rcc.o(.text)
    RCC_PREDIV1Config                        0x08001659   Thumb Code    18  stm32f37x_rcc.o(.text)
    RCC_ClockSecuritySystemCmd               0x0800166b   Thumb Code     6  stm32f37x_rcc.o(.text)
    RCC_MCOConfig                            0x08001671   Thumb Code     6  stm32f37x_rcc.o(.text)
    RCC_SYSCLKConfig                         0x08001677   Thumb Code    18  stm32f37x_rcc.o(.text)
    RCC_GetSYSCLKSource                      0x08001689   Thumb Code    10  stm32f37x_rcc.o(.text)
    RCC_HCLKConfig                           0x08001693   Thumb Code    18  stm32f37x_rcc.o(.text)
    RCC_PCLK1Config                          0x080016a5   Thumb Code    18  stm32f37x_rcc.o(.text)
    RCC_PCLK2Config                          0x080016b7   Thumb Code    20  stm32f37x_rcc.o(.text)
    RCC_ADCCLKConfig                         0x080016cb   Thumb Code    22  stm32f37x_rcc.o(.text)
    RCC_SDADCCLKConfig                       0x080016e1   Thumb Code    22  stm32f37x_rcc.o(.text)
    RCC_CECCLKConfig                         0x080016f7   Thumb Code    22  stm32f37x_rcc.o(.text)
    RCC_I2CCLKConfig                         0x0800170d   Thumb Code    44  stm32f37x_rcc.o(.text)
    RCC_USARTCLKConfig                       0x08001739   Thumb Code    76  stm32f37x_rcc.o(.text)
    RCC_USBCLKConfig                         0x08001785   Thumb Code     6  stm32f37x_rcc.o(.text)
    RCC_GetClocksFreq                        0x0800178b   Thumb Code   548  stm32f37x_rcc.o(.text)
    RCC_RTCCLKConfig                         0x080019af   Thumb Code    12  stm32f37x_rcc.o(.text)
    RCC_RTCCLKCmd                            0x080019bb   Thumb Code     6  stm32f37x_rcc.o(.text)
    RCC_BackupResetCmd                       0x080019c1   Thumb Code     8  stm32f37x_rcc.o(.text)
    RCC_AHBPeriphClockCmd                    0x080019c9   Thumb Code    26  stm32f37x_rcc.o(.text)
    RCC_APB2PeriphClockCmd                   0x080019e3   Thumb Code    26  stm32f37x_rcc.o(.text)
    RCC_APB1PeriphClockCmd                   0x080019fd   Thumb Code    26  stm32f37x_rcc.o(.text)
    RCC_AHBPeriphResetCmd                    0x08001a17   Thumb Code    26  stm32f37x_rcc.o(.text)
    RCC_APB2PeriphResetCmd                   0x08001a31   Thumb Code    26  stm32f37x_rcc.o(.text)
    RCC_APB1PeriphResetCmd                   0x08001a4b   Thumb Code    26  stm32f37x_rcc.o(.text)
    RCC_ITConfig                             0x08001a65   Thumb Code    26  stm32f37x_rcc.o(.text)
    RCC_ClearFlag                            0x08001a7f   Thumb Code    14  stm32f37x_rcc.o(.text)
    RCC_GetITStatus                          0x08001a8d   Thumb Code    20  stm32f37x_rcc.o(.text)
    RCC_ClearITPendingBit                    0x08001aa1   Thumb Code     6  stm32f37x_rcc.o(.text)
    USART_DeInit                             0x08001ab5   Thumb Code    82  stm32f37x_usart.o(.text)
    USART_Init                               0x08001b07   Thumb Code   196  stm32f37x_usart.o(.text)
    USART_StructInit                         0x08001bcb   Thumb Code    24  stm32f37x_usart.o(.text)
    USART_ClockInit                          0x08001be3   Thumb Code    30  stm32f37x_usart.o(.text)
    USART_ClockStructInit                    0x08001c01   Thumb Code    12  stm32f37x_usart.o(.text)
    USART_Cmd                                0x08001c0d   Thumb Code    22  stm32f37x_usart.o(.text)
    USART_DirectionModeCmd                   0x08001c23   Thumb Code    18  stm32f37x_usart.o(.text)
    USART_OverSampling8Cmd                   0x08001c35   Thumb Code    22  stm32f37x_usart.o(.text)
    USART_OneBitMethodCmd                    0x08001c4b   Thumb Code    22  stm32f37x_usart.o(.text)
    USART_MSBFirstCmd                        0x08001c61   Thumb Code    22  stm32f37x_usart.o(.text)
    USART_DataInvCmd                         0x08001c77   Thumb Code    22  stm32f37x_usart.o(.text)
    USART_InvPinCmd                          0x08001c8d   Thumb Code    18  stm32f37x_usart.o(.text)
    USART_SWAPPinCmd                         0x08001c9f   Thumb Code    22  stm32f37x_usart.o(.text)
    USART_ReceiverTimeOutCmd                 0x08001cb5   Thumb Code    22  stm32f37x_usart.o(.text)
    USART_SetReceiverTimeOut                 0x08001ccb   Thumb Code    16  stm32f37x_usart.o(.text)
    USART_SetPrescaler                       0x08001cdb   Thumb Code    16  stm32f37x_usart.o(.text)
    USART_STOPModeCmd                        0x08001ceb   Thumb Code    22  stm32f37x_usart.o(.text)
    USART_StopModeWakeUpSourceConfig         0x08001d01   Thumb Code    16  stm32f37x_usart.o(.text)
    USART_AutoBaudRateCmd                    0x08001d11   Thumb Code    22  stm32f37x_usart.o(.text)
    USART_AutoBaudRateConfig                 0x08001d27   Thumb Code    16  stm32f37x_usart.o(.text)
    USART_SendData                           0x08001d37   Thumb Code     8  stm32f37x_usart.o(.text)
    USART_ReceiveData                        0x08001d3f   Thumb Code    10  stm32f37x_usart.o(.text)
    USART_SetAddress                         0x08001d49   Thumb Code    18  stm32f37x_usart.o(.text)
    USART_MuteModeCmd                        0x08001d5b   Thumb Code    22  stm32f37x_usart.o(.text)
    USART_MuteModeWakeUpConfig               0x08001d71   Thumb Code    16  stm32f37x_usart.o(.text)
    USART_AddressDetectionConfig             0x08001d81   Thumb Code    16  stm32f37x_usart.o(.text)
    USART_LINBreakDetectLengthConfig         0x08001d91   Thumb Code    16  stm32f37x_usart.o(.text)
    USART_LINCmd                             0x08001da1   Thumb Code    22  stm32f37x_usart.o(.text)
    USART_HalfDuplexCmd                      0x08001db7   Thumb Code    22  stm32f37x_usart.o(.text)
    USART_SetGuardTime                       0x08001dcd   Thumb Code    16  stm32f37x_usart.o(.text)
    USART_SmartCardCmd                       0x08001ddd   Thumb Code    22  stm32f37x_usart.o(.text)
    USART_SmartCardNACKCmd                   0x08001df3   Thumb Code    22  stm32f37x_usart.o(.text)
    USART_SetAutoRetryCount                  0x08001e09   Thumb Code    18  stm32f37x_usart.o(.text)
    USART_SetBlockLength                     0x08001e1b   Thumb Code    18  stm32f37x_usart.o(.text)
    USART_IrDAConfig                         0x08001e2d   Thumb Code    16  stm32f37x_usart.o(.text)
    USART_IrDACmd                            0x08001e3d   Thumb Code    22  stm32f37x_usart.o(.text)
    USART_DECmd                              0x08001e53   Thumb Code    22  stm32f37x_usart.o(.text)
    USART_DEPolarityConfig                   0x08001e69   Thumb Code    16  stm32f37x_usart.o(.text)
    USART_SetDEAssertionTime                 0x08001e79   Thumb Code    18  stm32f37x_usart.o(.text)
    USART_SetDEDeassertionTime               0x08001e8b   Thumb Code    30  stm32f37x_usart.o(.text)
    USART_DMACmd                             0x08001ea9   Thumb Code    18  stm32f37x_usart.o(.text)
    USART_DMAReceptionErrorConfig            0x08001ebb   Thumb Code    16  stm32f37x_usart.o(.text)
    USART_ITConfig                           0x08001ecb   Thumb Code    58  stm32f37x_usart.o(.text)
    USART_RequestCmd                         0x08001f05   Thumb Code    18  stm32f37x_usart.o(.text)
    USART_OverrunDetectionConfig             0x08001f17   Thumb Code    16  stm32f37x_usart.o(.text)
    USART_GetFlagStatus                      0x08001f27   Thumb Code    18  stm32f37x_usart.o(.text)
    USART_ClearFlag                          0x08001f39   Thumb Code     4  stm32f37x_usart.o(.text)
    USART_GetITStatus                        0x08001f3d   Thumb Code    74  stm32f37x_usart.o(.text)
    USART_ClearITPendingBit                  0x08001f87   Thumb Code    18  stm32f37x_usart.o(.text)
    disk_initialize                          0x08001f99   Thumb Code    16  diskio.o(.text)
    disk_status                              0x08001fa9   Thumb Code    12  diskio.o(.text)
    disk_read                                0x08001fb5   Thumb Code    30  diskio.o(.text)
    disk_write                               0x08001fd3   Thumb Code    30  diskio.o(.text)
    get_fattime                              0x08001ff1   Thumb Code     4  diskio.o(.text)
    disk_ioctl                               0x08001ff5   Thumb Code    52  diskio.o(.text)
    clust2sect                               0x080021d1   Thumb Code    26  ff.o(.text)
    get_fat                                  0x080021eb   Thumb Code   228  ff.o(.text)
    put_fat                                  0x080022cf   Thumb Code   314  ff.o(.text)
    f_mount                                  0x08002ecf   Thumb Code    38  ff.o(.text)
    f_open                                   0x08002ef5   Thumb Code   360  ff.o(.text)
    f_read                                   0x0800305d   Thumb Code   474  ff.o(.text)
    f_write                                  0x08003237   Thumb Code   524  ff.o(.text)
    f_sync                                   0x08003443   Thumb Code   182  ff.o(.text)
    f_close                                  0x080034f9   Thumb Code    22  ff.o(.text)
    f_lseek                                  0x0800350f   Thumb Code   432  ff.o(.text)
    f_opendir                                0x080036bf   Thumb Code   110  ff.o(.text)
    f_readdir                                0x0800372d   Thumb Code    88  ff.o(.text)
    f_stat                                   0x08003785   Thumb Code    58  ff.o(.text)
    f_getfree                                0x080037bf   Thumb Code   276  ff.o(.text)
    f_truncate                               0x080038d3   Thumb Code   156  ff.o(.text)
    f_unlink                                 0x0800396f   Thumb Code   178  ff.o(.text)
    f_mkdir                                  0x08003a21   Thumb Code   384  ff.o(.text)
    f_chmod                                  0x08003ba1   Thumb Code    84  ff.o(.text)
    f_utime                                  0x08003bf5   Thumb Code    86  ff.o(.text)
    f_rename                                 0x08003c4b   Thumb Code   288  ff.o(.text)
    __use_no_semihosting                     0x08003d6b   Thumb Code     2  use_no_semi_2.o(.text)
    __2printf                                0x08003d6d   Thumb Code    20  noretval__2printf.o(.text)
    __printf                                 0x08003d85   Thumb Code   104  __printf.o(.text)
    _printf_str                              0x08003ded   Thumb Code    82  _printf_str.o(.text)
    __use_two_region_memory                  0x08003e3f   Thumb Code     2  heapauxi.o(.text)
    __rt_heap_escrow$2region                 0x08003e41   Thumb Code     2  heapauxi.o(.text)
    __rt_heap_expand$2region                 0x08003e43   Thumb Code     2  heapauxi.o(.text)
    __I$use$semihosting                      0x08003e45   Thumb Code     0  use_no_semi.o(.text)
    __use_no_semihosting_swi                 0x08003e45   Thumb Code     2  use_no_semi.o(.text)
    _printf_cs_common                        0x08003e47   Thumb Code    20  _printf_char.o(.text)
    _printf_char                             0x08003e5b   Thumb Code    16  _printf_char.o(.text)
    _printf_string                           0x08003e6b   Thumb Code     8  _printf_char.o(.text)
    _printf_char_file                        0x08003e75   Thumb Code    32  _printf_char_file.o(.text)
    _printf_char_common                      0x08003ea3   Thumb Code    32  _printf_char_common.o(.text)
    ferror                                   0x08003ec9   Thumb Code     8  ferror.o(.text)
    __user_setup_stackheap                   0x08003ed1   Thumb Code    74  sys_stackheap_outer.o(.text)
    exit                                     0x08003f1b   Thumb Code    12  exit.o(.text)
    __user_libspace                          0x08003f29   Thumb Code     8  libspace.o(.text)
    __user_perproc_libspace                  0x08003f29   Thumb Code     0  libspace.o(.text)
    __user_perthread_libspace                0x08003f29   Thumb Code     0  libspace.o(.text)
    _fp_init                                 0x08003f31   Thumb Code    10  fpinit.o(x$fpl$fpinit)
    __fplib_config_fpu_vfp                   0x08003f39   Thumb Code     0  fpinit.o(x$fpl$fpinit)
    __fplib_config_pureend_doubles           0x08003f39   Thumb Code     0  fpinit.o(x$fpl$fpinit)
    Region$$Table$$Base                      0x08003f3c   Number         0  anon$$obj.o(Region$$Table)
    Region$$Table$$Limit                     0x08003f5c   Number         0  anon$$obj.o(Region$$Table)
    SystemCoreClock                          0x20000000   Data           4  system_stm32f37x.o(.data)
    AHBPrescTable                            0x20000004   Data          16  system_stm32f37x.o(.data)
    w_buffer                                 0x20000014   Data           7  main.o(.data)
    res                                      0x2000001b   Data           1  main.o(.data)
    br                                       0x2000001c   Data           4  main.o(.data)
    bw                                       0x20000020   Data           4  main.o(.data)
    __stdout                                 0x20000024   Data           4  uart.o(.data)
    fs                                       0x20000054   Data         560  main.o(.bss)
    fsrc                                     0x20000284   Data         548  main.o(.bss)
    fdst                                     0x200004a8   Data         548  main.o(.bss)
    buffer                                   0x200006cc   Data        1024  main.o(.bss)
    __libspace_start                         0x20000acc   Data          96  libspace.o(.bss)
    __temporary_stack_top$libspace           0x20000b2c   Data           0  libspace.o(.bss)



==============================================================================

Memory Map of the image

  Image Entry point : 0x08000189

  Load Region LR_IROM1 (Base: 0x08000000, Size: 0x00003fb0, Max: 0x00040000, ABSOLUTE)

    Execution Region ER_IROM1 (Base: 0x08000000, Size: 0x00003f5c, Max: 0x00040000, ABSOLUTE)

    Base Addr    Size         Type   Attr      Idx    E Section Name        Object

    0x08000000   0x00000188   Data   RO            3    RESET               startup_stm32f37x.o
    0x08000188   0x00000008   Code   RO          615  * !!!main             c_w.l(__main.o)
    0x08000190   0x00000034   Code   RO          794    !!!scatter          c_w.l(__scatter.o)
    0x080001c4   0x0000001a   Code   RO          796    !!handler_copy      c_w.l(__scatter_copy.o)
    0x080001de   0x00000002   PAD
    0x080001e0   0x0000001c   Code   RO          798    !!handler_zi        c_w.l(__scatter_zi.o)
    0x080001fc   0x00000000   Code   RO          604    .ARM.Collect$$_printf_percent$$00000000  c_w.l(_printf_percent.o)
    0x080001fc   0x00000006   Code   RO          603    .ARM.Collect$$_printf_percent$$00000014  c_w.l(_printf_s.o)
    0x08000202   0x00000004   Code   RO          626    .ARM.Collect$$_printf_percent$$00000017  c_w.l(_printf_percent_end.o)
    0x08000206   0x00000002   Code   RO          669    .ARM.Collect$$libinit$$00000000  c_w.l(libinit.o)
    0x08000208   0x00000004   Code   RO          677    .ARM.Collect$$libinit$$00000001  c_w.l(libinit2.o)
    0x0800020c   0x00000000   Code   RO          681    .ARM.Collect$$libinit$$00000008  c_w.l(libinit2.o)
    0x0800020c   0x00000000   Code   RO          683    .ARM.Collect$$libinit$$0000000A  c_w.l(libinit2.o)
    0x0800020c   0x00000000   Code   RO          685    .ARM.Collect$$libinit$$0000000C  c_w.l(libinit2.o)
    0x0800020c   0x00000000   Code   RO          688    .ARM.Collect$$libinit$$0000000F  c_w.l(libinit2.o)
    0x0800020c   0x00000000   Code   RO          690    .ARM.Collect$$libinit$$00000011  c_w.l(libinit2.o)
    0x0800020c   0x00000000   Code   RO          692    .ARM.Collect$$libinit$$00000013  c_w.l(libinit2.o)
    0x0800020c   0x00000000   Code   RO          694    .ARM.Collect$$libinit$$00000015  c_w.l(libinit2.o)
    0x0800020c   0x00000000   Code   RO          696    .ARM.Collect$$libinit$$00000017  c_w.l(libinit2.o)
    0x0800020c   0x00000000   Code   RO          698    .ARM.Collect$$libinit$$00000019  c_w.l(libinit2.o)
    0x0800020c   0x00000000   Code   RO          700    .ARM.Collect$$libinit$$0000001B  c_w.l(libinit2.o)
    0x0800020c   0x00000000   Code   RO          702    .ARM.Collect$$libinit$$0000001D  c_w.l(libinit2.o)
    0x0800020c   0x00000000   Code   RO          704    .ARM.Collect$$libinit$$0000001F  c_w.l(libinit2.o)
    0x0800020c   0x00000000   Code   RO          706    .ARM.Collect$$libinit$$00000021  c_w.l(libinit2.o)
    0x0800020c   0x00000000   Code   RO          708    .ARM.Collect$$libinit$$00000023  c_w.l(libinit2.o)
    0x0800020c   0x00000000   Code   RO          712    .ARM.Collect$$libinit$$0000002A  c_w.l(libinit2.o)
    0x0800020c   0x00000000   Code   RO          714    .ARM.Collect$$libinit$$0000002C  c_w.l(libinit2.o)
    0x0800020c   0x00000000   Code   RO          716    .ARM.Collect$$libinit$$0000002E  c_w.l(libinit2.o)
    0x0800020c   0x00000000   Code   RO          718    .ARM.Collect$$libinit$$00000030  c_w.l(libinit2.o)
    0x0800020c   0x00000002   Code   RO          719    .ARM.Collect$$libinit$$00000031  c_w.l(libinit2.o)
    0x0800020e   0x00000002   Code   RO          737    .ARM.Collect$$libshutdown$$00000000  c_w.l(libshutdown.o)
    0x08000210   0x00000000   Code   RO          748    .ARM.Collect$$libshutdown$$00000003  c_w.l(libshutdown2.o)
    0x08000210   0x00000000   Code   RO          751    .ARM.Collect$$libshutdown$$00000006  c_w.l(libshutdown2.o)
    0x08000210   0x00000000   Code   RO          754    .ARM.Collect$$libshutdown$$00000009  c_w.l(libshutdown2.o)
    0x08000210   0x00000000   Code   RO          756    .ARM.Collect$$libshutdown$$0000000B  c_w.l(libshutdown2.o)
    0x08000210   0x00000000   Code   RO          759    .ARM.Collect$$libshutdown$$0000000E  c_w.l(libshutdown2.o)
    0x08000210   0x00000002   Code   RO          760    .ARM.Collect$$libshutdown$$0000000F  c_w.l(libshutdown2.o)
    0x08000212   0x00000000   Code   RO          619    .ARM.Collect$$rtentry$$00000000  c_w.l(rtentry.o)
    0x08000212   0x00000000   Code   RO          628    .ARM.Collect$$rtentry$$00000002  c_w.l(rtentry2.o)
    0x08000212   0x00000006   Code   RO          640    .ARM.Collect$$rtentry$$00000004  c_w.l(rtentry4.o)
    0x08000218   0x00000000   Code   RO          630    .ARM.Collect$$rtentry$$00000009  c_w.l(rtentry2.o)
    0x08000218   0x00000004   Code   RO          631    .ARM.Collect$$rtentry$$0000000A  c_w.l(rtentry2.o)
    0x0800021c   0x00000000   Code   RO          633    .ARM.Collect$$rtentry$$0000000C  c_w.l(rtentry2.o)
    0x0800021c   0x00000008   Code   RO          634    .ARM.Collect$$rtentry$$0000000D  c_w.l(rtentry2.o)
    0x08000224   0x00000002   Code   RO          673    .ARM.Collect$$rtexit$$00000000  c_w.l(rtexit.o)
    0x08000226   0x00000000   Code   RO          721    .ARM.Collect$$rtexit$$00000002  c_w.l(rtexit2.o)
    0x08000226   0x00000004   Code   RO          722    .ARM.Collect$$rtexit$$00000003  c_w.l(rtexit2.o)
    0x0800022a   0x00000006   Code   RO          723    .ARM.Collect$$rtexit$$00000004  c_w.l(rtexit2.o)
    0x08000230   0x00000040   Code   RO            4    .text               startup_stm32f37x.o
    0x08000270   0x000001d8   Code   RO           12    .text               system_stm32f37x.o
    0x08000448   0x00000210   Code   RO          130    .text               main.o
    0x08000658   0x0000082a   Code   RO          368    .text               sd.o
    0x08000e82   0x00000002   PAD
    0x08000e84   0x000000f4   Code   RO          391    .text               uart.o
    0x08000f78   0x00000398   Code   RO          424    .text               stm32f37x_spi.o
    0x08001310   0x00000204   Code   RO          444    .text               stm32f37x_gpio.o
    0x08001514   0x000005a0   Code   RO          464    .text               stm32f37x_rcc.o
    0x08001ab4   0x000004e4   Code   RO          486    .text               stm32f37x_usart.o
    0x08001f98   0x00000094   Code   RO          506    .text               diskio.o
    0x0800202c   0x00001d3e   Code   RO          527    .text               ff.o
    0x08003d6a   0x00000002   Code   RO          573    .text               c_w.l(use_no_semi_2.o)
    0x08003d6c   0x00000018   Code   RO          577    .text               c_w.l(noretval__2printf.o)
    0x08003d84   0x00000068   Code   RO          579    .text               c_w.l(__printf.o)
    0x08003dec   0x00000052   Code   RO          581    .text               c_w.l(_printf_str.o)
    0x08003e3e   0x00000006   Code   RO          613    .text               c_w.l(heapauxi.o)
    0x08003e44   0x00000002   Code   RO          617    .text               c_w.l(use_no_semi.o)
    0x08003e46   0x0000002c   Code   RO          622    .text               c_w.l(_printf_char.o)
    0x08003e72   0x00000002   PAD
    0x08003e74   0x00000024   Code   RO          624    .text               c_w.l(_printf_char_file.o)
    0x08003e98   0x00000030   Code   RO          644    .text               c_w.l(_printf_char_common.o)
    0x08003ec8   0x00000008   Code   RO          646    .text               c_w.l(ferror.o)
    0x08003ed0   0x0000004a   Code   RO          650    .text               c_w.l(sys_stackheap_outer.o)
    0x08003f1a   0x0000000c   Code   RO          662    .text               c_w.l(exit.o)
    0x08003f26   0x00000002   PAD
    0x08003f28   0x00000008   Code   RO          670    .text               c_w.l(libspace.o)
    0x08003f30   0x0000000a   Code   RO          729    x$fpl$fpinit        fz_wm.l(fpinit.o)
    0x08003f3a   0x00000002   PAD
    0x08003f3c   0x00000020   Data   RO          792    Region$$Table       anon$$obj.o


    Execution Region RW_IRAM1 (Base: 0x20000000, Size: 0x00001130, Max: 0x00008000, ABSOLUTE)

    Base Addr    Size         Type   Attr      Idx    E Section Name        Object

    0x20000000   0x00000014   Data   RW           13    .data               system_stm32f37x.o
    0x20000014   0x00000010   Data   RW          132    .data               main.o
    0x20000024   0x00000004   Data   RW          392    .data               uart.o
    0x20000028   0x00000024   Data   RW          465    .data               stm32f37x_rcc.o
    0x2000004c   0x00000006   Data   RW          528    .data               ff.o
    0x20000052   0x00000002   PAD
    0x20000054   0x00000a78   Zero   RW          131    .bss                main.o
    0x20000acc   0x00000060   Zero   RW          671    .bss                c_w.l(libspace.o)
    0x20000b2c   0x00000004   PAD
    0x20000b30   0x00000200   Zero   RW            2    HEAP                startup_stm32f37x.o
    0x20000d30   0x00000400   Zero   RW            1    STACK               startup_stm32f37x.o


==============================================================================

Image component sizes


      Code (inc. data)   RO Data    RW Data    ZI Data      Debug   Object Name

       148          4          0          0          0       2754   diskio.o
         0          0          0          0          0       4244   fatapp.o
      7486         40          0          6          0      20816   ff.o
       528        286          0         16       2680       4976   main.o
      2090         12          0          0          0       9681   sd.o
        64         26        392          0       1536        884   startup_stm32f37x.o
       516         22          0          0          0       4105   stm32f37x_gpio.o
      1440         58          0         36          0       9939   stm32f37x_rcc.o
       920         14          0          0          0       8003   stm32f37x_spi.o
      1252         12          0          0          0      12162   stm32f37x_usart.o
       472         38          0         20          0     201083   system_stm32f37x.o
       244          4          0          4          0       4401   uart.o

    ----------------------------------------------------------------------
     15162        516        424         84       4216     283048   Object Totals
         0          0         32          0          0          0   (incl. Generated)
         2          0          0          2          0          0   (incl. Padding)

    ----------------------------------------------------------------------

      Code (inc. data)   RO Data    RW Data    ZI Data      Debug   Library Member Name

         8          0          0          0          0         68   __main.o
       104          0          0          0          0         84   __printf.o
        52          8          0          0          0          0   __scatter.o
        26          0          0          0          0          0   __scatter_copy.o
        28          0          0          0          0          0   __scatter_zi.o
        44          0          0          0          0        108   _printf_char.o
        48          6          0          0          0         96   _printf_char_common.o
        36          4          0          0          0         80   _printf_char_file.o
         0          0          0          0          0          0   _printf_percent.o
         4          0          0          0          0          0   _printf_percent_end.o
         6          0          0          0          0          0   _printf_s.o
        82          0          0          0          0         80   _printf_str.o
        12          0          0          0          0         72   exit.o
         8          0          0          0          0         68   ferror.o
         6          0          0          0          0        152   heapauxi.o
         2          0          0          0          0          0   libinit.o
         6          0          0          0          0          0   libinit2.o
         2          0          0          0          0          0   libshutdown.o
         2          0          0          0          0          0   libshutdown2.o
         8          4          0          0         96         68   libspace.o
        24          4          0          0          0         84   noretval__2printf.o
         0          0          0          0          0          0   rtentry.o
        12          0          0          0          0          0   rtentry2.o
         6          0          0          0          0          0   rtentry4.o
         2          0          0          0          0          0   rtexit.o
        10          0          0          0          0          0   rtexit2.o
        74          0          0          0          0         80   sys_stackheap_outer.o
         2          0          0          0          0         68   use_no_semi.o
         2          0          0          0          0         68   use_no_semi_2.o
        10          0          0          0          0        116   fpinit.o

    ----------------------------------------------------------------------
       634         26          0          0        100       1292   Library Totals
         8          0          0          0          4          0   (incl. Padding)

    ----------------------------------------------------------------------

      Code (inc. data)   RO Data    RW Data    ZI Data      Debug   Library Name

       616         26          0          0         96       1176   c_w.l
        10          0          0          0          0        116   fz_wm.l

    ----------------------------------------------------------------------
       634         26          0          0        100       1292   Library Totals

    ----------------------------------------------------------------------

==============================================================================


      Code (inc. data)   RO Data    RW Data    ZI Data      Debug   

     15796        542        424         84       4316     281116   Grand Totals
     15796        542        424         84       4316     281116   ELF Image Totals
     15796        542        424         84          0          0   ROM Totals

==============================================================================

    Total RO  Size (Code + RO Data)                16220 (  15.84kB)
    Total RW  Size (RW Data + ZI Data)              4400 (   4.30kB)
    Total ROM Size (Code + RO Data + RW Data)      16304 (  15.92kB)

==============================================================================

