ARM Linker, 5.03 [Build 76] [MDK-ARM Standard]

==============================================================================

Section Cross References

    startup_stm32f37x.o(STACK) refers (Special) to heapauxi.o(.text) for __use_two_region_memory
    startup_stm32f37x.o(HEAP) refers (Special) to heapauxi.o(.text) for __use_two_region_memory
    startup_stm32f37x.o(RESET) refers (Special) to heapauxi.o(.text) for __use_two_region_memory
    startup_stm32f37x.o(RESET) refers to startup_stm32f37x.o(STACK) for __initial_sp
    startup_stm32f37x.o(RESET) refers to startup_stm32f37x.o(.text) for Reset_Handler
    startup_stm32f37x.o(RESET) refers to stm32f37x_it.o(.text) for NMI_Handler
    startup_stm32f37x.o(RESET) refers to rtc.o(.text) for RTC_WKUP_IRQHandler
    startup_stm32f37x.o(RESET) refers to wkup.o(.text) for EXTI0_IRQHandler
    startup_stm32f37x.o(RESET) refers to sdadc.o(.text) for TIM4_IRQHandler
    startup_stm32f37x.o(RESET) refers to uart.o(.text) for USART2_IRQHandler
    startup_stm32f37x.o(.text) refers (Special) to heapauxi.o(.text) for __use_two_region_memory
    startup_stm32f37x.o(.text) refers to system_stm32f37x.o(.text) for SystemInit
    startup_stm32f37x.o(.text) refers to __main.o(!!!main) for __main
    startup_stm32f37x.o(.text) refers to startup_stm32f37x.o(HEAP) for Heap_Mem
    startup_stm32f37x.o(.text) refers to startup_stm32f37x.o(STACK) for Stack_Mem
    system_stm32f37x.o(.text) refers to system_stm32f37x.o(.data) for SystemCoreClock
    stm32f37x_it.o(.text) refers to noretval__2printf.o(.text) for __2printf
    stm32f37x_it.o(.text) refers to systick.o(.text) for TimingDelay_Decrement
    stm32f37x_it.o(.text) refers to stm32f37x_exti.o(.text) for EXTI_GetITStatus
    stm32f37x_it.o(.text) refers to stm32f37x_sdadc.o(.text) for SDADC_GetFlagStatus
    stm32f37x_it.o(.text) refers to stm32f37x_it.o(.data) for touch_flag
    stm32f37x_it.o(.text) refers to main.o(.data) for InjectedConvData
    main.o(.text) refers to stm32f37x_rcc.o(.text) for RCC_GetClocksFreq
    main.o(.text) refers to system_stm32f37x.o(.text) for SystemInit
    main.o(.text) refers to uart.o(.text) for USART_Configuration
    main.o(.text) refers to rtc.o(.text) for My_RTC_Init
    main.o(.text) refers to wkup.o(.text) for WKUP_Init
    main.o(.text) refers to adc.o(.text) for adc_init
    main.o(.text) refers to led.o(.text) for LED_Init
    main.o(.text) refers to sdadc.o(.text) for sensor_sample_init
    main.o(.text) refers to file.o(.text) for file_init
    main.o(.text) refers to noretval__2printf.o(.text) for __2printf
    main.o(.text) refers to iwdg.o(.text) for IWDG_Feed
    main.o(.text) refers to application.o(.text) for command_msg_analysis
    main.o(.text) refers to stm32f37x_rtc.o(.text) for RTC_GetTime
    main.o(.text) refers to uart.o(.data) for USART_RX_STA
    main.o(.text) refers to uart.o(.bss) for COMMAND_BUF
    main.o(.text) refers to main.o(.data) for creat_file
    main.o(.text) refers to rtc.o(.bss) for filename
    main.o(.text) refers to main.o(.bss) for write_buf2
    w25x16.o(.text) refers to stm32f37x_rcc.o(.text) for RCC_AHBPeriphClockCmd
    w25x16.o(.text) refers to stm32f37x_gpio.o(.text) for GPIO_Init
    w25x16.o(.text) refers to stm32f37x_spi.o(.text) for SPI_Init
    fatapp.o(.text) refers to ff.o(.text) for f_mount
    fatapp.o(.text) refers to strlen.o(.text) for strlen
    fatapp.o(.text) refers to strcasecmp.o(.text) for strcasecmp
    fatapp.o(.text) refers to strcpy.o(.text) for strcpy
    fatapp.o(.text) refers to rt_memcpy_w.o(.text) for __aeabi_memcpy4
    fatapp.o(.text) refers to ili9328.o(.text) for LCD_WR_REG_DATA
    fatapp.o(.text) refers to fatapp.o(.bss) for flag
    fatapp.o(.text) refers to fatapp.o(.data) for type
    ili9328.o(.text) refers to ili9328.o(.data) for POINT_COLOR
    ili9328.o(.text) refers to w25x16.o(.text) for SPI_FLASH_BufferRead
    ili9328.o(.text) refers to ili9328.o(.constdata) for ascii_16
    sd.o(.text) refers to stm32f37x_rcc.o(.text) for RCC_AHBPeriphClockCmd
    sd.o(.text) refers to stm32f37x_gpio.o(.text) for GPIO_Init
    sd.o(.text) refers to stm32f37x_spi.o(.text) for SPI_Init
    uart.o(.rev16_text) refers (Special) to use_no_semi_2.o(.text) for __use_no_semihosting
    uart.o(.revsh_text) refers (Special) to use_no_semi_2.o(.text) for __use_no_semihosting
    uart.o(.text) refers (Special) to use_no_semi_2.o(.text) for __use_no_semihosting
    uart.o(.text) refers to stm32f37x_rcc.o(.text) for RCC_AHBPeriphClockCmd
    uart.o(.text) refers to stm32f37x_gpio.o(.text) for GPIO_PinAFConfig
    uart.o(.text) refers to stm32f37x_usart.o(.text) for USART_Init
    uart.o(.text) refers to stm32f37x_misc.o(.text) for NVIC_Init
    uart.o(.text) refers to uart.o(.data) for USART_RX_STA
    uart.o(.text) refers to uart.o(.bss) for COMMAND_BUF
    uart.o(.bss) refers (Special) to use_no_semi_2.o(.text) for __use_no_semihosting
    uart.o(.data) refers (Special) to use_no_semi_2.o(.text) for __use_no_semihosting
[...]
    _printf_sizespec                         0x00000000   Number         0  printf_stubs.o ABSOLUTE
    _printf_widthprec                        0x00000000   Number         0  printf_stubs.o ABSOLUTE
    __ARM_exceptions_init                     - Undefined Weak Reference
    __alloca_initialize                       - Undefined Weak Reference
    __cpp_initialize__aeabi_                  - Undefined Weak Reference
    __cxa_finalize                            - Undefined Weak Reference
    __sigvec_lookup                           - Undefined Weak Reference
    __user_heap_extent                        - Undefined Weak Reference
    _atexit_init                              - Undefined Weak Reference
    _call_atexit_fns                          - Undefined Weak Reference
    _clock_init                               - Undefined Weak Reference
    _fp_trap_init                             - Undefined Weak Reference
    _fp_trap_shutdown                         - Undefined Weak Reference
    _get_lc_collate                           - Undefined Weak Reference
    _get_lc_monetary                          - Undefined Weak Reference
    _get_lc_numeric                           - Undefined Weak Reference
    _get_lc_time                              - Undefined Weak Reference
    _getenv_init                              - Undefined Weak Reference
    _handle_redirection                       - Undefined Weak Reference
    _initio                                   - Undefined Weak Reference
    _mutex_acquire                            - Undefined Weak Reference
    _mutex_free                               - Undefined Weak Reference
    _mutex_release                            - Undefined Weak Reference
    _printf_mbtowc                            - Undefined Weak Reference
    _printf_truncate_signed                   - Undefined Weak Reference
    _printf_truncate_unsigned                 - Undefined Weak Reference
    _rand_init                                - Undefined Weak Reference
    _signal_finish                            - Undefined Weak Reference
    _signal_init                              - Undefined Weak Reference
    _terminateio                              - Undefined Weak Reference
    __Vectors_Size                           0x00000188   Number         0  startup_stm32f37x.o ABSOLUTE
    __Vectors                                0x08000000   Data           4  startup_stm32f37x.o(RESET)
    __Vectors_End                            0x08000188   Data           0  startup_stm32f37x.o(RESET)
    __main                                   0x08000189   Thumb Code     8  __main.o(!!!main)
    __scatterload                            0x08000191   Thumb Code     0  __scatter.o(!!!scatter)
    __scatterload_rt2                        0x08000191   Thumb Code    44  __scatter.o(!!!scatter)
    __scatterload_rt2_thumb_only             0x08000191   Thumb Code     0  __scatter.o(!!!scatter)
    __scatterload_null                       0x0800019f   Thumb Code     0  __scatter.o(!!!scatter)
    __scatterload_copy                       0x080001c5   Thumb Code    26  __scatter_copy.o(!!handler_copy)
    __scatterload_zeroinit                   0x080001e1   Thumb Code    28  __scatter_zi.o(!!handler_zi)
    _printf_d                                0x080001fd   Thumb Code     0  _printf_d.o(.ARM.Collect$$_printf_percent$$00000009)
    _printf_percent                          0x080001fd   Thumb Code     0  _printf_percent.o(.ARM.Collect$$_printf_percent$$00000000)
    _printf_s                                0x08000203   Thumb Code     0  _printf_s.o(.ARM.Collect$$_printf_percent$$00000014)
    _printf_percent_end                      0x08000209   Thumb Code     0  _printf_percent_end.o(.ARM.Collect$$_printf_percent$$00000017)
    __rt_lib_init                            0x0800020d   Thumb Code     0  libinit.o(.ARM.Collect$$libinit$$00000000)
    __rt_lib_init_fp_1                       0x0800020f   Thumb Code     0  libinit2.o(.ARM.Collect$$libinit$$00000001)
    __rt_lib_init_heap_2                     0x08000213   Thumb Code     0  libinit2.o(.ARM.Collect$$libinit$$00000003)
    __rt_lib_init_alloca_1                   0x0800021b   Thumb Code     0  libinit2.o(.ARM.Collect$$libinit$$0000002C)
    __rt_lib_init_argv_1                     0x0800021b   Thumb Code     0  libinit2.o(.ARM.Collect$$libinit$$0000002A)
    __rt_lib_init_atexit_1                   0x0800021b   Thumb Code     0  libinit2.o(.ARM.Collect$$libinit$$00000019)
    __rt_lib_init_clock_1                    0x0800021b   Thumb Code     0  libinit2.o(.ARM.Collect$$libinit$$0000001F)
    __rt_lib_init_cpp_1                      0x0800021b   Thumb Code     0  libinit2.o(.ARM.Collect$$libinit$$00000030)
    __rt_lib_init_exceptions_1               0x0800021b   Thumb Code     0  libinit2.o(.ARM.Collect$$libinit$$0000002E)
    __rt_lib_init_fp_trap_1                  0x0800021b   Thumb Code     0  libinit2.o(.ARM.Collect$$libinit$$0000001D)
    __rt_lib_init_getenv_1                   0x0800021b   Thumb Code     0  libinit2.o(.ARM.Collect$$libinit$$00000021)
    __rt_lib_init_heap_1                     0x0800021b   Thumb Code     0  libinit2.o(.ARM.Collect$$libinit$$00000008)
    __rt_lib_init_lc_collate_1               0x0800021b   Thumb Code     0  libinit2.o(.ARM.Collect$$libinit$$0000000F)
    __rt_lib_init_lc_ctype_1                 0x0800021b   Thumb Code     0  libinit2.o(.ARM.Collect$$libinit$$00000011)
    __rt_lib_init_lc_monetary_1              0x0800021b   Thumb Code     0  libinit2.o(.ARM.Collect$$libinit$$00000013)
    __rt_lib_init_lc_numeric_1               0x0800021b   Thumb Code     0  libinit2.o(.ARM.Collect$$libinit$$00000015)
    __rt_lib_init_lc_time_1                  0x0800021b   Thumb Code     0  libinit2.o(.ARM.Collect$$libinit$$00000017)
    __rt_lib_init_rand_1                     0x0800021b   Thumb Code     0  libinit2.o(.ARM.Collect$$libinit$$0000000C)
    __rt_lib_init_return                     0x0800021b   Thumb Code     0  libinit2.o(.ARM.Collect$$libinit$$00000031)
    __rt_lib_init_signal_1                   0x0800021b   Thumb Code     0  libinit2.o(.ARM.Collect$$libinit$$0000001B)
    __rt_lib_init_stdio_1                    0x0800021b   Thumb Code     0  libinit2.o(.ARM.Collect$$libinit$$00000023)
    __rt_lib_init_user_alloc_1               0x0800021b   Thumb Code     0  libinit2.o(.ARM.Collect$$libinit$$0000000A)
    __rt_lib_shutdown                        0x0800021d   Thumb Code     0  libshutdown.o(.ARM.Collect$$libshutdown$$00000000)
    __rt_lib_shutdown_fp_trap_1              0x0800021f   Thumb Code     0  libshutdown2.o(.ARM.Collect$$libshutdown$$00000006)
    __rt_lib_shutdown_heap_1                 0x0800021f   Thumb Code     0  libshutdown2.o(.ARM.Collect$$libshutdown$$0000000E)
    __rt_lib_shutdown_return                 0x0800021f   Thumb Code     0  libshutdown2.o(.ARM.Collect$$libshutdown$$0000000F)
    __rt_lib_shutdown_signal_1               0x0800021f   Thumb Code     0  libshutdown2.o(.ARM.Collect$$libshutdown$$00000009)
    __rt_lib_shutdown_stdio_1                0x0800021f   Thumb Code     0  libshutdown2.o(.ARM.Collect$$libshutdown$$00000003)
    __rt_lib_shutdown_user_alloc_1           0x0800021f   Thumb Code     0  libshutdown2.o(.ARM.Collect$$libshutdown$$0000000B)
    __rt_entry                               0x08000221   Thumb Code     0  rtentry.o(.ARM.Collect$$rtentry$$00000000)
    __rt_entry_presh_1                       0x08000221   Thumb Code     0  rtentry2.o(.ARM.Collect$$rtentry$$00000002)
    __rt_entry_sh                            0x08000221   Thumb Code     0  rtentry4.o(.ARM.Collect$$rtentry$$00000004)
    __rt_entry_li                            0x08000227   Thumb Code     0  rtentry2.o(.ARM.Collect$$rtentry$$0000000A)
    __rt_entry_postsh_1                      0x08000227   Thumb Code     0  rtentry2.o(.ARM.Collect$$rtentry$$00000009)
    __rt_entry_main                          0x0800022b   Thumb Code     0  rtentry2.o(.ARM.Collect$$rtentry$$0000000D)
    __rt_entry_postli_1                      0x0800022b   Thumb Code     0  rtentry2.o(.ARM.Collect$$rtentry$$0000000C)
    __rt_exit                                0x08000233   Thumb Code     0  rtexit.o(.ARM.Collect$$rtexit$$00000000)
    __rt_exit_ls                             0x08000235   Thumb Code     0  rtexit2.o(.ARM.Collect$$rtexit$$00000003)
    __rt_exit_prels_1                        0x08000235   Thumb Code     0  rtexit2.o(.ARM.Collect$$rtexit$$00000002)
    __rt_exit_exit                           0x08000239   Thumb Code     0  rtexit2.o(.ARM.Collect$$rtexit$$00000004)
    Reset_Handler                            0x08000241   Thumb Code     8  startup_stm32f37x.o(.text)
    _maybe_terminate_alloc                   0x08000241   Thumb Code     0  maybetermalloc1.o(.emb_text)
    CAN1_RX0_IRQHandler                      0x0800025b   Thumb Code     0  startup_stm32f37x.o(.text)
    CAN1_RX1_IRQHandler                      0x0800025b   Thumb Code     0  startup_stm32f37x.o(.text)
    CAN1_SCE_IRQHandler                      0x0800025b   Thumb Code     0  startup_stm32f37x.o(.text)
    CAN1_TX_IRQHandler                       0x0800025b   Thumb Code     0  startup_stm32f37x.o(.text)
    CEC_IRQHandler                           0x0800025b   Thumb Code     0  startup_stm32f37x.o(.text)
    COMP_IRQHandler                          0x0800025b   Thumb Code     0  startup_stm32f37x.o(.text)
    DMA1_Channel1_IRQHandler                 0x0800025b   Thumb Code     0  startup_stm32f37x.o(.text)
    DMA1_Channel2_IRQHandler                 0x0800025b   Thumb Code     0  startup_stm32f37x.o(.text)
    DMA1_Channel3_IRQHandler                 0x0800025b   Thumb Code     0  startup_stm32f37x.o(.text)
    DMA1_Channel4_IRQHandler                 0x0800025b   Thumb Code     0  startup_stm32f37x.o(.text)
    DMA1_Channel5_IRQHandler                 0x0800025b   Thumb Code     0  startup_stm32f37x.o(.text)
    DMA1_Channel6_IRQHandler                 0x0800025b   Thumb Code     0  startup_stm32f37x.o(.text)
    DMA1_Channel7_IRQHandler                 0x0800025b   Thumb Code     0  startup_stm32f37x.o(.text)
    DMA2_Channel1_IRQHandler                 0x0800025b   Thumb Code     0  startup_stm32f37x.o(.text)
    DMA2_Channel2_IRQHandler                 0x0800025b   Thumb Code     0  startup_stm32f37x.o(.text)
    DMA2_Channel3_IRQHandler                 0x0800025b   Thumb Code     0  startup_stm32f37x.o(.text)
    DMA2_Channel4_IRQHandler                 0x0800025b   Thumb Code     0  startup_stm32f37x.o(.text)
    DMA2_Channel5_IRQHandler                 0x0800025b   Thumb Code     0  startup_stm32f37x.o(.text)
    EXTI15_10_IRQHandler                     0x0800025b   Thumb Code     0  startup_stm32f37x.o(.text)
    EXTI1_IRQHandler                         0x0800025b   Thumb Code     0  startup_stm32f37x.o(.text)
    EXTI2_TS_IRQHandler                      0x0800025b   Thumb Code     0  startup_stm32f37x.o(.text)
    EXTI3_IRQHandler                         0x0800025b   Thumb Code     0  startup_stm32f37x.o(.text)
    EXTI4_IRQHandler                         0x0800025b   Thumb Code     0  startup_stm32f37x.o(.text)
    FLASH_IRQHandler                         0x0800025b   Thumb Code     0  startup_stm32f37x.o(.text)
    FPU_IRQHandler                           0x0800025b   Thumb Code     0  startup_stm32f37x.o(.text)
    I2C1_ER_IRQHandler                       0x0800025b   Thumb Code     0  startup_stm32f37x.o(.text)
    I2C1_EV_IRQHandler                       0x0800025b   Thumb Code     0  startup_stm32f37x.o(.text)
    I2C2_ER_IRQHandler                       0x0800025b   Thumb Code     0  startup_stm32f37x.o(.text)
    I2C2_EV_IRQHandler                       0x0800025b   Thumb Code     0  startup_stm32f37x.o(.text)
    PVD_IRQHandler                           0x0800025b   Thumb Code     0  startup_stm32f37x.o(.text)
    RCC_IRQHandler                           0x0800025b   Thumb Code     0  startup_stm32f37x.o(.text)
    SDADC2_IRQHandler                        0x0800025b   Thumb Code     0  startup_stm32f37x.o(.text)
    SDADC3_IRQHandler                        0x0800025b   Thumb Code     0  startup_stm32f37x.o(.text)
    SPI1_IRQHandler                          0x0800025b   Thumb Code     0  startup_stm32f37x.o(.text)
    SPI2_IRQHandler                          0x0800025b   Thumb Code     0  startup_stm32f37x.o(.text)
    SPI3_IRQHandler                          0x0800025b   Thumb Code     0  startup_stm32f37x.o(.text)
    TAMPER_STAMP_IRQHandler                  0x0800025b   Thumb Code     0  startup_stm32f37x.o(.text)
    TIM12_IRQHandler                         0x0800025b   Thumb Code     0  startup_stm32f37x.o(.text)
    TIM13_IRQHandler                         0x0800025b   Thumb Code     0  startup_stm32f37x.o(.text)
    TIM14_IRQHandler                         0x0800025b   Thumb Code     0  startup_stm32f37x.o(.text)
    TIM15_IRQHandler                         0x0800025b   Thumb Code     0  startup_stm32f37x.o(.text)
    TIM16_IRQHandler                         0x0800025b   Thumb Code     0  startup_stm32f37x.o(.text)
    TIM17_IRQHandler                         0x0800025b   Thumb Code     0  startup_stm32f37x.o(.text)
    TIM18_DAC2_IRQHandler                    0x0800025b   Thumb Code     0  startup_stm32f37x.o(.text)
    TIM19_IRQHandler                         0x0800025b   Thumb Code     0  startup_stm32f37x.o(.text)
    TIM2_IRQHandler                          0x0800025b   Thumb Code     0  startup_stm32f37x.o(.text)
    TIM3_IRQHandler                          0x0800025b   Thumb Code     0  startup_stm32f37x.o(.text)
    TIM5_IRQHandler                          0x0800025b   Thumb Code     0  startup_stm32f37x.o(.text)
    TIM6_DAC1_IRQHandler                     0x0800025b   Thumb Code     0  startup_stm32f37x.o(.text)
    TIM7_IRQHandler                          0x0800025b   Thumb Code     0  startup_stm32f37x.o(.text)
    USART1_IRQHandler                        0x0800025b   Thumb Code     0  startup_stm32f37x.o(.text)
    USART3_IRQHandler                        0x0800025b   Thumb Code     0  startup_stm32f37x.o(.text)
    USBWakeUp_IRQHandler                     0x0800025b   Thumb Code     0  startup_stm32f37x.o(.text)
    USB_HP_IRQHandler                        0x0800025b   Thumb Code     0  startup_stm32f37x.o(.text)
    USB_LP_IRQHandler                        0x0800025b   Thumb Code     0  startup_stm32f37x.o(.text)
    WWDG_IRQHandler                          0x0800025b   Thumb Code     0  startup_stm32f37x.o(.text)
    __user_initial_stackheap                 0x0800025d   Thumb Code     0  startup_stm32f37x.o(.text)
    SystemInit                               0x0800033b   Thumb Code   110  system_stm32f37x.o(.text)
    SystemCoreClockUpdate                    0x080003a9   Thumb Code   138  system_stm32f37x.o(.text)
    NMI_Handler                              0x08000459   Thumb Code     2  stm32f37x_it.o(.text)
    HardFault_Handler                        0x0800045b   Thumb Code    10  stm32f37x_it.o(.text)
    MemManage_Handler                        0x08000465   Thumb Code     4  stm32f37x_it.o(.text)
    BusFault_Handler                         0x08000469   Thumb Code     4  stm32f37x_it.o(.text)
    UsageFault_Handler                       0x0800046d   Thumb Code     4  stm32f37x_it.o(.text)
    SVC_Handler                              0x08000471   Thumb Code     2  stm32f37x_it.o(.text)
    DebugMon_Handler                         0x08000473   Thumb Code     2  stm32f37x_it.o(.text)
    PendSV_Handler                           0x08000475   Thumb Code     2  stm32f37x_it.o(.text)
    SysTick_Handler                          0x08000477   Thumb Code     8  stm32f37x_it.o(.text)
    ADC1_IRQHandler                          0x0800047f   Thumb Code     2  stm32f37x_it.o(.text)
    EXTI9_5_IRQHandler                       0x08000481   Thumb Code    26  stm32f37x_it.o(.text)
    SDADC1_IRQHandler                        0x0800049b   Thumb Code    26  stm32f37x_it.o(.text)
    main                                     0x080004cd   Thumb Code   284  main.o(.text)
    SD_SPI_Init                              0x08000665   Thumb Code   244  sd.o(.text)
    SD_WriteByte                             0x08000759   Thumb Code    48  sd.o(.text)
    SD_SendCmd                               0x08000789   Thumb Code    70  sd.o(.text)
    SD_ReadByte                              0x080007cf   Thumb Code    52  sd.o(.text)
    SD_GetResponse                           0x08000803   Thumb Code    34  sd.o(.text)
    SD_GoIdleState                           0x08000825   Thumb Code   110  sd.o(.text)
    SD_Init                                  0x08000893   Thumb Code    42  sd.o(.text)
    SD_GetCIDRegister                        0x080008bd   Thumb Code   264  sd.o(.text)
    SD_GetCSDRegister                        0x080009c5   Thumb Code   534  sd.o(.text)
    SD_GetCardInfo                           0x08000bdb   Thumb Code    62  sd.o(.text)
    SD_ReadBlock                             0x08000c19   Thumb Code   108  sd.o(.text)
    SD_ReadMultiBlocks                       0x08000c85   Thumb Code   144  sd.o(.text)
    SD_GetDataResponse                       0x08000d15   Thumb Code    76  sd.o(.text)
    SD_WriteBlock                            0x08000d61   Thumb Code   120  sd.o(.text)
    SD_WriteMultiBlocks                      0x08000dd9   Thumb Code   156  sd.o(.text)
    SD_GetStatus                             0x08000e75   Thumb Code    62  sd.o(.text)
    USART_Configuration                      0x08000eb5   Thumb Code   266  uart.o(.text)
    UART_send_byte                           0x08000fbf   Thumb Code    22  uart.o(.text)
    UART_Send                                0x08000fd5   Thumb Code    34  uart.o(.text)
    UART2_send_byte                          0x08000ff7   Thumb Code    22  uart.o(.text)
    UART2_Send                               0x0800100d   Thumb Code    34  uart.o(.text)
    UART_Recive                              0x0800102f   Thumb Code    24  uart.o(.text)
    USART2_IRQHandler                        0x08001047   Thumb Code   120  uart.o(.text)
    _ttywrch                                 0x080010bf   Thumb Code     6  uart.o(.text)
    _sys_exit                                0x080010c5   Thumb Code     6  uart.o(.text)
    fputc                                    0x080010cb   Thumb Code    32  uart.o(.text)
    sensor_sample_one_time                   0x080012df   Thumb Code    98  sdadc.o(.text)
    TIM4_IRQHandler                          0x08001341   Thumb Code   154  sdadc.o(.text)
    sensor_sample_init                       0x080013f5   Thumb Code    16  sdadc.o(.text)
    sensor_sample_deinit                     0x08001405   Thumb Code    16  sdadc.o(.text)
    Delay_ms                                 0x08001489   Thumb Code    20  systick.o(.text)
    TimingDelay_Decrement                    0x0800149d   Thumb Code    18  systick.o(.text)
    Systick_Init                             0x080014af   Thumb Code    90  systick.o(.text)
    RTC_Set_Time                             0x08001519   Thumb Code    36  rtc.o(.text)
    RTC_Set_Date                             0x0800153d   Thumb Code    36  rtc.o(.text)
    RTC_Set_WakeUp                           0x08001561   Thumb Code   106  rtc.o(.text)
    My_RTC_Init                              0x080015cb   Thumb Code   146  rtc.o(.text)
    RTC_Set_AlarmA                           0x0800165d   Thumb Code   158  rtc.o(.text)
    RTC_Set_AlarmB                           0x080016fb   Thumb Code   158  rtc.o(.text)
    RTC_Alarm_IRQHandler                     0x08001799   Thumb Code    84  rtc.o(.text)
    RTC_WKUP_IRQHandler                      0x080017ed   Thumb Code    52  rtc.o(.text)
    camera_new_pathname                      0x08001821   Thumb Code    66  rtc.o(.text)
    Date_read                                0x080018bd   Thumb Code    74  application.o(.text)
    set_alarm                                0x08001907   Thumb Code    36  application.o(.text)
    set_time                                 0x0800192b   Thumb Code   128  application.o(.text)
    Command_msg_handler                      0x080019ab   Thumb Code   138  application.o(.text)
    timet_checking                           0x08001a35   Thumb Code   290  application.o(.text)
    command_msg_analysis                     0x08001b57   Thumb Code  1688  application.o(.text)
    timet_compare                            0x080021ef   Thumb Code   582  application.o(.text)
    file_init                                0x08002435   Thumb Code   100  file.o(.text)
    file_creat                               0x08002499   Thumb Code   102  file.o(.text)
    file_read                                0x080024ff   Thumb Code   104  file.o(.text)
    file_write                               0x08002567   Thumb Code   112  file.o(.text)
    file_deinit                              0x080025d7   Thumb Code    12  file.o(.text)
    Sys_Enter_Standby                        0x080026cd   Thumb Code    64  wkup.o(.text)
    EXTI0_IRQHandler                         0x0800270d   Thumb Code    10  wkup.o(.text)
    WKUP_Init                                0x08002717   Thumb Code   126  wkup.o(.text)
    IWDG_Init                                0x08002795   Thumb Code    36  iwdg.o(.text)
    IWDG_Feed                                0x080027b9   Thumb Code     8  iwdg.o(.text)
    adc_init                                 0x080027c1   Thumb Code   168  adc.o(.text)
    get_adc_value                            0x08002869   Thumb Code    54  adc.o(.text)
    LED_Init                                 0x080028a9   Thumb Code    50  led.o(.text)
    LED_Open                                 0x080028db   Thumb Code    12  led.o(.text)
    LED_Close                                0x080028e7   Thumb Code    12  led.o(.text)
    LED1_Toggle                              0x080028f3   Thumb Code    28  led.o(.text)
    SPI_I2S_DeInit                           0x08002915   Thumb Code    76  stm32f37x_spi.o(.text)
    SPI_StructInit                           0x08002961   Thumb Code    30  stm32f37x_spi.o(.text)
    SPI_Init                                 0x0800297f   Thumb Code    80  stm32f37x_spi.o(.text)
    I2S_StructInit                           0x080029cf   Thumb Code    20  stm32f37x_spi.o(.text)
    I2S_Init                                 0x080029e3   Thumb Code   216  stm32f37x_spi.o(.text)
    SPI_Cmd                                  0x08002abb   Thumb Code    24  stm32f37x_spi.o(.text)
    SPI_TIModeCmd                            0x08002ad3   Thumb Code    24  stm32f37x_spi.o(.text)
    I2S_Cmd                                  0x08002aeb   Thumb Code    24  stm32f37x_spi.o(.text)
    SPI_DataSizeConfig                       0x08002b03   Thumb Code    18  stm32f37x_spi.o(.text)
    SPI_RxFIFOThresholdConfig                0x08002b15   Thumb Code    18  stm32f37x_spi.o(.text)
    SPI_BiDirectionalLineConfig              0x08002b27   Thumb Code    28  stm32f37x_spi.o(.text)
    SPI_NSSInternalSoftwareConfig            0x08002b43   Thumb Code    30  stm32f37x_spi.o(.text)
    SPI_SSOutputCmd                          0x08002b61   Thumb Code    24  stm32f37x_spi.o(.text)
    SPI_NSSPulseModeCmd                      0x08002b79   Thumb Code    24  stm32f37x_spi.o(.text)
    SPI_SendData8                            0x08002b91   Thumb Code    10  stm32f37x_spi.o(.text)
    SPI_I2S_SendData16                       0x08002b9b   Thumb Code     4  stm32f37x_spi.o(.text)
    SPI_ReceiveData8                         0x08002b9f   Thumb Code    12  stm32f37x_spi.o(.text)
    SPI_I2S_ReceiveData16                    0x08002bab   Thumb Code     6  stm32f37x_spi.o(.text)
    SPI_CRCLengthConfig                      0x08002bb1   Thumb Code    18  stm32f37x_spi.o(.text)
    SPI_CalculateCRC                         0x08002bc3   Thumb Code    24  stm32f37x_spi.o(.text)
    SPI_TransmitCRC                          0x08002bdb   Thumb Code    10  stm32f37x_spi.o(.text)
    SPI_GetCRC                               0x08002be5   Thumb Code    16  stm32f37x_spi.o(.text)
    SPI_GetCRCPolynomial                     0x08002bf5   Thumb Code     6  stm32f37x_spi.o(.text)
    SPI_I2S_DMACmd                           0x08002bfb   Thumb Code    18  stm32f37x_spi.o(.text)
    SPI_LastDMATransferCmd                   0x08002c0d   Thumb Code    18  stm32f37x_spi.o(.text)
    SPI_I2S_ITConfig                         0x08002c1f   Thumb Code    32  stm32f37x_spi.o(.text)
    SPI_GetTransmissionFIFOStatus            0x08002c3f   Thumb Code    10  stm32f37x_spi.o(.text)
    SPI_GetReceptionFIFOStatus               0x08002c49   Thumb Code    10  stm32f37x_spi.o(.text)
    SPI_I2S_GetFlagStatus                    0x08002c53   Thumb Code    18  stm32f37x_spi.o(.text)
    SPI_I2S_ClearFlag                        0x08002c65   Thumb Code     6  stm32f37x_spi.o(.text)
    SPI_I2S_GetITStatus                      0x08002c6b   Thumb Code    52  stm32f37x_spi.o(.text)
    GPIO_DeInit                              0x08002cad   Thumb Code   154  stm32f37x_gpio.o(.text)
    GPIO_Init                                0x08002d47   Thumb Code   144  stm32f37x_gpio.o(.text)
    GPIO_StructInit                          0x08002dd7   Thumb Code    22  stm32f37x_gpio.o(.text)
    GPIO_PinLockConfig                       0x08002ded   Thumb Code    34  stm32f37x_gpio.o(.text)
    GPIO_ReadInputDataBit                    0x08002e0f   Thumb Code    18  stm32f37x_gpio.o(.text)
    GPIO_ReadInputData                       0x08002e21   Thumb Code     6  stm32f37x_gpio.o(.text)
    GPIO_ReadOutputDataBit                   0x08002e27   Thumb Code    18  stm32f37x_gpio.o(.text)
    GPIO_ReadOutputData                      0x08002e39   Thumb Code     6  stm32f37x_gpio.o(.text)
    GPIO_SetBits                             0x08002e3f   Thumb Code     4  stm32f37x_gpio.o(.text)
    GPIO_ResetBits                           0x08002e43   Thumb Code     4  stm32f37x_gpio.o(.text)
    GPIO_WriteBit                            0x08002e47   Thumb Code    10  stm32f37x_gpio.o(.text)
    GPIO_Write                               0x08002e51   Thumb Code     4  stm32f37x_gpio.o(.text)
    GPIO_PinAFConfig                         0x08002e55   Thumb Code    70  stm32f37x_gpio.o(.text)
    RCC_DeInit                               0x08002eb1   Thumb Code    82  stm32f37x_rcc.o(.text)
    RCC_HSEConfig                            0x08002f03   Thumb Code    12  stm32f37x_rcc.o(.text)
    RCC_GetFlagStatus                        0x08002f0f   Thumb Code    54  stm32f37x_rcc.o(.text)
    RCC_WaitForHSEStartUp                    0x08002f45   Thumb Code    56  stm32f37x_rcc.o(.text)
    RCC_AdjustHSICalibrationValue            0x08002f7d   Thumb Code    20  stm32f37x_rcc.o(.text)
    RCC_HSICmd                               0x08002f91   Thumb Code     6  stm32f37x_rcc.o(.text)
    RCC_LSEConfig                            0x08002f97   Thumb Code    32  stm32f37x_rcc.o(.text)
    RCC_LSEDriveConfig                       0x08002fb7   Thumb Code    22  stm32f37x_rcc.o(.text)
    RCC_LSICmd                               0x08002fcd   Thumb Code     6  stm32f37x_rcc.o(.text)
    RCC_PLLConfig                            0x08002fd3   Thumb Code    28  stm32f37x_rcc.o(.text)
    RCC_PLLCmd                               0x08002fef   Thumb Code     6  stm32f37x_rcc.o(.text)
    RCC_PREDIV1Config                        0x08002ff5   Thumb Code    18  stm32f37x_rcc.o(.text)
    RCC_ClockSecuritySystemCmd               0x08003007   Thumb Code     6  stm32f37x_rcc.o(.text)
    RCC_MCOConfig                            0x0800300d   Thumb Code     6  stm32f37x_rcc.o(.text)
    RCC_SYSCLKConfig                         0x08003013   Thumb Code    18  stm32f37x_rcc.o(.text)
    RCC_GetSYSCLKSource                      0x08003025   Thumb Code    10  stm32f37x_rcc.o(.text)
    RCC_HCLKConfig                           0x0800302f   Thumb Code    18  stm32f37x_rcc.o(.text)
    RCC_PCLK1Config                          0x08003041   Thumb Code    18  stm32f37x_rcc.o(.text)
    RCC_PCLK2Config                          0x08003053   Thumb Code    20  stm32f37x_rcc.o(.text)
    RCC_ADCCLKConfig                         0x08003067   Thumb Code    22  stm32f37x_rcc.o(.text)
    RCC_SDADCCLKConfig                       0x0800307d   Thumb Code    22  stm32f37x_rcc.o(.text)
    RCC_CECCLKConfig                         0x08003093   Thumb Code    22  stm32f37x_rcc.o(.text)
    RCC_I2CCLKConfig                         0x080030a9   Thumb Code    44  stm32f37x_rcc.o(.text)
    RCC_USARTCLKConfig                       0x080030d5   Thumb Code    76  stm32f37x_rcc.o(.text)
    RCC_USBCLKConfig                         0x08003121   Thumb Code     6  stm32f37x_rcc.o(.text)
    RCC_GetClocksFreq                        0x08003127   Thumb Code   548  stm32f37x_rcc.o(.text)
    RCC_RTCCLKConfig                         0x0800334b   Thumb Code    12  stm32f37x_rcc.o(.text)
    RCC_RTCCLKCmd                            0x08003357   Thumb Code     6  stm32f37x_rcc.o(.text)
    RCC_BackupResetCmd                       0x0800335d   Thumb Code     8  stm32f37x_rcc.o(.text)
    RCC_AHBPeriphClockCmd                    0x08003365   Thumb Code    26  stm32f37x_rcc.o(.text)
    RCC_APB2PeriphClockCmd                   0x0800337f   Thumb Code    26  stm32f37x_rcc.o(.text)
    RCC_APB1PeriphClockCmd                   0x08003399   Thumb Code    26  stm32f37x_rcc.o(.text)
    RCC_AHBPeriphResetCmd                    0x080033b3   Thumb Code    26  stm32f37x_rcc.o(.text)
    RCC_APB2PeriphResetCmd                   0x080033cd   Thumb Code    26  stm32f37x_rcc.o(.text)
    RCC_APB1PeriphResetCmd                   0x080033e7   Thumb Code    26  stm32f37x_rcc.o(.text)
    RCC_ITConfig                             0x08003401   Thumb Code    26  stm32f37x_rcc.o(.text)
    RCC_ClearFlag                            0x0800341b   Thumb Code    14  stm32f37x_rcc.o(.text)
    RCC_GetITStatus                          0x08003429   Thumb Code    20  stm32f37x_rcc.o(.text)
    RCC_ClearITPendingBit                    0x0800343d   Thumb Code     6  stm32f37x_rcc.o(.text)
    USART_DeInit                             0x08003451   Thumb Code    82  stm32f37x_usart.o(.text)
    USART_Init                               0x080034a3   Thumb Code   196  stm32f37x_usart.o(.text)
    USART_StructInit                         0x08003567   Thumb Code    24  stm32f37x_usart.o(.text)
    USART_ClockInit                          0x0800357f   Thumb Code    30  stm32f37x_usart.o(.text)
    USART_ClockStructInit                    0x0800359d   Thumb Code    12  stm32f37x_usart.o(.text)
    USART_Cmd                                0x080035a9   Thumb Code    22  stm32f37x_usart.o(.text)
    USART_DirectionModeCmd                   0x080035bf   Thumb Code    18  stm32f37x_usart.o(.text)
    USART_OverSampling8Cmd                   0x080035d1   Thumb Code    22  stm32f37x_usart.o(.text)
    USART_OneBitMethodCmd                    0x080035e7   Thumb Code    22  stm32f37x_usart.o(.text)
    USART_MSBFirstCmd                        0x080035fd   Thumb Code    22  stm32f37x_usart.o(.text)
    USART_DataInvCmd                         0x08003613   Thumb Code    22  stm32f37x_usart.o(.text)
    USART_InvPinCmd                          0x08003629   Thumb Code    18  stm32f37x_usart.o(.text)
    USART_SWAPPinCmd                         0x0800363b   Thumb Code    22  stm32f37x_usart.o(.text)
    USART_ReceiverTimeOutCmd                 0x08003651   Thumb Code    22  stm32f37x_usart.o(.text)
    USART_SetReceiverTimeOut                 0x08003667   Thumb Code    16  stm32f37x_usart.o(.text)
    USART_SetPrescaler                       0x08003677   Thumb Code    16  stm32f37x_usart.o(.text)
    USART_STOPModeCmd                        0x08003687   Thumb Code    22  stm32f37x_usart.o(.text)
    USART_StopModeWakeUpSourceConfig         0x0800369d   Thumb Code    16  stm32f37x_usart.o(.text)
    USART_AutoBaudRateCmd                    0x080036ad   Thumb Code    22  stm32f37x_usart.o(.text)
    USART_AutoBaudRateConfig                 0x080036c3   Thumb Code    16  stm32f37x_usart.o(.text)
    USART_SendData                           0x080036d3   Thumb Code     8  stm32f37x_usart.o(.text)
    USART_ReceiveData                        0x080036db   Thumb Code    10  stm32f37x_usart.o(.text)
    USART_SetAddress                         0x080036e5   Thumb Code    18  stm32f37x_usart.o(.text)
    USART_MuteModeCmd                        0x080036f7   Thumb Code    22  stm32f37x_usart.o(.text)
    USART_MuteModeWakeUpConfig               0x0800370d   Thumb Code    16  stm32f37x_usart.o(.text)
    USART_AddressDetectionConfig             0x0800371d   Thumb Code    16  stm32f37x_usart.o(.text)
    USART_LINBreakDetectLengthConfig         0x0800372d   Thumb Code    16  stm32f37x_usart.o(.text)
    USART_LINCmd                             0x0800373d   Thumb Code    22  stm32f37x_usart.o(.text)
    USART_HalfDuplexCmd                      0x08003753   Thumb Code    22  stm32f37x_usart.o(.text)
    USART_SetGuardTime                       0x08003769   Thumb Code    16  stm32f37x_usart.o(.text)
    USART_SmartCardCmd                       0x08003779   Thumb Code    22  stm32f37x_usart.o(.text)
    USART_SmartCardNACKCmd                   0x0800378f   Thumb Code    22  stm32f37x_usart.o(.text)
    USART_SetAutoRetryCount                  0x080037a5   Thumb Code    18  stm32f37x_usart.o(.text)
    USART_SetBlockLength                     0x080037b7   Thumb Code    18  stm32f37x_usart.o(.text)
    USART_IrDAConfig                         0x080037c9   Thumb Code    16  stm32f37x_usart.o(.text)
    USART_IrDACmd                            0x080037d9   Thumb Code    22  stm32f37x_usart.o(.text)
    USART_DECmd                              0x080037ef   Thumb Code    22  stm32f37x_usart.o(.text)
    USART_DEPolarityConfig                   0x08003805   Thumb Code    16  stm32f37x_usart.o(.text)
    USART_SetDEAssertionTime                 0x08003815   Thumb Code    18  stm32f37x_usart.o(.text)
    USART_SetDEDeassertionTime               0x08003827   Thumb Code    30  stm32f37x_usart.o(.text)
    USART_DMACmd                             0x08003845   Thumb Code    18  stm32f37x_usart.o(.text)
    USART_DMAReceptionErrorConfig            0x08003857   Thumb Code    16  stm32f37x_usart.o(.text)
    USART_ITConfig                           0x08003867   Thumb Code    58  stm32f37x_usart.o(.text)
    USART_RequestCmd                         0x080038a1   Thumb Code    18  stm32f37x_usart.o(.text)
    USART_OverrunDetectionConfig             0x080038b3   Thumb Code    16  stm32f37x_usart.o(.text)
    USART_GetFlagStatus                      0x080038c3   Thumb Code    18  stm32f37x_usart.o(.text)
    USART_ClearFlag                          0x080038d5   Thumb Code     4  stm32f37x_usart.o(.text)
    USART_GetITStatus                        0x080038d9   Thumb Code    74  stm32f37x_usart.o(.text)
    USART_ClearITPendingBit                  0x08003923   Thumb Code    18  stm32f37x_usart.o(.text)
    EXTI_DeInit                              0x08003935   Thumb Code    34  stm32f37x_exti.o(.text)
    EXTI_Init                                0x08003957   Thumb Code   142  stm32f37x_exti.o(.text)
    EXTI_StructInit                          0x080039e5   Thumb Code    16  stm32f37x_exti.o(.text)
    EXTI_GenerateSWInterrupt                 0x080039f5   Thumb Code    16  stm32f37x_exti.o(.text)
    EXTI_GetFlagStatus                       0x08003a05   Thumb Code    22  stm32f37x_exti.o(.text)
    EXTI_ClearFlag                           0x08003a1b   Thumb Code     8  stm32f37x_exti.o(.text)
    EXTI_GetITStatus                         0x08003a23   Thumb Code    34  stm32f37x_exti.o(.text)
    EXTI_ClearITPendingBit                   0x08003a45   Thumb Code     8  stm32f37x_exti.o(.text)
    NVIC_PriorityGroupConfig                 0x08003a51   Thumb Code    10  stm32f37x_misc.o(.text)
    NVIC_Init                                0x08003a5b   Thumb Code   102  stm32f37x_misc.o(.text)
    NVIC_SetVectorTable                      0x08003ac1   Thumb Code    14  stm32f37x_misc.o(.text)
    NVIC_SystemLPConfig                      0x08003acf   Thumb Code    34  stm32f37x_misc.o(.text)
    SysTick_CLKSourceConfig                  0x08003af1   Thumb Code    40  stm32f37x_misc.o(.text)
    RTC_WaitForSynchro                       0x08003b2d   Thumb Code    92  stm32f37x_rtc.o(.text)
    RTC_EnterInitMode                        0x08003b89   Thumb Code    84  stm32f37x_rtc.o(.text)
    RTC_DeInit                               0x08003bdd   Thumb Code   200  stm32f37x_rtc.o(.text)
    RTC_ExitInitMode                         0x08003ca5   Thumb Code    18  stm32f37x_rtc.o(.text)
    RTC_Init                                 0x08003cb7   Thumb Code    94  stm32f37x_rtc.o(.text)
    RTC_StructInit                           0x08003d15   Thumb Code    14  stm32f37x_rtc.o(.text)
    RTC_WriteProtectionCmd                   0x08003d23   Thumb Code    22  stm32f37x_rtc.o(.text)
    RTC_RefClockCmd                          0x08003d39   Thumb Code    76  stm32f37x_rtc.o(.text)
    RTC_BypassShadowCmd                      0x08003d85   Thumb Code    54  stm32f37x_rtc.o(.text)
    RTC_SetTime                              0x08003ded   Thumb Code   200  stm32f37x_rtc.o(.text)
    RTC_TimeStructInit                       0x08003eb5   Thumb Code    12  stm32f37x_rtc.o(.text)
    RTC_GetTime                              0x08003ec1   Thumb Code    74  stm32f37x_rtc.o(.text)
    RTC_GetSubSecond                         0x08003f0b   Thumb Code    30  stm32f37x_rtc.o(.text)
    RTC_SetDate                              0x08003f29   Thumb Code   190  stm32f37x_rtc.o(.text)
    RTC_DateStructInit                       0x08003fe7   Thumb Code    14  stm32f37x_rtc.o(.text)
    RTC_GetDate                              0x08003ff5   Thumb Code    74  stm32f37x_rtc.o(.text)
    RTC_SetAlarm                             0x0800403f   Thumb Code   230  stm32f37x_rtc.o(.text)
    RTC_AlarmStructInit                      0x08004125   Thumb Code    22  stm32f37x_rtc.o(.text)
    RTC_GetAlarm                             0x0800413b   Thumb Code   114  stm32f37x_rtc.o(.text)
    RTC_AlarmCmd                             0x080041ad   Thumb Code   112  stm32f37x_rtc.o(.text)
    RTC_AlarmSubSecondConfig                 0x0800421d   Thumb Code    46  stm32f37x_rtc.o(.text)
    RTC_GetAlarmSubSecond                    0x0800424b   Thumb Code    34  stm32f37x_rtc.o(.text)
    RTC_WakeUpClockConfig                    0x0800426d   Thumb Code    42  stm32f37x_rtc.o(.text)
    RTC_SetWakeUpCounter                     0x08004297   Thumb Code    22  stm32f37x_rtc.o(.text)
    RTC_GetWakeUpCounter                     0x080042ad   Thumb Code    10  stm32f37x_rtc.o(.text)
    RTC_WakeUpCmd                            0x080042b7   Thumb Code   116  stm32f37x_rtc.o(.text)
    RTC_DayLightSavingConfig                 0x0800432b   Thumb Code    50  stm32f37x_rtc.o(.text)
    RTC_GetStoreOperation                    0x0800435d   Thumb Code    12  stm32f37x_rtc.o(.text)
    RTC_OutputConfig                         0x08004369   Thumb Code    60  stm32f37x_rtc.o(.text)
    RTC_CalibOutputCmd                       0x080043a5   Thumb Code    54  stm32f37x_rtc.o(.text)
    RTC_CalibOutputConfig                    0x080043db   Thumb Code    42  stm32f37x_rtc.o(.text)
    RTC_SmoothCalibConfig                    0x08004405   Thumb Code    90  stm32f37x_rtc.o(.text)
    RTC_TimeStampCmd                         0x0800445f   Thumb Code    54  stm32f37x_rtc.o(.text)
    RTC_GetTimeStamp                         0x08004495   Thumb Code   144  stm32f37x_rtc.o(.text)
    RTC_GetTimeStampSubSecond                0x08004525   Thumb Code     8  stm32f37x_rtc.o(.text)
    RTC_TamperTriggerConfig                  0x0800452d   Thumb Code    38  stm32f37x_rtc.o(.text)
    RTC_TamperCmd                            0x08004553   Thumb Code    34  stm32f37x_rtc.o(.text)
    RTC_TamperFilterConfig                   0x08004575   Thumb Code    26  stm32f37x_rtc.o(.text)
    RTC_TamperSamplingFreqConfig             0x0800458f   Thumb Code    26  stm32f37x_rtc.o(.text)
    RTC_TamperPinsPrechargeDuration          0x080045a9   Thumb Code    26  stm32f37x_rtc.o(.text)
    RTC_TimeStampOnTamperDetectionCmd        0x080045c3   Thumb Code    38  stm32f37x_rtc.o(.text)
    RTC_TamperPullUpCmd                      0x080045e9   Thumb Code    38  stm32f37x_rtc.o(.text)
    RTC_WriteBackupRegister                  0x0800460f   Thumb Code    26  stm32f37x_rtc.o(.text)
    RTC_ReadBackupRegister                   0x08004629   Thumb Code    28  stm32f37x_rtc.o(.text)
    RTC_OutputTypeConfig                     0x08004645   Thumb Code    26  stm32f37x_rtc.o(.text)
    RTC_SynchroShiftConfig                   0x0800465f   Thumb Code   118  stm32f37x_rtc.o(.text)
    RTC_ITConfig                             0x080046d5   Thumb Code    94  stm32f37x_rtc.o(.text)
    RTC_GetFlagStatus                        0x08004733   Thumb Code    32  stm32f37x_rtc.o(.text)
    RTC_ClearFlag                            0x08004753   Thumb Code    30  stm32f37x_rtc.o(.text)
    RTC_GetITStatus                          0x08004771   Thumb Code    86  stm32f37x_rtc.o(.text)
    RTC_ClearITPendingBit                    0x080047c7   Thumb Code    28  stm32f37x_rtc.o(.text)
    SDADC_DeInit                             0x080047e9   Thumb Code    76  stm32f37x_sdadc.o(.text)
    SDADC_Init                               0x08004835   Thumb Code    34  stm32f37x_sdadc.o(.text)
    SDADC_StructInit                         0x08004857   Thumb Code    12  stm32f37x_sdadc.o(.text)
    SDADC_AINInit                            0x08004863   Thumb Code    30  stm32f37x_sdadc.o(.text)
    SDADC_AINStructInit                      0x08004881   Thumb Code    12  stm32f37x_sdadc.o(.text)
    SDADC_ChannelConfig                      0x0800488d   Thumb Code    30  stm32f37x_sdadc.o(.text)
    SDADC_Cmd                                0x080048ab   Thumb Code    22  stm32f37x_sdadc.o(.text)
    SDADC_InitModeCmd                        0x080048c1   Thumb Code    22  stm32f37x_sdadc.o(.text)
    SDADC_FastConversionCmd                  0x080048d7   Thumb Code    22  stm32f37x_sdadc.o(.text)
    SDADC_VREFSelect                         0x080048ed   Thumb Code    16  stm32f37x_sdadc.o(.text)
    SDADC_CalibrationSequenceConfig          0x080048fd   Thumb Code    14  stm32f37x_sdadc.o(.text)
    SDADC_StartCalibration                   0x0800490b   Thumb Code    10  stm32f37x_sdadc.o(.text)
    SDADC_ChannelSelect                      0x08004915   Thumb Code    18  stm32f37x_sdadc.o(.text)
    SDADC_ContinuousModeCmd                  0x08004927   Thumb Code    22  stm32f37x_sdadc.o(.text)
    SDADC_SoftwareStartConv                  0x0800493d   Thumb Code    10  stm32f37x_sdadc.o(.text)
    SDADC_GetConversionValue                 0x08004947   Thumb Code     8  stm32f37x_sdadc.o(.text)
    SDADC_RegularSynchroSDADC1               0x0800494f   Thumb Code    22  stm32f37x_sdadc.o(.text)
    SDADC_GetConversionSDADC12Value          0x08004965   Thumb Code     6  stm32f37x_sdadc.o(.text)
    SDADC_GetConversionSDADC13Value          0x0800496b   Thumb Code     6  stm32f37x_sdadc.o(.text)
    SDADC_SoftwareStartInjectedConv          0x08004971   Thumb Code    10  stm32f37x_sdadc.o(.text)
    SDADC_InjectedChannelSelect              0x0800497b   Thumb Code     6  stm32f37x_sdadc.o(.text)
    SDADC_DelayStartInjectedConvCmd          0x08004981   Thumb Code    22  stm32f37x_sdadc.o(.text)
    SDADC_InjectedContinuousModeCmd          0x08004997   Thumb Code    22  stm32f37x_sdadc.o(.text)
    SDADC_ExternalTrigInjectedConvConfig     0x080049ad   Thumb Code    16  stm32f37x_sdadc.o(.text)
    SDADC_ExternalTrigInjectedConvEdgeConfig 0x080049bd   Thumb Code    16  stm32f37x_sdadc.o(.text)
    SDADC_GetInjectedChannel                 0x080049cd   Thumb Code    18  stm32f37x_sdadc.o(.text)
    SDADC_GetInjectedConversionValue         0x080049df   Thumb Code    30  stm32f37x_sdadc.o(.text)
    SDADC_InjectedSynchroSDADC1              0x080049fd   Thumb Code    22  stm32f37x_sdadc.o(.text)
    SDADC_GetInjectedConversionSDADC12Value  0x08004a13   Thumb Code     6  stm32f37x_sdadc.o(.text)
    SDADC_GetInjectedConversionSDADC13Value  0x08004a19   Thumb Code     6  stm32f37x_sdadc.o(.text)
    SDADC_PowerDownCmd                       0x08004a1f   Thumb Code    22  stm32f37x_sdadc.o(.text)
    SDADC_StandbyCmd                         0x08004a35   Thumb Code    22  stm32f37x_sdadc.o(.text)
    SDADC_SlowClockCmd                       0x08004a4b   Thumb Code    22  stm32f37x_sdadc.o(.text)
    SDADC_DMAConfig                          0x08004a61   Thumb Code    18  stm32f37x_sdadc.o(.text)
    SDADC_ITConfig                           0x08004a73   Thumb Code    18  stm32f37x_sdadc.o(.text)
    SDADC_GetFlagStatus                      0x08004a85   Thumb Code    18  stm32f37x_sdadc.o(.text)
    SDADC_ClearFlag                          0x08004a97   Thumb Code     8  stm32f37x_sdadc.o(.text)
    SDADC_GetITStatus                        0x08004a9f   Thumb Code    34  stm32f37x_sdadc.o(.text)
    SDADC_ClearITPendingBit                  0x08004ac1   Thumb Code     8  stm32f37x_sdadc.o(.text)
    PWR_DeInit                               0x08004add   Thumb Code    22  stm32f37x_pwr.o(.text)
    PWR_BackupAccessCmd                      0x08004af3   Thumb Code     6  stm32f37x_pwr.o(.text)
    PWR_PVDLevelConfig                       0x08004af9   Thumb Code    18  stm32f37x_pwr.o(.text)
    PWR_PVDCmd                               0x08004b0b   Thumb Code     6  stm32f37x_pwr.o(.text)
    PWR_WakeUpPinCmd                         0x08004b11   Thumb Code    26  stm32f37x_pwr.o(.text)
    PWR_SDADCAnalogCmd                       0x08004b2b   Thumb Code    26  stm32f37x_pwr.o(.text)
    PWR_EnterSleepMode                       0x08004b45   Thumb Code    24  stm32f37x_pwr.o(.text)
    PWR_EnterSTOPMode                        0x08004b5d   Thumb Code    54  stm32f37x_pwr.o(.text)
    PWR_EnterSTANDBYMode                     0x08004b93   Thumb Code    42  stm32f37x_pwr.o(.text)
    PWR_GetFlagStatus                        0x08004bbd   Thumb Code    20  stm32f37x_pwr.o(.text)
    PWR_ClearFlag                            0x08004bd1   Thumb Code    14  stm32f37x_pwr.o(.text)
    TIM_DeInit                               0x08004bed   Thumb Code   348  stm32f37x_tim.o(.text)
    TIM_TimeBaseInit                         0x08004d49   Thumb Code   110  stm32f37x_tim.o(.text)
    TIM_TimeBaseStructInit                   0x08004db7   Thumb Code    18  stm32f37x_tim.o(.text)
    TIM_PrescalerConfig                      0x08004dc9   Thumb Code     6  stm32f37x_tim.o(.text)
    TIM_CounterModeConfig                    0x08004dcf   Thumb Code    18  stm32f37x_tim.o(.text)
    TIM_SetCounter                           0x08004de1   Thumb Code     4  stm32f37x_tim.o(.text)
    TIM_SetAutoreload                        0x08004de5   Thumb Code     4  stm32f37x_tim.o(.text)
    TIM_GetCounter                           0x08004de9   Thumb Code     6  stm32f37x_tim.o(.text)
    TIM_GetPrescaler                         0x08004def   Thumb Code     6  stm32f37x_tim.o(.text)
    TIM_UpdateDisableConfig                  0x08004df5   Thumb Code    24  stm32f37x_tim.o(.text)
    TIM_UpdateRequestConfig                  0x08004e0d   Thumb Code    24  stm32f37x_tim.o(.text)
    TIM_ARRPreloadConfig                     0x08004e25   Thumb Code    24  stm32f37x_tim.o(.text)
    TIM_SelectOnePulseMode                   0x08004e3d   Thumb Code    18  stm32f37x_tim.o(.text)
    TIM_SetClockDivision                     0x08004e4f   Thumb Code    18  stm32f37x_tim.o(.text)
    TIM_Cmd                                  0x08004e61   Thumb Code    24  stm32f37x_tim.o(.text)
    TIM_BDTRConfig                           0x08004e79   Thumb Code    38  stm32f37x_tim.o(.text)
    TIM_BDTRStructInit                       0x08004e9f   Thumb Code    18  stm32f37x_tim.o(.text)
    TIM_CtrlPWMOutputs                       0x08004eb1   Thumb Code    30  stm32f37x_tim.o(.text)
    TIM_OC1Init                              0x08004ecf   Thumb Code   120  stm32f37x_tim.o(.text)
    TIM_OC2Init                              0x08004f47   Thumb Code    82  stm32f37x_tim.o(.text)
    TIM_OC3Init                              0x08004f99   Thumb Code   132  stm32f37x_tim.o(.text)
    TIM_OC4Init                              0x0800501d   Thumb Code    82  stm32f37x_tim.o(.text)
    TIM_OCStructInit                         0x0800506f   Thumb Code    20  stm32f37x_tim.o(.text)
    TIM_SelectOCxM                           0x08005083   Thumb Code    82  stm32f37x_tim.o(.text)
    TIM_SetCompare1                          0x080050d5   Thumb Code     4  stm32f37x_tim.o(.text)
    TIM_SetCompare2                          0x080050d9   Thumb Code     4  stm32f37x_tim.o(.text)
    TIM_SetCompare3                          0x080050dd   Thumb Code     4  stm32f37x_tim.o(.text)
    TIM_SetCompare4                          0x080050e1   Thumb Code     4  stm32f37x_tim.o(.text)
    TIM_ForcedOC1Config                      0x080050e5   Thumb Code    18  stm32f37x_tim.o(.text)
    TIM_ForcedOC2Config                      0x080050f7   Thumb Code    26  stm32f37x_tim.o(.text)
    TIM_ForcedOC3Config                      0x08005111   Thumb Code    18  stm32f37x_tim.o(.text)
    TIM_ForcedOC4Config                      0x08005123   Thumb Code    26  stm32f37x_tim.o(.text)
    TIM_CCPreloadControl                     0x0800513d   Thumb Code    24  stm32f37x_tim.o(.text)
    TIM_OC1PreloadConfig                     0x08005155   Thumb Code    18  stm32f37x_tim.o(.text)
    TIM_OC2PreloadConfig                     0x08005167   Thumb Code    26  stm32f37x_tim.o(.text)
    TIM_OC3PreloadConfig                     0x08005181   Thumb Code    18  stm32f37x_tim.o(.text)
    TIM_OC4PreloadConfig                     0x08005193   Thumb Code    26  stm32f37x_tim.o(.text)
    TIM_OC1FastConfig                        0x080051ad   Thumb Code    18  stm32f37x_tim.o(.text)
    TIM_OC2FastConfig                        0x080051bf   Thumb Code    26  stm32f37x_tim.o(.text)
    TIM_OC3FastConfig                        0x080051d9   Thumb Code    18  stm32f37x_tim.o(.text)
    TIM_OC4FastConfig                        0x080051eb   Thumb Code    26  stm32f37x_tim.o(.text)
    TIM_ClearOC1Ref                          0x08005205   Thumb Code    18  stm32f37x_tim.o(.text)
    TIM_ClearOC2Ref                          0x08005217   Thumb Code    24  stm32f37x_tim.o(.text)
    TIM_ClearOC3Ref                          0x0800522f   Thumb Code    18  stm32f37x_tim.o(.text)
    TIM_ClearOC4Ref                          0x08005241   Thumb Code    24  stm32f37x_tim.o(.text)
    TIM_OC1PolarityConfig                    0x08005259   Thumb Code    18  stm32f37x_tim.o(.text)
    TIM_OC1NPolarityConfig                   0x0800526b   Thumb Code    18  stm32f37x_tim.o(.text)
    TIM_OC2PolarityConfig                    0x0800527d   Thumb Code    26  stm32f37x_tim.o(.text)
    TIM_OC3PolarityConfig                    0x08005297   Thumb Code    26  stm32f37x_tim.o(.text)
    TIM_OC4PolarityConfig                    0x080052b1   Thumb Code    26  stm32f37x_tim.o(.text)
    TIM_SelectOCREFClear                     0x080052cb   Thumb Code    18  stm32f37x_tim.o(.text)
    TIM_CCxCmd                               0x080052dd   Thumb Code    30  stm32f37x_tim.o(.text)
    TIM_CCxNCmd                              0x080052fb   Thumb Code    30  stm32f37x_tim.o(.text)
    TIM_SelectCOM                            0x08005319   Thumb Code    24  stm32f37x_tim.o(.text)
    TIM_SetIC4Prescaler                      0x08005331   Thumb Code    26  stm32f37x_tim.o(.text)
    TIM_SetIC3Prescaler                      0x0800539b   Thumb Code    18  stm32f37x_tim.o(.text)
    TIM_SetIC2Prescaler                      0x080053f5   Thumb Code    26  stm32f37x_tim.o(.text)
    TIM_SetIC1Prescaler                      0x0800545f   Thumb Code    18  stm32f37x_tim.o(.text)
    TIM_ICInit                               0x080054ab   Thumb Code   110  stm32f37x_tim.o(.text)
    TIM_ICStructInit                         0x08005519   Thumb Code    18  stm32f37x_tim.o(.text)
    TIM_PWMIConfig                           0x0800552b   Thumb Code   124  stm32f37x_tim.o(.text)
    TIM_GetCapture1                          0x080055a7   Thumb Code     6  stm32f37x_tim.o(.text)
    TIM_GetCapture2                          0x080055ad   Thumb Code     6  stm32f37x_tim.o(.text)
    TIM_GetCapture3                          0x080055b3   Thumb Code     6  stm32f37x_tim.o(.text)
    TIM_GetCapture4                          0x080055b9   Thumb Code     6  stm32f37x_tim.o(.text)
    TIM_ITConfig                             0x080055bf   Thumb Code    18  stm32f37x_tim.o(.text)
    TIM_GenerateEvent                        0x080055d1   Thumb Code     4  stm32f37x_tim.o(.text)
    TIM_GetFlagStatus                        0x080055d5   Thumb Code    18  stm32f37x_tim.o(.text)
    TIM_ClearFlag                            0x080055e7   Thumb Code     6  stm32f37x_tim.o(.text)
    TIM_GetITStatus                          0x080055ed   Thumb Code    34  stm32f37x_tim.o(.text)
    TIM_ClearITPendingBit                    0x0800560f   Thumb Code     6  stm32f37x_tim.o(.text)
    TIM_DMAConfig                            0x08005615   Thumb Code    10  stm32f37x_tim.o(.text)
    TIM_DMACmd                               0x0800561f   Thumb Code    18  stm32f37x_tim.o(.text)
    TIM_SelectCCDMA                          0x08005631   Thumb Code    24  stm32f37x_tim.o(.text)
    TIM_InternalClockConfig                  0x08005649   Thumb Code    12  stm32f37x_tim.o(.text)
    TIM_SelectInputTrigger                   0x08005655   Thumb Code    18  stm32f37x_tim.o(.text)
    TIM_ITRxExternalClockConfig              0x08005667   Thumb Code    24  stm32f37x_tim.o(.text)
    TIM_TIxExternalClockConfig               0x0800567f   Thumb Code    62  stm32f37x_tim.o(.text)
    TIM_ETRConfig                            0x080056bd   Thumb Code    28  stm32f37x_tim.o(.text)
    TIM_ETRClockMode1Config                  0x080056d9   Thumb Code    54  stm32f37x_tim.o(.text)
    TIM_ETRClockMode2Config                  0x0800570f   Thumb Code    32  stm32f37x_tim.o(.text)
    TIM_SelectOutputTrigger                  0x0800572f   Thumb Code    18  stm32f37x_tim.o(.text)
    TIM_SelectSlaveMode                      0x08005741   Thumb Code    18  stm32f37x_tim.o(.text)
    TIM_SelectMasterSlaveMode                0x08005753   Thumb Code    18  stm32f37x_tim.o(.text)
    TIM_EncoderInterfaceConfig               0x08005765   Thumb Code    66  stm32f37x_tim.o(.text)
    TIM_SelectHallSensor                     0x080057a7   Thumb Code    24  stm32f37x_tim.o(.text)
    TIM_RemapConfig                          0x080057bf   Thumb Code     6  stm32f37x_tim.o(.text)
    SYSCFG_DeInit                            0x080057c5   Thumb Code    44  stm32f37x_syscfg.o(.text)
    SYSCFG_MemoryRemapConfig                 0x080057f1   Thumb Code    18  stm32f37x_syscfg.o(.text)
    SYSCFG_DMAChannelRemapConfig             0x08005803   Thumb Code    26  stm32f37x_syscfg.o(.text)
    SYSCFG_I2CFastModePlusConfig             0x0800581d   Thumb Code    26  stm32f37x_syscfg.o(.text)
    SYSCFG_VBATMonitoringCmd                 0x08005837   Thumb Code    30  stm32f37x_syscfg.o(.text)
    SYSCFG_ITConfig                          0x08005855   Thumb Code    26  stm32f37x_syscfg.o(.text)
    SYSCFG_EXTILineConfig                    0x0800586f   Thumb Code    66  stm32f37x_syscfg.o(.text)
    SYSCFG_BreakConfig                       0x080058b1   Thumb Code    12  stm32f37x_syscfg.o(.text)
    SYSCFG_GetFlagStatus                     0x080058bd   Thumb Code    22  stm32f37x_syscfg.o(.text)
    SYSCFG_ClearFlag                         0x080058d3   Thumb Code    12  stm32f37x_syscfg.o(.text)
    IWDG_WriteAccessCmd                      0x080058e5   Thumb Code     6  stm32f37x_iwdg.o(.text)
    IWDG_SetPrescaler                        0x080058eb   Thumb Code     6  stm32f37x_iwdg.o(.text)
    IWDG_SetReload                           0x080058f1   Thumb Code     6  stm32f37x_iwdg.o(.text)
    IWDG_ReloadCounter                       0x080058f7   Thumb Code    10  stm32f37x_iwdg.o(.text)
    IWDG_SetWindowValue                      0x08005901   Thumb Code     6  stm32f37x_iwdg.o(.text)
    IWDG_Enable                              0x08005907   Thumb Code    10  stm32f37x_iwdg.o(.text)
    IWDG_GetFlagStatus                       0x08005911   Thumb Code    20  stm32f37x_iwdg.o(.text)
    ADC_DeInit                               0x08005929   Thumb Code    24  stm32f37x_adc.o(.text)
    ADC_Init                                 0x08005941   Thumb Code    66  stm32f37x_adc.o(.text)
    ADC_StructInit                           0x08005983   Thumb Code    16  stm32f37x_adc.o(.text)
    ADC_Cmd                                  0x08005993   Thumb Code    22  stm32f37x_adc.o(.text)
    ADC_StartCalibration                     0x080059a9   Thumb Code    10  stm32f37x_adc.o(.text)
    ADC_ResetCalibration                     0x080059b3   Thumb Code    10  stm32f37x_adc.o(.text)
    ADC_AnalogWatchdogCmd                    0x080059bd   Thumb Code    16  stm32f37x_adc.o(.text)
    ADC_AnalogWatchdogThresholdsConfig       0x080059cd   Thumb Code     6  stm32f37x_adc.o(.text)
    ADC_AnalogWatchdogSingleChannelConfig    0x080059d3   Thumb Code    16  stm32f37x_adc.o(.text)
    ADC_TempSensorVrefintCmd                 0x080059e3   Thumb Code    30  stm32f37x_adc.o(.text)
    ADC_RegularChannelConfig                 0x08005a01   Thumb Code   184  stm32f37x_adc.o(.text)
    ADC_ExternalTrigConvCmd                  0x08005ab9   Thumb Code    22  stm32f37x_adc.o(.text)
    ADC_SoftwareStartConv                    0x08005acf   Thumb Code    10  stm32f37x_adc.o(.text)
    ADC_GetSoftwareStartConvStatus           0x08005ad9   Thumb Code    20  stm32f37x_adc.o(.text)
    ADC_ContinuousModeCmd                    0x08005aed   Thumb Code    22  stm32f37x_adc.o(.text)
    ADC_DiscModeChannelCountConfig           0x08005b03   Thumb Code    24  stm32f37x_adc.o(.text)
    ADC_DiscModeCmd                          0x08005b1b   Thumb Code    22  stm32f37x_adc.o(.text)
    ADC_GetConversionValue                   0x08005b31   Thumb Code     8  stm32f37x_adc.o(.text)
    ADC_DMACmd                               0x08005b39   Thumb Code    22  stm32f37x_adc.o(.text)
    ADC_InjectedChannelConfig                0x08005b4f   Thumb Code   130  stm32f37x_adc.o(.text)
    ADC_InjectedSequencerLengthConfig        0x08005bd1   Thumb Code    24  stm32f37x_adc.o(.text)
    ADC_SetInjectedOffset                    0x08005be9   Thumb Code    20  stm32f37x_adc.o(.text)
    ADC_ExternalTrigInjectedConvConfig       0x08005bfd   Thumb Code    16  stm32f37x_adc.o(.text)
    ADC_ExternalTrigInjectedConvCmd          0x08005c0d   Thumb Code    22  stm32f37x_adc.o(.text)
    ADC_SoftwareStartInjectedConvCmd         0x08005c23   Thumb Code    22  stm32f37x_adc.o(.text)
    ADC_GetSoftwareStartInjectedConvCmdStatus 0x08005c39   Thumb Code    20  stm32f37x_adc.o(.text)
    ADC_AutoInjectedConvCmd                  0x08005c4d   Thumb Code    22  stm32f37x_adc.o(.text)
    ADC_InjectedDiscModeCmd                  0x08005c63   Thumb Code    22  stm32f37x_adc.o(.text)
    ADC_GetInjectedConversionValue           0x08005c79   Thumb Code    28  stm32f37x_adc.o(.text)
    ADC_ITConfig                             0x08005c95   Thumb Code    24  stm32f37x_adc.o(.text)
    ADC_GetFlagStatus                        0x08005cad   Thumb Code    18  stm32f37x_adc.o(.text)
    ADC_ClearFlag                            0x08005cbf   Thumb Code     6  stm32f37x_adc.o(.text)
    ADC_GetITStatus                          0x08005cc5   Thumb Code    36  stm32f37x_adc.o(.text)
    ADC_ClearITPendingBit                    0x08005ce9   Thumb Code    10  stm32f37x_adc.o(.text)
    ADC_GetCalibrationStatus                 0x08005cf3   Thumb Code    20  stm32f37x_adc.o(.text)
    ADC_GetResetCalibrationStatus            0x08005d07   Thumb Code    20  stm32f37x_adc.o(.text)
    disk_initialize                          0x08005d29   Thumb Code    16  diskio.o(.text)
    disk_status                              0x08005d39   Thumb Code    12  diskio.o(.text)
    disk_read                                0x08005d45   Thumb Code    30  diskio.o(.text)
    disk_write                               0x08005d63   Thumb Code    30  diskio.o(.text)
    get_fattime                              0x08005d81   Thumb Code     4  diskio.o(.text)
    disk_ioctl                               0x08005d85   Thumb Code    52  diskio.o(.text)
    clust2sect                               0x08005f61   Thumb Code    26  ff.o(.text)
    get_fat                                  0x08005f7b   Thumb Code   228  ff.o(.text)
    put_fat                                  0x0800605f   Thumb Code   314  ff.o(.text)
    f_mount                                  0x08006c5f   Thumb Code    38  ff.o(.text)
    f_open                                   0x08006c85   Thumb Code   360  ff.o(.text)
    f_read                                   0x08006ded   Thumb Code   474  ff.o(.text)
    f_write                                  0x08006fc7   Thumb Code   524  ff.o(.text)
    f_sync                                   0x080071d3   Thumb Code   182  ff.o(.text)
    f_close                                  0x08007289   Thumb Code    22  ff.o(.text)
    f_lseek                                  0x0800729f   Thumb Code   432  ff.o(.text)
    f_opendir                                0x0800744f   Thumb Code   110  ff.o(.text)
    f_readdir                                0x080074bd   Thumb Code    88  ff.o(.text)
    f_stat                                   0x08007515   Thumb Code    58  ff.o(.text)
    f_getfree                                0x0800754f   Thumb Code   276  ff.o(.text)
    f_truncate                               0x08007663   Thumb Code   156  ff.o(.text)
    f_unlink                                 0x080076ff   Thumb Code   178  ff.o(.text)
    f_mkdir                                  0x080077b1   Thumb Code   384  ff.o(.text)
    f_chmod                                  0x08007931   Thumb Code    84  ff.o(.text)
    f_utime                                  0x08007985   Thumb Code    86  ff.o(.text)
    f_rename                                 0x080079db   Thumb Code   288  ff.o(.text)
    __use_no_semihosting                     0x08007afb   Thumb Code     2  use_no_semi_2.o(.text)
    malloc                                   0x08007afd   Thumb Code    94  h1_alloc.o(.text)
    free                                     0x08007b5b   Thumb Code    78  h1_free.o(.text)
    __2printf                                0x08007ba9   Thumb Code    20  noretval__2printf.o(.text)
    __2sprintf                               0x08007bc1   Thumb Code    34  noretval__2sprintf.o(.text)
    _printf_pre_padding                      0x08007be9   Thumb Code    46  _printf_pad.o(.text)
    _printf_post_padding                     0x08007c17   Thumb Code    36  _printf_pad.o(.text)
    _printf_str                              0x08007c3b   Thumb Code    82  _printf_str.o(.text)
    _printf_int_dec                          0x08007c8d   Thumb Code   102  _printf_dec.o(.text)
    __printf                                 0x08007d05   Thumb Code   310  __printf_flags_wp.o(.text)
    __aeabi_memclr                           0x08007e41   Thumb Code     0  rt_memclr.o(.text)
    __rt_memclr                              0x08007e41   Thumb Code    68  rt_memclr.o(.text)
    _memset                                  0x08007e45   Thumb Code     0  rt_memclr.o(.text)
    strcmp                                   0x08007e85   Thumb Code   128  strcmpv7m.o(.text)
    __use_two_region_memory                  0x08007f05   Thumb Code     2  heapauxi.o(.text)
    __rt_heap_escrow                         0x08007f07   Thumb Code     2  heapauxi.o(.text)
    __rt_heap_expand                         0x08007f09   Thumb Code     2  heapauxi.o(.text)
    __I$use$semihosting                      0x08007f0b   Thumb Code     0  use_no_semi.o(.text)
    __use_no_semihosting_swi                 0x08007f0b   Thumb Code     2  use_no_semi.o(.text)
    __rt_heap_descriptor                     0x08007f0d   Thumb Code     8  rt_heap_descriptor_intlibspace.o(.text)
    __use_no_heap                            0x08007f15   Thumb Code     2  hguard.o(.text)
    __heap$guard                             0x08007f17   Thumb Code     2  hguard.o(.text)
    _terminate_user_alloc                    0x08007f19   Thumb Code     2  init_alloc.o(.text)
    _init_user_alloc                         0x08007f1b   Thumb Code     2  init_alloc.o(.text)
    __Heap_Full                              0x08007f1d   Thumb Code    34  init_alloc.o(.text)
    __Heap_Broken                            0x08007f3f   Thumb Code     6  init_alloc.o(.text)
    _init_alloc                              0x08007f45   Thumb Code    94  init_alloc.o(.text)
    __Heap_Initialize                        0x08007fa3   Thumb Code    10  h1_init.o(.text)
    __Heap_DescSize                          0x08007fad   Thumb Code     4  h1_init.o(.text)
    _printf_int_common                       0x08007fb1   Thumb Code   184  _printf_intcommon.o(.text)
    _printf_char_common                      0x08008073   Thumb Code    32  _printf_char_common.o(.text)
    _sputc                                   0x08008099   Thumb Code    10  _sputc.o(.text)
    _printf_cs_common                        0x080080a3   Thumb Code    20  _printf_char.o(.text)
    _printf_char                             0x080080b7   Thumb Code    16  _printf_char.o(.text)
    _printf_string                           0x080080c7   Thumb Code     8  _printf_char.o(.text)
    _printf_char_file                        0x080080d1   Thumb Code    32  _printf_char_file.o(.text)
    __aeabi_memclr4                          0x080080f5   Thumb Code     0  rt_memclr_w.o(.text)
    __aeabi_memclr8                          0x080080f5   Thumb Code     0  rt_memclr_w.o(.text)
    __rt_memclr_w                            0x080080f5   Thumb Code    78  rt_memclr_w.o(.text)
    _memset_w                                0x080080f9   Thumb Code     0  rt_memclr_w.o(.text)
    __user_libspace                          0x08008145   Thumb Code     8  libspace.o(.text)
    __user_perproc_libspace                  0x08008145   Thumb Code     0  libspace.o(.text)
    __user_perthread_libspace                0x08008145   Thumb Code     0  libspace.o(.text)
    __Heap_ProvideMemory                     0x0800814d   Thumb Code    52  h1_extend.o(.text)
    ferror                                   0x08008181   Thumb Code     8  ferror.o(.text)
    __rt_SIGRTMEM                            0x08008189   Thumb Code    14  defsig_rtmem_outer.o(.text)
    __user_setup_stackheap                   0x08008197   Thumb Code    74  sys_stackheap_outer.o(.text)
    exit                                     0x080081e1   Thumb Code    12  exit.o(.text)
    __sig_exit                               0x080081ed   Thumb Code    10  defsig_exit.o(.text)
    __rt_SIGRTMEM_inner                      0x080081f9   Thumb Code    22  defsig_rtmem_inner.o(.text)
    __default_signal_display                 0x08008249   Thumb Code    50  defsig_general.o(.text)
    _is_digit                                0x0800827b   Thumb Code    14  __printf_wp.o(i._is_digit)
    _fp_init                                 0x08008289   Thumb Code    10  fpinit.o(x$fpl$fpinit)
    __fplib_config_fpu_vfp                   0x08008291   Thumb Code     0  fpinit.o(x$fpl$fpinit)
    __fplib_config_pureend_doubles           0x08008291   Thumb Code     0  fpinit.o(x$fpl$fpinit)
    Region$$Table$$Base                      0x080082a4   Number         0  anon$$obj.o(Region$$Table)
    Region$$Table$$Limit                     0x080082c4   Number         0  anon$$obj.o(Region$$Table)
    SystemCoreClock                          0x20000000   Data           4  system_stm32f37x.o(.data)
    AHBPrescTable                            0x20000004   Data          16  system_stm32f37x.o(.data)
    touch_flag                               0x20000014   Data           1  stm32f37x_it.o(.data)
    writebuf1                                0x20000018   Data           1  main.o(.data)
    creat_file                               0x20000019   Data           1  main.o(.data)
    write_file                               0x2000001a   Data           1  main.o(.data)
    InjectedConvData                         0x2000001c   Data           2  main.o(.data)
    TimingDelay                              0x20000020   Data           4  main.o(.data)
    adc_start_flag                           0x20000024   Data           4  main.o(.data)
    sdadc_config                             0x20000028   Data           4  main.o(.data)
    res                                      0x2000002c   Data           1  main.o(.data)
    br                                       0x20000030   Data           4  main.o(.data)
    bw                                       0x20000034   Data           4  main.o(.data)
    w_buffer                                 0x20000038   Data           4  main.o(.data)
    RTC_TimeStruct                           0x2000003c   Data           4  main.o(.data)
    RTC_DateStruct                           0x20000040   Data           4  main.o(.data)
    USART_RX_STA                             0x20000044   Data           2  uart.o(.data)
    __stdout                                 0x20000048   Data           4  uart.o(.data)
    w_index                                  0x2000004c   Data           4  sdadc.o(.data)
    NVIC_InitStructure                       0x20000054   Data           4  rtc.o(.data)
    RTC_Time                                 0x20000059   Data           4  application.o(.data)
    RTC_Date                                 0x2000005d   Data           4  application.o(.data)
    starttime                                0x20000062   Data           8  application.o(.data)
    endtime                                  0x2000006a   Data           8  application.o(.data)
    space                                    0x20000072   Data           1  file.o(.data)
    fs                                       0x200000a0   Data         560  main.o(.bss)
    fsrc                                     0x200002d0   Data         548  main.o(.bss)
    fdst                                     0x200004f4   Data         548  main.o(.bss)
    dir                                      0x20000718   Data          28  main.o(.bss)
    write_buf                                0x20000734   Data        4096  main.o(.bss)
    write_buf2                               0x20001734   Data        2048  main.o(.bss)
    COMMAND_BUF                              0x20001f34   Data         200  uart.o(.bss)
    pathname                                 0x20001ffc   Data          24  rtc.o(.bss)
    filename                                 0x20002014   Data          48  rtc.o(.bss)
    tbuf                                     0x20002044   Data          40  application.o(.bss)
    buffer                                   0x2000206c   Data         512  file.o(.bss)
    __libspace_start                         0x2000226c   Data          96  libspace.o(.bss)
    __temporary_stack_top$libspace           0x200022cc   Data           0  libspace.o(.bss)



==============================================================================

Memory Map of the image

  Image Entry point : 0x08000189

  Load Region LR_IROM1 (Base: 0x08000000, Size: 0x00008364, Max: 0x00040000, ABSOLUTE)

    Execution Region ER_IROM1 (Base: 0x08000000, Size: 0x000082c4, Max: 0x00040000, ABSOLUTE)

    Base Addr    Size         Type   Attr      Idx    E Section Name        Object

    0x08000000   0x00000188   Data   RO            3    RESET               startup_stm32f37x.o
    0x08000188   0x00000008   Code   RO         1096  * !!!main             c_w.l(__main.o)
    0x08000190   0x00000034   Code   RO         1321    !!!scatter          c_w.l(__scatter.o)
    0x080001c4   0x0000001a   Code   RO         1323    !!handler_copy      c_w.l(__scatter_copy.o)
    0x080001de   0x00000002   PAD
    0x080001e0   0x0000001c   Code   RO         1325    !!handler_zi        c_w.l(__scatter_zi.o)
    0x080001fc   0x00000000   Code   RO         1081    .ARM.Collect$$_printf_percent$$00000000  c_w.l(_printf_percent.o)
    0x080001fc   0x00000006   Code   RO         1080    .ARM.Collect$$_printf_percent$$00000009  c_w.l(_printf_d.o)
    0x08000202   0x00000006   Code   RO         1079    .ARM.Collect$$_printf_percent$$00000014  c_w.l(_printf_s.o)
    0x08000208   0x00000004   Code   RO         1140    .ARM.Collect$$_printf_percent$$00000017  c_w.l(_printf_percent_end.o)
    0x0800020c   0x00000002   Code   RO         1265    .ARM.Collect$$libinit$$00000000  c_w.l(libinit.o)
    0x0800020e   0x00000004   Code   RO         1145    .ARM.Collect$$libinit$$00000001  c_w.l(libinit2.o)
    0x08000212   0x00000008   Code   RO         1147    .ARM.Collect$$libinit$$00000003  c_w.l(libinit2.o)
    0x0800021a   0x00000000   Code   RO         1149    .ARM.Collect$$libinit$$00000008  c_w.l(libinit2.o)
    0x0800021a   0x00000000   Code   RO         1151    .ARM.Collect$$libinit$$0000000A  c_w.l(libinit2.o)
    0x0800021a   0x00000000   Code   RO         1153    .ARM.Collect$$libinit$$0000000C  c_w.l(libinit2.o)
    0x0800021a   0x00000000   Code   RO         1156    .ARM.Collect$$libinit$$0000000F  c_w.l(libinit2.o)
    0x0800021a   0x00000000   Code   RO         1158    .ARM.Collect$$libinit$$00000011  c_w.l(libinit2.o)
    0x0800021a   0x00000000   Code   RO         1160    .ARM.Collect$$libinit$$00000013  c_w.l(libinit2.o)
    0x0800021a   0x00000000   Code   RO         1162    .ARM.Collect$$libinit$$00000015  c_w.l(libinit2.o)
    0x0800021a   0x00000000   Code   RO         1164    .ARM.Collect$$libinit$$00000017  c_w.l(libinit2.o)
    0x0800021a   0x00000000   Code   RO         1166    .ARM.Collect$$libinit$$00000019  c_w.l(libinit2.o)
    0x0800021a   0x00000000   Code   RO         1168    .ARM.Collect$$libinit$$0000001B  c_w.l(libinit2.o)
    0x0800021a   0x00000000   Code   RO         1170    .ARM.Collect$$libinit$$0000001D  c_w.l(libinit2.o)
    0x0800021a   0x00000000   Code   RO         1172    .ARM.Collect$$libinit$$0000001F  c_w.l(libinit2.o)
    0x0800021a   0x00000000   Code   RO         1174    .ARM.Collect$$libinit$$00000021  c_w.l(libinit2.o)
    0x0800021a   0x00000000   Code   RO         1176    .ARM.Collect$$libinit$$00000023  c_w.l(libinit2.o)
    0x0800021a   0x00000000   Code   RO         1180    .ARM.Collect$$libinit$$0000002A  c_w.l(libinit2.o)
    0x0800021a   0x00000000   Code   RO         1182    .ARM.Collect$$libinit$$0000002C  c_w.l(libinit2.o)
    0x0800021a   0x00000000   Code   RO         1184    .ARM.Collect$$libinit$$0000002E  c_w.l(libinit2.o)
    0x0800021a   0x00000000   Code   RO         1186    .ARM.Collect$$libinit$$00000030  c_w.l(libinit2.o)
    0x0800021a   0x00000002   Code   RO         1187    .ARM.Collect$$libinit$$00000031  c_w.l(libinit2.o)
    0x0800021c   0x00000002   Code   RO         1318    .ARM.Collect$$libshutdown$$00000000  c_w.l(libshutdown.o)
    0x0800021e   0x00000000   Code   RO         1278    .ARM.Collect$$libshutdown$$00000003  c_w.l(libshutdown2.o)
    0x0800021e   0x00000000   Code   RO         1281    .ARM.Collect$$libshutdown$$00000006  c_w.l(libshutdown2.o)
    0x0800021e   0x00000000   Code   RO         1284    .ARM.Collect$$libshutdown$$00000009  c_w.l(libshutdown2.o)
    0x0800021e   0x00000000   Code   RO         1286    .ARM.Collect$$libshutdown$$0000000B  c_w.l(libshutdown2.o)
    0x0800021e   0x00000000   Code   RO         1289    .ARM.Collect$$libshutdown$$0000000E  c_w.l(libshutdown2.o)
    0x0800021e   0x00000002   Code   RO         1290    .ARM.Collect$$libshutdown$$0000000F  c_w.l(libshutdown2.o)
    0x08000220   0x00000000   Code   RO         1102    .ARM.Collect$$rtentry$$00000000  c_w.l(rtentry.o)
    0x08000220   0x00000000   Code   RO         1194    .ARM.Collect$$rtentry$$00000002  c_w.l(rtentry2.o)
    0x08000220   0x00000006   Code   RO         1206    .ARM.Collect$$rtentry$$00000004  c_w.l(rtentry4.o)
    0x08000226   0x00000000   Code   RO         1196    .ARM.Collect$$rtentry$$00000009  c_w.l(rtentry2.o)
    0x08000226   0x00000004   Code   RO         1197    .ARM.Collect$$rtentry$$0000000A  c_w.l(rtentry2.o)
    0x0800022a   0x00000000   Code   RO         1199    .ARM.Collect$$rtentry$$0000000C  c_w.l(rtentry2.o)
    0x0800022a   0x00000008   Code   RO         1200    .ARM.Collect$$rtentry$$0000000D  c_w.l(rtentry2.o)
    0x08000232   0x00000002   Code   RO         1266    .ARM.Collect$$rtexit$$00000000  c_w.l(rtexit.o)
    0x08000234   0x00000000   Code   RO         1292    .ARM.Collect$$rtexit$$00000002  c_w.l(rtexit2.o)
    0x08000234   0x00000004   Code   RO         1293    .ARM.Collect$$rtexit$$00000003  c_w.l(rtexit2.o)
    0x08000238   0x00000006   Code   RO         1294    .ARM.Collect$$rtexit$$00000004  c_w.l(rtexit2.o)
    0x0800023e   0x00000002   PAD
    0x08000240   0x00000000   Code   RO         1212    .emb_text           c_w.l(maybetermalloc1.o)
    0x08000240   0x00000040   Code   RO            4    .text               startup_stm32f37x.o
    0x08000280   0x000001d8   Code   RO           12    .text               system_stm32f37x.o
    0x08000458   0x00000074   Code   RO          130    .text               stm32f37x_it.o
    0x080004cc   0x00000198   Code   RO          171    .text               main.o
    0x08000664   0x0000084e   Code   RO          333    .text               sd.o
    0x08000eb2   0x00000002   PAD
    0x08000eb4   0x0000024c   Code   RO          353    .text               uart.o
    0x08001100   0x00000388   Code   RO          387    .text               sdadc.o
    0x08001488   0x00000090   Code   RO          411    .text               systick.o
    0x08001518   0x000003a4   Code   RO          433    .text               rtc.o
    0x080018bc   0x00000b78   Code   RO          458    .text               application.o
    0x08002434   0x00000298   Code   RO          545    .text               file.o
    0x080026cc   0x000000c8   Code   RO          570    .text               wkup.o
    0x08002794   0x0000002c   Code   RO          590    .text               iwdg.o
    0x080027c0   0x000000e8   Code   RO          610    .text               adc.o
    0x080028a8   0x0000006c   Code   RO          630    .text               led.o
    0x08002914   0x00000398   Code   RO          650    .text               stm32f37x_spi.o
    0x08002cac   0x00000204   Code   RO          670    .text               stm32f37x_gpio.o
    0x08002eb0   0x000005a0   Code   RO          690    .text               stm32f37x_rcc.o
    0x08003450   0x000004e4   Code   RO          712    .text               stm32f37x_usart.o
    0x08003934   0x0000011c   Code   RO          732    .text               stm32f37x_exti.o
    0x08003a50   0x000000dc   Code   RO          752    .text               stm32f37x_misc.o
    0x08003b2c   0x00000cbc   Code   RO          772    .text               stm32f37x_rtc.o
    0x080047e8   0x000002f4   Code   RO          792    .text               stm32f37x_sdadc.o
    0x08004adc   0x00000110   Code   RO          812    .text               stm32f37x_pwr.o
    0x08004bec   0x00000bd8   Code   RO          832    .text               stm32f37x_tim.o
    0x080057c4   0x00000120   Code   RO          852    .text               stm32f37x_syscfg.o
    0x080058e4   0x00000044   Code   RO          872    .text               stm32f37x_iwdg.o
    0x08005928   0x00000400   Code   RO          892    .text               stm32f37x_adc.o
    0x08005d28   0x00000094   Code   RO          912    .text               diskio.o
    0x08005dbc   0x00001d3e   Code   RO          933    .text               ff.o
    0x08007afa   0x00000002   Code   RO          979    .text               c_w.l(use_no_semi_2.o)
    0x08007afc   0x0000005e   Code   RO          985    .text               c_w.l(h1_alloc.o)
    0x08007b5a   0x0000004e   Code   RO          987    .text               c_w.l(h1_free.o)
    0x08007ba8   0x00000018   Code   RO         1047    .text               c_w.l(noretval__2printf.o)
    0x08007bc0   0x00000028   Code   RO         1049    .text               c_w.l(noretval__2sprintf.o)
    0x08007be8   0x00000052   Code   RO         1053    .text               c_w.l(_printf_pad.o)
    0x08007c3a   0x00000052   Code   RO         1055    .text               c_w.l(_printf_str.o)
    0x08007c8c   0x00000078   Code   RO         1057    .text               c_w.l(_printf_dec.o)
    0x08007d04   0x0000013c   Code   RO         1071    .text               c_w.l(__printf_flags_wp.o)
    0x08007e40   0x00000044   Code   RO         1090    .text               c_w.l(rt_memclr.o)
    0x08007e84   0x00000080   Code   RO         1092    .text               c_w.l(strcmpv7m.o)
    0x08007f04   0x00000006   Code   RO         1094    .text               c_w.l(heapauxi.o)
    0x08007f0a   0x00000002   Code   RO         1098    .text               c_w.l(use_no_semi.o)
    0x08007f0c   0x00000008   Code   RO         1106    .text               c_w.l(rt_heap_descriptor_intlibspace.o)
    0x08007f14   0x00000004   Code   RO         1108    .text               c_w.l(hguard.o)
    0x08007f18   0x0000008a   Code   RO         1110    .text               c_w.l(init_alloc.o)
    0x08007fa2   0x0000000e   Code   RO         1114    .text               c_w.l(h1_init.o)
    0x08007fb0   0x000000b8   Code   RO         1130    .text               c_w.l(_printf_intcommon.o)
    0x08008068   0x00000030   Code   RO         1132    .text               c_w.l(_printf_char_common.o)
    0x08008098   0x0000000a   Code   RO         1134    .text               c_w.l(_sputc.o)
    0x080080a2   0x0000002c   Code   RO         1136    .text               c_w.l(_printf_char.o)
    0x080080ce   0x00000002   PAD
    0x080080d0   0x00000024   Code   RO         1138    .text               c_w.l(_printf_char_file.o)
    0x080080f4   0x0000004e   Code   RO         1141    .text               c_w.l(rt_memclr_w.o)
    0x08008142   0x00000002   PAD
    0x08008144   0x00000008   Code   RO         1190    .text               c_w.l(libspace.o)
    0x0800814c   0x00000034   Code   RO         1214    .text               c_w.l(h1_extend.o)
    0x08008180   0x00000008   Code   RO         1220    .text               c_w.l(ferror.o)
    0x08008188   0x0000000e   Code   RO         1224    .text               c_w.l(defsig_rtmem_outer.o)
    0x08008196   0x0000004a   Code   RO         1236    .text               c_w.l(sys_stackheap_outer.o)
    0x080081e0   0x0000000c   Code   RO         1250    .text               c_w.l(exit.o)
    0x080081ec   0x0000000a   Code   RO         1252    .text               c_w.l(defsig_exit.o)
    0x080081f6   0x00000002   PAD
    0x080081f8   0x00000050   Code   RO         1254    .text               c_w.l(defsig_rtmem_inner.o)
    0x08008248   0x00000032   Code   RO         1274    .text               c_w.l(defsig_general.o)
    0x0800827a   0x0000000e   Code   RO         1069    i._is_digit         c_w.l(__printf_wp.o)
    0x08008288   0x0000000a   Code   RO         1233    x$fpl$fpinit        fz_wm.l(fpinit.o)
    0x08008292   0x00000011   Data   RO         1072    .constdata          c_w.l(__printf_flags_wp.o)
    0x080082a3   0x00000001   PAD
    0x080082a4   0x00000020   Data   RO         1319    Region$$Table       anon$$obj.o


    Execution Region RW_IRAM1 (Base: 0x20000000, Size: 0x000028d0, Max: 0x00008000, ABSOLUTE)

    Base Addr    Size         Type   Attr      Idx    E Section Name        Object

    0x20000000   0x00000014   Data   RW           13    .data               system_stm32f37x.o
    0x20000014   0x00000001   Data   RW          131    .data               stm32f37x_it.o
    0x20000015   0x00000003   PAD
    0x20000018   0x0000002c   Data   RW          173    .data               main.o
    0x20000044   0x00000008   Data   RW          355    .data               uart.o
    0x2000004c   0x00000004   Data   RW          388    .data               sdadc.o
    0x20000050   0x00000004   Data   RW          412    .data               systick.o
    0x20000054   0x00000004   Data   RW          435    .data               rtc.o
    0x20000058   0x0000001a   Data   RW          460    .data               application.o
    0x20000072   0x00000001   Data   RW          547    .data               file.o
    0x20000073   0x00000024   Data   RW          691    .data               stm32f37x_rcc.o
    0x20000097   0x00000001   PAD
    0x20000098   0x00000006   Data   RW          934    .data               ff.o
    0x2000009e   0x00000002   PAD
    0x200000a0   0x00001e94   Zero   RW          172    .bss                main.o
    0x20001f34   0x000000c8   Zero   RW          354    .bss                uart.o
    0x20001ffc   0x00000048   Zero   RW          434    .bss                rtc.o
    0x20002044   0x00000028   Zero   RW          459    .bss                application.o
    0x2000206c   0x00000200   Zero   RW          546    .bss                file.o
    0x2000226c   0x00000060   Zero   RW         1191    .bss                c_w.l(libspace.o)
    0x200022cc   0x00000004   PAD
    0x200022d0   0x00000200   Zero   RW            2    HEAP                startup_stm32f37x.o
    0x200024d0   0x00000400   Zero   RW            1    STACK               startup_stm32f37x.o


==============================================================================

Image component sizes


      Code (inc. data)   RO Data    RW Data    ZI Data      Debug   Object Name

       232         10          0          0          0       1009   adc.o
      2936        740          0         26         40       4422   application.o
       148          4          0          0          0       2382   diskio.o
      7486         40          0          6          0      20248   ff.o
       664        234          0          1        512       2140   file.o
        44          0          0          0          0        614   iwdg.o
       108          6          0          0          0        786   led.o
       408        124          0         44       7828      36420   main.o
       932         90          0          4         72       4409   rtc.o
      2126         12          0          0          0       5841   sd.o
       904        116          0          4          0       3258   sdadc.o
        64         26        392          0       1536        788   startup_stm32f37x.o
      1024         14          0          0          0       9309   stm32f37x_adc.o
       284          4          0          0          0       2187   stm32f37x_exti.o
       516         22          0          0          0       3729   stm32f37x_gpio.o
       116         24          0          1          0       1924   stm32f37x_it.o
        68          4          0          0          0       1433   stm32f37x_iwdg.o
       220         20          0          0          0       1757   stm32f37x_misc.o
       272         14          0          0          0       2489   stm32f37x_pwr.o
      1440         58          0         36          0       9379   stm32f37x_rcc.o
      3260         44          0          0          0      14082   stm32f37x_rtc.o
       756         20          0          0          0       9157   stm32f37x_sdadc.o
       920         14          0          0          0       7627   stm32f37x_spi.o
       288          6          0          0          0       2415   stm32f37x_syscfg.o
      3032         54          0          0          0      21747   stm32f37x_tim.o
      1252         12          0          0          0      11794   stm32f37x_usart.o
       472         38          0         20          0     254643   system_stm32f37x.o
       144         16          0          4          0       1466   systick.o
       588         22          0          8        200       4780   uart.o
       200          0          0          0          0        887   wkup.o

    ----------------------------------------------------------------------
     30906       1788        424        160      10188     443122   Object Totals
         0          0         32          0          0          0   (incl. Generated)
         2          0          0          6          0          0   (incl. Padding)

    ----------------------------------------------------------------------

      Code (inc. data)   RO Data    RW Data    ZI Data      Debug   Library Member Name

         8          0          0          0          0         68   __main.o
       316          6         17          0          0         92   __printf_flags_wp.o
        14          0          0          0          0         68   __printf_wp.o
        52          8          0          0          0          0   __scatter.o
        26          0          0          0          0          0   __scatter_copy.o
        28          0          0          0          0          0   __scatter_zi.o
        44          0          0          0          0        108   _printf_char.o
        48          6          0          0          0         96   _printf_char_common.o
        36          4          0          0          0         80   _printf_char_file.o
         6          0          0          0          0          0   _printf_d.o
       120         18          0          0          0         92   _printf_dec.o
       184          0          0          0          0         88   _printf_intcommon.o
        82          0          0          0          0        108   _printf_pad.o
         0          0          0          0          0          0   _printf_percent.o
         4          0          0          0          0          0   _printf_percent_end.o
         6          0          0          0          0          0   _printf_s.o
        82          0          0          0          0         80   _printf_str.o
        10          0          0          0          0         68   _sputc.o
        10          0          0          0          0         68   defsig_exit.o
        50          0          0          0          0         88   defsig_general.o
        80         58          0          0          0         76   defsig_rtmem_inner.o
        14          0          0          0          0         80   defsig_rtmem_outer.o
        12          0          0          0          0         72   exit.o
         8          0          0          0          0         68   ferror.o
        94          0          0          0          0         80   h1_alloc.o
        52          0          0          0          0         68   h1_extend.o
        78          0          0          0          0         80   h1_free.o
        14          0          0          0          0         84   h1_init.o
         6          0          0          0          0        152   heapauxi.o
         4          0          0          0          0        136   hguard.o
       138          0          0          0          0        168   init_alloc.o
         2          0          0          0          0          0   libinit.o
        14          0          0          0          0          0   libinit2.o
         2          0          0          0          0          0   libshutdown.o
         2          0          0          0          0          0   libshutdown2.o
         8          4          0          0         96         68   libspace.o
         0          0          0          0          0          0   maybetermalloc1.o
        24          4          0          0          0         84   noretval__2printf.o
        40          6          0          0          0         84   noretval__2sprintf.o
         8          4          0          0          0         68   rt_heap_descriptor_intlibspace.o
        68          0          0          0          0         68   rt_memclr.o
        78          0          0          0          0         80   rt_memclr_w.o
         0          0          0          0          0          0   rtentry.o
        12          0          0          0          0          0   rtentry2.o
         6          0          0          0          0          0   rtentry4.o
         2          0          0          0          0          0   rtexit.o
        10          0          0          0          0          0   rtexit2.o
       128          0          0          0          0         68   strcmpv7m.o
        74          0          0          0          0         80   sys_stackheap_outer.o
         2          0          0          0          0         68   use_no_semi.o
         2          0          0          0          0         68   use_no_semi_2.o
        10          0          0          0          0        116   fpinit.o

    ----------------------------------------------------------------------
      2128        118         18          0        100       3020   Library Totals
        10          0          1          0          4          0   (incl. Padding)

    ----------------------------------------------------------------------

      Code (inc. data)   RO Data    RW Data    ZI Data      Debug   Library Name

      2108        118         17          0         96       2904   c_w.l
        10          0          0          0          0        116   fz_wm.l

    ----------------------------------------------------------------------
      2128        118         18          0        100       3020   Library Totals

    ----------------------------------------------------------------------

==============================================================================


      Code (inc. data)   RO Data    RW Data    ZI Data      Debug   

     33034       1906        442        160      10288     437326   Grand Totals
     33034       1906        442        160      10288     437326   ELF Image Totals
     33034       1906        442        160          0          0   ROM Totals

==============================================================================

    Total RO  Size (Code + RO Data)                33476 (  32.69kB)
    Total RW  Size (RW Data + ZI Data)             10448 (  10.20kB)
    Total ROM Size (Code + RO Data + RW Data)      33636 (  32.85kB)

==============================================================================

