<html>
<body>
<pre>
<h1>µVision Build Log</h1>
<h2>Project:</h2>
D:\fxy\PROJECT\ad\AD_project\user\main.uvproj
Project File Date:  09/28/2019

<h2>Output:</h2>
Build target 'Target 1'
linking...
.\main.axf: Error: L6218E: Undefined symbol TIM_INT_Config (referred from main.o).
.\main.axf: Error: L6218E: Undefined symbol TIM_OUT_Config (referred from main.o).
.\main.axf: Error: L6218E: Undefined symbol temp1 (referred from main.o).
".\main.axf" - 3 Errors, 0 Warning(s).
Target not created
Build target 'Target 1'
compiling time.c...
compiling stm32f37x_tim.c...
linking...
Program Size: Code=34680 RO-data=620 RW-data=180 ZI-data=12364  
".\main.axf" - 0 Errors, 0 Warning(s).
Load "D:\\fxy\\PROJECT\\ad\\AD_project\\user\\main.axf" 
Erase Done.
Programming Done.
Verify OK.
Application running ...
Build target 'Target 1'
compiling Zigbee.c...
..\drive\Zigbee.c(325): warning:  #940-D: missing return statement at end of non-void function "zigbee_wakeup_hook"
compiling file.c...
..\drive\file.h(20): warning:  #1-D: last line of file ends without a newline
..\drive\file.c(60): warning:  #940-D: missing return statement at end of non-void function "file_creat"
..\drive\file.c(65): warning:  #940-D: missing return statement at end of non-void function "file_read"
..\drive\file.c(69): warning:  #940-D: missing return statement at end of non-void function "file_write"
..\drive\file.c(73): warning:  #1-D: last line of file ends without a newline
..\drive\file.c(73): warning:  #940-D: missing return statement at end of non-void function "file_deinit"
linking...
Program Size: Code=34680 RO-data=620 RW-data=180 ZI-data=12364  
".\main.axf" - 0 Errors, 7 Warning(s).
Load "D:\\fxy\\PROJECT\\ad\\AD_project\\user\\main.axf" 
Erase Done.
Programming Done.
Verify OK.
Application running ...
Build target 'Target 1'
compiling main.c...
..\drive\file.h(20): warning:  #1-D: last line of file ends without a newline
linking...
Program Size: Code=34776 RO-data=620 RW-data=180 ZI-data=12364  
".\main.axf" - 0 Errors, 1 Warning(s).
Load "D:\\fxy\\PROJECT\\ad\\AD_project\\user\\main.axf" 
Erase Done.
Programming Done.
Verify OK.
Application running ...
Build target 'Target 1'
compiling main.c...
..\drive\file.h(20): warning:  #1-D: last line of file ends without a newline
compiling rtc.c...
linking...
Program Size: Code=31018 RO-data=442 RW-data=180 ZI-data=12364  
".\main.axf" - 0 Errors, 1 Warning(s).
Load "D:\\fxy\\PROJECT\\ad\\AD_project\\user\\main.axf" 
Erase Done.
Programming Done.
Verify OK.
Application running ...
Build target 'Target 1'
compiling main.c...
..\drive\file.h(20): warning:  #1-D: last line of file ends without a newline
linking...
Program Size: Code=31018 RO-data=442 RW-data=180 ZI-data=12364  
".\main.axf" - 0 Errors, 1 Warning(s).
Build target 'Target 1'
linking...
Program Size: Code=31018 RO-data=442 RW-data=180 ZI-data=12364  
".\main.axf" - 0 Errors, 0 Warning(s).
Load "D:\\fxy\\PROJECT\\ad\\AD_project\\user\\main.axf" 
Erase Done.
Programming Done.
Verify OK.
Application running ...
Build target 'Target 1'
compiling rtc.c...
linking...
Program Size: Code=31018 RO-data=442 RW-data=180 ZI-data=12364  
".\main.axf" - 0 Errors, 0 Warning(s).
Load "D:\\fxy\\PROJECT\\ad\\AD_project\\user\\main.axf" 
Erase Done.
Programming Done.
Verify OK.
Application running ...
Build target 'Target 1'
compiling main.c...
..\drive\file.h(20): warning:  #1-D: last line of file ends without a newline
linking...
Program Size: Code=31018 RO-data=442 RW-data=180 ZI-data=12364  
".\main.axf" - 0 Errors, 1 Warning(s).
Load "D:\\fxy\\PROJECT\\ad\\AD_project\\user\\main.axf" 
Erase Done.
Programming Done.
Verify OK.
Application running ...
Build target 'Target 1'
compiling main.c...
..\drive\file.h(20): warning:  #1-D: last line of file ends without a newline
linking...
Program Size: Code=31086 RO-data=442 RW-data=180 ZI-data=12364  
".\main.axf" - 0 Errors, 1 Warning(s).
Load "D:\\fxy\\PROJECT\\ad\\AD_project\\user\\main.axf" 
Erase Done.
Programming Done.
Verify OK.
Application running ...
Build target 'Target 1'
compiling main.c...
..\drive\file.h(20): warning:  #1-D: last line of file ends without a newline
linking...
Program Size: Code=31086 RO-data=442 RW-data=180 ZI-data=12364  
".\main.axf" - 0 Errors, 1 Warning(s).
Load "D:\\fxy\\PROJECT\\ad\\AD_project\\user\\main.axf" 
Erase Done.
Programming Done.
Verify OK.
Application running ...
Build target 'Target 1'
compiling main.c...
..\drive\file.h(20): warning:  #1-D: last line of file ends without a newline
linking...
Program Size: Code=31086 RO-data=442 RW-data=180 ZI-data=12364  
".\main.axf" - 0 Errors, 1 Warning(s).
Load "D:\\fxy\\PROJECT\\ad\\AD_project\\user\\main.axf" 
Erase Done.
Programming Done.
Verify OK.
Application running ...
Build target 'Target 1'
compiling main.c...
..\drive\file.h(20): warning:  #1-D: last line of file ends without a newline
main.c(148): error:  #20: identifier "space" is undefined
main.c(156): error:  #20: identifier "space" is undefined
compiling file.c...
..\drive\file.h(20): warning:  #1-D: last line of file ends without a newline
..\drive\file.c(63): warning:  #940-D: missing return statement at end of non-void function "file_creat"
..\drive\file.c(68): warning:  #940-D: missing return statement at end of non-void function "file_read"
..\drive\file.c(89): warning:  #940-D: missing return statement at end of non-void function "file_write"
..\drive\file.c(93): warning:  #1-D: last line of file ends without a newline
..\drive\file.c(93): warning:  #940-D: missing return statement at end of non-void function "file_deinit"
".\main.axf" - 2 Errors, 7 Warning(s).
Target not created
Build target 'Target 1'
compiling main.c...
..\drive\file.h(20): warning:  #1-D: last line of file ends without a newline
main.c(57): warning:  #177-D: variable "i" was declared but never referenced
linking...
Program Size: Code=31026 RO-data=442 RW-data=184 ZI-data=12368  
".\main.axf" - 0 Errors, 2 Warning(s).
Build target 'Target 1'
compiling file.c...
..\drive\file.h(20): warning:  #1-D: last line of file ends without a newline
..\drive\file.c(63): warning:  #940-D: missing return statement at end of non-void function "file_creat"
..\drive\file.c(68): warning:  #940-D: missing return statement at end of non-void function "file_read"
..\drive\file.c(90): warning:  #940-D: missing return statement at end of non-void function "file_write"
..\drive\file.c(94): warning:  #1-D: last line of file ends without a newline
..\drive\file.c(94): warning:  #940-D: missing return statement at end of non-void function "file_deinit"
linking...
Program Size: Code=31034 RO-data=442 RW-data=184 ZI-data=12368  
".\main.axf" - 0 Errors, 6 Warning(s).
Build target 'Target 1'
linking...
Program Size: Code=31034 RO-data=442 RW-data=184 ZI-data=12368  
".\main.axf" - 0 Errors, 0 Warning(s).
Load "D:\\fxy\\PROJECT\\ad\\AD_project\\user\\main.axf" 
Erase Done.
Programming Done.
Verify OK.
Application running ...
Build target 'Target 1'
compiling file.c...
..\drive\file.h(20): warning:  #1-D: last line of file ends without a newline
..\drive\file.c(63): warning:  #940-D: missing return statement at end of non-void function "file_creat"
..\drive\file.c(68): warning:  #940-D: missing return statement at end of non-void function "file_read"
..\drive\file.c(90): warning:  #940-D: missing return statement at end of non-void function "file_write"
..\drive\file.c(94): warning:  #1-D: last line of file ends without a newline
..\drive\file.c(94): warning:  #940-D: missing return statement at end of non-void function "file_deinit"
linking...
Program Size: Code=31026 RO-data=442 RW-data=184 ZI-data=12368  
".\main.axf" - 0 Errors, 6 Warning(s).
Build target 'Target 1'
compiling main.c...
..\drive\file.h(20): warning:  #1-D: last line of file ends without a newline
main.c(57): warning:  #177-D: variable "i" was declared but never referenced
linking...
Program Size: Code=31026 RO-data=442 RW-data=184 ZI-data=12368  
".\main.axf" - 0 Errors, 2 Warning(s).
Build target 'Target 1'
compiling main.c...
..\drive\file.h(20): warning:  #1-D: last line of file ends without a newline
main.c(56): warning:  #177-D: variable "i" was declared but never referenced
compiling file.c...
..\drive\file.h(20): warning:  #1-D: last line of file ends without a newline
..\drive\file.c(63): warning:  #940-D: missing return statement at end of non-void function "file_creat"
..\drive\file.c(84): error:  #20: identifier "fileread" is undefined
..\drive\file.c(85): warning:  #940-D: missing return statement at end of non-void function "file_read"
..\drive\file.c(107): warning:  #940-D: missing return statement at end of non-void function "file_write"
..\drive\file.c(111): warning:  #1-D: last line of file ends without a newline
..\drive\file.c(111): warning:  #940-D: missing return statement at end of non-void function "file_deinit"
".\main.axf" - 1 Errors, 8 Warning(s).
Target not created
Build target 'Target 1'
compiling file.c...
..\drive\file.h(20): warning:  #1-D: last line of file ends without a newline
..\drive\file.c(63): warning:  #940-D: missing return statement at end of non-void function "file_creat"
..\drive\file.c(85): warning:  #940-D: missing return statement at end of non-void function "file_read"
..\drive\file.c(107): warning:  #940-D: missing return statement at end of non-void function "file_write"
..\drive\file.c(111): warning:  #1-D: last line of file ends without a newline
..\drive\file.c(111): warning:  #940-D: missing return statement at end of non-void function "file_deinit"
linking...
Program Size: Code=31182 RO-data=442 RW-data=184 ZI-data=12368  
".\main.axf" - 0 Errors, 6 Warning(s).
Build target 'Target 1'
compiling application.c...
..\drive\application.c(418): warning:  #223-D: function "file_read" declared implicitly
linking...
Program Size: Code=31026 RO-data=442 RW-data=184 ZI-data=12368  
".\main.axf" - 0 Errors, 1 Warning(s).
Build target 'Target 1'
compiling application.c...
..\drive\application.c(418): warning:  #223-D: function "file_read" declared implicitly
linking...
Program Size: Code=31026 RO-data=442 RW-data=184 ZI-data=12368  
".\main.axf" - 0 Errors, 1 Warning(s).
Build target 'Target 1'
linking...
Program Size: Code=31026 RO-data=442 RW-data=184 ZI-data=12368  
".\main.axf" - 0 Errors, 0 Warning(s).
Build target 'Target 1'
compiling file.c...
..\drive\file.h(20): warning:  #1-D: last line of file ends without a newline
..\drive\file.c(63): warning:  #940-D: missing return statement at end of non-void function "file_creat"
..\drive\file.c(85): warning:  #940-D: missing return statement at end of non-void function "file_read"
..\drive\file.c(107): warning:  #940-D: missing return statement at end of non-void function "file_write"
..\drive\file.c(111): warning:  #1-D: last line of file ends without a newline
..\drive\file.c(111): warning:  #940-D: missing return statement at end of non-void function "file_deinit"
linking...
Program Size: Code=31038 RO-data=442 RW-data=184 ZI-data=12368  
".\main.axf" - 0 Errors, 6 Warning(s).
compiling file.c...
..\drive\file.h(20): warning:  #1-D: last line of file ends without a newline
..\drive\file.c(63): warning:  #940-D: missing return statement at end of non-void function "file_creat"
..\drive\file.c(85): warning:  #940-D: missing return statement at end of non-void function "file_read"
..\drive\file.c(107): warning:  #940-D: missing return statement at end of non-void function "file_write"
..\drive\file.c(111): warning:  #1-D: last line of file ends without a newline
..\drive\file.c(111): warning:  #940-D: missing return statement at end of non-void function "file_deinit"
"..\drive\file.c" - 0 Errors, 6 Warning(s).
Build target 'Target 1'
linking...
Program Size: Code=31038 RO-data=442 RW-data=184 ZI-data=12368  
".\main.axf" - 0 Errors, 0 Warning(s).
Build target 'Target 1'
compiling wkup.c...
..\drive\wkup.c(44): error:  #20: identifier "LED0" is undefined
..\drive\wkup.c(47): warning:  #223-D: function "PAin" declared implicitly
..\drive\wkup.c(60): warning:  #223-D: function "delay_ms" declared implicitly
".\main.axf" - 1 Errors, 2 Warning(s).
Target not created
Build target 'Target 1'
compiling wkup.c...
..\drive\wkup.c(43): warning:  #940-D: missing return statement at end of non-void function "Check_WKUP"
linking...
.\main.axf: Error: L6218E: Undefined symbol SYSCFG_EXTILineConfig (referred from wkup.o).
".\main.axf" - 1 Errors, 1 Warning(s).
Target not created
Build target 'Target 1'
compiling wkup.c...
linking...
.\main.axf: Error: L6218E: Undefined symbol SYSCFG_EXTILineConfig (referred from wkup.o).
".\main.axf" - 1 Errors, 0 Warning(s).
Target not created
Build target 'Target 1'
compiling wkup.c...
compiling stm32f37x_syscfg.c...
linking...
Program Size: Code=31526 RO-data=442 RW-data=184 ZI-data=12368  
".\main.axf" - 0 Errors, 0 Warning(s).
Build target 'Target 1'
compiling main.c...
..\drive\file.h(20): warning:  #1-D: last line of file ends without a newline
main.c(58): warning:  #177-D: variable "i" was declared but never referenced
linking...
Program Size: Code=31530 RO-data=442 RW-data=184 ZI-data=12368  
".\main.axf" - 0 Errors, 2 Warning(s).
Build target 'Target 1'
compiling main.c...
..\drive\file.h(20): warning:  #1-D: last line of file ends without a newline
main.c(58): warning:  #177-D: variable "i" was declared but never referenced
linking...
Program Size: Code=31534 RO-data=442 RW-data=184 ZI-data=12368  
".\main.axf" - 0 Errors, 2 Warning(s).
Load "D:\\fxy\\PROJECT\\ad\\AD_project\\user\\main.axf" 
Erase Done.
Programming Done.
Verify OK.
Application running ...
Build target 'Target 1'
compiling main.c...
..\drive\file.h(20): warning:  #1-D: last line of file ends without a newline
main.c(58): warning:  #177-D: variable "i" was declared but never referenced
compiling application.c...
..\drive\application.c(419): warning:  #223-D: function "file_read" declared implicitly
linking...
Program Size: Code=31534 RO-data=442 RW-data=184 ZI-data=12368  
".\main.axf" - 0 Errors, 3 Warning(s).
Load "D:\\fxy\\PROJECT\\ad\\AD_project\\user\\main.axf" 
Build target 'Target 1'
linking...
Program Size: Code=31534 RO-data=442 RW-data=184 ZI-data=12368  
".\main.axf" - 0 Errors, 0 Warning(s).
Load "D:\\fxy\\PROJECT\\ad\\AD_project\\user\\main.axf" 
Erase Done.
Programming Done.
Verify OK.
Application running ...
Load "D:\\fxy\\PROJECT\\ad\\AD_project\\user\\main.axf" 
Erase Done.
Programming Done.
Verify OK.
Application running ...
Build target 'Target 1'
compiling wkup.c...
linking...
Program Size: Code=31534 RO-data=442 RW-data=184 ZI-data=12368  
".\main.axf" - 0 Errors, 0 Warning(s).
Build target 'Target 1'
linking...
Program Size: Code=31534 RO-data=442 RW-data=184 ZI-data=12368  
".\main.axf" - 0 Errors, 0 Warning(s).
