<html>
<body>
<pre>
<h1>µVision Build Log</h1>
<h2>Project:</h2>
D:\fxy\PROJECT\ad\AD_project\user\main.uvproj
Project File Date:  09/21/2019

<h2>Output:</h2>
Build target 'Target 1'
linking...
Program Size: Code=15294 RO-data=442 RW-data=128 ZI-data=1872  
".\main.axf" - 0 Errors, 0 Warning(s).
Build target 'Target 1'
linking...
Program Size: Code=15294 RO-data=442 RW-data=128 ZI-data=1872  
".\main.axf" - 0 Errors, 0 Warning(s).
Build target 'Target 1'
compiling main.c...
main.c(44): warning:  #177-D: variable "RTC_TimeStruct" was declared but never referenced
main.c(45): warning:  #177-D: variable "RTC_DateStruct" was declared but never referenced
main.c(47): warning:  #177-D: variable "time" was declared but never referenced
main.c(48): warning:  #177-D: variable "tbuf" was declared but never referenced
linking...
Program Size: Code=30764 RO-data=620 RW-data=136 ZI-data=4576  
".\main.axf" - 0 Errors, 4 Warning(s).
Build target 'Target 1'
compiling main.c...
main.c(44): warning:  #177-D: variable "RTC_TimeStruct" was declared but never referenced
main.c(45): warning:  #177-D: variable "RTC_DateStruct" was declared but never referenced
main.c(47): warning:  #177-D: variable "time" was declared but never referenced
main.c(48): warning:  #177-D: variable "tbuf" was declared but never referenced
compiling sd.c...
compiling application.c...
compiling diskio.c...
linking...
Program Size: Code=30776 RO-data=620 RW-data=136 ZI-data=4576  
".\main.axf" - 0 Errors, 4 Warning(s).
Load "D:\\fxy\\PROJECT\\ad\\AD_project\\user\\main.axf" 
Erase Done.
Programming Done.
Verify OK.
Application running ...
Build target 'Target 1'
linking...
Program Size: Code=30776 RO-data=620 RW-data=136 ZI-data=4576  
".\main.axf" - 0 Errors, 0 Warning(s).
Load "D:\\fxy\\PROJECT\\ad\\AD_project\\user\\main.axf" 
Erase Done.
Programming Done.
Verify OK.
Application running ...
Build target 'Target 1'
compiling main.c...
main.c(46): warning:  #177-D: variable "RTC_TimeStruct" was declared but never referenced
main.c(47): warning:  #177-D: variable "RTC_DateStruct" was declared but never referenced
main.c(49): warning:  #177-D: variable "time" was declared but never referenced
main.c(50): warning:  #177-D: variable "tbuf" was declared but never referenced
linking...
.\main.axf: Error: L6200E: Symbol RTC_TimeStruct multiply defined (by application.o and main.o).
".\main.axf" - 1 Errors, 4 Warning(s).
Target not created
Build target 'Target 1'
compiling application.c...
linking...
.\main.axf: Error: L6218E: Undefined symbol RTC_DateStruct (referred from application.o).
".\main.axf" - 1 Errors, 0 Warning(s).
Target not created
Build target 'Target 1'
compiling main.c...
main.c(48): warning:  #177-D: variable "time" was declared but never referenced
main.c(49): warning:  #177-D: variable "tbuf" was declared but never referenced
linking...
Program Size: Code=30776 RO-data=620 RW-data=136 ZI-data=4576  
".\main.axf" - 0 Errors, 2 Warning(s).
Load "D:\\fxy\\PROJECT\\ad\\AD_project\\user\\main.axf" 
Erase Done.
Programming Done.
Verify OK.
Application running ...
Build target 'Target 1'
compiling rtc.c...
linking...
Program Size: Code=30776 RO-data=620 RW-data=136 ZI-data=4576  
".\main.axf" - 0 Errors, 0 Warning(s).
Load "D:\\fxy\\PROJECT\\ad\\AD_project\\user\\main.axf" 
Erase Done.
Programming Done.
Verify OK.
Application running ...
Build target 'Target 1'
compiling rtc.c...
..\drive\rtc.c(262): warning:  #177-D: variable "min" was declared but never referenced
..\drive\rtc.c(263): warning:  #177-D: variable "sec" was declared but never referenced
linking...
Program Size: Code=30856 RO-data=620 RW-data=136 ZI-data=4576  
".\main.axf" - 0 Errors, 2 Warning(s).
Load "D:\\fxy\\PROJECT\\ad\\AD_project\\user\\main.axf" 
Erase Done.
Programming Done.
Verify OK.
Application running ...
Build target 'Target 1'
compiling main.c...
main.c(48): warning:  #177-D: variable "time" was declared but never referenced
main.c(49): warning:  #177-D: variable "tbuf" was declared but never referenced
compiling rtc.c...
..\drive\rtc.c(263): warning:  #177-D: variable "sec" was declared but never referenced
compiling application.c...
linking...
Program Size: Code=30904 RO-data=620 RW-data=136 ZI-data=4640  
".\main.axf" - 0 Errors, 3 Warning(s).
Load "D:\\fxy\\PROJECT\\ad\\AD_project\\user\\main.axf" 
Erase Done.
Programming Done.
Verify OK.
Application running ...
Build target 'Target 1'
compiling rtc.c...
..\drive\rtc.c(263): warning:  #177-D: variable "sec" was declared but never referenced
linking...
Program Size: Code=30912 RO-data=620 RW-data=136 ZI-data=4640  
".\main.axf" - 0 Errors, 1 Warning(s).
Load "D:\\fxy\\PROJECT\\ad\\AD_project\\user\\main.axf" 
Erase Done.
Programming Done.
Verify OK.
Application running ...
Build target 'Target 1'
compiling rtc.c...
..\drive\rtc.c(263): warning:  #177-D: variable "sec" was declared but never referenced
linking...
Program Size: Code=30912 RO-data=620 RW-data=136 ZI-data=4640  
".\main.axf" - 0 Errors, 1 Warning(s).
Load "D:\\fxy\\PROJECT\\ad\\AD_project\\user\\main.axf" 
Erase Done.
Programming Done.
Verify OK.
Application running ...
Build target 'Target 1'
compiling rtc.c...
..\drive\rtc.c(265): warning:  #177-D: variable "sec" was declared but never referenced
linking...
Program Size: Code=30932 RO-data=620 RW-data=136 ZI-data=4640  
".\main.axf" - 0 Errors, 1 Warning(s).
Load "D:\\fxy\\PROJECT\\ad\\AD_project\\user\\main.axf" 
Erase Done.
Programming Done.
Verify OK.
Application running ...
Build target 'Target 1'
compiling rtc.c...
..\drive\rtc.c(265): warning:  #177-D: variable "sec" was declared but never referenced
linking...
Program Size: Code=30932 RO-data=620 RW-data=136 ZI-data=4640  
".\main.axf" - 0 Errors, 1 Warning(s).
Load "D:\\fxy\\PROJECT\\ad\\AD_project\\user\\main.axf" 
Erase Done.
Programming Done.
Verify OK.
Application running ...
Build target 'Target 1'
compiling main.c...
main.c(48): warning:  #177-D: variable "time" was declared but never referenced
main.c(49): warning:  #177-D: variable "tbuf" was declared but never referenced
linking...
Program Size: Code=30916 RO-data=620 RW-data=136 ZI-data=4640  
".\main.axf" - 0 Errors, 2 Warning(s).
Load "D:\\fxy\\PROJECT\\ad\\AD_project\\user\\main.axf" 
Erase Done.
Programming Done.
Verify OK.
Application running ...
Build target 'Target 1'
compiling rtc.c...
..\drive\rtc.c(265): warning:  #177-D: variable "sec" was declared but never referenced
linking...
Program Size: Code=30920 RO-data=620 RW-data=136 ZI-data=4640  
".\main.axf" - 0 Errors, 1 Warning(s).
Load "D:\\fxy\\PROJECT\\ad\\AD_project\\user\\main.axf" 
Erase Done.
Programming Done.
Verify OK.
Application running ...
Build target 'Target 1'
linking...
Program Size: Code=30920 RO-data=620 RW-data=136 ZI-data=4640  
".\main.axf" - 0 Errors, 0 Warning(s).
Build target 'Target 1'
compiling main.c...
main.c(46): warning:  #177-D: variable "time" was declared but never referenced
main.c(47): warning:  #177-D: variable "tbuf" was declared but never referenced
compiling rtc.c...
..\drive\rtc.c(258): warning:  #177-D: variable "sec" was declared but never referenced
linking...
.\main.axf: Error: L6218E: Undefined symbol read_flag (referred from application.o).
".\main.axf" - 1 Errors, 3 Warning(s).
Target not created
Build target 'Target 1'
compiling application.c...
linking...
.\main.axf: Error: L6218E: Undefined symbol read_flag (referred from application.o).
".\main.axf" - 1 Errors, 0 Warning(s).
Target not created
Build target 'Target 1'
compiling application.c...
..\drive\application.c(43): error:  #20: identifier "read_flag" is undefined
..\drive\application.c(50): error:  #20: identifier "read_flag" is undefined
".\main.axf" - 2 Errors, 0 Warning(s).
Target not created
Build target 'Target 1'
compiling application.c...
linking...
Program Size: Code=30864 RO-data=620 RW-data=128 ZI-data=4640  
".\main.axf" - 0 Errors, 0 Warning(s).
Load "D:\\fxy\\PROJECT\\ad\\AD_project\\user\\main.axf" 
Erase Done.
Programming Done.
Verify OK.
Application running ...
Build target 'Target 1'
compiling main.c...
main.c(46): warning:  #177-D: variable "time" was declared but never referenced
main.c(47): warning:  #177-D: variable "tbuf" was declared but never referenced
compiling rtc.c...
..\drive\rtc.c(259): warning:  #177-D: variable "sec" was declared but never referenced
linking...
Program Size: Code=30876 RO-data=620 RW-data=128 ZI-data=4640  
".\main.axf" - 0 Errors, 3 Warning(s).
Build target 'Target 1'
compiling main.c...
main.c(46): warning:  #177-D: variable "time" was declared but never referenced
compiling rtc.c...
..\drive\rtc.c(259): warning:  #177-D: variable "sec" was declared but never referenced
linking...
Program Size: Code=31036 RO-data=620 RW-data=128 ZI-data=4640  
".\main.axf" - 0 Errors, 2 Warning(s).
Load "D:\\fxy\\PROJECT\\ad\\AD_project\\user\\main.axf" 
Erase Done.
Programming Done.
Verify OK.
Application running ...
Build target 'Target 1'
compiling main.c...
main.c(46): warning:  #177-D: variable "time" was declared but never referenced
main.c(47): warning:  #177-D: variable "tbuf" was declared but never referenced
linking...
Program Size: Code=30876 RO-data=620 RW-data=128 ZI-data=4640  
".\main.axf" - 0 Errors, 2 Warning(s).
Load "D:\\fxy\\PROJECT\\ad\\AD_project\\user\\main.axf" 
Erase Done.
Programming Done.
Verify OK.
Application running ...
Build target 'Target 1'
linking...
Program Size: Code=30876 RO-data=620 RW-data=128 ZI-data=4640  
".\main.axf" - 0 Errors, 0 Warning(s).
Load "D:\\fxy\\PROJECT\\ad\\AD_project\\user\\main.axf" 
Erase Done.
Programming Done.
Verify OK.
Application running ...
Build target 'Target 1'
compiling rtc.c...
..\drive\rtc.c(259): warning:  #177-D: variable "sec" was declared but never referenced
compiling application.c...
linking...
Program Size: Code=30872 RO-data=620 RW-data=128 ZI-data=4640  
".\main.axf" - 0 Errors, 1 Warning(s).
Build target 'Target 1'
compiling main.c...
main.c(46): warning:  #177-D: variable "time" was declared but never referenced
main.c(47): warning:  #177-D: variable "tbuf" was declared but never referenced
linking...
Program Size: Code=30876 RO-data=620 RW-data=128 ZI-data=4640  
".\main.axf" - 0 Errors, 2 Warning(s).
Build target 'Target 1'
linking...
Program Size: Code=30876 RO-data=620 RW-data=128 ZI-data=4640  
".\main.axf" - 0 Errors, 0 Warning(s).
Load "D:\\fxy\\PROJECT\\ad\\AD_project\\user\\main.axf" 
Erase Done.
Programming Done.
Verify OK.
Application running ...
Build target 'Target 1'
compiling main.c...
main.c(47): warning:  #177-D: variable "time" was declared but never referenced
main.c(48): warning:  #177-D: variable "tbuf" was declared but never referenced
compiling rtc.c...
..\drive\rtc.c(261): warning:  #177-D: variable "sec" was declared but never referenced
linking...
Program Size: Code=30884 RO-data=620 RW-data=132 ZI-data=4644  
".\main.axf" - 0 Errors, 3 Warning(s).
Build target 'Target 1'
compiling main.c...
main.c(47): warning:  #177-D: variable "time" was declared but never referenced
main.c(48): warning:  #177-D: variable "tbuf" was declared but never referenced
main.c(49): warning:  #177-D: variable "t" was declared but never referenced
linking...
Program Size: Code=30888 RO-data=620 RW-data=132 ZI-data=4644  
".\main.axf" - 0 Errors, 3 Warning(s).
Build target 'Target 1'
linking...
Program Size: Code=30888 RO-data=620 RW-data=132 ZI-data=4644  
".\main.axf" - 0 Errors, 0 Warning(s).
Load "D:\\fxy\\PROJECT\\ad\\AD_project\\user\\main.axf" 
Erase Done.
Programming Done.
Verify OK.
Application running ...
Build target 'Target 1'
compiling main.c...
main.c(47): warning:  #177-D: variable "time" was declared but never referenced
main.c(48): warning:  #177-D: variable "tbuf" was declared but never referenced
linking...
Program Size: Code=30896 RO-data=620 RW-data=132 ZI-data=4644  
".\main.axf" - 0 Errors, 2 Warning(s).
Build target 'Target 1'
linking...
Program Size: Code=30896 RO-data=620 RW-data=132 ZI-data=4644  
".\main.axf" - 0 Errors, 0 Warning(s).
Load "D:\\fxy\\PROJECT\\ad\\AD_project\\user\\main.axf" 
Erase Done.
Programming Done.
Verify OK.
Application running ...
Build target 'Target 1'
linking...
Program Size: Code=30896 RO-data=620 RW-data=132 ZI-data=4644  
".\main.axf" - 0 Errors, 0 Warning(s).
Build target 'Target 1'
compiling main.c...
main.c(48): warning:  #177-D: variable "time" was declared but never referenced
main.c(49): warning:  #177-D: variable "tbuf" was declared but never referenced
linking...
Program Size: Code=30964 RO-data=620 RW-data=132 ZI-data=4644  
".\main.axf" - 0 Errors, 2 Warning(s).
Build target 'Target 1'
compiling main.c...
main.c(48): warning:  #177-D: variable "time" was declared but never referenced
main.c(49): warning:  #177-D: variable "tbuf" was declared but never referenced
linking...
Program Size: Code=30964 RO-data=620 RW-data=132 ZI-data=4644  
".\main.axf" - 0 Errors, 2 Warning(s).
Load "D:\\fxy\\PROJECT\\ad\\AD_project\\user\\main.axf" 
Erase Done.
Programming Done.
Verify OK.
Application running ...
Build target 'Target 1'
compiling main.c...
main.c(48): warning:  #177-D: variable "time" was declared but never referenced
main.c(49): warning:  #177-D: variable "tbuf" was declared but never referenced
linking...
Program Size: Code=31012 RO-data=620 RW-data=132 ZI-data=4644  
".\main.axf" - 0 Errors, 2 Warning(s).
Load "D:\\fxy\\PROJECT\\ad\\AD_project\\user\\main.axf" 
Erase Done.
Programming Done.
Verify OK.
Application running ...
Build target 'Target 1'
compiling main.c...
main.c(48): warning:  #177-D: variable "time" was declared but never referenced
main.c(49): warning:  #177-D: variable "tbuf" was declared but never referenced
linking...
Program Size: Code=31000 RO-data=620 RW-data=132 ZI-data=4644  
".\main.axf" - 0 Errors, 2 Warning(s).
Build target 'Target 1'
compiling main.c...
main.c(48): warning:  #177-D: variable "time" was declared but never referenced
main.c(49): warning:  #177-D: variable "tbuf" was declared but never referenced
linking...
Program Size: Code=30996 RO-data=620 RW-data=132 ZI-data=4644  
".\main.axf" - 0 Errors, 2 Warning(s).
Load "D:\\fxy\\PROJECT\\ad\\AD_project\\user\\main.axf" 
Erase Done.
Programming Done.
Verify OK.
Application running ...
Build target 'Target 1'
compiling rtc.c...
..\drive\rtc.c(261): warning:  #177-D: variable "sec" was declared but never referenced
linking...
Program Size: Code=31000 RO-data=620 RW-data=132 ZI-data=4644  
".\main.axf" - 0 Errors, 1 Warning(s).
Load "D:\\fxy\\PROJECT\\ad\\AD_project\\user\\main.axf" 
Erase Done.
Programming Done.
Verify OK.
Application running ...
Build target 'Target 1'
compiling main.c...
main.c(48): warning:  #177-D: variable "time" was declared but never referenced
main.c(49): warning:  #177-D: variable "tbuf" was declared but never referenced
compiling rtc.c...
..\drive\rtc.c(262): warning:  #177-D: variable "sec" was declared but never referenced
compiling application.c...
linking...
Program Size: Code=31008 RO-data=620 RW-data=132 ZI-data=4652  
".\main.axf" - 0 Errors, 3 Warning(s).
Build target 'Target 1'
compiling main.c...
main.c(48): warning:  #177-D: variable "time" was declared but never referenced
main.c(49): warning:  #177-D: variable "tbuf" was declared but never referenced
compiling rtc.c...
..\drive\rtc.c(262): warning:  #177-D: variable "sec" was declared but never referenced
linking...
Program Size: Code=31068 RO-data=620 RW-data=132 ZI-data=4652  
".\main.axf" - 0 Errors, 3 Warning(s).
Load "D:\\fxy\\PROJECT\\ad\\AD_project\\user\\main.axf" 
Erase Done.
Programming Done.
Verify OK.
Application running ...
Build target 'Target 1'
compiling main.c...
main.c(48): warning:  #177-D: variable "time" was declared but never referenced
main.c(49): warning:  #177-D: variable "tbuf" was declared but never referenced
linking...
Program Size: Code=31080 RO-data=620 RW-data=132 ZI-data=4652  
".\main.axf" - 0 Errors, 2 Warning(s).
Load "D:\\fxy\\PROJECT\\ad\\AD_project\\user\\main.axf" 
Erase Done.
Programming Done.
Verify OK.
Application running ...
Build target 'Target 1'
compiling main.c...
main.c(48): warning:  #177-D: variable "time" was declared but never referenced
main.c(49): warning:  #177-D: variable "tbuf" was declared but never referenced
linking...
Program Size: Code=31044 RO-data=620 RW-data=132 ZI-data=4652  
".\main.axf" - 0 Errors, 2 Warning(s).
Build target 'Target 1'
compiling main.c...
main.c(49): warning:  #177-D: variable "time" was declared but never referenced
main.c(50): warning:  #177-D: variable "tbuf" was declared but never referenced
linking...
Program Size: Code=31048 RO-data=620 RW-data=132 ZI-data=4652  
".\main.axf" - 0 Errors, 2 Warning(s).
Load "D:\\fxy\\PROJECT\\ad\\AD_project\\user\\main.axf" 
Erase Done.
Programming Done.
Verify OK.
Application running ...
Build target 'Target 1'
compiling main.c...
main.c(49): warning:  #177-D: variable "time" was declared but never referenced
main.c(50): warning:  #177-D: variable "tbuf" was declared but never referenced
linking...
Program Size: Code=31056 RO-data=620 RW-data=132 ZI-data=4652  
".\main.axf" - 0 Errors, 2 Warning(s).
Load "D:\\fxy\\PROJECT\\ad\\AD_project\\user\\main.axf" 
Erase Done.
Programming Done.
Verify OK.
Application running ...
Build target 'Target 1'
compiling main.c...
main.c(49): warning:  #177-D: variable "time" was declared but never referenced
main.c(50): warning:  #177-D: variable "tbuf" was declared but never referenced
compiling rtc.c...
..\drive\rtc.c(262): warning:  #177-D: variable "sec" was declared but never referenced
linking...
Program Size: Code=31092 RO-data=620 RW-data=132 ZI-data=4652  
".\main.axf" - 0 Errors, 3 Warning(s).
Load "D:\\fxy\\PROJECT\\ad\\AD_project\\user\\main.axf" 
Erase Done.
Programming Done.
Verify OK.
Application running ...
Build target 'Target 1'
compiling main.c...
main.c(49): warning:  #177-D: variable "time" was declared but never referenced
main.c(50): warning:  #177-D: variable "tbuf" was declared but never referenced
linking...
Program Size: Code=31092 RO-data=620 RW-data=132 ZI-data=4652  
".\main.axf" - 0 Errors, 2 Warning(s).
Load "D:\\fxy\\PROJECT\\ad\\AD_project\\user\\main.axf" 
Erase Done.
Programming Done.
Verify OK.
Application running ...
Build target 'Target 1'
compiling main.c...
main.c(49): warning:  #177-D: variable "time" was declared but never referenced
main.c(50): warning:  #177-D: variable "tbuf" was declared but never referenced
linking...
Program Size: Code=31056 RO-data=620 RW-data=132 ZI-data=4652  
".\main.axf" - 0 Errors, 2 Warning(s).
Load "D:\\fxy\\PROJECT\\ad\\AD_project\\user\\main.axf" 
Erase Done.
Programming Done.
Verify OK.
Application running ...
Build target 'Target 1'
compiling rtc.c...
..\drive\rtc.c(262): warning:  #177-D: variable "sec" was declared but never referenced
linking...
Program Size: Code=31052 RO-data=620 RW-data=132 ZI-data=4652  
".\main.axf" - 0 Errors, 1 Warning(s).
Load "D:\\fxy\\PROJECT\\ad\\AD_project\\user\\main.axf" 
Erase Done.
Programming Done.
Verify OK.
Application running ...
Build target 'Target 1'
linking...
Program Size: Code=31052 RO-data=620 RW-data=132 ZI-data=4652  
".\main.axf" - 0 Errors, 0 Warning(s).
Load "D:\\fxy\\PROJECT\\ad\\AD_project\\user\\main.axf" 
Erase Done.
Programming Done.
Verify OK.
Application running ...
Build target 'Target 1'
compiling main.c...
main.c(49): warning:  #177-D: variable "time" was declared but never referenced
main.c(50): warning:  #177-D: variable "tbuf" was declared but never referenced
linking...
Program Size: Code=30860 RO-data=620 RW-data=132 ZI-data=4652  
".\main.axf" - 0 Errors, 2 Warning(s).
Load "D:\\fxy\\PROJECT\\ad\\AD_project\\user\\main.axf" 
Erase Done.
Programming Done.
Verify OK.
Application running ...
Build target 'Target 1'
compiling main.c...
main.c(49): warning:  #177-D: variable "time" was declared but never referenced
main.c(50): warning:  #177-D: variable "tbuf" was declared but never referenced
compiling rtc.c...
..\drive\rtc.c(286): warning:  #177-D: variable "sec" was declared but never referenced
linking...
Program Size: Code=30896 RO-data=620 RW-data=132 ZI-data=4652  
".\main.axf" - 0 Errors, 3 Warning(s).
Load "D:\\fxy\\PROJECT\\ad\\AD_project\\user\\main.axf" 
Erase Done.
Programming Done.
Verify OK.
Application running ...
Build target 'Target 1'
compiling rtc.c...
..\drive\rtc.c(286): warning:  #177-D: variable "sec" was declared but never referenced
linking...
Program Size: Code=30832 RO-data=620 RW-data=132 ZI-data=4652  
".\main.axf" - 0 Errors, 1 Warning(s).
Load "D:\\fxy\\PROJECT\\ad\\AD_project\\user\\main.axf" 
Erase Done.
Programming Done.
Verify OK.
Application running ...
Build target 'Target 1'
compiling rtc.c...
..\drive\rtc.c(292): warning:  #177-D: variable "sec" was declared but never referenced
linking...
Program Size: Code=31248 RO-data=620 RW-data=132 ZI-data=4700  
".\main.axf" - 0 Errors, 1 Warning(s).
Build target 'Target 1'
compiling stm32f37x_it.c...
linking...
Program Size: Code=31264 RO-data=620 RW-data=132 ZI-data=4700  
".\main.axf" - 0 Errors, 0 Warning(s).
Load "D:\\fxy\\PROJECT\\ad\\AD_project\\user\\main.axf" 
Erase Done.
Programming Done.
Verify OK.
Application running ...
Build target 'Target 1'
compiling rtc.c...
..\drive\rtc.c(292): warning:  #177-D: variable "sec" was declared but never referenced
linking...
Program Size: Code=31264 RO-data=620 RW-data=132 ZI-data=4700  
".\main.axf" - 0 Errors, 1 Warning(s).
Load "D:\\fxy\\PROJECT\\ad\\AD_project\\user\\main.axf" 
Erase Done.
Programming Done.
Verify OK.
Application running ...
Build target 'Target 1'
compiling rtc.c...
..\drive\rtc.c(289): warning:  #177-D: variable "sec" was declared but never referenced
linking...
Program Size: Code=30888 RO-data=620 RW-data=132 ZI-data=4700  
".\main.axf" - 0 Errors, 1 Warning(s).
Load "D:\\fxy\\PROJECT\\ad\\AD_project\\user\\main.axf" 
Erase Done.
Programming Done.
Verify OK.
Application running ...
Build target 'Target 1'
compiling rtc.c...
..\drive\rtc.c(291): warning:  #177-D: variable "sec" was declared but never referenced
linking...
Program Size: Code=30912 RO-data=620 RW-data=132 ZI-data=4700  
".\main.axf" - 0 Errors, 1 Warning(s).
Load "D:\\fxy\\PROJECT\\ad\\AD_project\\user\\main.axf" 
Erase Done.
Programming Done.
Verify OK.
Application running ...
Build target 'Target 1'
compiling rtc.c...
..\drive\rtc.c(288): warning:  #177-D: variable "sec" was declared but never referenced
linking...
Program Size: Code=30912 RO-data=620 RW-data=132 ZI-data=4700  
".\main.axf" - 0 Errors, 1 Warning(s).
Build target 'Target 1'
linking...
Program Size: Code=30912 RO-data=620 RW-data=132 ZI-data=4700  
".\main.axf" - 0 Errors, 0 Warning(s).
Build target 'Target 1'
compiling main.c...
main.c(170): warning:  #111-D: statement is unreachable
main.c(51): warning:  #177-D: variable "time" was declared but never referenced
main.c(52): warning:  #177-D: variable "tbuf" was declared but never referenced
main.c(200): error:  #169: expected a declaration
compiling time.c...
..\drive\time.c(110): warning:  #1-D: last line of file ends without a newline
".\main.axf" - 1 Errors, 4 Warning(s).
Target not created
Build target 'Target 1'
compiling main.c...
main.c(51): warning:  #177-D: variable "time" was declared but never referenced
main.c(52): warning:  #177-D: variable "tbuf" was declared but never referenced
compiling time.c...
..\drive\time.c(110): warning:  #1-D: last line of file ends without a newline
linking...
.\main.axf: Error: L6218E: Undefined symbol TIM_ClearITPendingBit (referred from time.o).
.\main.axf: Error: L6218E: Undefined symbol TIM_Cmd (referred from time.o).
.\main.axf: Error: L6218E: Undefined symbol TIM_GetCapture3 (referred from time.o).
.\main.axf: Error: L6218E: Undefined symbol TIM_GetCapture4 (referred from time.o).
.\main.axf: Error: L6218E: Undefined symbol TIM_GetITStatus (referred from time.o).
.\main.axf: Error: L6218E: Undefined symbol TIM_ITConfig (referred from time.o).
.\main.axf: Error: L6218E: Undefined symbol TIM_OC3Init (referred from time.o).
.\main.axf: Error: L6218E: Undefined symbol TIM_OC3PreloadConfig (referred from time.o).
.\main.axf: Error: L6218E: Undefined symbol TIM_OC4Init (referred from time.o).
.\main.axf: Error: L6218E: Undefined symbol TIM_OC4PreloadConfig (referred from time.o).
.\main.axf: Error: L6218E: Undefined symbol TIM_PrescalerConfig (referred from time.o).
.\main.axf: Error: L6218E: Undefined symbol TIM_SetCompare3 (referred from time.o).
.\main.axf: Error: L6218E: Undefined symbol TIM_SetCompare4 (referred from time.o).
.\main.axf: Error: L6218E: Undefined symbol TIM_TimeBaseInit (referred from time.o).
".\main.axf" - 14 Errors, 3 Warning(s).
Target not created
Build target 'Target 1'
compiling stm32f37x_tim.c...
linking...
Program Size: Code=34324 RO-data=620 RW-data=144 ZI-data=4728  
".\main.axf" - 0 Errors, 0 Warning(s).
Load "D:\\fxy\\PROJECT\\ad\\AD_project\\user\\main.axf" 
Erase Done.
Programming Done.
Verify OK.
Application running ...
Build target 'Target 1'
compiling main.c...
main.c(51): warning:  #177-D: variable "time" was declared but never referenced
main.c(52): warning:  #177-D: variable "tbuf" was declared but never referenced
compiling stm32f37x_tim.c...
linking...
Program Size: Code=34300 RO-data=620 RW-data=144 ZI-data=4728  
".\main.axf" - 0 Errors, 2 Warning(s).
Load "D:\\fxy\\PROJECT\\ad\\AD_project\\user\\main.axf" 
Erase Done.
Programming Done.
Verify OK.
Application running ...
Build target 'Target 1'
compiling main.c...
main.c(51): warning:  #177-D: variable "time" was declared but never referenced
main.c(52): warning:  #177-D: variable "tbuf" was declared but never referenced
linking...
Program Size: Code=34304 RO-data=620 RW-data=144 ZI-data=4728  
".\main.axf" - 0 Errors, 2 Warning(s).
Load "D:\\fxy\\PROJECT\\ad\\AD_project\\user\\main.axf" 
Erase Done.
Programming Done.
Verify OK.
Application running ...
