<!doctype html public "-//w3c//dtd html 4.0 transitional//en">
<html><head>
<title>Static Call Graph - [.\main.axf]</title></head>
<body><HR>
<H1>Static Call Graph for image .\main.axf</H1><HR>
<BR><P>#&#060CALLGRAPH&#062# ARM Linker, 5.03 [Build 76]: Last Updated: Thu Sep 19 22:07:26 2019
<BR><P>
<H3>Maximum Stack Usage =        264 bytes + Unknown(Functions without stacksize, Cycles, Untraceable Function Pointers)</H3><H3>
Call chain for Maximum Stack Depth:</H3>
__rt_entry_main &rArr; main &rArr; command_msg_analysis &rArr; Command_msg_handler &rArr; set_time &rArr; __2printf &rArr; _printf_char_file &rArr; _printf_char_common &rArr; __printf
<P>
<H3>
Functions with no stack information
</H3><UL>
 <LI><a href="#[d5]">__user_initial_stackheap</a>
</UL>
</UL>
<P>
<H3>
Mutually Recursive functions
</H3> <LI><a href="#[25]">CAN1_RX0_IRQHandler</a>&nbsp;&nbsp;&nbsp;&rArr;&nbsp;&nbsp;&nbsp;<a href="#[25]">CAN1_RX0_IRQHandler</a><BR>
</UL>
<P>
<H3>
Function Pointers
</H3><UL>
 <LI><a href="#[23]">ADC1_IRQHandler</a> from stm32f37x_it.o(.text) referenced from startup_stm32f37x.o(RESET)
 <LI><a href="#[b]">BusFault_Handler</a> from stm32f37x_it.o(.text) referenced from startup_stm32f37x.o(RESET)
 <LI><a href="#[25]">CAN1_RX0_IRQHandler</a> from startup_stm32f37x.o(.text) referenced from startup_stm32f37x.o(RESET)
 <LI><a href="#[26]">CAN1_RX1_IRQHandler</a> from startup_stm32f37x.o(.text) referenced from startup_stm32f37x.o(RESET)
 <LI><a href="#[27]">CAN1_SCE_IRQHandler</a> from startup_stm32f37x.o(.text) referenced from startup_stm32f37x.o(RESET)
 <LI><a href="#[24]">CAN1_TX_IRQHandler</a> from startup_stm32f37x.o(.text) referenced from startup_stm32f37x.o(RESET)
 <LI><a href="#[3b]">CEC_IRQHandler</a> from startup_stm32f37x.o(.text) referenced from startup_stm32f37x.o(RESET)
 <LI><a href="#[4b]">COMP_IRQHandler</a> from startup_stm32f37x.o(.text) referenced from startup_stm32f37x.o(RESET)
 <LI><a href="#[1c]">DMA1_Channel1_IRQHandler</a> from startup_stm32f37x.o(.text) referenced from startup_stm32f37x.o(RESET)
 <LI><a href="#[1d]">DMA1_Channel2_IRQHandler</a> from startup_stm32f37x.o(.text) referenced from startup_stm32f37x.o(RESET)
 <LI><a href="#[1e]">DMA1_Channel3_IRQHandler</a> from startup_stm32f37x.o(.text) referenced from startup_stm32f37x.o(RESET)
 <LI><a href="#[1f]">DMA1_Channel4_IRQHandler</a> from startup_stm32f37x.o(.text) referenced from startup_stm32f37x.o(RESET)
 <LI><a href="#[20]">DMA1_Channel5_IRQHandler</a> from startup_stm32f37x.o(.text) referenced from startup_stm32f37x.o(RESET)
 <LI><a href="#[21]">DMA1_Channel6_IRQHandler</a> from startup_stm32f37x.o(.text) referenced from startup_stm32f37x.o(RESET)
 <LI><a href="#[22]">DMA1_Channel7_IRQHandler</a> from startup_stm32f37x.o(.text) referenced from startup_stm32f37x.o(RESET)
 <LI><a href="#[43]">DMA2_Channel1_IRQHandler</a> from startup_stm32f37x.o(.text) referenced from startup_stm32f37x.o(RESET)
 <LI><a href="#[44]">DMA2_Channel2_IRQHandler</a> from startup_stm32f37x.o(.text) referenced from startup_stm32f37x.o(RESET)
 <LI><a href="#[45]">DMA2_Channel3_IRQHandler</a> from startup_stm32f37x.o(.text) referenced from startup_stm32f37x.o(RESET)
 <LI><a href="#[46]">DMA2_Channel4_IRQHandler</a> from startup_stm32f37x.o(.text) referenced from startup_stm32f37x.o(RESET)
 <LI><a href="#[47]">DMA2_Channel5_IRQHandler</a> from startup_stm32f37x.o(.text) referenced from startup_stm32f37x.o(RESET)
 <LI><a href="#[e]">DebugMon_Handler</a> from stm32f37x_it.o(.text) referenced from startup_stm32f37x.o(RESET)
 <LI><a href="#[17]">EXTI0_IRQHandler</a> from startup_stm32f37x.o(.text) referenced from startup_stm32f37x.o(RESET)
 <LI><a href="#[39]">EXTI15_10_IRQHandler</a> from startup_stm32f37x.o(.text) referenced from startup_stm32f37x.o(RESET)
 <LI><a href="#[18]">EXTI1_IRQHandler</a> from startup_stm32f37x.o(.text) referenced from startup_stm32f37x.o(RESET)
 <LI><a href="#[19]">EXTI2_TS_IRQHandler</a> from startup_stm32f37x.o(.text) referenced from startup_stm32f37x.o(RESET)
 <LI><a href="#[1a]">EXTI3_IRQHandler</a> from startup_stm32f37x.o(.text) referenced from startup_stm32f37x.o(RESET)
 <LI><a href="#[1b]">EXTI4_IRQHandler</a> from startup_stm32f37x.o(.text) referenced from startup_stm32f37x.o(RESET)
 <LI><a href="#[28]">EXTI9_5_IRQHandler</a> from stm32f37x_it.o(.text) referenced from startup_stm32f37x.o(RESET)
 <LI><a href="#[15]">FLASH_IRQHandler</a> from startup_stm32f37x.o(.text) referenced from startup_stm32f37x.o(RESET)
 <LI><a href="#[50]">FPU_IRQHandler</a> from startup_stm32f37x.o(.text) referenced from startup_stm32f37x.o(RESET)
 <LI><a href="#[9]">HardFault_Handler</a> from stm32f37x_it.o(.text) referenced from startup_stm32f37x.o(RESET)
 <LI><a href="#[31]">I2C1_ER_IRQHandler</a> from startup_stm32f37x.o(.text) referenced from startup_stm32f37x.o(RESET)
 <LI><a href="#[30]">I2C1_EV_IRQHandler</a> from startup_stm32f37x.o(.text) referenced from startup_stm32f37x.o(RESET)
 <LI><a href="#[33]">I2C2_ER_IRQHandler</a> from startup_stm32f37x.o(.text) referenced from startup_stm32f37x.o(RESET)
 <LI><a href="#[32]">I2C2_EV_IRQHandler</a> from startup_stm32f37x.o(.text) referenced from startup_stm32f37x.o(RESET)
 <LI><a href="#[a]">MemManage_Handler</a> from stm32f37x_it.o(.text) referenced from startup_stm32f37x.o(RESET)
 <LI><a href="#[8]">NMI_Handler</a> from stm32f37x_it.o(.text) referenced from startup_stm32f37x.o(RESET)
 <LI><a href="#[12]">PVD_IRQHandler</a> from startup_stm32f37x.o(.text) referenced from startup_stm32f37x.o(RESET)
 <LI><a href="#[f]">PendSV_Handler</a> from stm32f37x_it.o(.text) referenced from startup_stm32f37x.o(RESET)
 <LI><a href="#[16]">RCC_IRQHandler</a> from startup_stm32f37x.o(.text) referenced from startup_stm32f37x.o(RESET)
 <LI><a href="#[3a]">RTC_Alarm_IRQHandler</a> from rtc.o(.text) referenced from startup_stm32f37x.o(RESET)
 <LI><a href="#[14]">RTC_WKUP_IRQHandler</a> from rtc.o(.text) referenced from startup_stm32f37x.o(RESET)
 <LI><a href="#[7]">Reset_Handler</a> from startup_stm32f37x.o(.text) referenced from startup_stm32f37x.o(RESET)
 <LI><a href="#[48]">SDADC1_IRQHandler</a> from stm32f37x_it.o(.text) referenced from startup_stm32f37x.o(RESET)
 <LI><a href="#[49]">SDADC2_IRQHandler</a> from startup_stm32f37x.o(.text) referenced from startup_stm32f37x.o(RESET)
 <LI><a href="#[4a]">SDADC3_IRQHandler</a> from startup_stm32f37x.o(.text) referenced from startup_stm32f37x.o(RESET)
 <LI><a href="#[34]">SPI1_IRQHandler</a> from startup_stm32f37x.o(.text) referenced from startup_stm32f37x.o(RESET)
 <LI><a href="#[35]">SPI2_IRQHandler</a> from startup_stm32f37x.o(.text) referenced from startup_stm32f37x.o(RESET)
 <LI><a href="#[40]">SPI3_IRQHandler</a> from startup_stm32f37x.o(.text) referenced from startup_stm32f37x.o(RESET)
 <LI><a href="#[d]">SVC_Handler</a> from stm32f37x_it.o(.text) referenced from startup_stm32f37x.o(RESET)
 <LI><a href="#[10]">SysTick_Handler</a> from stm32f37x_it.o(.text) referenced from startup_stm32f37x.o(RESET)
 <LI><a href="#[51]">SystemInit</a> from system_stm32f37x.o(.text) referenced from startup_stm32f37x.o(.text)
 <LI><a href="#[13]">TAMPER_STAMP_IRQHandler</a> from startup_stm32f37x.o(.text) referenced from startup_stm32f37x.o(RESET)
 <LI><a href="#[3c]">TIM12_IRQHandler</a> from startup_stm32f37x.o(.text) referenced from startup_stm32f37x.o(RESET)
 <LI><a href="#[3d]">TIM13_IRQHandler</a> from startup_stm32f37x.o(.text) referenced from startup_stm32f37x.o(RESET)
 <LI><a href="#[3e]">TIM14_IRQHandler</a> from startup_stm32f37x.o(.text) referenced from startup_stm32f37x.o(RESET)
 <LI><a href="#[29]">TIM15_IRQHandler</a> from startup_stm32f37x.o(.text) referenced from startup_stm32f37x.o(RESET)
 <LI><a href="#[2a]">TIM16_IRQHandler</a> from startup_stm32f37x.o(.text) referenced from startup_stm32f37x.o(RESET)
 <LI><a href="#[2b]">TIM17_IRQHandler</a> from startup_stm32f37x.o(.text) referenced from startup_stm32f37x.o(RESET)
 <LI><a href="#[2c]">TIM18_DAC2_IRQHandler</a> from startup_stm32f37x.o(.text) referenced from startup_stm32f37x.o(RESET)
 <LI><a href="#[4f]">TIM19_IRQHandler</a> from startup_stm32f37x.o(.text) referenced from startup_stm32f37x.o(RESET)
 <LI><a href="#[2d]">TIM2_IRQHandler</a> from startup_stm32f37x.o(.text) referenced from startup_stm32f37x.o(RESET)
 <LI><a href="#[2e]">TIM3_IRQHandler</a> from startup_stm32f37x.o(.text) referenced from startup_stm32f37x.o(RESET)
 <LI><a href="#[2f]">TIM4_IRQHandler</a> from startup_stm32f37x.o(.text) referenced from startup_stm32f37x.o(RESET)
 <LI><a href="#[3f]">TIM5_IRQHandler</a> from startup_stm32f37x.o(.text) referenced from startup_stm32f37x.o(RESET)
 <LI><a href="#[41]">TIM6_DAC1_IRQHandler</a> from startup_stm32f37x.o(.text) referenced from startup_stm32f37x.o(RESET)
 <LI><a href="#[42]">TIM7_IRQHandler</a> from startup_stm32f37x.o(.text) referenced from startup_stm32f37x.o(RESET)
 <LI><a href="#[36]">USART1_IRQHandler</a> from startup_stm32f37x.o(.text) referenced from startup_stm32f37x.o(RESET)
 <LI><a href="#[37]">USART2_IRQHandler</a> from uart.o(.text) referenced from startup_stm32f37x.o(RESET)
 <LI><a href="#[38]">USART3_IRQHandler</a> from startup_stm32f37x.o(.text) referenced from startup_stm32f37x.o(RESET)
 <LI><a href="#[4e]">USBWakeUp_IRQHandler</a> from startup_stm32f37x.o(.text) referenced from startup_stm32f37x.o(RESET)
 <LI><a href="#[4c]">USB_HP_IRQHandler</a> from startup_stm32f37x.o(.text) referenced from startup_stm32f37x.o(RESET)
 <LI><a href="#[4d]">USB_LP_IRQHandler</a> from startup_stm32f37x.o(.text) referenced from startup_stm32f37x.o(RESET)
 <LI><a href="#[c]">UsageFault_Handler</a> from stm32f37x_it.o(.text) referenced from startup_stm32f37x.o(RESET)
 <LI><a href="#[11]">WWDG_IRQHandler</a> from startup_stm32f37x.o(.text) referenced from startup_stm32f37x.o(RESET)
 <LI><a href="#[56]">__main</a> from __main.o(!!!main) referenced from startup_stm32f37x.o(.text)
 <LI><a href="#[54]">_printf_input_char</a> from _printf_char_common.o(.text) referenced from _printf_char_common.o(.text)
 <LI><a href="#[53]">_sputc</a> from _sputc.o(.text) referenced from noretval__2sprintf.o(.text)
 <LI><a href="#[55]">fputc</a> from uart.o(.text) referenced from _printf_char_file.o(.text)
</UL>
<P>
<H3>
Global Symbols
</H3>
<P><STRONG><a name="[56]"></a>__main</STRONG> (Thumb, 8 bytes, Stack size 0 bytes, __main.o(!!!main))
<BR><BR>[Calls]<UL><LI><a href="#[58]">&gt;&gt;</a>&nbsp;&nbsp;&nbsp;__rt_entry
<LI><a href="#[57]">&gt;&gt;</a>&nbsp;&nbsp;&nbsp;__scatterload
</UL>

<P><STRONG><a name="[57]"></a>__scatterload</STRONG> (Thumb, 0 bytes, Stack size unknown bytes, __scatter.o(!!!scatter))
<BR><BR>[Called By]<UL><LI><a href="#[56]">&gt;&gt;</a>&nbsp;&nbsp;&nbsp;__main
</UL>

<P><STRONG><a name="[59]"></a>__scatterload_rt2</STRONG> (Thumb, 44 bytes, Stack size unknown bytes, __scatter.o(!!!scatter), UNUSED)
<BR><BR>[Calls]<UL><LI><a href="#[58]">&gt;&gt;</a>&nbsp;&nbsp;&nbsp;__rt_entry
</UL>

<P><STRONG><a name="[d9]"></a>__scatterload_rt2_thumb_only</STRONG> (Thumb, 0 bytes, Stack size unknown bytes, __scatter.o(!!!scatter), UNUSED)

<P><STRONG><a name="[da]"></a>__scatterload_null</STRONG> (Thumb, 0 bytes, Stack size unknown bytes, __scatter.o(!!!scatter), UNUSED)

<P><STRONG><a name="[5a]"></a>__scatterload_copy</STRONG> (Thumb, 26 bytes, Stack size unknown bytes, __scatter_copy.o(!!handler_copy), UNUSED)
<BR><BR>[Calls]<UL><LI><a href="#[5a]">&gt;&gt;</a>&nbsp;&nbsp;&nbsp;__scatterload_copy
</UL>
<BR>[Called By]<UL><LI><a href="#[5a]">&gt;&gt;</a>&nbsp;&nbsp;&nbsp;__scatterload_copy
</UL>

<P><STRONG><a name="[db]"></a>__scatterload_zeroinit</STRONG> (Thumb, 28 bytes, Stack size unknown bytes, __scatter_zi.o(!!handler_zi), UNUSED)

<P><STRONG><a name="[5b]"></a>_printf_d</STRONG> (Thumb, 0 bytes, Stack size unknown bytes, _printf_d.o(.ARM.Collect$$_printf_percent$$00000009))
<BR><BR>[Stack]<UL><LI>Max Depth = 72 + Unknown Stack Size
<LI>Call Chain = _printf_d &rArr; _printf_int_dec &rArr; _printf_int_common &rArr; _printf_post_padding
</UL>
<BR>[Calls]<UL><LI><a href="#[5c]">&gt;&gt;</a>&nbsp;&nbsp;&nbsp;_printf_int_dec
</UL>

<P><STRONG><a name="[c8]"></a>_printf_percent</STRONG> (Thumb, 0 bytes, Stack size unknown bytes, _printf_percent.o(.ARM.Collect$$_printf_percent$$00000000))
<BR><BR>[Called By]<UL><LI><a href="#[c6]">&gt;&gt;</a>&nbsp;&nbsp;&nbsp;__printf
</UL>

<P><STRONG><a name="[5d]"></a>_printf_s</STRONG> (Thumb, 0 bytes, Stack size unknown bytes, _printf_s.o(.ARM.Collect$$_printf_percent$$00000014))
<BR><BR>[Stack]<UL><LI>Max Depth = 40 + Unknown Stack Size
<LI>Call Chain = _printf_s &rArr; _printf_string &rArr; _printf_cs_common &rArr; _printf_str &rArr; _printf_post_padding
</UL>
<BR>[Calls]<UL><LI><a href="#[5e]">&gt;&gt;</a>&nbsp;&nbsp;&nbsp;_printf_string
</UL>

<P><STRONG><a name="[dc]"></a>_printf_percent_end</STRONG> (Thumb, 0 bytes, Stack size unknown bytes, _printf_percent_end.o(.ARM.Collect$$_printf_percent$$00000017))

<P><STRONG><a name="[66]"></a>__rt_lib_init</STRONG> (Thumb, 0 bytes, Stack size unknown bytes, libinit.o(.ARM.Collect$$libinit$$00000000))
<BR><BR>[Called By]<UL><LI><a href="#[65]">&gt;&gt;</a>&nbsp;&nbsp;&nbsp;__rt_entry_li
</UL>

<P><STRONG><a name="[5f]"></a>__rt_lib_init_fp_1</STRONG> (Thumb, 0 bytes, Stack size unknown bytes, libinit2.o(.ARM.Collect$$libinit$$00000001))
<BR><BR>[Calls]<UL><LI><a href="#[60]">&gt;&gt;</a>&nbsp;&nbsp;&nbsp;_fp_init
</UL>

<P><STRONG><a name="[61]"></a>__rt_lib_init_heap_2</STRONG> (Thumb, 0 bytes, Stack size unknown bytes, libinit2.o(.ARM.Collect$$libinit$$00000003))
<BR><BR>[Stack]<UL><LI>Max Depth = 56 + Unknown Stack Size
<LI>Call Chain = __rt_lib_init_heap_2 &rArr; _init_alloc &rArr; __rt_SIGRTMEM &rArr; __rt_SIGRTMEM_inner &rArr; __default_signal_display
</UL>
<BR>[Calls]<UL><LI><a href="#[62]">&gt;&gt;</a>&nbsp;&nbsp;&nbsp;_init_alloc
</UL>

<P><STRONG><a name="[dd]"></a>__rt_lib_init_alloca_1</STRONG> (Thumb, 0 bytes, Stack size unknown bytes, libinit2.o(.ARM.Collect$$libinit$$0000002C))

<P><STRONG><a name="[de]"></a>__rt_lib_init_argv_1</STRONG> (Thumb, 0 bytes, Stack size unknown bytes, libinit2.o(.ARM.Collect$$libinit$$0000002A))

<P><STRONG><a name="[df]"></a>__rt_lib_init_atexit_1</STRONG> (Thumb, 0 bytes, Stack size unknown bytes, libinit2.o(.ARM.Collect$$libinit$$00000019))

<P><STRONG><a name="[e0]"></a>__rt_lib_init_clock_1</STRONG> (Thumb, 0 bytes, Stack size unknown bytes, libinit2.o(.ARM.Collect$$libinit$$0000001F))

<P><STRONG><a name="[e1]"></a>__rt_lib_init_cpp_1</STRONG> (Thumb, 0 bytes, Stack size unknown bytes, libinit2.o(.ARM.Collect$$libinit$$00000030))

<P><STRONG><a name="[e2]"></a>__rt_lib_init_exceptions_1</STRONG> (Thumb, 0 bytes, Stack size unknown bytes, libinit2.o(.ARM.Collect$$libinit$$0000002E))

<P><STRONG><a name="[e3]"></a>__rt_lib_init_fp_trap_1</STRONG> (Thumb, 0 bytes, Stack size unknown bytes, libinit2.o(.ARM.Collect$$libinit$$0000001D))

<P><STRONG><a name="[e4]"></a>__rt_lib_init_getenv_1</STRONG> (Thumb, 0 bytes, Stack size unknown bytes, libinit2.o(.ARM.Collect$$libinit$$00000021))

<P><STRONG><a name="[e5]"></a>__rt_lib_init_heap_1</STRONG> (Thumb, 0 bytes, Stack size unknown bytes, libinit2.o(.ARM.Collect$$libinit$$00000008))

<P><STRONG><a name="[e6]"></a>__rt_lib_init_lc_collate_1</STRONG> (Thumb, 0 bytes, Stack size unknown bytes, libinit2.o(.ARM.Collect$$libinit$$0000000F))

<P><STRONG><a name="[e7]"></a>__rt_lib_init_lc_ctype_1</STRONG> (Thumb, 0 bytes, Stack size unknown bytes, libinit2.o(.ARM.Collect$$libinit$$00000011))

<P><STRONG><a name="[e8]"></a>__rt_lib_init_lc_monetary_1</STRONG> (Thumb, 0 bytes, Stack size unknown bytes, libinit2.o(.ARM.Collect$$libinit$$00000013))

<P><STRONG><a name="[e9]"></a>__rt_lib_init_lc_numeric_1</STRONG> (Thumb, 0 bytes, Stack size unknown bytes, libinit2.o(.ARM.Collect$$libinit$$00000015))

<P><STRONG><a name="[ea]"></a>__rt_lib_init_lc_time_1</STRONG> (Thumb, 0 bytes, Stack size unknown bytes, libinit2.o(.ARM.Collect$$libinit$$00000017))

<P><STRONG><a name="[eb]"></a>__rt_lib_init_rand_1</STRONG> (Thumb, 0 bytes, Stack size unknown bytes, libinit2.o(.ARM.Collect$$libinit$$0000000C))

<P><STRONG><a name="[ec]"></a>__rt_lib_init_return</STRONG> (Thumb, 0 bytes, Stack size unknown bytes, libinit2.o(.ARM.Collect$$libinit$$00000031))

<P><STRONG><a name="[ed]"></a>__rt_lib_init_signal_1</STRONG> (Thumb, 0 bytes, Stack size unknown bytes, libinit2.o(.ARM.Collect$$libinit$$0000001B))

<P><STRONG><a name="[ee]"></a>__rt_lib_init_stdio_1</STRONG> (Thumb, 0 bytes, Stack size unknown bytes, libinit2.o(.ARM.Collect$$libinit$$00000023))

<P><STRONG><a name="[ef]"></a>__rt_lib_init_user_alloc_1</STRONG> (Thumb, 0 bytes, Stack size unknown bytes, libinit2.o(.ARM.Collect$$libinit$$0000000A))

<P><STRONG><a name="[6b]"></a>__rt_lib_shutdown</STRONG> (Thumb, 0 bytes, Stack size unknown bytes, libshutdown.o(.ARM.Collect$$libshutdown$$00000000))
<BR><BR>[Called By]<UL><LI><a href="#[6a]">&gt;&gt;</a>&nbsp;&nbsp;&nbsp;__rt_exit_ls
</UL>

<P><STRONG><a name="[f0]"></a>__rt_lib_shutdown_fp_trap_1</STRONG> (Thumb, 0 bytes, Stack size unknown bytes, libshutdown2.o(.ARM.Collect$$libshutdown$$00000006))

<P><STRONG><a name="[f1]"></a>__rt_lib_shutdown_heap_1</STRONG> (Thumb, 0 bytes, Stack size unknown bytes, libshutdown2.o(.ARM.Collect$$libshutdown$$0000000E))

<P><STRONG><a name="[f2]"></a>__rt_lib_shutdown_return</STRONG> (Thumb, 0 bytes, Stack size unknown bytes, libshutdown2.o(.ARM.Collect$$libshutdown$$0000000F))

<P><STRONG><a name="[f3]"></a>__rt_lib_shutdown_signal_1</STRONG> (Thumb, 0 bytes, Stack size unknown bytes, libshutdown2.o(.ARM.Collect$$libshutdown$$00000009))

<P><STRONG><a name="[f4]"></a>__rt_lib_shutdown_stdio_1</STRONG> (Thumb, 0 bytes, Stack size unknown bytes, libshutdown2.o(.ARM.Collect$$libshutdown$$00000003))

<P><STRONG><a name="[f5]"></a>__rt_lib_shutdown_user_alloc_1</STRONG> (Thumb, 0 bytes, Stack size unknown bytes, libshutdown2.o(.ARM.Collect$$libshutdown$$0000000B))

<P><STRONG><a name="[58]"></a>__rt_entry</STRONG> (Thumb, 0 bytes, Stack size unknown bytes, rtentry.o(.ARM.Collect$$rtentry$$00000000))
<BR><BR>[Called By]<UL><LI><a href="#[56]">&gt;&gt;</a>&nbsp;&nbsp;&nbsp;__main
<LI><a href="#[59]">&gt;&gt;</a>&nbsp;&nbsp;&nbsp;__scatterload_rt2
</UL>

<P><STRONG><a name="[f6]"></a>__rt_entry_presh_1</STRONG> (Thumb, 0 bytes, Stack size unknown bytes, rtentry2.o(.ARM.Collect$$rtentry$$00000002))

<P><STRONG><a name="[63]"></a>__rt_entry_sh</STRONG> (Thumb, 0 bytes, Stack size unknown bytes, rtentry4.o(.ARM.Collect$$rtentry$$00000004))
<BR><BR>[Stack]<UL><LI>Max Depth = 8 + Unknown Stack Size
<LI>Call Chain = __rt_entry_sh &rArr; __user_setup_stackheap
</UL>
<BR>[Calls]<UL><LI><a href="#[64]">&gt;&gt;</a>&nbsp;&nbsp;&nbsp;__user_setup_stackheap
</UL>

<P><STRONG><a name="[65]"></a>__rt_entry_li</STRONG> (Thumb, 0 bytes, Stack size unknown bytes, rtentry2.o(.ARM.Collect$$rtentry$$0000000A))
<BR><BR>[Calls]<UL><LI><a href="#[66]">&gt;&gt;</a>&nbsp;&nbsp;&nbsp;__rt_lib_init
</UL>

<P><STRONG><a name="[f7]"></a>__rt_entry_postsh_1</STRONG> (Thumb, 0 bytes, Stack size unknown bytes, rtentry2.o(.ARM.Collect$$rtentry$$00000009))

<P><STRONG><a name="[67]"></a>__rt_entry_main</STRONG> (Thumb, 0 bytes, Stack size unknown bytes, rtentry2.o(.ARM.Collect$$rtentry$$0000000D))
<BR><BR>[Stack]<UL><LI>Max Depth = 264 + Unknown Stack Size
<LI>Call Chain = __rt_entry_main &rArr; main &rArr; command_msg_analysis &rArr; Command_msg_handler &rArr; set_time &rArr; __2printf &rArr; _printf_char_file &rArr; _printf_char_common &rArr; __printf
</UL>
<BR>[Calls]<UL><LI><a href="#[68]">&gt;&gt;</a>&nbsp;&nbsp;&nbsp;main
<LI><a href="#[69]">&gt;&gt;</a>&nbsp;&nbsp;&nbsp;exit
</UL>

<P><STRONG><a name="[f8]"></a>__rt_entry_postli_1</STRONG> (Thumb, 0 bytes, Stack size unknown bytes, rtentry2.o(.ARM.Collect$$rtentry$$0000000C))

<P><STRONG><a name="[d6]"></a>__rt_exit</STRONG> (Thumb, 0 bytes, Stack size unknown bytes, rtexit.o(.ARM.Collect$$rtexit$$00000000))
<BR><BR>[Called By]<UL><LI><a href="#[69]">&gt;&gt;</a>&nbsp;&nbsp;&nbsp;exit
</UL>

<P><STRONG><a name="[6a]"></a>__rt_exit_ls</STRONG> (Thumb, 0 bytes, Stack size unknown bytes, rtexit2.o(.ARM.Collect$$rtexit$$00000003))
<BR><BR>[Calls]<UL><LI><a href="#[6b]">&gt;&gt;</a>&nbsp;&nbsp;&nbsp;__rt_lib_shutdown
</UL>

<P><STRONG><a name="[f9]"></a>__rt_exit_prels_1</STRONG> (Thumb, 0 bytes, Stack size unknown bytes, rtexit2.o(.ARM.Collect$$rtexit$$00000002))

<P><STRONG><a name="[6c]"></a>__rt_exit_exit</STRONG> (Thumb, 0 bytes, Stack size unknown bytes, rtexit2.o(.ARM.Collect$$rtexit$$00000004))
<BR><BR>[Calls]<UL><LI><a href="#[6d]">&gt;&gt;</a>&nbsp;&nbsp;&nbsp;_sys_exit
</UL>

<P><STRONG><a name="[7]"></a>Reset_Handler</STRONG> (Thumb, 8 bytes, Stack size 0 bytes, startup_stm32f37x.o(.text))
<BR>[Address Reference Count : 1]<UL><LI> startup_stm32f37x.o(RESET)
</UL>
<P><STRONG><a name="[fa]"></a>_maybe_terminate_alloc</STRONG> (Thumb, 0 bytes, Stack size 0 bytes, maybetermalloc1.o(.emb_text), UNUSED)

<P><STRONG><a name="[25]"></a>CAN1_RX0_IRQHandler</STRONG> (Thumb, 0 bytes, Stack size 0 bytes, startup_stm32f37x.o(.text))
<BR><BR>[Calls]<UL><LI><a href="#[25]">&gt;&gt;</a>&nbsp;&nbsp;&nbsp;CAN1_RX0_IRQHandler
</UL>
<BR>[Called By]<UL><LI><a href="#[25]">&gt;&gt;</a>&nbsp;&nbsp;&nbsp;CAN1_RX0_IRQHandler
</UL>
<BR>[Address Reference Count : 1]<UL><LI> startup_stm32f37x.o(RESET)
</UL>
<P><STRONG><a name="[26]"></a>CAN1_RX1_IRQHandler</STRONG> (Thumb, 0 bytes, Stack size 0 bytes, startup_stm32f37x.o(.text))
<BR>[Address Reference Count : 1]<UL><LI> startup_stm32f37x.o(RESET)
</UL>
<P><STRONG><a name="[27]"></a>CAN1_SCE_IRQHandler</STRONG> (Thumb, 0 bytes, Stack size 0 bytes, startup_stm32f37x.o(.text))
<BR>[Address Reference Count : 1]<UL><LI> startup_stm32f37x.o(RESET)
</UL>
<P><STRONG><a name="[24]"></a>CAN1_TX_IRQHandler</STRONG> (Thumb, 0 bytes, Stack size 0 bytes, startup_stm32f37x.o(.text))
<BR>[Address Reference Count : 1]<UL><LI> startup_stm32f37x.o(RESET)
</UL>
<P><STRONG><a name="[3b]"></a>CEC_IRQHandler</STRONG> (Thumb, 0 bytes, Stack size 0 bytes, startup_stm32f37x.o(.text))
<BR>[Address Reference Count : 1]<UL><LI> startup_stm32f37x.o(RESET)
</UL>
<P><STRONG><a name="[4b]"></a>COMP_IRQHandler</STRONG> (Thumb, 0 bytes, Stack size 0 bytes, startup_stm32f37x.o(.text))
<BR>[Address Reference Count : 1]<UL><LI> startup_stm32f37x.o(RESET)
</UL>
<P><STRONG><a name="[1c]"></a>DMA1_Channel1_IRQHandler</STRONG> (Thumb, 0 bytes, Stack size 0 bytes, startup_stm32f37x.o(.text))
<BR>[Address Reference Count : 1]<UL><LI> startup_stm32f37x.o(RESET)
</UL>
<P><STRONG><a name="[1d]"></a>DMA1_Channel2_IRQHandler</STRONG> (Thumb, 0 bytes, Stack size 0 bytes, startup_stm32f37x.o(.text))
<BR>[Address Reference Count : 1]<UL><LI> startup_stm32f37x.o(RESET)
</UL>
<P><STRONG><a name="[1e]"></a>DMA1_Channel3_IRQHandler</STRONG> (Thumb, 0 bytes, Stack size 0 bytes, startup_stm32f37x.o(.text))
<BR>[Address Reference Count : 1]<UL><LI> startup_stm32f37x.o(RESET)
</UL>
<P><STRONG><a name="[1f]"></a>DMA1_Channel4_IRQHandler</STRONG> (Thumb, 0 bytes, Stack size 0 bytes, startup_stm32f37x.o(.text))
<BR>[Address Reference Count : 1]<UL><LI> startup_stm32f37x.o(RESET)
</UL>
<P><STRONG><a name="[20]"></a>DMA1_Channel5_IRQHandler</STRONG> (Thumb, 0 bytes, Stack size 0 bytes, startup_stm32f37x.o(.text))
<BR>[Address Reference Count : 1]<UL><LI> startup_stm32f37x.o(RESET)
</UL>
<P><STRONG><a name="[21]"></a>DMA1_Channel6_IRQHandler</STRONG> (Thumb, 0 bytes, Stack size 0 bytes, startup_stm32f37x.o(.text))
<BR>[Address Reference Count : 1]<UL><LI> startup_stm32f37x.o(RESET)
</UL>
<P><STRONG><a name="[22]"></a>DMA1_Channel7_IRQHandler</STRONG> (Thumb, 0 bytes, Stack size 0 bytes, startup_stm32f37x.o(.text))
<BR>[Address Reference Count : 1]<UL><LI> startup_stm32f37x.o(RESET)
</UL>
<P><STRONG><a name="[43]"></a>DMA2_Channel1_IRQHandler</STRONG> (Thumb, 0 bytes, Stack size 0 bytes, startup_stm32f37x.o(.text))
<BR>[Address Reference Count : 1]<UL><LI> startup_stm32f37x.o(RESET)
</UL>
<P><STRONG><a name="[44]"></a>DMA2_Channel2_IRQHandler</STRONG> (Thumb, 0 bytes, Stack size 0 bytes, startup_stm32f37x.o(.text))
<BR>[Address Reference Count : 1]<UL><LI> startup_stm32f37x.o(RESET)
</UL>
<P><STRONG><a name="[45]"></a>DMA2_Channel3_IRQHandler</STRONG> (Thumb, 0 bytes, Stack size 0 bytes, startup_stm32f37x.o(.text))
<BR>[Address Reference Count : 1]<UL><LI> startup_stm32f37x.o(RESET)
</UL>
<P><STRONG><a name="[46]"></a>DMA2_Channel4_IRQHandler</STRONG> (Thumb, 0 bytes, Stack size 0 bytes, startup_stm32f37x.o(.text))
<BR>[Address Reference Count : 1]<UL><LI> startup_stm32f37x.o(RESET)
</UL>
<P><STRONG><a name="[47]"></a>DMA2_Channel5_IRQHandler</STRONG> (Thumb, 0 bytes, Stack size 0 bytes, startup_stm32f37x.o(.text))
<BR>[Address Reference Count : 1]<UL><LI> startup_stm32f37x.o(RESET)
</UL>
<P><STRONG><a name="[17]"></a>EXTI0_IRQHandler</STRONG> (Thumb, 0 bytes, Stack size 0 bytes, startup_stm32f37x.o(.text))
<BR>[Address Reference Count : 1]<UL><LI> startup_stm32f37x.o(RESET)
</UL>
<P><STRONG><a name="[39]"></a>EXTI15_10_IRQHandler</STRONG> (Thumb, 0 bytes, Stack size 0 bytes, startup_stm32f37x.o(.text))
<BR>[Address Reference Count : 1]<UL><LI> startup_stm32f37x.o(RESET)
</UL>
<P><STRONG><a name="[18]"></a>EXTI1_IRQHandler</STRONG> (Thumb, 0 bytes, Stack size 0 bytes, startup_stm32f37x.o(.text))
<BR>[Address Reference Count : 1]<UL><LI> startup_stm32f37x.o(RESET)
</UL>
<P><STRONG><a name="[19]"></a>EXTI2_TS_IRQHandler</STRONG> (Thumb, 0 bytes, Stack size 0 bytes, startup_stm32f37x.o(.text))
<BR>[Address Reference Count : 1]<UL><LI> startup_stm32f37x.o(RESET)
</UL>
<P><STRONG><a name="[1a]"></a>EXTI3_IRQHandler</STRONG> (Thumb, 0 bytes, Stack size 0 bytes, startup_stm32f37x.o(.text))
<BR>[Address Reference Count : 1]<UL><LI> startup_stm32f37x.o(RESET)
</UL>
<P><STRONG><a name="[1b]"></a>EXTI4_IRQHandler</STRONG> (Thumb, 0 bytes, Stack size 0 bytes, startup_stm32f37x.o(.text))
<BR>[Address Reference Count : 1]<UL><LI> startup_stm32f37x.o(RESET)
</UL>
<P><STRONG><a name="[15]"></a>FLASH_IRQHandler</STRONG> (Thumb, 0 bytes, Stack size 0 bytes, startup_stm32f37x.o(.text))
<BR>[Address Reference Count : 1]<UL><LI> startup_stm32f37x.o(RESET)
</UL>
<P><STRONG><a name="[50]"></a>FPU_IRQHandler</STRONG> (Thumb, 0 bytes, Stack size 0 bytes, startup_stm32f37x.o(.text))
<BR>[Address Reference Count : 1]<UL><LI> startup_stm32f37x.o(RESET)
</UL>
<P><STRONG><a name="[31]"></a>I2C1_ER_IRQHandler</STRONG> (Thumb, 0 bytes, Stack size 0 bytes, startup_stm32f37x.o(.text))
<BR>[Address Reference Count : 1]<UL><LI> startup_stm32f37x.o(RESET)
</UL>
<P><STRONG><a name="[30]"></a>I2C1_EV_IRQHandler</STRONG> (Thumb, 0 bytes, Stack size 0 bytes, startup_stm32f37x.o(.text))
<BR>[Address Reference Count : 1]<UL><LI> startup_stm32f37x.o(RESET)
</UL>
<P><STRONG><a name="[33]"></a>I2C2_ER_IRQHandler</STRONG> (Thumb, 0 bytes, Stack size 0 bytes, startup_stm32f37x.o(.text))
<BR>[Address Reference Count : 1]<UL><LI> startup_stm32f37x.o(RESET)
</UL>
<P><STRONG><a name="[32]"></a>I2C2_EV_IRQHandler</STRONG> (Thumb, 0 bytes, Stack size 0 bytes, startup_stm32f37x.o(.text))
<BR>[Address Reference Count : 1]<UL><LI> startup_stm32f37x.o(RESET)
</UL>
<P><STRONG><a name="[12]"></a>PVD_IRQHandler</STRONG> (Thumb, 0 bytes, Stack size 0 bytes, startup_stm32f37x.o(.text))
<BR>[Address Reference Count : 1]<UL><LI> startup_stm32f37x.o(RESET)
</UL>
<P><STRONG><a name="[16]"></a>RCC_IRQHandler</STRONG> (Thumb, 0 bytes, Stack size 0 bytes, startup_stm32f37x.o(.text))
<BR>[Address Reference Count : 1]<UL><LI> startup_stm32f37x.o(RESET)
</UL>
<P><STRONG><a name="[49]"></a>SDADC2_IRQHandler</STRONG> (Thumb, 0 bytes, Stack size 0 bytes, startup_stm32f37x.o(.text))
<BR>[Address Reference Count : 1]<UL><LI> startup_stm32f37x.o(RESET)
</UL>
<P><STRONG><a name="[4a]"></a>SDADC3_IRQHandler</STRONG> (Thumb, 0 bytes, Stack size 0 bytes, startup_stm32f37x.o(.text))
<BR>[Address Reference Count : 1]<UL><LI> startup_stm32f37x.o(RESET)
</UL>
<P><STRONG><a name="[34]"></a>SPI1_IRQHandler</STRONG> (Thumb, 0 bytes, Stack size 0 bytes, startup_stm32f37x.o(.text))
<BR>[Address Reference Count : 1]<UL><LI> startup_stm32f37x.o(RESET)
</UL>
<P><STRONG><a name="[35]"></a>SPI2_IRQHandler</STRONG> (Thumb, 0 bytes, Stack size 0 bytes, startup_stm32f37x.o(.text))
<BR>[Address Reference Count : 1]<UL><LI> startup_stm32f37x.o(RESET)
</UL>
<P><STRONG><a name="[40]"></a>SPI3_IRQHandler</STRONG> (Thumb, 0 bytes, Stack size 0 bytes, startup_stm32f37x.o(.text))
<BR>[Address Reference Count : 1]<UL><LI> startup_stm32f37x.o(RESET)
</UL>
<P><STRONG><a name="[13]"></a>TAMPER_STAMP_IRQHandler</STRONG> (Thumb, 0 bytes, Stack size 0 bytes, startup_stm32f37x.o(.text))
<BR>[Address Reference Count : 1]<UL><LI> startup_stm32f37x.o(RESET)
</UL>
<P><STRONG><a name="[3c]"></a>TIM12_IRQHandler</STRONG> (Thumb, 0 bytes, Stack size 0 bytes, startup_stm32f37x.o(.text))
<BR>[Address Reference Count : 1]<UL><LI> startup_stm32f37x.o(RESET)
</UL>
<P><STRONG><a name="[3d]"></a>TIM13_IRQHandler</STRONG> (Thumb, 0 bytes, Stack size 0 bytes, startup_stm32f37x.o(.text))
<BR>[Address Reference Count : 1]<UL><LI> startup_stm32f37x.o(RESET)
</UL>
<P><STRONG><a name="[3e]"></a>TIM14_IRQHandler</STRONG> (Thumb, 0 bytes, Stack size 0 bytes, startup_stm32f37x.o(.text))
<BR>[Address Reference Count : 1]<UL><LI> startup_stm32f37x.o(RESET)
</UL>
<P><STRONG><a name="[29]"></a>TIM15_IRQHandler</STRONG> (Thumb, 0 bytes, Stack size 0 bytes, startup_stm32f37x.o(.text))
<BR>[Address Reference Count : 1]<UL><LI> startup_stm32f37x.o(RESET)
</UL>
<P><STRONG><a name="[2a]"></a>TIM16_IRQHandler</STRONG> (Thumb, 0 bytes, Stack size 0 bytes, startup_stm32f37x.o(.text))
<BR>[Address Reference Count : 1]<UL><LI> startup_stm32f37x.o(RESET)
</UL>
<P><STRONG><a name="[2b]"></a>TIM17_IRQHandler</STRONG> (Thumb, 0 bytes, Stack size 0 bytes, startup_stm32f37x.o(.text))
<BR>[Address Reference Count : 1]<UL><LI> startup_stm32f37x.o(RESET)
</UL>
<P><STRONG><a name="[2c]"></a>TIM18_DAC2_IRQHandler</STRONG> (Thumb, 0 bytes, Stack size 0 bytes, startup_stm32f37x.o(.text))
<BR>[Address Reference Count : 1]<UL><LI> startup_stm32f37x.o(RESET)
</UL>
<P><STRONG><a name="[4f]"></a>TIM19_IRQHandler</STRONG> (Thumb, 0 bytes, Stack size 0 bytes, startup_stm32f37x.o(.text))
<BR>[Address Reference Count : 1]<UL><LI> startup_stm32f37x.o(RESET)
</UL>
<P><STRONG><a name="[2d]"></a>TIM2_IRQHandler</STRONG> (Thumb, 0 bytes, Stack size 0 bytes, startup_stm32f37x.o(.text))
<BR>[Address Reference Count : 1]<UL><LI> startup_stm32f37x.o(RESET)
</UL>
<P><STRONG><a name="[2e]"></a>TIM3_IRQHandler</STRONG> (Thumb, 0 bytes, Stack size 0 bytes, startup_stm32f37x.o(.text))
<BR>[Address Reference Count : 1]<UL><LI> startup_stm32f37x.o(RESET)
</UL>
<P><STRONG><a name="[2f]"></a>TIM4_IRQHandler</STRONG> (Thumb, 0 bytes, Stack size 0 bytes, startup_stm32f37x.o(.text))
<BR>[Address Reference Count : 1]<UL><LI> startup_stm32f37x.o(RESET)
</UL>
<P><STRONG><a name="[3f]"></a>TIM5_IRQHandler</STRONG> (Thumb, 0 bytes, Stack size 0 bytes, startup_stm32f37x.o(.text))
<BR>[Address Reference Count : 1]<UL><LI> startup_stm32f37x.o(RESET)
</UL>
<P><STRONG><a name="[41]"></a>TIM6_DAC1_IRQHandler</STRONG> (Thumb, 0 bytes, Stack size 0 bytes, startup_stm32f37x.o(.text))
<BR>[Address Reference Count : 1]<UL><LI> startup_stm32f37x.o(RESET)
</UL>
<P><STRONG><a name="[42]"></a>TIM7_IRQHandler</STRONG> (Thumb, 0 bytes, Stack size 0 bytes, startup_stm32f37x.o(.text))
<BR>[Address Reference Count : 1]<UL><LI> startup_stm32f37x.o(RESET)
</UL>
<P><STRONG><a name="[36]"></a>USART1_IRQHandler</STRONG> (Thumb, 0 bytes, Stack size 0 bytes, startup_stm32f37x.o(.text))
<BR>[Address Reference Count : 1]<UL><LI> startup_stm32f37x.o(RESET)
</UL>
<P><STRONG><a name="[38]"></a>USART3_IRQHandler</STRONG> (Thumb, 0 bytes, Stack size 0 bytes, startup_stm32f37x.o(.text))
<BR>[Address Reference Count : 1]<UL><LI> startup_stm32f37x.o(RESET)
</UL>
<P><STRONG><a name="[4e]"></a>USBWakeUp_IRQHandler</STRONG> (Thumb, 0 bytes, Stack size 0 bytes, startup_stm32f37x.o(.text))
<BR>[Address Reference Count : 1]<UL><LI> startup_stm32f37x.o(RESET)
</UL>
<P><STRONG><a name="[4c]"></a>USB_HP_IRQHandler</STRONG> (Thumb, 0 bytes, Stack size 0 bytes, startup_stm32f37x.o(.text))
<BR>[Address Reference Count : 1]<UL><LI> startup_stm32f37x.o(RESET)
</UL>
<P><STRONG><a name="[4d]"></a>USB_LP_IRQHandler</STRONG> (Thumb, 0 bytes, Stack size 0 bytes, startup_stm32f37x.o(.text))
<BR>[Address Reference Count : 1]<UL><LI> startup_stm32f37x.o(RESET)
</UL>
<P><STRONG><a name="[11]"></a>WWDG_IRQHandler</STRONG> (Thumb, 0 bytes, Stack size 0 bytes, startup_stm32f37x.o(.text))
<BR>[Address Reference Count : 1]<UL><LI> startup_stm32f37x.o(RESET)
</UL>
<P><STRONG><a name="[d5]"></a>__user_initial_stackheap</STRONG> (Thumb, 0 bytes, Stack size unknown bytes, startup_stm32f37x.o(.text))
<BR><BR>[Called By]<UL><LI><a href="#[64]">&gt;&gt;</a>&nbsp;&nbsp;&nbsp;__user_setup_stackheap
</UL>

<P><STRONG><a name="[51]"></a>SystemInit</STRONG> (Thumb, 110 bytes, Stack size 8 bytes, system_stm32f37x.o(.text))
<BR><BR>[Stack]<UL><LI>Max Depth = 20<LI>Call Chain = SystemInit &rArr; SetSysClock
</UL>
<BR>[Calls]<UL><LI><a href="#[6e]">&gt;&gt;</a>&nbsp;&nbsp;&nbsp;SetSysClock
</UL>
<BR>[Called By]<UL><LI><a href="#[68]">&gt;&gt;</a>&nbsp;&nbsp;&nbsp;main
</UL>
<BR>[Address Reference Count : 1]<UL><LI> startup_stm32f37x.o(.text)
</UL>
<P><STRONG><a name="[fb]"></a>SystemCoreClockUpdate</STRONG> (Thumb, 138 bytes, Stack size 12 bytes, system_stm32f37x.o(.text), UNUSED)

<P><STRONG><a name="[8]"></a>NMI_Handler</STRONG> (Thumb, 2 bytes, Stack size 0 bytes, stm32f37x_it.o(.text))
<BR>[Address Reference Count : 1]<UL><LI> startup_stm32f37x.o(RESET)
</UL>
<P><STRONG><a name="[9]"></a>HardFault_Handler</STRONG> (Thumb, 4 bytes, Stack size 0 bytes, stm32f37x_it.o(.text))
<BR>[Address Reference Count : 1]<UL><LI> startup_stm32f37x.o(RESET)
</UL>
<P><STRONG><a name="[a]"></a>MemManage_Handler</STRONG> (Thumb, 4 bytes, Stack size 0 bytes, stm32f37x_it.o(.text))
<BR>[Address Reference Count : 1]<UL><LI> startup_stm32f37x.o(RESET)
</UL>
<P><STRONG><a name="[b]"></a>BusFault_Handler</STRONG> (Thumb, 4 bytes, Stack size 0 bytes, stm32f37x_it.o(.text))
<BR>[Address Reference Count : 1]<UL><LI> startup_stm32f37x.o(RESET)
</UL>
<P><STRONG><a name="[c]"></a>UsageFault_Handler</STRONG> (Thumb, 4 bytes, Stack size 0 bytes, stm32f37x_it.o(.text))
<BR>[Address Reference Count : 1]<UL><LI> startup_stm32f37x.o(RESET)
</UL>
<P><STRONG><a name="[d]"></a>SVC_Handler</STRONG> (Thumb, 2 bytes, Stack size 0 bytes, stm32f37x_it.o(.text))
<BR>[Address Reference Count : 1]<UL><LI> startup_stm32f37x.o(RESET)
</UL>
<P><STRONG><a name="[e]"></a>DebugMon_Handler</STRONG> (Thumb, 2 bytes, Stack size 0 bytes, stm32f37x_it.o(.text))
<BR>[Address Reference Count : 1]<UL><LI> startup_stm32f37x.o(RESET)
</UL>
<P><STRONG><a name="[f]"></a>PendSV_Handler</STRONG> (Thumb, 2 bytes, Stack size 0 bytes, stm32f37x_it.o(.text))
<BR>[Address Reference Count : 1]<UL><LI> startup_stm32f37x.o(RESET)
</UL>
<P><STRONG><a name="[10]"></a>SysTick_Handler</STRONG> (Thumb, 8 bytes, Stack size 8 bytes, stm32f37x_it.o(.text))
<BR><BR>[Stack]<UL><LI>Max Depth = 8<LI>Call Chain = SysTick_Handler
</UL>
<BR>[Calls]<UL><LI><a href="#[6f]">&gt;&gt;</a>&nbsp;&nbsp;&nbsp;TimingDelay_Decrement
</UL>
<BR>[Address Reference Count : 1]<UL><LI> startup_stm32f37x.o(RESET)
</UL>
<P><STRONG><a name="[23]"></a>ADC1_IRQHandler</STRONG> (Thumb, 2 bytes, Stack size 0 bytes, stm32f37x_it.o(.text))
<BR>[Address Reference Count : 1]<UL><LI> startup_stm32f37x.o(RESET)
</UL>
<P><STRONG><a name="[28]"></a>EXTI9_5_IRQHandler</STRONG> (Thumb, 26 bytes, Stack size 8 bytes, stm32f37x_it.o(.text))
<BR><BR>[Stack]<UL><LI>Max Depth = 8<LI>Call Chain = EXTI9_5_IRQHandler
</UL>
<BR>[Calls]<UL><LI><a href="#[70]">&gt;&gt;</a>&nbsp;&nbsp;&nbsp;EXTI_GetITStatus
<LI><a href="#[71]">&gt;&gt;</a>&nbsp;&nbsp;&nbsp;EXTI_ClearITPendingBit
</UL>
<BR>[Address Reference Count : 1]<UL><LI> startup_stm32f37x.o(RESET)
</UL>
<P><STRONG><a name="[48]"></a>SDADC1_IRQHandler</STRONG> (Thumb, 26 bytes, Stack size 8 bytes, stm32f37x_it.o(.text))
<BR><BR>[Stack]<UL><LI>Max Depth = 20<LI>Call Chain = SDADC1_IRQHandler &rArr; SDADC_GetInjectedConversionValue
</UL>
<BR>[Calls]<UL><LI><a href="#[73]">&gt;&gt;</a>&nbsp;&nbsp;&nbsp;SDADC_GetInjectedConversionValue
<LI><a href="#[72]">&gt;&gt;</a>&nbsp;&nbsp;&nbsp;SDADC_GetFlagStatus
</UL>
<BR>[Address Reference Count : 1]<UL><LI> startup_stm32f37x.o(RESET)
</UL>
<P><STRONG><a name="[68]"></a>main</STRONG> (Thumb, 160 bytes, Stack size 56 bytes, main.o(.text))
<BR><BR>[Stack]<UL><LI>Max Depth = 264 + Unknown Stack Size
<LI>Call Chain = main &rArr; command_msg_analysis &rArr; Command_msg_handler &rArr; set_time &rArr; __2printf &rArr; _printf_char_file &rArr; _printf_char_common &rArr; __printf
</UL>
<BR>[Calls]<UL><LI><a href="#[78]">&gt;&gt;</a>&nbsp;&nbsp;&nbsp;command_msg_analysis
<LI><a href="#[75]">&gt;&gt;</a>&nbsp;&nbsp;&nbsp;USART_Configuration
<LI><a href="#[74]">&gt;&gt;</a>&nbsp;&nbsp;&nbsp;RCC_GetClocksFreq
<LI><a href="#[76]">&gt;&gt;</a>&nbsp;&nbsp;&nbsp;My_RTC_Init
<LI><a href="#[51]">&gt;&gt;</a>&nbsp;&nbsp;&nbsp;SystemInit
<LI><a href="#[77]">&gt;&gt;</a>&nbsp;&nbsp;&nbsp;__2printf
</UL>
<BR>[Called By]<UL><LI><a href="#[67]">&gt;&gt;</a>&nbsp;&nbsp;&nbsp;__rt_entry_main
</UL>

<P><STRONG><a name="[75]"></a>USART_Configuration</STRONG> (Thumb, 266 bytes, Stack size 64 bytes, uart.o(.text))
<BR><BR>[Stack]<UL><LI>Max Depth = 152<LI>Call Chain = USART_Configuration &rArr; USART_Init &rArr; RCC_GetClocksFreq
</UL>
<BR>[Calls]<UL><LI><a href="#[7e]">&gt;&gt;</a>&nbsp;&nbsp;&nbsp;USART_Init
<LI><a href="#[80]">&gt;&gt;</a>&nbsp;&nbsp;&nbsp;USART_ITConfig
<LI><a href="#[7f]">&gt;&gt;</a>&nbsp;&nbsp;&nbsp;USART_Cmd
<LI><a href="#[7a]">&gt;&gt;</a>&nbsp;&nbsp;&nbsp;RCC_APB2PeriphClockCmd
<LI><a href="#[81]">&gt;&gt;</a>&nbsp;&nbsp;&nbsp;NVIC_Init
<LI><a href="#[7b]">&gt;&gt;</a>&nbsp;&nbsp;&nbsp;RCC_APB1PeriphClockCmd
<LI><a href="#[79]">&gt;&gt;</a>&nbsp;&nbsp;&nbsp;RCC_AHBPeriphClockCmd
<LI><a href="#[7c]">&gt;&gt;</a>&nbsp;&nbsp;&nbsp;GPIO_PinAFConfig
<LI><a href="#[7d]">&gt;&gt;</a>&nbsp;&nbsp;&nbsp;GPIO_Init
</UL>
<BR>[Called By]<UL><LI><a href="#[68]">&gt;&gt;</a>&nbsp;&nbsp;&nbsp;main
</UL>

<P><STRONG><a name="[fc]"></a>UART_send_byte</STRONG> (Thumb, 22 bytes, Stack size 0 bytes, uart.o(.text), UNUSED)

<P><STRONG><a name="[fd]"></a>UART_Send</STRONG> (Thumb, 34 bytes, Stack size 0 bytes, uart.o(.text), UNUSED)

<P><STRONG><a name="[fe]"></a>UART2_send_byte</STRONG> (Thumb, 22 bytes, Stack size 0 bytes, uart.o(.text), UNUSED)

<P><STRONG><a name="[ab]"></a>UART2_Send</STRONG> (Thumb, 34 bytes, Stack size 0 bytes, uart.o(.text))
<BR><BR>[Called By]<UL><LI><a href="#[78]">&gt;&gt;</a>&nbsp;&nbsp;&nbsp;command_msg_analysis
</UL>

<P><STRONG><a name="[ff]"></a>UART_Recive</STRONG> (Thumb, 24 bytes, Stack size 0 bytes, uart.o(.text), UNUSED)

<P><STRONG><a name="[37]"></a>USART2_IRQHandler</STRONG> (Thumb, 120 bytes, Stack size 8 bytes, uart.o(.text))
<BR><BR>[Stack]<UL><LI>Max Depth = 24<LI>Call Chain = USART2_IRQHandler &rArr; USART_GetITStatus
</UL>
<BR>[Calls]<UL><LI><a href="#[83]">&gt;&gt;</a>&nbsp;&nbsp;&nbsp;USART_ReceiveData
<LI><a href="#[82]">&gt;&gt;</a>&nbsp;&nbsp;&nbsp;USART_GetITStatus
</UL>
<BR>[Address Reference Count : 1]<UL><LI> startup_stm32f37x.o(RESET)
</UL>
<P><STRONG><a name="[d8]"></a>_ttywrch</STRONG> (Thumb, 6 bytes, Stack size 0 bytes, uart.o(.text))
<BR><BR>[Called By]<UL><LI><a href="#[d7]">&gt;&gt;</a>&nbsp;&nbsp;&nbsp;__default_signal_display
</UL>

<P><STRONG><a name="[6d]"></a>_sys_exit</STRONG> (Thumb, 6 bytes, Stack size 0 bytes, uart.o(.text))
<BR><BR>[Called By]<UL><LI><a href="#[6c]">&gt;&gt;</a>&nbsp;&nbsp;&nbsp;__rt_exit_exit
<LI><a href="#[d3]">&gt;&gt;</a>&nbsp;&nbsp;&nbsp;__sig_exit
</UL>

<P><STRONG><a name="[55]"></a>fputc</STRONG> (Thumb, 32 bytes, Stack size 16 bytes, uart.o(.text))
<BR><BR>[Stack]<UL><LI>Max Depth = 16<LI>Call Chain = fputc
</UL>
<BR>[Calls]<UL><LI><a href="#[85]">&gt;&gt;</a>&nbsp;&nbsp;&nbsp;USART_SendData
<LI><a href="#[84]">&gt;&gt;</a>&nbsp;&nbsp;&nbsp;USART_GetFlagStatus
</UL>
<BR>[Address Reference Count : 1]<UL><LI> _printf_char_file.o(.text)
</UL>
<P><STRONG><a name="[8d]"></a>Delay_ms</STRONG> (Thumb, 20 bytes, Stack size 8 bytes, systick.o(.text))
<BR><BR>[Stack]<UL><LI>Max Depth = 8<LI>Call Chain = Delay_ms
</UL>
<BR>[Called By]<UL><LI><a href="#[76]">&gt;&gt;</a>&nbsp;&nbsp;&nbsp;My_RTC_Init
</UL>

<P><STRONG><a name="[6f]"></a>TimingDelay_Decrement</STRONG> (Thumb, 18 bytes, Stack size 0 bytes, systick.o(.text))
<BR><BR>[Called By]<UL><LI><a href="#[10]">&gt;&gt;</a>&nbsp;&nbsp;&nbsp;SysTick_Handler
</UL>

<P><STRONG><a name="[100]"></a>Systick_Init</STRONG> (Thumb, 90 bytes, Stack size 12 bytes, systick.o(.text), UNUSED)

<P><STRONG><a name="[86]"></a>RTC_Set_Time</STRONG> (Thumb, 36 bytes, Stack size 24 bytes, rtc.o(.text))
<BR><BR>[Stack]<UL><LI>Max Depth = 56<LI>Call Chain = RTC_Set_Time &rArr; RTC_SetTime &rArr; RTC_EnterInitMode
</UL>
<BR>[Calls]<UL><LI><a href="#[87]">&gt;&gt;</a>&nbsp;&nbsp;&nbsp;RTC_SetTime
</UL>
<BR>[Called By]<UL><LI><a href="#[a1]">&gt;&gt;</a>&nbsp;&nbsp;&nbsp;set_time
<LI><a href="#[76]">&gt;&gt;</a>&nbsp;&nbsp;&nbsp;My_RTC_Init
</UL>

<P><STRONG><a name="[88]"></a>RTC_Set_Date</STRONG> (Thumb, 36 bytes, Stack size 24 bytes, rtc.o(.text))
<BR><BR>[Stack]<UL><LI>Max Depth = 56<LI>Call Chain = RTC_Set_Date &rArr; RTC_SetDate &rArr; RTC_EnterInitMode
</UL>
<BR>[Calls]<UL><LI><a href="#[89]">&gt;&gt;</a>&nbsp;&nbsp;&nbsp;RTC_SetDate
</UL>
<BR>[Called By]<UL><LI><a href="#[a1]">&gt;&gt;</a>&nbsp;&nbsp;&nbsp;set_time
<LI><a href="#[76]">&gt;&gt;</a>&nbsp;&nbsp;&nbsp;My_RTC_Init
</UL>

<P><STRONG><a name="[76]"></a>My_RTC_Init</STRONG> (Thumb, 138 bytes, Stack size 24 bytes, rtc.o(.text))
<BR><BR>[Stack]<UL><LI>Max Depth = 80<LI>Call Chain = My_RTC_Init &rArr; RTC_Set_Date &rArr; RTC_SetDate &rArr; RTC_EnterInitMode
</UL>
<BR>[Calls]<UL><LI><a href="#[92]">&gt;&gt;</a>&nbsp;&nbsp;&nbsp;RTC_WriteBackupRegister
<LI><a href="#[8b]">&gt;&gt;</a>&nbsp;&nbsp;&nbsp;RTC_ReadBackupRegister
<LI><a href="#[91]">&gt;&gt;</a>&nbsp;&nbsp;&nbsp;RTC_Init
<LI><a href="#[8f]">&gt;&gt;</a>&nbsp;&nbsp;&nbsp;RCC_RTCCLKConfig
<LI><a href="#[90]">&gt;&gt;</a>&nbsp;&nbsp;&nbsp;RCC_RTCCLKCmd
<LI><a href="#[8c]">&gt;&gt;</a>&nbsp;&nbsp;&nbsp;RCC_LSEConfig
<LI><a href="#[8e]">&gt;&gt;</a>&nbsp;&nbsp;&nbsp;RCC_GetFlagStatus
<LI><a href="#[8a]">&gt;&gt;</a>&nbsp;&nbsp;&nbsp;PWR_BackupAccessCmd
<LI><a href="#[88]">&gt;&gt;</a>&nbsp;&nbsp;&nbsp;RTC_Set_Date
<LI><a href="#[86]">&gt;&gt;</a>&nbsp;&nbsp;&nbsp;RTC_Set_Time
<LI><a href="#[8d]">&gt;&gt;</a>&nbsp;&nbsp;&nbsp;Delay_ms
<LI><a href="#[7b]">&gt;&gt;</a>&nbsp;&nbsp;&nbsp;RCC_APB1PeriphClockCmd
</UL>
<BR>[Called By]<UL><LI><a href="#[68]">&gt;&gt;</a>&nbsp;&nbsp;&nbsp;main
</UL>

<P><STRONG><a name="[93]"></a>RTC_Set_AlarmA</STRONG> (Thumb, 158 bytes, Stack size 48 bytes, rtc.o(.text))
<BR><BR>[Stack]<UL><LI>Max Depth = 72<LI>Call Chain = RTC_Set_AlarmA &rArr; RTC_SetAlarm
</UL>
<BR>[Calls]<UL><LI><a href="#[95]">&gt;&gt;</a>&nbsp;&nbsp;&nbsp;RTC_SetAlarm
<LI><a href="#[97]">&gt;&gt;</a>&nbsp;&nbsp;&nbsp;RTC_ITConfig
<LI><a href="#[96]">&gt;&gt;</a>&nbsp;&nbsp;&nbsp;RTC_ClearITPendingBit
<LI><a href="#[94]">&gt;&gt;</a>&nbsp;&nbsp;&nbsp;RTC_AlarmCmd
<LI><a href="#[98]">&gt;&gt;</a>&nbsp;&nbsp;&nbsp;EXTI_Init
<LI><a href="#[81]">&gt;&gt;</a>&nbsp;&nbsp;&nbsp;NVIC_Init
<LI><a href="#[71]">&gt;&gt;</a>&nbsp;&nbsp;&nbsp;EXTI_ClearITPendingBit
</UL>
<BR>[Called By]<UL><LI><a href="#[a0]">&gt;&gt;</a>&nbsp;&nbsp;&nbsp;set_alarm
</UL>

<P><STRONG><a name="[99]"></a>RTC_Set_AlarmB</STRONG> (Thumb, 158 bytes, Stack size 48 bytes, rtc.o(.text))
<BR><BR>[Stack]<UL><LI>Max Depth = 72<LI>Call Chain = RTC_Set_AlarmB &rArr; RTC_SetAlarm
</UL>
<BR>[Calls]<UL><LI><a href="#[95]">&gt;&gt;</a>&nbsp;&nbsp;&nbsp;RTC_SetAlarm
<LI><a href="#[97]">&gt;&gt;</a>&nbsp;&nbsp;&nbsp;RTC_ITConfig
<LI><a href="#[96]">&gt;&gt;</a>&nbsp;&nbsp;&nbsp;RTC_ClearITPendingBit
<LI><a href="#[94]">&gt;&gt;</a>&nbsp;&nbsp;&nbsp;RTC_AlarmCmd
<LI><a href="#[98]">&gt;&gt;</a>&nbsp;&nbsp;&nbsp;EXTI_Init
<LI><a href="#[81]">&gt;&gt;</a>&nbsp;&nbsp;&nbsp;NVIC_Init
<LI><a href="#[71]">&gt;&gt;</a>&nbsp;&nbsp;&nbsp;EXTI_ClearITPendingBit
</UL>
<BR>[Called By]<UL><LI><a href="#[a0]">&gt;&gt;</a>&nbsp;&nbsp;&nbsp;set_alarm
</UL>

<P><STRONG><a name="[9a]"></a>RTC_Set_WakeUp</STRONG> (Thumb, 108 bytes, Stack size 24 bytes, rtc.o(.text), UNUSED)
<BR><BR>[Calls]<UL><LI><a href="#[9b]">&gt;&gt;</a>&nbsp;&nbsp;&nbsp;RTC_WakeUpCmd
<LI><a href="#[9c]">&gt;&gt;</a>&nbsp;&nbsp;&nbsp;RTC_WakeUpClockConfig
<LI><a href="#[9d]">&gt;&gt;</a>&nbsp;&nbsp;&nbsp;RTC_SetWakeUpCounter
<LI><a href="#[97]">&gt;&gt;</a>&nbsp;&nbsp;&nbsp;RTC_ITConfig
<LI><a href="#[96]">&gt;&gt;</a>&nbsp;&nbsp;&nbsp;RTC_ClearITPendingBit
<LI><a href="#[98]">&gt;&gt;</a>&nbsp;&nbsp;&nbsp;EXTI_Init
<LI><a href="#[81]">&gt;&gt;</a>&nbsp;&nbsp;&nbsp;NVIC_Init
<LI><a href="#[71]">&gt;&gt;</a>&nbsp;&nbsp;&nbsp;EXTI_ClearITPendingBit
</UL>

<P><STRONG><a name="[3a]"></a>RTC_Alarm_IRQHandler</STRONG> (Thumb, 88 bytes, Stack size 8 bytes, rtc.o(.text))
<BR><BR>[Stack]<UL><LI>Max Depth = 16<LI>Call Chain = RTC_Alarm_IRQHandler &rArr; RTC_GetFlagStatus
</UL>
<BR>[Calls]<UL><LI><a href="#[9e]">&gt;&gt;</a>&nbsp;&nbsp;&nbsp;RTC_GetFlagStatus
<LI><a href="#[9f]">&gt;&gt;</a>&nbsp;&nbsp;&nbsp;RTC_ClearFlag
<LI><a href="#[71]">&gt;&gt;</a>&nbsp;&nbsp;&nbsp;EXTI_ClearITPendingBit
</UL>
<BR>[Address Reference Count : 1]<UL><LI> startup_stm32f37x.o(RESET)
</UL>
<P><STRONG><a name="[14]"></a>RTC_WKUP_IRQHandler</STRONG> (Thumb, 30 bytes, Stack size 8 bytes, rtc.o(.text))
<BR><BR>[Stack]<UL><LI>Max Depth = 16<LI>Call Chain = RTC_WKUP_IRQHandler &rArr; RTC_GetFlagStatus
</UL>
<BR>[Calls]<UL><LI><a href="#[9e]">&gt;&gt;</a>&nbsp;&nbsp;&nbsp;RTC_GetFlagStatus
<LI><a href="#[9f]">&gt;&gt;</a>&nbsp;&nbsp;&nbsp;RTC_ClearFlag
<LI><a href="#[71]">&gt;&gt;</a>&nbsp;&nbsp;&nbsp;EXTI_ClearITPendingBit
</UL>
<BR>[Address Reference Count : 1]<UL><LI> startup_stm32f37x.o(RESET)
</UL>
<P><STRONG><a name="[a0]"></a>set_alarm</STRONG> (Thumb, 36 bytes, Stack size 8 bytes, application.o(.text))
<BR><BR>[Stack]<UL><LI>Max Depth = 80<LI>Call Chain = set_alarm &rArr; RTC_Set_AlarmB &rArr; RTC_SetAlarm
</UL>
<BR>[Calls]<UL><LI><a href="#[99]">&gt;&gt;</a>&nbsp;&nbsp;&nbsp;RTC_Set_AlarmB
<LI><a href="#[93]">&gt;&gt;</a>&nbsp;&nbsp;&nbsp;RTC_Set_AlarmA
</UL>
<BR>[Called By]<UL><LI><a href="#[a5]">&gt;&gt;</a>&nbsp;&nbsp;&nbsp;Command_msg_handler
</UL>

<P><STRONG><a name="[a1]"></a>set_time</STRONG> (Thumb, 128 bytes, Stack size 16 bytes, application.o(.text))
<BR><BR>[Stack]<UL><LI>Max Depth = 160 + Unknown Stack Size
<LI>Call Chain = set_time &rArr; __2printf &rArr; _printf_char_file &rArr; _printf_char_common &rArr; __printf
</UL>
<BR>[Calls]<UL><LI><a href="#[a2]">&gt;&gt;</a>&nbsp;&nbsp;&nbsp;RTC_GetTime
<LI><a href="#[a4]">&gt;&gt;</a>&nbsp;&nbsp;&nbsp;RTC_GetDate
<LI><a href="#[88]">&gt;&gt;</a>&nbsp;&nbsp;&nbsp;RTC_Set_Date
<LI><a href="#[86]">&gt;&gt;</a>&nbsp;&nbsp;&nbsp;RTC_Set_Time
<LI><a href="#[a3]">&gt;&gt;</a>&nbsp;&nbsp;&nbsp;__2sprintf
<LI><a href="#[77]">&gt;&gt;</a>&nbsp;&nbsp;&nbsp;__2printf
</UL>
<BR>[Called By]<UL><LI><a href="#[a5]">&gt;&gt;</a>&nbsp;&nbsp;&nbsp;Command_msg_handler
</UL>

<P><STRONG><a name="[a5]"></a>Command_msg_handler</STRONG> (Thumb, 110 bytes, Stack size 8 bytes, application.o(.text))
<BR><BR>[Stack]<UL><LI>Max Depth = 168 + Unknown Stack Size
<LI>Call Chain = Command_msg_handler &rArr; set_time &rArr; __2printf &rArr; _printf_char_file &rArr; _printf_char_common &rArr; __printf
</UL>
<BR>[Calls]<UL><LI><a href="#[a1]">&gt;&gt;</a>&nbsp;&nbsp;&nbsp;set_time
<LI><a href="#[a0]">&gt;&gt;</a>&nbsp;&nbsp;&nbsp;set_alarm
<LI><a href="#[a6]">&gt;&gt;</a>&nbsp;&nbsp;&nbsp;strcmp
<LI><a href="#[77]">&gt;&gt;</a>&nbsp;&nbsp;&nbsp;__2printf
<LI><a href="#[a7]">&gt;&gt;</a>&nbsp;&nbsp;&nbsp;free
</UL>
<BR>[Called By]<UL><LI><a href="#[78]">&gt;&gt;</a>&nbsp;&nbsp;&nbsp;command_msg_analysis
</UL>

<P><STRONG><a name="[a8]"></a>timet_checking</STRONG> (Thumb, 290 bytes, Stack size 16 bytes, application.o(.text))
<BR><BR>[Stack]<UL><LI>Max Depth = 160 + Unknown Stack Size
<LI>Call Chain = timet_checking &rArr; __2printf &rArr; _printf_char_file &rArr; _printf_char_common &rArr; __printf
</UL>
<BR>[Calls]<UL><LI><a href="#[77]">&gt;&gt;</a>&nbsp;&nbsp;&nbsp;__2printf
</UL>
<BR>[Called By]<UL><LI><a href="#[78]">&gt;&gt;</a>&nbsp;&nbsp;&nbsp;command_msg_analysis
</UL>

<P><STRONG><a name="[78]"></a>command_msg_analysis</STRONG> (Thumb, 1640 bytes, Stack size 40 bytes, application.o(.text))
<BR><BR>[Stack]<UL><LI>Max Depth = 208 + Unknown Stack Size
<LI>Call Chain = command_msg_analysis &rArr; Command_msg_handler &rArr; set_time &rArr; __2printf &rArr; _printf_char_file &rArr; _printf_char_common &rArr; __printf
</UL>
<BR>[Calls]<UL><LI><a href="#[a8]">&gt;&gt;</a>&nbsp;&nbsp;&nbsp;timet_checking
<LI><a href="#[a5]">&gt;&gt;</a>&nbsp;&nbsp;&nbsp;Command_msg_handler
<LI><a href="#[ab]">&gt;&gt;</a>&nbsp;&nbsp;&nbsp;UART2_Send
<LI><a href="#[a6]">&gt;&gt;</a>&nbsp;&nbsp;&nbsp;strcmp
<LI><a href="#[aa]">&gt;&gt;</a>&nbsp;&nbsp;&nbsp;__aeabi_memclr
<LI><a href="#[77]">&gt;&gt;</a>&nbsp;&nbsp;&nbsp;__2printf
<LI><a href="#[a7]">&gt;&gt;</a>&nbsp;&nbsp;&nbsp;free
<LI><a href="#[a9]">&gt;&gt;</a>&nbsp;&nbsp;&nbsp;malloc
</UL>
<BR>[Called By]<UL><LI><a href="#[68]">&gt;&gt;</a>&nbsp;&nbsp;&nbsp;main
</UL>

<P><STRONG><a name="[101]"></a>timet_compare</STRONG> (Thumb, 576 bytes, Stack size 20 bytes, application.o(.text), UNUSED)

<P><STRONG><a name="[ac]"></a>GPIO_DeInit</STRONG> (Thumb, 154 bytes, Stack size 8 bytes, stm32f37x_gpio.o(.text), UNUSED)
<BR><BR>[Calls]<UL><LI><a href="#[ad]">&gt;&gt;</a>&nbsp;&nbsp;&nbsp;RCC_AHBPeriphResetCmd
</UL>

<P><STRONG><a name="[7d]"></a>GPIO_Init</STRONG> (Thumb, 144 bytes, Stack size 20 bytes, stm32f37x_gpio.o(.text))
<BR><BR>[Stack]<UL><LI>Max Depth = 20<LI>Call Chain = GPIO_Init
</UL>
<BR>[Called By]<UL><LI><a href="#[75]">&gt;&gt;</a>&nbsp;&nbsp;&nbsp;USART_Configuration
</UL>

<P><STRONG><a name="[102]"></a>GPIO_StructInit</STRONG> (Thumb, 22 bytes, Stack size 0 bytes, stm32f37x_gpio.o(.text), UNUSED)

<P><STRONG><a name="[103]"></a>GPIO_PinLockConfig</STRONG> (Thumb, 34 bytes, Stack size 8 bytes, stm32f37x_gpio.o(.text), UNUSED)

<P><STRONG><a name="[104]"></a>GPIO_ReadInputDataBit</STRONG> (Thumb, 18 bytes, Stack size 0 bytes, stm32f37x_gpio.o(.text), UNUSED)

<P><STRONG><a name="[105]"></a>GPIO_ReadInputData</STRONG> (Thumb, 6 bytes, Stack size 0 bytes, stm32f37x_gpio.o(.text), UNUSED)

<P><STRONG><a name="[106]"></a>GPIO_ReadOutputDataBit</STRONG> (Thumb, 18 bytes, Stack size 0 bytes, stm32f37x_gpio.o(.text), UNUSED)

<P><STRONG><a name="[107]"></a>GPIO_ReadOutputData</STRONG> (Thumb, 6 bytes, Stack size 0 bytes, stm32f37x_gpio.o(.text), UNUSED)

<P><STRONG><a name="[108]"></a>GPIO_SetBits</STRONG> (Thumb, 4 bytes, Stack size 0 bytes, stm32f37x_gpio.o(.text), UNUSED)

<P><STRONG><a name="[109]"></a>GPIO_ResetBits</STRONG> (Thumb, 4 bytes, Stack size 0 bytes, stm32f37x_gpio.o(.text), UNUSED)

<P><STRONG><a name="[10a]"></a>GPIO_WriteBit</STRONG> (Thumb, 10 bytes, Stack size 0 bytes, stm32f37x_gpio.o(.text), UNUSED)

<P><STRONG><a name="[10b]"></a>GPIO_Write</STRONG> (Thumb, 4 bytes, Stack size 0 bytes, stm32f37x_gpio.o(.text), UNUSED)

<P><STRONG><a name="[7c]"></a>GPIO_PinAFConfig</STRONG> (Thumb, 70 bytes, Stack size 20 bytes, stm32f37x_gpio.o(.text))
<BR><BR>[Stack]<UL><LI>Max Depth = 20<LI>Call Chain = GPIO_PinAFConfig
</UL>
<BR>[Called By]<UL><LI><a href="#[75]">&gt;&gt;</a>&nbsp;&nbsp;&nbsp;USART_Configuration
</UL>

<P><STRONG><a name="[10c]"></a>RCC_DeInit</STRONG> (Thumb, 82 bytes, Stack size 0 bytes, stm32f37x_rcc.o(.text), UNUSED)

<P><STRONG><a name="[10d]"></a>RCC_HSEConfig</STRONG> (Thumb, 12 bytes, Stack size 0 bytes, stm32f37x_rcc.o(.text), UNUSED)

<P><STRONG><a name="[8e]"></a>RCC_GetFlagStatus</STRONG> (Thumb, 54 bytes, Stack size 8 bytes, stm32f37x_rcc.o(.text))
<BR><BR>[Stack]<UL><LI>Max Depth = 8<LI>Call Chain = RCC_GetFlagStatus
</UL>
<BR>[Called By]<UL><LI><a href="#[76]">&gt;&gt;</a>&nbsp;&nbsp;&nbsp;My_RTC_Init
<LI><a href="#[ae]">&gt;&gt;</a>&nbsp;&nbsp;&nbsp;RCC_WaitForHSEStartUp
</UL>

<P><STRONG><a name="[ae]"></a>RCC_WaitForHSEStartUp</STRONG> (Thumb, 56 bytes, Stack size 16 bytes, stm32f37x_rcc.o(.text), UNUSED)
<BR><BR>[Calls]<UL><LI><a href="#[8e]">&gt;&gt;</a>&nbsp;&nbsp;&nbsp;RCC_GetFlagStatus
</UL>

<P><STRONG><a name="[10e]"></a>RCC_AdjustHSICalibrationValue</STRONG> (Thumb, 20 bytes, Stack size 0 bytes, stm32f37x_rcc.o(.text), UNUSED)

<P><STRONG><a name="[10f]"></a>RCC_HSICmd</STRONG> (Thumb, 6 bytes, Stack size 0 bytes, stm32f37x_rcc.o(.text), UNUSED)

<P><STRONG><a name="[8c]"></a>RCC_LSEConfig</STRONG> (Thumb, 32 bytes, Stack size 0 bytes, stm32f37x_rcc.o(.text))
<BR><BR>[Called By]<UL><LI><a href="#[76]">&gt;&gt;</a>&nbsp;&nbsp;&nbsp;My_RTC_Init
</UL>

<P><STRONG><a name="[110]"></a>RCC_LSEDriveConfig</STRONG> (Thumb, 22 bytes, Stack size 0 bytes, stm32f37x_rcc.o(.text), UNUSED)

<P><STRONG><a name="[111]"></a>RCC_LSICmd</STRONG> (Thumb, 6 bytes, Stack size 0 bytes, stm32f37x_rcc.o(.text), UNUSED)

<P><STRONG><a name="[112]"></a>RCC_PLLConfig</STRONG> (Thumb, 28 bytes, Stack size 0 bytes, stm32f37x_rcc.o(.text), UNUSED)

<P><STRONG><a name="[113]"></a>RCC_PLLCmd</STRONG> (Thumb, 6 bytes, Stack size 0 bytes, stm32f37x_rcc.o(.text), UNUSED)

<P><STRONG><a name="[114]"></a>RCC_PREDIV1Config</STRONG> (Thumb, 18 bytes, Stack size 0 bytes, stm32f37x_rcc.o(.text), UNUSED)

<P><STRONG><a name="[115]"></a>RCC_ClockSecuritySystemCmd</STRONG> (Thumb, 6 bytes, Stack size 0 bytes, stm32f37x_rcc.o(.text), UNUSED)

<P><STRONG><a name="[116]"></a>RCC_MCOConfig</STRONG> (Thumb, 6 bytes, Stack size 0 bytes, stm32f37x_rcc.o(.text), UNUSED)

<P><STRONG><a name="[117]"></a>RCC_SYSCLKConfig</STRONG> (Thumb, 18 bytes, Stack size 0 bytes, stm32f37x_rcc.o(.text), UNUSED)

<P><STRONG><a name="[118]"></a>RCC_GetSYSCLKSource</STRONG> (Thumb, 10 bytes, Stack size 0 bytes, stm32f37x_rcc.o(.text), UNUSED)

<P><STRONG><a name="[119]"></a>RCC_HCLKConfig</STRONG> (Thumb, 18 bytes, Stack size 0 bytes, stm32f37x_rcc.o(.text), UNUSED)

<P><STRONG><a name="[11a]"></a>RCC_PCLK1Config</STRONG> (Thumb, 18 bytes, Stack size 0 bytes, stm32f37x_rcc.o(.text), UNUSED)

<P><STRONG><a name="[11b]"></a>RCC_PCLK2Config</STRONG> (Thumb, 20 bytes, Stack size 0 bytes, stm32f37x_rcc.o(.text), UNUSED)

<P><STRONG><a name="[11c]"></a>RCC_ADCCLKConfig</STRONG> (Thumb, 22 bytes, Stack size 0 bytes, stm32f37x_rcc.o(.text), UNUSED)

<P><STRONG><a name="[11d]"></a>RCC_SDADCCLKConfig</STRONG> (Thumb, 22 bytes, Stack size 0 bytes, stm32f37x_rcc.o(.text), UNUSED)

<P><STRONG><a name="[11e]"></a>RCC_CECCLKConfig</STRONG> (Thumb, 22 bytes, Stack size 0 bytes, stm32f37x_rcc.o(.text), UNUSED)

<P><STRONG><a name="[11f]"></a>RCC_I2CCLKConfig</STRONG> (Thumb, 44 bytes, Stack size 0 bytes, stm32f37x_rcc.o(.text), UNUSED)

<P><STRONG><a name="[120]"></a>RCC_USARTCLKConfig</STRONG> (Thumb, 76 bytes, Stack size 0 bytes, stm32f37x_rcc.o(.text), UNUSED)

<P><STRONG><a name="[121]"></a>RCC_USBCLKConfig</STRONG> (Thumb, 6 bytes, Stack size 0 bytes, stm32f37x_rcc.o(.text), UNUSED)

<P><STRONG><a name="[74]"></a>RCC_GetClocksFreq</STRONG> (Thumb, 548 bytes, Stack size 16 bytes, stm32f37x_rcc.o(.text))
<BR><BR>[Stack]<UL><LI>Max Depth = 16<LI>Call Chain = RCC_GetClocksFreq
</UL>
<BR>[Called By]<UL><LI><a href="#[7e]">&gt;&gt;</a>&nbsp;&nbsp;&nbsp;USART_Init
<LI><a href="#[68]">&gt;&gt;</a>&nbsp;&nbsp;&nbsp;main
</UL>

<P><STRONG><a name="[8f]"></a>RCC_RTCCLKConfig</STRONG> (Thumb, 12 bytes, Stack size 0 bytes, stm32f37x_rcc.o(.text))
<BR><BR>[Called By]<UL><LI><a href="#[76]">&gt;&gt;</a>&nbsp;&nbsp;&nbsp;My_RTC_Init
</UL>

<P><STRONG><a name="[90]"></a>RCC_RTCCLKCmd</STRONG> (Thumb, 6 bytes, Stack size 0 bytes, stm32f37x_rcc.o(.text))
<BR><BR>[Called By]<UL><LI><a href="#[76]">&gt;&gt;</a>&nbsp;&nbsp;&nbsp;My_RTC_Init
</UL>

<P><STRONG><a name="[122]"></a>RCC_BackupResetCmd</STRONG> (Thumb, 8 bytes, Stack size 0 bytes, stm32f37x_rcc.o(.text), UNUSED)

<P><STRONG><a name="[79]"></a>RCC_AHBPeriphClockCmd</STRONG> (Thumb, 26 bytes, Stack size 0 bytes, stm32f37x_rcc.o(.text))
<BR><BR>[Called By]<UL><LI><a href="#[75]">&gt;&gt;</a>&nbsp;&nbsp;&nbsp;USART_Configuration
</UL>

<P><STRONG><a name="[7a]"></a>RCC_APB2PeriphClockCmd</STRONG> (Thumb, 26 bytes, Stack size 0 bytes, stm32f37x_rcc.o(.text))
<BR><BR>[Called By]<UL><LI><a href="#[75]">&gt;&gt;</a>&nbsp;&nbsp;&nbsp;USART_Configuration
</UL>

<P><STRONG><a name="[7b]"></a>RCC_APB1PeriphClockCmd</STRONG> (Thumb, 26 bytes, Stack size 0 bytes, stm32f37x_rcc.o(.text))
<BR><BR>[Called By]<UL><LI><a href="#[75]">&gt;&gt;</a>&nbsp;&nbsp;&nbsp;USART_Configuration
<LI><a href="#[76]">&gt;&gt;</a>&nbsp;&nbsp;&nbsp;My_RTC_Init
</UL>

<P><STRONG><a name="[ad]"></a>RCC_AHBPeriphResetCmd</STRONG> (Thumb, 26 bytes, Stack size 0 bytes, stm32f37x_rcc.o(.text), UNUSED)
<BR><BR>[Called By]<UL><LI><a href="#[ac]">&gt;&gt;</a>&nbsp;&nbsp;&nbsp;GPIO_DeInit
</UL>

<P><STRONG><a name="[b0]"></a>RCC_APB2PeriphResetCmd</STRONG> (Thumb, 26 bytes, Stack size 0 bytes, stm32f37x_rcc.o(.text), UNUSED)
<BR><BR>[Called By]<UL><LI><a href="#[bc]">&gt;&gt;</a>&nbsp;&nbsp;&nbsp;SDADC_DeInit
<LI><a href="#[af]">&gt;&gt;</a>&nbsp;&nbsp;&nbsp;USART_DeInit
</UL>

<P><STRONG><a name="[b1]"></a>RCC_APB1PeriphResetCmd</STRONG> (Thumb, 26 bytes, Stack size 0 bytes, stm32f37x_rcc.o(.text), UNUSED)
<BR><BR>[Called By]<UL><LI><a href="#[bd]">&gt;&gt;</a>&nbsp;&nbsp;&nbsp;PWR_DeInit
<LI><a href="#[af]">&gt;&gt;</a>&nbsp;&nbsp;&nbsp;USART_DeInit
</UL>

<P><STRONG><a name="[123]"></a>RCC_ITConfig</STRONG> (Thumb, 26 bytes, Stack size 0 bytes, stm32f37x_rcc.o(.text), UNUSED)

<P><STRONG><a name="[124]"></a>RCC_ClearFlag</STRONG> (Thumb, 14 bytes, Stack size 0 bytes, stm32f37x_rcc.o(.text), UNUSED)

<P><STRONG><a name="[125]"></a>RCC_GetITStatus</STRONG> (Thumb, 20 bytes, Stack size 0 bytes, stm32f37x_rcc.o(.text), UNUSED)

<P><STRONG><a name="[126]"></a>RCC_ClearITPendingBit</STRONG> (Thumb, 6 bytes, Stack size 0 bytes, stm32f37x_rcc.o(.text), UNUSED)

<P><STRONG><a name="[af]"></a>USART_DeInit</STRONG> (Thumb, 82 bytes, Stack size 8 bytes, stm32f37x_usart.o(.text), UNUSED)
<BR><BR>[Calls]<UL><LI><a href="#[b0]">&gt;&gt;</a>&nbsp;&nbsp;&nbsp;RCC_APB2PeriphResetCmd
<LI><a href="#[b1]">&gt;&gt;</a>&nbsp;&nbsp;&nbsp;RCC_APB1PeriphResetCmd
</UL>

<P><STRONG><a name="[7e]"></a>USART_Init</STRONG> (Thumb, 196 bytes, Stack size 72 bytes, stm32f37x_usart.o(.text))
<BR><BR>[Stack]<UL><LI>Max Depth = 88<LI>Call Chain = USART_Init &rArr; RCC_GetClocksFreq
</UL>
<BR>[Calls]<UL><LI><a href="#[74]">&gt;&gt;</a>&nbsp;&nbsp;&nbsp;RCC_GetClocksFreq
</UL>
<BR>[Called By]<UL><LI><a href="#[75]">&gt;&gt;</a>&nbsp;&nbsp;&nbsp;USART_Configuration
</UL>

<P><STRONG><a name="[127]"></a>USART_StructInit</STRONG> (Thumb, 24 bytes, Stack size 0 bytes, stm32f37x_usart.o(.text), UNUSED)

<P><STRONG><a name="[128]"></a>USART_ClockInit</STRONG> (Thumb, 30 bytes, Stack size 8 bytes, stm32f37x_usart.o(.text), UNUSED)

<P><STRONG><a name="[129]"></a>USART_ClockStructInit</STRONG> (Thumb, 12 bytes, Stack size 0 bytes, stm32f37x_usart.o(.text), UNUSED)

<P><STRONG><a name="[7f]"></a>USART_Cmd</STRONG> (Thumb, 22 bytes, Stack size 0 bytes, stm32f37x_usart.o(.text))
<BR><BR>[Called By]<UL><LI><a href="#[75]">&gt;&gt;</a>&nbsp;&nbsp;&nbsp;USART_Configuration
</UL>

<P><STRONG><a name="[12a]"></a>USART_DirectionModeCmd</STRONG> (Thumb, 18 bytes, Stack size 0 bytes, stm32f37x_usart.o(.text), UNUSED)

<P><STRONG><a name="[12b]"></a>USART_OverSampling8Cmd</STRONG> (Thumb, 22 bytes, Stack size 0 bytes, stm32f37x_usart.o(.text), UNUSED)

<P><STRONG><a name="[12c]"></a>USART_OneBitMethodCmd</STRONG> (Thumb, 22 bytes, Stack size 0 bytes, stm32f37x_usart.o(.text), UNUSED)

<P><STRONG><a name="[12d]"></a>USART_MSBFirstCmd</STRONG> (Thumb, 22 bytes, Stack size 0 bytes, stm32f37x_usart.o(.text), UNUSED)

<P><STRONG><a name="[12e]"></a>USART_DataInvCmd</STRONG> (Thumb, 22 bytes, Stack size 0 bytes, stm32f37x_usart.o(.text), UNUSED)

<P><STRONG><a name="[12f]"></a>USART_InvPinCmd</STRONG> (Thumb, 18 bytes, Stack size 0 bytes, stm32f37x_usart.o(.text), UNUSED)

<P><STRONG><a name="[130]"></a>USART_SWAPPinCmd</STRONG> (Thumb, 22 bytes, Stack size 0 bytes, stm32f37x_usart.o(.text), UNUSED)

<P><STRONG><a name="[131]"></a>USART_ReceiverTimeOutCmd</STRONG> (Thumb, 22 bytes, Stack size 0 bytes, stm32f37x_usart.o(.text), UNUSED)

<P><STRONG><a name="[132]"></a>USART_SetReceiverTimeOut</STRONG> (Thumb, 16 bytes, Stack size 0 bytes, stm32f37x_usart.o(.text), UNUSED)

<P><STRONG><a name="[133]"></a>USART_SetPrescaler</STRONG> (Thumb, 16 bytes, Stack size 0 bytes, stm32f37x_usart.o(.text), UNUSED)

<P><STRONG><a name="[134]"></a>USART_STOPModeCmd</STRONG> (Thumb, 22 bytes, Stack size 0 bytes, stm32f37x_usart.o(.text), UNUSED)

<P><STRONG><a name="[135]"></a>USART_StopModeWakeUpSourceConfig</STRONG> (Thumb, 16 bytes, Stack size 0 bytes, stm32f37x_usart.o(.text), UNUSED)

<P><STRONG><a name="[136]"></a>USART_AutoBaudRateCmd</STRONG> (Thumb, 22 bytes, Stack size 0 bytes, stm32f37x_usart.o(.text), UNUSED)

<P><STRONG><a name="[137]"></a>USART_AutoBaudRateConfig</STRONG> (Thumb, 16 bytes, Stack size 0 bytes, stm32f37x_usart.o(.text), UNUSED)

<P><STRONG><a name="[85]"></a>USART_SendData</STRONG> (Thumb, 8 bytes, Stack size 0 bytes, stm32f37x_usart.o(.text))
<BR><BR>[Called By]<UL><LI><a href="#[55]">&gt;&gt;</a>&nbsp;&nbsp;&nbsp;fputc
</UL>

<P><STRONG><a name="[83]"></a>USART_ReceiveData</STRONG> (Thumb, 10 bytes, Stack size 0 bytes, stm32f37x_usart.o(.text))
<BR><BR>[Called By]<UL><LI><a href="#[37]">&gt;&gt;</a>&nbsp;&nbsp;&nbsp;USART2_IRQHandler
</UL>

<P><STRONG><a name="[138]"></a>USART_SetAddress</STRONG> (Thumb, 18 bytes, Stack size 0 bytes, stm32f37x_usart.o(.text), UNUSED)

<P><STRONG><a name="[139]"></a>USART_MuteModeCmd</STRONG> (Thumb, 22 bytes, Stack size 0 bytes, stm32f37x_usart.o(.text), UNUSED)

<P><STRONG><a name="[13a]"></a>USART_MuteModeWakeUpConfig</STRONG> (Thumb, 16 bytes, Stack size 0 bytes, stm32f37x_usart.o(.text), UNUSED)

<P><STRONG><a name="[13b]"></a>USART_AddressDetectionConfig</STRONG> (Thumb, 16 bytes, Stack size 0 bytes, stm32f37x_usart.o(.text), UNUSED)

<P><STRONG><a name="[13c]"></a>USART_LINBreakDetectLengthConfig</STRONG> (Thumb, 16 bytes, Stack size 0 bytes, stm32f37x_usart.o(.text), UNUSED)

<P><STRONG><a name="[13d]"></a>USART_LINCmd</STRONG> (Thumb, 22 bytes, Stack size 0 bytes, stm32f37x_usart.o(.text), UNUSED)

<P><STRONG><a name="[13e]"></a>USART_HalfDuplexCmd</STRONG> (Thumb, 22 bytes, Stack size 0 bytes, stm32f37x_usart.o(.text), UNUSED)

<P><STRONG><a name="[13f]"></a>USART_SetGuardTime</STRONG> (Thumb, 16 bytes, Stack size 0 bytes, stm32f37x_usart.o(.text), UNUSED)

<P><STRONG><a name="[140]"></a>USART_SmartCardCmd</STRONG> (Thumb, 22 bytes, Stack size 0 bytes, stm32f37x_usart.o(.text), UNUSED)

<P><STRONG><a name="[141]"></a>USART_SmartCardNACKCmd</STRONG> (Thumb, 22 bytes, Stack size 0 bytes, stm32f37x_usart.o(.text), UNUSED)

<P><STRONG><a name="[142]"></a>USART_SetAutoRetryCount</STRONG> (Thumb, 18 bytes, Stack size 0 bytes, stm32f37x_usart.o(.text), UNUSED)

<P><STRONG><a name="[143]"></a>USART_SetBlockLength</STRONG> (Thumb, 18 bytes, Stack size 0 bytes, stm32f37x_usart.o(.text), UNUSED)

<P><STRONG><a name="[144]"></a>USART_IrDAConfig</STRONG> (Thumb, 16 bytes, Stack size 0 bytes, stm32f37x_usart.o(.text), UNUSED)

<P><STRONG><a name="[145]"></a>USART_IrDACmd</STRONG> (Thumb, 22 bytes, Stack size 0 bytes, stm32f37x_usart.o(.text), UNUSED)

<P><STRONG><a name="[146]"></a>USART_DECmd</STRONG> (Thumb, 22 bytes, Stack size 0 bytes, stm32f37x_usart.o(.text), UNUSED)

<P><STRONG><a name="[147]"></a>USART_DEPolarityConfig</STRONG> (Thumb, 16 bytes, Stack size 0 bytes, stm32f37x_usart.o(.text), UNUSED)

<P><STRONG><a name="[148]"></a>USART_SetDEAssertionTime</STRONG> (Thumb, 18 bytes, Stack size 0 bytes, stm32f37x_usart.o(.text), UNUSED)

<P><STRONG><a name="[149]"></a>USART_SetDEDeassertionTime</STRONG> (Thumb, 30 bytes, Stack size 0 bytes, stm32f37x_usart.o(.text), UNUSED)

<P><STRONG><a name="[14a]"></a>USART_DMACmd</STRONG> (Thumb, 18 bytes, Stack size 0 bytes, stm32f37x_usart.o(.text), UNUSED)

<P><STRONG><a name="[14b]"></a>USART_DMAReceptionErrorConfig</STRONG> (Thumb, 16 bytes, Stack size 0 bytes, stm32f37x_usart.o(.text), UNUSED)

<P><STRONG><a name="[80]"></a>USART_ITConfig</STRONG> (Thumb, 58 bytes, Stack size 20 bytes, stm32f37x_usart.o(.text))
<BR><BR>[Stack]<UL><LI>Max Depth = 20<LI>Call Chain = USART_ITConfig
</UL>
<BR>[Called By]<UL><LI><a href="#[75]">&gt;&gt;</a>&nbsp;&nbsp;&nbsp;USART_Configuration
</UL>

<P><STRONG><a name="[14c]"></a>USART_RequestCmd</STRONG> (Thumb, 18 bytes, Stack size 0 bytes, stm32f37x_usart.o(.text), UNUSED)

<P><STRONG><a name="[14d]"></a>USART_OverrunDetectionConfig</STRONG> (Thumb, 16 bytes, Stack size 0 bytes, stm32f37x_usart.o(.text), UNUSED)

<P><STRONG><a name="[84]"></a>USART_GetFlagStatus</STRONG> (Thumb, 18 bytes, Stack size 0 bytes, stm32f37x_usart.o(.text))
<BR><BR>[Called By]<UL><LI><a href="#[55]">&gt;&gt;</a>&nbsp;&nbsp;&nbsp;fputc
</UL>

<P><STRONG><a name="[14e]"></a>USART_ClearFlag</STRONG> (Thumb, 4 bytes, Stack size 0 bytes, stm32f37x_usart.o(.text), UNUSED)

<P><STRONG><a name="[82]"></a>USART_GetITStatus</STRONG> (Thumb, 74 bytes, Stack size 16 bytes, stm32f37x_usart.o(.text))
<BR><BR>[Stack]<UL><LI>Max Depth = 16<LI>Call Chain = USART_GetITStatus
</UL>
<BR>[Called By]<UL><LI><a href="#[37]">&gt;&gt;</a>&nbsp;&nbsp;&nbsp;USART2_IRQHandler
</UL>

<P><STRONG><a name="[14f]"></a>USART_ClearITPendingBit</STRONG> (Thumb, 18 bytes, Stack size 8 bytes, stm32f37x_usart.o(.text), UNUSED)

<P><STRONG><a name="[150]"></a>EXTI_DeInit</STRONG> (Thumb, 34 bytes, Stack size 0 bytes, stm32f37x_exti.o(.text), UNUSED)

<P><STRONG><a name="[98]"></a>EXTI_Init</STRONG> (Thumb, 142 bytes, Stack size 0 bytes, stm32f37x_exti.o(.text))
<BR><BR>[Called By]<UL><LI><a href="#[9a]">&gt;&gt;</a>&nbsp;&nbsp;&nbsp;RTC_Set_WakeUp
<LI><a href="#[99]">&gt;&gt;</a>&nbsp;&nbsp;&nbsp;RTC_Set_AlarmB
<LI><a href="#[93]">&gt;&gt;</a>&nbsp;&nbsp;&nbsp;RTC_Set_AlarmA
</UL>

<P><STRONG><a name="[151]"></a>EXTI_StructInit</STRONG> (Thumb, 16 bytes, Stack size 0 bytes, stm32f37x_exti.o(.text), UNUSED)

<P><STRONG><a name="[152]"></a>EXTI_GenerateSWInterrupt</STRONG> (Thumb, 16 bytes, Stack size 0 bytes, stm32f37x_exti.o(.text), UNUSED)

<P><STRONG><a name="[153]"></a>EXTI_GetFlagStatus</STRONG> (Thumb, 22 bytes, Stack size 0 bytes, stm32f37x_exti.o(.text), UNUSED)

<P><STRONG><a name="[154]"></a>EXTI_ClearFlag</STRONG> (Thumb, 8 bytes, Stack size 0 bytes, stm32f37x_exti.o(.text), UNUSED)

<P><STRONG><a name="[70]"></a>EXTI_GetITStatus</STRONG> (Thumb, 34 bytes, Stack size 0 bytes, stm32f37x_exti.o(.text))
<BR><BR>[Called By]<UL><LI><a href="#[28]">&gt;&gt;</a>&nbsp;&nbsp;&nbsp;EXTI9_5_IRQHandler
</UL>

<P><STRONG><a name="[71]"></a>EXTI_ClearITPendingBit</STRONG> (Thumb, 8 bytes, Stack size 0 bytes, stm32f37x_exti.o(.text))
<BR><BR>[Called By]<UL><LI><a href="#[14]">&gt;&gt;</a>&nbsp;&nbsp;&nbsp;RTC_WKUP_IRQHandler
<LI><a href="#[3a]">&gt;&gt;</a>&nbsp;&nbsp;&nbsp;RTC_Alarm_IRQHandler
<LI><a href="#[9a]">&gt;&gt;</a>&nbsp;&nbsp;&nbsp;RTC_Set_WakeUp
<LI><a href="#[99]">&gt;&gt;</a>&nbsp;&nbsp;&nbsp;RTC_Set_AlarmB
<LI><a href="#[93]">&gt;&gt;</a>&nbsp;&nbsp;&nbsp;RTC_Set_AlarmA
<LI><a href="#[28]">&gt;&gt;</a>&nbsp;&nbsp;&nbsp;EXTI9_5_IRQHandler
</UL>

<P><STRONG><a name="[155]"></a>NVIC_PriorityGroupConfig</STRONG> (Thumb, 10 bytes, Stack size 0 bytes, stm32f37x_misc.o(.text), UNUSED)

<P><STRONG><a name="[81]"></a>NVIC_Init</STRONG> (Thumb, 102 bytes, Stack size 16 bytes, stm32f37x_misc.o(.text))
<BR><BR>[Stack]<UL><LI>Max Depth = 16<LI>Call Chain = NVIC_Init
</UL>
<BR>[Called By]<UL><LI><a href="#[9a]">&gt;&gt;</a>&nbsp;&nbsp;&nbsp;RTC_Set_WakeUp
<LI><a href="#[99]">&gt;&gt;</a>&nbsp;&nbsp;&nbsp;RTC_Set_AlarmB
<LI><a href="#[93]">&gt;&gt;</a>&nbsp;&nbsp;&nbsp;RTC_Set_AlarmA
<LI><a href="#[75]">&gt;&gt;</a>&nbsp;&nbsp;&nbsp;USART_Configuration
</UL>

<P><STRONG><a name="[156]"></a>NVIC_SetVectorTable</STRONG> (Thumb, 14 bytes, Stack size 0 bytes, stm32f37x_misc.o(.text), UNUSED)

<P><STRONG><a name="[157]"></a>NVIC_SystemLPConfig</STRONG> (Thumb, 34 bytes, Stack size 0 bytes, stm32f37x_misc.o(.text), UNUSED)

<P><STRONG><a name="[158]"></a>SysTick_CLKSourceConfig</STRONG> (Thumb, 40 bytes, Stack size 0 bytes, stm32f37x_misc.o(.text), UNUSED)

<P><STRONG><a name="[b4]"></a>RTC_WaitForSynchro</STRONG> (Thumb, 92 bytes, Stack size 8 bytes, stm32f37x_rtc.o(.text))
<BR><BR>[Stack]<UL><LI>Max Depth = 8<LI>Call Chain = RTC_WaitForSynchro
</UL>
<BR>[Called By]<UL><LI><a href="#[87]">&gt;&gt;</a>&nbsp;&nbsp;&nbsp;RTC_SetTime
<LI><a href="#[89]">&gt;&gt;</a>&nbsp;&nbsp;&nbsp;RTC_SetDate
<LI><a href="#[bb]">&gt;&gt;</a>&nbsp;&nbsp;&nbsp;RTC_SynchroShiftConfig
<LI><a href="#[b2]">&gt;&gt;</a>&nbsp;&nbsp;&nbsp;RTC_DeInit
</UL>

<P><STRONG><a name="[b3]"></a>RTC_EnterInitMode</STRONG> (Thumb, 84 bytes, Stack size 8 bytes, stm32f37x_rtc.o(.text))
<BR><BR>[Stack]<UL><LI>Max Depth = 8<LI>Call Chain = RTC_EnterInitMode
</UL>
<BR>[Called By]<UL><LI><a href="#[87]">&gt;&gt;</a>&nbsp;&nbsp;&nbsp;RTC_SetTime
<LI><a href="#[89]">&gt;&gt;</a>&nbsp;&nbsp;&nbsp;RTC_SetDate
<LI><a href="#[91]">&gt;&gt;</a>&nbsp;&nbsp;&nbsp;RTC_Init
<LI><a href="#[b6]">&gt;&gt;</a>&nbsp;&nbsp;&nbsp;RTC_RefClockCmd
<LI><a href="#[b2]">&gt;&gt;</a>&nbsp;&nbsp;&nbsp;RTC_DeInit
</UL>

<P><STRONG><a name="[b2]"></a>RTC_DeInit</STRONG> (Thumb, 200 bytes, Stack size 16 bytes, stm32f37x_rtc.o(.text), UNUSED)
<BR><BR>[Calls]<UL><LI><a href="#[b3]">&gt;&gt;</a>&nbsp;&nbsp;&nbsp;RTC_EnterInitMode
<LI><a href="#[b4]">&gt;&gt;</a>&nbsp;&nbsp;&nbsp;RTC_WaitForSynchro
</UL>

<P><STRONG><a name="[b5]"></a>RTC_ExitInitMode</STRONG> (Thumb, 18 bytes, Stack size 0 bytes, stm32f37x_rtc.o(.text))
<BR><BR>[Called By]<UL><LI><a href="#[87]">&gt;&gt;</a>&nbsp;&nbsp;&nbsp;RTC_SetTime
<LI><a href="#[89]">&gt;&gt;</a>&nbsp;&nbsp;&nbsp;RTC_SetDate
<LI><a href="#[91]">&gt;&gt;</a>&nbsp;&nbsp;&nbsp;RTC_Init
<LI><a href="#[b6]">&gt;&gt;</a>&nbsp;&nbsp;&nbsp;RTC_RefClockCmd
</UL>

<P><STRONG><a name="[91]"></a>RTC_Init</STRONG> (Thumb, 94 bytes, Stack size 12 bytes, stm32f37x_rtc.o(.text))
<BR><BR>[Stack]<UL><LI>Max Depth = 20<LI>Call Chain = RTC_Init &rArr; RTC_EnterInitMode
</UL>
<BR>[Calls]<UL><LI><a href="#[b5]">&gt;&gt;</a>&nbsp;&nbsp;&nbsp;RTC_ExitInitMode
<LI><a href="#[b3]">&gt;&gt;</a>&nbsp;&nbsp;&nbsp;RTC_EnterInitMode
</UL>
<BR>[Called By]<UL><LI><a href="#[76]">&gt;&gt;</a>&nbsp;&nbsp;&nbsp;My_RTC_Init
</UL>

<P><STRONG><a name="[159]"></a>RTC_StructInit</STRONG> (Thumb, 14 bytes, Stack size 0 bytes, stm32f37x_rtc.o(.text), UNUSED)

<P><STRONG><a name="[15a]"></a>RTC_WriteProtectionCmd</STRONG> (Thumb, 22 bytes, Stack size 0 bytes, stm32f37x_rtc.o(.text), UNUSED)

<P><STRONG><a name="[b6]"></a>RTC_RefClockCmd</STRONG> (Thumb, 76 bytes, Stack size 12 bytes, stm32f37x_rtc.o(.text), UNUSED)
<BR><BR>[Calls]<UL><LI><a href="#[b5]">&gt;&gt;</a>&nbsp;&nbsp;&nbsp;RTC_ExitInitMode
<LI><a href="#[b3]">&gt;&gt;</a>&nbsp;&nbsp;&nbsp;RTC_EnterInitMode
</UL>

<P><STRONG><a name="[15b]"></a>RTC_BypassShadowCmd</STRONG> (Thumb, 54 bytes, Stack size 0 bytes, stm32f37x_rtc.o(.text), UNUSED)

<P><STRONG><a name="[87]"></a>RTC_SetTime</STRONG> (Thumb, 200 bytes, Stack size 24 bytes, stm32f37x_rtc.o(.text))
<BR><BR>[Stack]<UL><LI>Max Depth = 32<LI>Call Chain = RTC_SetTime &rArr; RTC_EnterInitMode
</UL>
<BR>[Calls]<UL><LI><a href="#[b5]">&gt;&gt;</a>&nbsp;&nbsp;&nbsp;RTC_ExitInitMode
<LI><a href="#[b3]">&gt;&gt;</a>&nbsp;&nbsp;&nbsp;RTC_EnterInitMode
<LI><a href="#[b4]">&gt;&gt;</a>&nbsp;&nbsp;&nbsp;RTC_WaitForSynchro
<LI><a href="#[b7]">&gt;&gt;</a>&nbsp;&nbsp;&nbsp;RTC_Bcd2ToByte
<LI><a href="#[b8]">&gt;&gt;</a>&nbsp;&nbsp;&nbsp;RTC_ByteToBcd2
</UL>
<BR>[Called By]<UL><LI><a href="#[86]">&gt;&gt;</a>&nbsp;&nbsp;&nbsp;RTC_Set_Time
</UL>

<P><STRONG><a name="[15c]"></a>RTC_TimeStructInit</STRONG> (Thumb, 12 bytes, Stack size 0 bytes, stm32f37x_rtc.o(.text), UNUSED)

<P><STRONG><a name="[a2]"></a>RTC_GetTime</STRONG> (Thumb, 74 bytes, Stack size 16 bytes, stm32f37x_rtc.o(.text))
<BR><BR>[Stack]<UL><LI>Max Depth = 16<LI>Call Chain = RTC_GetTime
</UL>
<BR>[Calls]<UL><LI><a href="#[b7]">&gt;&gt;</a>&nbsp;&nbsp;&nbsp;RTC_Bcd2ToByte
</UL>
<BR>[Called By]<UL><LI><a href="#[a1]">&gt;&gt;</a>&nbsp;&nbsp;&nbsp;set_time
</UL>

<P><STRONG><a name="[15d]"></a>RTC_GetSubSecond</STRONG> (Thumb, 30 bytes, Stack size 0 bytes, stm32f37x_rtc.o(.text), UNUSED)

<P><STRONG><a name="[89]"></a>RTC_SetDate</STRONG> (Thumb, 190 bytes, Stack size 24 bytes, stm32f37x_rtc.o(.text))
<BR><BR>[Stack]<UL><LI>Max Depth = 32<LI>Call Chain = RTC_SetDate &rArr; RTC_EnterInitMode
</UL>
<BR>[Calls]<UL><LI><a href="#[b5]">&gt;&gt;</a>&nbsp;&nbsp;&nbsp;RTC_ExitInitMode
<LI><a href="#[b3]">&gt;&gt;</a>&nbsp;&nbsp;&nbsp;RTC_EnterInitMode
<LI><a href="#[b4]">&gt;&gt;</a>&nbsp;&nbsp;&nbsp;RTC_WaitForSynchro
<LI><a href="#[b7]">&gt;&gt;</a>&nbsp;&nbsp;&nbsp;RTC_Bcd2ToByte
<LI><a href="#[b8]">&gt;&gt;</a>&nbsp;&nbsp;&nbsp;RTC_ByteToBcd2
</UL>
<BR>[Called By]<UL><LI><a href="#[88]">&gt;&gt;</a>&nbsp;&nbsp;&nbsp;RTC_Set_Date
</UL>

<P><STRONG><a name="[15e]"></a>RTC_DateStructInit</STRONG> (Thumb, 14 bytes, Stack size 0 bytes, stm32f37x_rtc.o(.text), UNUSED)

<P><STRONG><a name="[a4]"></a>RTC_GetDate</STRONG> (Thumb, 74 bytes, Stack size 16 bytes, stm32f37x_rtc.o(.text))
<BR><BR>[Stack]<UL><LI>Max Depth = 16<LI>Call Chain = RTC_GetDate
</UL>
<BR>[Calls]<UL><LI><a href="#[b7]">&gt;&gt;</a>&nbsp;&nbsp;&nbsp;RTC_Bcd2ToByte
</UL>
<BR>[Called By]<UL><LI><a href="#[a1]">&gt;&gt;</a>&nbsp;&nbsp;&nbsp;set_time
</UL>

<P><STRONG><a name="[95]"></a>RTC_SetAlarm</STRONG> (Thumb, 230 bytes, Stack size 24 bytes, stm32f37x_rtc.o(.text))
<BR><BR>[Stack]<UL><LI>Max Depth = 24<LI>Call Chain = RTC_SetAlarm
</UL>
<BR>[Calls]<UL><LI><a href="#[b7]">&gt;&gt;</a>&nbsp;&nbsp;&nbsp;RTC_Bcd2ToByte
<LI><a href="#[b8]">&gt;&gt;</a>&nbsp;&nbsp;&nbsp;RTC_ByteToBcd2
</UL>
<BR>[Called By]<UL><LI><a href="#[99]">&gt;&gt;</a>&nbsp;&nbsp;&nbsp;RTC_Set_AlarmB
<LI><a href="#[93]">&gt;&gt;</a>&nbsp;&nbsp;&nbsp;RTC_Set_AlarmA
</UL>

<P><STRONG><a name="[15f]"></a>RTC_AlarmStructInit</STRONG> (Thumb, 22 bytes, Stack size 0 bytes, stm32f37x_rtc.o(.text), UNUSED)

<P><STRONG><a name="[b9]"></a>RTC_GetAlarm</STRONG> (Thumb, 114 bytes, Stack size 24 bytes, stm32f37x_rtc.o(.text), UNUSED)
<BR><BR>[Calls]<UL><LI><a href="#[b7]">&gt;&gt;</a>&nbsp;&nbsp;&nbsp;RTC_Bcd2ToByte
</UL>

<P><STRONG><a name="[94]"></a>RTC_AlarmCmd</STRONG> (Thumb, 112 bytes, Stack size 16 bytes, stm32f37x_rtc.o(.text))
<BR><BR>[Stack]<UL><LI>Max Depth = 16<LI>Call Chain = RTC_AlarmCmd
</UL>
<BR>[Called By]<UL><LI><a href="#[99]">&gt;&gt;</a>&nbsp;&nbsp;&nbsp;RTC_Set_AlarmB
<LI><a href="#[93]">&gt;&gt;</a>&nbsp;&nbsp;&nbsp;RTC_Set_AlarmA
</UL>

<P><STRONG><a name="[160]"></a>RTC_AlarmSubSecondConfig</STRONG> (Thumb, 46 bytes, Stack size 12 bytes, stm32f37x_rtc.o(.text), UNUSED)

<P><STRONG><a name="[161]"></a>RTC_GetAlarmSubSecond</STRONG> (Thumb, 34 bytes, Stack size 0 bytes, stm32f37x_rtc.o(.text), UNUSED)

<P><STRONG><a name="[9c]"></a>RTC_WakeUpClockConfig</STRONG> (Thumb, 42 bytes, Stack size 0 bytes, stm32f37x_rtc.o(.text), UNUSED)
<BR><BR>[Called By]<UL><LI><a href="#[9a]">&gt;&gt;</a>&nbsp;&nbsp;&nbsp;RTC_Set_WakeUp
</UL>

<P><STRONG><a name="[9d]"></a>RTC_SetWakeUpCounter</STRONG> (Thumb, 22 bytes, Stack size 0 bytes, stm32f37x_rtc.o(.text), UNUSED)
<BR><BR>[Called By]<UL><LI><a href="#[9a]">&gt;&gt;</a>&nbsp;&nbsp;&nbsp;RTC_Set_WakeUp
</UL>

<P><STRONG><a name="[162]"></a>RTC_GetWakeUpCounter</STRONG> (Thumb, 10 bytes, Stack size 0 bytes, stm32f37x_rtc.o(.text), UNUSED)

<P><STRONG><a name="[9b]"></a>RTC_WakeUpCmd</STRONG> (Thumb, 116 bytes, Stack size 12 bytes, stm32f37x_rtc.o(.text), UNUSED)
<BR><BR>[Called By]<UL><LI><a href="#[9a]">&gt;&gt;</a>&nbsp;&nbsp;&nbsp;RTC_Set_WakeUp
</UL>

<P><STRONG><a name="[163]"></a>RTC_DayLightSavingConfig</STRONG> (Thumb, 50 bytes, Stack size 0 bytes, stm32f37x_rtc.o(.text), UNUSED)

<P><STRONG><a name="[164]"></a>RTC_GetStoreOperation</STRONG> (Thumb, 12 bytes, Stack size 0 bytes, stm32f37x_rtc.o(.text), UNUSED)

<P><STRONG><a name="[165]"></a>RTC_OutputConfig</STRONG> (Thumb, 60 bytes, Stack size 0 bytes, stm32f37x_rtc.o(.text), UNUSED)

<P><STRONG><a name="[166]"></a>RTC_CalibOutputCmd</STRONG> (Thumb, 54 bytes, Stack size 0 bytes, stm32f37x_rtc.o(.text), UNUSED)

<P><STRONG><a name="[167]"></a>RTC_CalibOutputConfig</STRONG> (Thumb, 42 bytes, Stack size 0 bytes, stm32f37x_rtc.o(.text), UNUSED)

<P><STRONG><a name="[168]"></a>RTC_SmoothCalibConfig</STRONG> (Thumb, 90 bytes, Stack size 16 bytes, stm32f37x_rtc.o(.text), UNUSED)

<P><STRONG><a name="[169]"></a>RTC_TimeStampCmd</STRONG> (Thumb, 54 bytes, Stack size 8 bytes, stm32f37x_rtc.o(.text), UNUSED)

<P><STRONG><a name="[ba]"></a>RTC_GetTimeStamp</STRONG> (Thumb, 144 bytes, Stack size 24 bytes, stm32f37x_rtc.o(.text), UNUSED)
<BR><BR>[Calls]<UL><LI><a href="#[b7]">&gt;&gt;</a>&nbsp;&nbsp;&nbsp;RTC_Bcd2ToByte
</UL>

<P><STRONG><a name="[16a]"></a>RTC_GetTimeStampSubSecond</STRONG> (Thumb, 8 bytes, Stack size 0 bytes, stm32f37x_rtc.o(.text), UNUSED)

<P><STRONG><a name="[16b]"></a>RTC_TamperTriggerConfig</STRONG> (Thumb, 38 bytes, Stack size 0 bytes, stm32f37x_rtc.o(.text), UNUSED)

<P><STRONG><a name="[16c]"></a>RTC_TamperCmd</STRONG> (Thumb, 34 bytes, Stack size 0 bytes, stm32f37x_rtc.o(.text), UNUSED)

<P><STRONG><a name="[16d]"></a>RTC_TamperFilterConfig</STRONG> (Thumb, 26 bytes, Stack size 0 bytes, stm32f37x_rtc.o(.text), UNUSED)

<P><STRONG><a name="[16e]"></a>RTC_TamperSamplingFreqConfig</STRONG> (Thumb, 26 bytes, Stack size 0 bytes, stm32f37x_rtc.o(.text), UNUSED)

<P><STRONG><a name="[16f]"></a>RTC_TamperPinsPrechargeDuration</STRONG> (Thumb, 26 bytes, Stack size 0 bytes, stm32f37x_rtc.o(.text), UNUSED)

<P><STRONG><a name="[170]"></a>RTC_TimeStampOnTamperDetectionCmd</STRONG> (Thumb, 38 bytes, Stack size 0 bytes, stm32f37x_rtc.o(.text), UNUSED)

<P><STRONG><a name="[171]"></a>RTC_TamperPullUpCmd</STRONG> (Thumb, 38 bytes, Stack size 0 bytes, stm32f37x_rtc.o(.text), UNUSED)

<P><STRONG><a name="[92]"></a>RTC_WriteBackupRegister</STRONG> (Thumb, 26 bytes, Stack size 8 bytes, stm32f37x_rtc.o(.text))
<BR><BR>[Stack]<UL><LI>Max Depth = 8<LI>Call Chain = RTC_WriteBackupRegister
</UL>
<BR>[Called By]<UL><LI><a href="#[76]">&gt;&gt;</a>&nbsp;&nbsp;&nbsp;My_RTC_Init
</UL>

<P><STRONG><a name="[8b]"></a>RTC_ReadBackupRegister</STRONG> (Thumb, 28 bytes, Stack size 8 bytes, stm32f37x_rtc.o(.text))
<BR><BR>[Stack]<UL><LI>Max Depth = 8<LI>Call Chain = RTC_ReadBackupRegister
</UL>
<BR>[Called By]<UL><LI><a href="#[76]">&gt;&gt;</a>&nbsp;&nbsp;&nbsp;My_RTC_Init
</UL>

<P><STRONG><a name="[172]"></a>RTC_OutputTypeConfig</STRONG> (Thumb, 26 bytes, Stack size 0 bytes, stm32f37x_rtc.o(.text), UNUSED)

<P><STRONG><a name="[bb]"></a>RTC_SynchroShiftConfig</STRONG> (Thumb, 118 bytes, Stack size 20 bytes, stm32f37x_rtc.o(.text), UNUSED)
<BR><BR>[Calls]<UL><LI><a href="#[b4]">&gt;&gt;</a>&nbsp;&nbsp;&nbsp;RTC_WaitForSynchro
</UL>

<P><STRONG><a name="[97]"></a>RTC_ITConfig</STRONG> (Thumb, 94 bytes, Stack size 0 bytes, stm32f37x_rtc.o(.text))
<BR><BR>[Called By]<UL><LI><a href="#[9a]">&gt;&gt;</a>&nbsp;&nbsp;&nbsp;RTC_Set_WakeUp
<LI><a href="#[99]">&gt;&gt;</a>&nbsp;&nbsp;&nbsp;RTC_Set_AlarmB
<LI><a href="#[93]">&gt;&gt;</a>&nbsp;&nbsp;&nbsp;RTC_Set_AlarmA
</UL>

<P><STRONG><a name="[9e]"></a>RTC_GetFlagStatus</STRONG> (Thumb, 32 bytes, Stack size 8 bytes, stm32f37x_rtc.o(.text))
<BR><BR>[Stack]<UL><LI>Max Depth = 8<LI>Call Chain = RTC_GetFlagStatus
</UL>
<BR>[Called By]<UL><LI><a href="#[14]">&gt;&gt;</a>&nbsp;&nbsp;&nbsp;RTC_WKUP_IRQHandler
<LI><a href="#[3a]">&gt;&gt;</a>&nbsp;&nbsp;&nbsp;RTC_Alarm_IRQHandler
</UL>

[...]

<P><STRONG><a name="[192]"></a>SDADC_SlowClockCmd</STRONG> (Thumb, 22 bytes, Stack size 0 bytes, stm32f37x_sdadc.o(.text), UNUSED)

<P><STRONG><a name="[193]"></a>SDADC_DMAConfig</STRONG> (Thumb, 18 bytes, Stack size 0 bytes, stm32f37x_sdadc.o(.text), UNUSED)

<P><STRONG><a name="[194]"></a>SDADC_ITConfig</STRONG> (Thumb, 18 bytes, Stack size 0 bytes, stm32f37x_sdadc.o(.text), UNUSED)

<P><STRONG><a name="[72]"></a>SDADC_GetFlagStatus</STRONG> (Thumb, 18 bytes, Stack size 0 bytes, stm32f37x_sdadc.o(.text))
<BR><BR>[Called By]<UL><LI><a href="#[48]">&gt;&gt;</a>&nbsp;&nbsp;&nbsp;SDADC1_IRQHandler
</UL>

<P><STRONG><a name="[195]"></a>SDADC_ClearFlag</STRONG> (Thumb, 8 bytes, Stack size 0 bytes, stm32f37x_sdadc.o(.text), UNUSED)

<P><STRONG><a name="[196]"></a>SDADC_GetITStatus</STRONG> (Thumb, 34 bytes, Stack size 12 bytes, stm32f37x_sdadc.o(.text), UNUSED)

<P><STRONG><a name="[197]"></a>SDADC_ClearITPendingBit</STRONG> (Thumb, 8 bytes, Stack size 0 bytes, stm32f37x_sdadc.o(.text), UNUSED)

<P><STRONG><a name="[bd]"></a>PWR_DeInit</STRONG> (Thumb, 22 bytes, Stack size 8 bytes, stm32f37x_pwr.o(.text), UNUSED)
<BR><BR>[Calls]<UL><LI><a href="#[b1]">&gt;&gt;</a>&nbsp;&nbsp;&nbsp;RCC_APB1PeriphResetCmd
</UL>

<P><STRONG><a name="[8a]"></a>PWR_BackupAccessCmd</STRONG> (Thumb, 6 bytes, Stack size 0 bytes, stm32f37x_pwr.o(.text))
<BR><BR>[Called By]<UL><LI><a href="#[76]">&gt;&gt;</a>&nbsp;&nbsp;&nbsp;My_RTC_Init
</UL>

<P><STRONG><a name="[198]"></a>PWR_PVDLevelConfig</STRONG> (Thumb, 18 bytes, Stack size 0 bytes, stm32f37x_pwr.o(.text), UNUSED)

<P><STRONG><a name="[199]"></a>PWR_PVDCmd</STRONG> (Thumb, 6 bytes, Stack size 0 bytes, stm32f37x_pwr.o(.text), UNUSED)

<P><STRONG><a name="[19a]"></a>PWR_WakeUpPinCmd</STRONG> (Thumb, 26 bytes, Stack size 0 bytes, stm32f37x_pwr.o(.text), UNUSED)

<P><STRONG><a name="[19b]"></a>PWR_SDADCAnalogCmd</STRONG> (Thumb, 26 bytes, Stack size 0 bytes, stm32f37x_pwr.o(.text), UNUSED)

<P><STRONG><a name="[19c]"></a>PWR_EnterSleepMode</STRONG> (Thumb, 24 bytes, Stack size 0 bytes, stm32f37x_pwr.o(.text), UNUSED)

<P><STRONG><a name="[19d]"></a>PWR_EnterSTOPMode</STRONG> (Thumb, 54 bytes, Stack size 8 bytes, stm32f37x_pwr.o(.text), UNUSED)

<P><STRONG><a name="[19e]"></a>PWR_EnterSTANDBYMode</STRONG> (Thumb, 42 bytes, Stack size 0 bytes, stm32f37x_pwr.o(.text), UNUSED)

<P><STRONG><a name="[19f]"></a>PWR_GetFlagStatus</STRONG> (Thumb, 20 bytes, Stack size 0 bytes, stm32f37x_pwr.o(.text), UNUSED)

<P><STRONG><a name="[1a0]"></a>PWR_ClearFlag</STRONG> (Thumb, 14 bytes, Stack size 0 bytes, stm32f37x_pwr.o(.text), UNUSED)

<P><STRONG><a name="[1a1]"></a>__use_no_semihosting</STRONG> (Thumb, 2 bytes, Stack size 0 bytes, use_no_semi_2.o(.text), UNUSED)

<P><STRONG><a name="[a9]"></a>malloc</STRONG> (Thumb, 94 bytes, Stack size 16 bytes, h1_alloc.o(.text))
<BR><BR>[Stack]<UL><LI>Max Depth = 48<LI>Call Chain = malloc &rArr; __Heap_Full &rArr; __Heap_ProvideMemory &rArr; free
</UL>
<BR>[Calls]<UL><LI><a href="#[bf]">&gt;&gt;</a>&nbsp;&nbsp;&nbsp;__Heap_Full
<LI><a href="#[be]">&gt;&gt;</a>&nbsp;&nbsp;&nbsp;__rt_heap_descriptor
</UL>
<BR>[Called By]<UL><LI><a href="#[78]">&gt;&gt;</a>&nbsp;&nbsp;&nbsp;command_msg_analysis
</UL>

<P><STRONG><a name="[a7]"></a>free</STRONG> (Thumb, 78 bytes, Stack size 16 bytes, h1_free.o(.text))
<BR><BR>[Stack]<UL><LI>Max Depth = 16<LI>Call Chain = free
</UL>
<BR>[Calls]<UL><LI><a href="#[be]">&gt;&gt;</a>&nbsp;&nbsp;&nbsp;__rt_heap_descriptor
</UL>
<BR>[Called By]<UL><LI><a href="#[a5]">&gt;&gt;</a>&nbsp;&nbsp;&nbsp;Command_msg_handler
<LI><a href="#[78]">&gt;&gt;</a>&nbsp;&nbsp;&nbsp;command_msg_analysis
<LI><a href="#[cb]">&gt;&gt;</a>&nbsp;&nbsp;&nbsp;__Heap_ProvideMemory
</UL>

<P><STRONG><a name="[77]"></a>__2printf</STRONG> (Thumb, 20 bytes, Stack size 24 bytes, noretval__2printf.o(.text))
<BR><BR>[Stack]<UL><LI>Max Depth = 144 + Unknown Stack Size
<LI>Call Chain = __2printf &rArr; _printf_char_file &rArr; _printf_char_common &rArr; __printf
</UL>
<BR>[Calls]<UL><LI><a href="#[c0]">&gt;&gt;</a>&nbsp;&nbsp;&nbsp;_printf_char_file
</UL>
<BR>[Called By]<UL><LI><a href="#[a8]">&gt;&gt;</a>&nbsp;&nbsp;&nbsp;timet_checking
<LI><a href="#[a5]">&gt;&gt;</a>&nbsp;&nbsp;&nbsp;Command_msg_handler
<LI><a href="#[a1]">&gt;&gt;</a>&nbsp;&nbsp;&nbsp;set_time
<LI><a href="#[78]">&gt;&gt;</a>&nbsp;&nbsp;&nbsp;command_msg_analysis
<LI><a href="#[68]">&gt;&gt;</a>&nbsp;&nbsp;&nbsp;main
</UL>

<P><STRONG><a name="[a3]"></a>__2sprintf</STRONG> (Thumb, 34 bytes, Stack size 32 bytes, noretval__2sprintf.o(.text))
<BR><BR>[Stack]<UL><LI>Max Depth = 136 + Unknown Stack Size
<LI>Call Chain = __2sprintf &rArr; _printf_char_common &rArr; __printf
</UL>
<BR>[Calls]<UL><LI><a href="#[53]">&gt;&gt;</a>&nbsp;&nbsp;&nbsp;_sputc
<LI><a href="#[c1]">&gt;&gt;</a>&nbsp;&nbsp;&nbsp;_printf_char_common
</UL>
<BR>[Called By]<UL><LI><a href="#[a1]">&gt;&gt;</a>&nbsp;&nbsp;&nbsp;set_time
</UL>

<P><STRONG><a name="[c3]"></a>_printf_pre_padding</STRONG> (Thumb, 46 bytes, Stack size 16 bytes, _printf_pad.o(.text))
<BR><BR>[Stack]<UL><LI>Max Depth = 16<LI>Call Chain = _printf_pre_padding
</UL>
<BR>[Called By]<UL><LI><a href="#[c5]">&gt;&gt;</a>&nbsp;&nbsp;&nbsp;_printf_int_common
<LI><a href="#[c2]">&gt;&gt;</a>&nbsp;&nbsp;&nbsp;_printf_str
</UL>

<P><STRONG><a name="[c4]"></a>_printf_post_padding</STRONG> (Thumb, 36 bytes, Stack size 16 bytes, _printf_pad.o(.text))
<BR><BR>[Stack]<UL><LI>Max Depth = 16<LI>Call Chain = _printf_post_padding
</UL>
<BR>[Called By]<UL><LI><a href="#[c5]">&gt;&gt;</a>&nbsp;&nbsp;&nbsp;_printf_int_common
<LI><a href="#[c2]">&gt;&gt;</a>&nbsp;&nbsp;&nbsp;_printf_str
</UL>

<P><STRONG><a name="[c2]"></a>_printf_str</STRONG> (Thumb, 82 bytes, Stack size 16 bytes, _printf_str.o(.text))
<BR><BR>[Stack]<UL><LI>Max Depth = 32<LI>Call Chain = _printf_str &rArr; _printf_post_padding
</UL>
<BR>[Calls]<UL><LI><a href="#[c4]">&gt;&gt;</a>&nbsp;&nbsp;&nbsp;_printf_post_padding
<LI><a href="#[c3]">&gt;&gt;</a>&nbsp;&nbsp;&nbsp;_printf_pre_padding
</UL>
<BR>[Called By]<UL><LI><a href="#[cf]">&gt;&gt;</a>&nbsp;&nbsp;&nbsp;_printf_cs_common
</UL>

<P><STRONG><a name="[5c]"></a>_printf_int_dec</STRONG> (Thumb, 102 bytes, Stack size 24 bytes, _printf_dec.o(.text))
<BR><BR>[Stack]<UL><LI>Max Depth = 72<LI>Call Chain = _printf_int_dec &rArr; _printf_int_common &rArr; _printf_post_padding
</UL>
<BR>[Calls]<UL><LI><a href="#[c5]">&gt;&gt;</a>&nbsp;&nbsp;&nbsp;_printf_int_common
</UL>
<BR>[Called By]<UL><LI><a href="#[5b]">&gt;&gt;</a>&nbsp;&nbsp;&nbsp;_printf_d
</UL>

<P><STRONG><a name="[c6]"></a>__printf</STRONG> (Thumb, 310 bytes, Stack size 40 bytes, __printf_flags_wp.o(.text))
<BR><BR>[Stack]<UL><LI>Max Depth = 40 + Unknown Stack Size
<LI>Call Chain = __printf
</UL>
<BR>[Calls]<UL><LI><a href="#[c8]">&gt;&gt;</a>&nbsp;&nbsp;&nbsp;_printf_percent
<LI><a href="#[c7]">&gt;&gt;</a>&nbsp;&nbsp;&nbsp;_is_digit
</UL>
<BR>[Called By]<UL><LI><a href="#[c1]">&gt;&gt;</a>&nbsp;&nbsp;&nbsp;_printf_char_common
</UL>

<P><STRONG><a name="[aa]"></a>__aeabi_memclr</STRONG> (Thumb, 0 bytes, Stack size 0 bytes, rt_memclr.o(.text))
<BR><BR>[Called By]<UL><LI><a href="#[78]">&gt;&gt;</a>&nbsp;&nbsp;&nbsp;command_msg_analysis
</UL>

<P><STRONG><a name="[c9]"></a>__rt_memclr</STRONG> (Thumb, 68 bytes, Stack size 0 bytes, rt_memclr.o(.text), UNUSED)
<BR><BR>[Calls]<UL><LI><a href="#[ca]">&gt;&gt;</a>&nbsp;&nbsp;&nbsp;_memset_w
</UL>

<P><STRONG><a name="[1a2]"></a>_memset</STRONG> (Thumb, 0 bytes, Stack size unknown bytes, rt_memclr.o(.text), UNUSED)

<P><STRONG><a name="[a6]"></a>strcmp</STRONG> (Thumb, 128 bytes, Stack size 0 bytes, strcmpv7m.o(.text))
<BR><BR>[Called By]<UL><LI><a href="#[a5]">&gt;&gt;</a>&nbsp;&nbsp;&nbsp;Command_msg_handler
<LI><a href="#[78]">&gt;&gt;</a>&nbsp;&nbsp;&nbsp;command_msg_analysis
</UL>

<P><STRONG><a name="[1a3]"></a>__use_two_region_memory</STRONG> (Thumb, 2 bytes, Stack size 0 bytes, heapauxi.o(.text), UNUSED)

<P><STRONG><a name="[1]"></a>__rt_heap_escrow</STRONG> (Thumb, 2 bytes, Stack size 0 bytes, heapauxi.o(.text), UNUSED)

<P><STRONG><a name="[0]"></a>__rt_heap_expand</STRONG> (Thumb, 2 bytes, Stack size 0 bytes, heapauxi.o(.text), UNUSED)

<P><STRONG><a name="[1a4]"></a>__I$use$semihosting</STRONG> (Thumb, 0 bytes, Stack size 0 bytes, use_no_semi.o(.text), UNUSED)

<P><STRONG><a name="[1a5]"></a>__use_no_semihosting_swi</STRONG> (Thumb, 2 bytes, Stack size 0 bytes, use_no_semi.o(.text), UNUSED)

<P><STRONG><a name="[be]"></a>__rt_heap_descriptor</STRONG> (Thumb, 8 bytes, Stack size 0 bytes, rt_heap_descriptor_intlibspace.o(.text))
<BR><BR>[Called By]<UL><LI><a href="#[62]">&gt;&gt;</a>&nbsp;&nbsp;&nbsp;_init_alloc
<LI><a href="#[a7]">&gt;&gt;</a>&nbsp;&nbsp;&nbsp;free
<LI><a href="#[a9]">&gt;&gt;</a>&nbsp;&nbsp;&nbsp;malloc
</UL>

<P><STRONG><a name="[1a6]"></a>__use_no_heap</STRONG> (Thumb, 2 bytes, Stack size 0 bytes, hguard.o(.text), UNUSED)

<P><STRONG><a name="[1a7]"></a>__heap$guard</STRONG> (Thumb, 2 bytes, Stack size 0 bytes, hguard.o(.text), UNUSED)

<P><STRONG><a name="[5]"></a>_terminate_user_alloc</STRONG> (Thumb, 2 bytes, Stack size 0 bytes, init_alloc.o(.text), UNUSED)

<P><STRONG><a name="[3]"></a>_init_user_alloc</STRONG> (Thumb, 2 bytes, Stack size 0 bytes, init_alloc.o(.text), UNUSED)

<P><STRONG><a name="[bf]"></a>__Heap_Full</STRONG> (Thumb, 34 bytes, Stack size 16 bytes, init_alloc.o(.text))
<BR><BR>[Stack]<UL><LI>Max Depth = 32<LI>Call Chain = __Heap_Full &rArr; __Heap_ProvideMemory &rArr; free
</UL>
<BR>[Calls]<UL><LI><a href="#[cb]">&gt;&gt;</a>&nbsp;&nbsp;&nbsp;__Heap_ProvideMemory
</UL>
<BR>[Called By]<UL><LI><a href="#[a9]">&gt;&gt;</a>&nbsp;&nbsp;&nbsp;malloc
</UL>

<P><STRONG><a name="[cc]"></a>__Heap_Broken</STRONG> (Thumb, 6 bytes, Stack size 0 bytes, init_alloc.o(.text), UNUSED)
<BR><BR>[Calls]<UL><LI><a href="#[cd]">&gt;&gt;</a>&nbsp;&nbsp;&nbsp;__rt_SIGRTMEM
</UL>

<P><STRONG><a name="[62]"></a>_init_alloc</STRONG> (Thumb, 94 bytes, Stack size 24 bytes, init_alloc.o(.text))
<BR><BR>[Stack]<UL><LI>Max Depth = 56<LI>Call Chain = _init_alloc &rArr; __rt_SIGRTMEM &rArr; __rt_SIGRTMEM_inner &rArr; __default_signal_display
</UL>
<BR>[Calls]<UL><LI><a href="#[ce]">&gt;&gt;</a>&nbsp;&nbsp;&nbsp;__Heap_Initialize
<LI><a href="#[be]">&gt;&gt;</a>&nbsp;&nbsp;&nbsp;__rt_heap_descriptor
<LI><a href="#[cd]">&gt;&gt;</a>&nbsp;&nbsp;&nbsp;__rt_SIGRTMEM
<LI><a href="#[cb]">&gt;&gt;</a>&nbsp;&nbsp;&nbsp;__Heap_ProvideMemory
</UL>
<BR>[Called By]<UL><LI><a href="#[61]">&gt;&gt;</a>&nbsp;&nbsp;&nbsp;__rt_lib_init_heap_2
</UL>

<P><STRONG><a name="[ce]"></a>__Heap_Initialize</STRONG> (Thumb, 10 bytes, Stack size 0 bytes, h1_init.o(.text))
<BR><BR>[Called By]<UL><LI><a href="#[62]">&gt;&gt;</a>&nbsp;&nbsp;&nbsp;_init_alloc
</UL>

<P><STRONG><a name="[2]"></a>__Heap_DescSize</STRONG> (Thumb, 4 bytes, Stack size 0 bytes, h1_init.o(.text), UNUSED)

<P><STRONG><a name="[c5]"></a>_printf_int_common</STRONG> (Thumb, 184 bytes, Stack size 32 bytes, _printf_intcommon.o(.text))
<BR><BR>[Stack]<UL><LI>Max Depth = 48<LI>Call Chain = _printf_int_common &rArr; _printf_post_padding
</UL>
<BR>[Calls]<UL><LI><a href="#[c4]">&gt;&gt;</a>&nbsp;&nbsp;&nbsp;_printf_post_padding
<LI><a href="#[c3]">&gt;&gt;</a>&nbsp;&nbsp;&nbsp;_printf_pre_padding
</UL>
<BR>[Called By]<UL><LI><a href="#[5c]">&gt;&gt;</a>&nbsp;&nbsp;&nbsp;_printf_int_dec
</UL>

<P><STRONG><a name="[c1]"></a>_printf_char_common</STRONG> (Thumb, 32 bytes, Stack size 64 bytes, _printf_char_common.o(.text))
<BR><BR>[Stack]<UL><LI>Max Depth = 104 + Unknown Stack Size
<LI>Call Chain = _printf_char_common &rArr; __printf
</UL>
<BR>[Calls]<UL><LI><a href="#[c6]">&gt;&gt;</a>&nbsp;&nbsp;&nbsp;__printf
</UL>
<BR>[Called By]<UL><LI><a href="#[c0]">&gt;&gt;</a>&nbsp;&nbsp;&nbsp;_printf_char_file
<LI><a href="#[a3]">&gt;&gt;</a>&nbsp;&nbsp;&nbsp;__2sprintf
</UL>

<P><STRONG><a name="[53]"></a>_sputc</STRONG> (Thumb, 10 bytes, Stack size 0 bytes, _sputc.o(.text))
<BR><BR>[Called By]<UL><LI><a href="#[a3]">&gt;&gt;</a>&nbsp;&nbsp;&nbsp;__2sprintf
</UL>
<BR>[Address Reference Count : 1]<UL><LI> noretval__2sprintf.o(.text)
</UL>
<P><STRONG><a name="[cf]"></a>_printf_cs_common</STRONG> (Thumb, 20 bytes, Stack size 8 bytes, _printf_char.o(.text))
<BR><BR>[Stack]<UL><LI>Max Depth = 40<LI>Call Chain = _printf_cs_common &rArr; _printf_str &rArr; _printf_post_padding
</UL>
<BR>[Calls]<UL><LI><a href="#[c2]">&gt;&gt;</a>&nbsp;&nbsp;&nbsp;_printf_str
</UL>
<BR>[Called By]<UL><LI><a href="#[5e]">&gt;&gt;</a>&nbsp;&nbsp;&nbsp;_printf_string
<LI><a href="#[d0]">&gt;&gt;</a>&nbsp;&nbsp;&nbsp;_printf_char
</UL>

<P><STRONG><a name="[d0]"></a>_printf_char</STRONG> (Thumb, 16 bytes, Stack size 0 bytes, _printf_char.o(.text), UNUSED)
<BR><BR>[Calls]<UL><LI><a href="#[cf]">&gt;&gt;</a>&nbsp;&nbsp;&nbsp;_printf_cs_common
</UL>

<P><STRONG><a name="[5e]"></a>_printf_string</STRONG> (Thumb, 8 bytes, Stack size 0 bytes, _printf_char.o(.text))
<BR><BR>[Stack]<UL><LI>Max Depth = 40<LI>Call Chain = _printf_string &rArr; _printf_cs_common &rArr; _printf_str &rArr; _printf_post_padding
</UL>
<BR>[Calls]<UL><LI><a href="#[cf]">&gt;&gt;</a>&nbsp;&nbsp;&nbsp;_printf_cs_common
</UL>
<BR>[Called By]<UL><LI><a href="#[5d]">&gt;&gt;</a>&nbsp;&nbsp;&nbsp;_printf_s
</UL>

<P><STRONG><a name="[c0]"></a>_printf_char_file</STRONG> (Thumb, 32 bytes, Stack size 16 bytes, _printf_char_file.o(.text))
<BR><BR>[Stack]<UL><LI>Max Depth = 120 + Unknown Stack Size
<LI>Call Chain = _printf_char_file &rArr; _printf_char_common &rArr; __printf
</UL>
<BR>[Calls]<UL><LI><a href="#[c1]">&gt;&gt;</a>&nbsp;&nbsp;&nbsp;_printf_char_common
<LI><a href="#[d1]">&gt;&gt;</a>&nbsp;&nbsp;&nbsp;ferror
</UL>
<BR>[Called By]<UL><LI><a href="#[77]">&gt;&gt;</a>&nbsp;&nbsp;&nbsp;__2printf
</UL>

<P><STRONG><a name="[1a8]"></a>__aeabi_memclr4</STRONG> (Thumb, 0 bytes, Stack size 4 bytes, rt_memclr_w.o(.text), UNUSED)

<P><STRONG><a name="[1a9]"></a>__aeabi_memclr8</STRONG> (Thumb, 0 bytes, Stack size 4 bytes, rt_memclr_w.o(.text), UNUSED)

<P><STRONG><a name="[1aa]"></a>__rt_memclr_w</STRONG> (Thumb, 78 bytes, Stack size 4 bytes, rt_memclr_w.o(.text), UNUSED)

<P><STRONG><a name="[ca]"></a>_memset_w</STRONG> (Thumb, 0 bytes, Stack size unknown bytes, rt_memclr_w.o(.text), UNUSED)
<BR><BR>[Called By]<UL><LI><a href="#[c9]">&gt;&gt;</a>&nbsp;&nbsp;&nbsp;__rt_memclr
</UL>

<P><STRONG><a name="[1ab]"></a>__user_libspace</STRONG> (Thumb, 8 bytes, Stack size 0 bytes, libspace.o(.text), UNUSED)

<P><STRONG><a name="[d4]"></a>__user_perproc_libspace</STRONG> (Thumb, 0 bytes, Stack size 0 bytes, libspace.o(.text))
<BR><BR>[Called By]<UL><LI><a href="#[64]">&gt;&gt;</a>&nbsp;&nbsp;&nbsp;__user_setup_stackheap
</UL>

<P><STRONG><a name="[1ac]"></a>__user_perthread_libspace</STRONG> (Thumb, 0 bytes, Stack size 0 bytes, libspace.o(.text), UNUSED)

<P><STRONG><a name="[cb]"></a>__Heap_ProvideMemory</STRONG> (Thumb, 52 bytes, Stack size 0 bytes, h1_extend.o(.text))
<BR><BR>[Stack]<UL><LI>Max Depth = 16<LI>Call Chain = __Heap_ProvideMemory &rArr; free
</UL>
<BR>[Calls]<UL><LI><a href="#[a7]">&gt;&gt;</a>&nbsp;&nbsp;&nbsp;free
</UL>
<BR>[Called By]<UL><LI><a href="#[62]">&gt;&gt;</a>&nbsp;&nbsp;&nbsp;_init_alloc
<LI><a href="#[bf]">&gt;&gt;</a>&nbsp;&nbsp;&nbsp;__Heap_Full
</UL>

<P><STRONG><a name="[d1]"></a>ferror</STRONG> (Thumb, 8 bytes, Stack size 0 bytes, ferror.o(.text))
<BR><BR>[Called By]<UL><LI><a href="#[c0]">&gt;&gt;</a>&nbsp;&nbsp;&nbsp;_printf_char_file
</UL>

<P><STRONG><a name="[cd]"></a>__rt_SIGRTMEM</STRONG> (Thumb, 14 bytes, Stack size 8 bytes, defsig_rtmem_outer.o(.text))
<BR><BR>[Stack]<UL><LI>Max Depth = 32<LI>Call Chain = __rt_SIGRTMEM &rArr; __rt_SIGRTMEM_inner &rArr; __default_signal_display
</UL>
<BR>[Calls]<UL><LI><a href="#[d2]">&gt;&gt;</a>&nbsp;&nbsp;&nbsp;__rt_SIGRTMEM_inner
<LI><a href="#[d3]">&gt;&gt;</a>&nbsp;&nbsp;&nbsp;__sig_exit
</UL>
<BR>[Called By]<UL><LI><a href="#[62]">&gt;&gt;</a>&nbsp;&nbsp;&nbsp;_init_alloc
<LI><a href="#[cc]">&gt;&gt;</a>&nbsp;&nbsp;&nbsp;__Heap_Broken
</UL>

<P><STRONG><a name="[64]"></a>__user_setup_stackheap</STRONG> (Thumb, 74 bytes, Stack size 8 bytes, sys_stackheap_outer.o(.text))
<BR><BR>[Stack]<UL><LI>Max Depth = 8 + Unknown Stack Size
<LI>Call Chain = __user_setup_stackheap
</UL>
<BR>[Calls]<UL><LI><a href="#[d5]">&gt;&gt;</a>&nbsp;&nbsp;&nbsp;__user_initial_stackheap
<LI><a href="#[d4]">&gt;&gt;</a>&nbsp;&nbsp;&nbsp;__user_perproc_libspace
</UL>
<BR>[Called By]<UL><LI><a href="#[63]">&gt;&gt;</a>&nbsp;&nbsp;&nbsp;__rt_entry_sh
</UL>

<P><STRONG><a name="[69]"></a>exit</STRONG> (Thumb, 12 bytes, Stack size 0 bytes, exit.o(.text))
<BR><BR>[Calls]<UL><LI><a href="#[d6]">&gt;&gt;</a>&nbsp;&nbsp;&nbsp;__rt_exit
</UL>
<BR>[Called By]<UL><LI><a href="#[67]">&gt;&gt;</a>&nbsp;&nbsp;&nbsp;__rt_entry_main
</UL>

<P><STRONG><a name="[d3]"></a>__sig_exit</STRONG> (Thumb, 10 bytes, Stack size 0 bytes, defsig_exit.o(.text))
<BR><BR>[Calls]<UL><LI><a href="#[6d]">&gt;&gt;</a>&nbsp;&nbsp;&nbsp;_sys_exit
</UL>
<BR>[Called By]<UL><LI><a href="#[cd]">&gt;&gt;</a>&nbsp;&nbsp;&nbsp;__rt_SIGRTMEM
</UL>

<P><STRONG><a name="[d2]"></a>__rt_SIGRTMEM_inner</STRONG> (Thumb, 22 bytes, Stack size 8 bytes, defsig_rtmem_inner.o(.text))
<BR><BR>[Stack]<UL><LI>Max Depth = 24<LI>Call Chain = __rt_SIGRTMEM_inner &rArr; __default_signal_display
</UL>
<BR>[Calls]<UL><LI><a href="#[d7]">&gt;&gt;</a>&nbsp;&nbsp;&nbsp;__default_signal_display
</UL>
<BR>[Called By]<UL><LI><a href="#[cd]">&gt;&gt;</a>&nbsp;&nbsp;&nbsp;__rt_SIGRTMEM
</UL>

<P><STRONG><a name="[d7]"></a>__default_signal_display</STRONG> (Thumb, 50 bytes, Stack size 16 bytes, defsig_general.o(.text))
<BR><BR>[Stack]<UL><LI>Max Depth = 16<LI>Call Chain = __default_signal_display
</UL>
<BR>[Calls]<UL><LI><a href="#[d8]">&gt;&gt;</a>&nbsp;&nbsp;&nbsp;_ttywrch
</UL>
<BR>[Called By]<UL><LI><a href="#[d2]">&gt;&gt;</a>&nbsp;&nbsp;&nbsp;__rt_SIGRTMEM_inner
</UL>

<P><STRONG><a name="[c7]"></a>_is_digit</STRONG> (Thumb, 14 bytes, Stack size 0 bytes, __printf_wp.o(i._is_digit))
<BR><BR>[Called By]<UL><LI><a href="#[c6]">&gt;&gt;</a>&nbsp;&nbsp;&nbsp;__printf
</UL>

<P><STRONG><a name="[60]"></a>_fp_init</STRONG> (Thumb, 10 bytes, Stack size 0 bytes, fpinit.o(x$fpl$fpinit))
<BR><BR>[Called By]<UL><LI><a href="#[5f]">&gt;&gt;</a>&nbsp;&nbsp;&nbsp;__rt_lib_init_fp_1
</UL>

<P><STRONG><a name="[1ad]"></a>__fplib_config_fpu_vfp</STRONG> (Thumb, 0 bytes, Stack size unknown bytes, fpinit.o(x$fpl$fpinit), UNUSED)

<P><STRONG><a name="[1ae]"></a>__fplib_config_pureend_doubles</STRONG> (Thumb, 0 bytes, Stack size unknown bytes, fpinit.o(x$fpl$fpinit), UNUSED)
<P>
<H3>
Local Symbols
</H3>
<P><STRONG><a name="[6e]"></a>SetSysClock</STRONG> (Thumb, 186 bytes, Stack size 12 bytes, system_stm32f37x.o(.text))
<BR><BR>[Stack]<UL><LI>Max Depth = 12<LI>Call Chain = SetSysClock
</UL>
<BR>[Called By]<UL><LI><a href="#[51]">&gt;&gt;</a>&nbsp;&nbsp;&nbsp;SystemInit
</UL>

<P><STRONG><a name="[b8]"></a>RTC_ByteToBcd2</STRONG> (Thumb, 28 bytes, Stack size 0 bytes, stm32f37x_rtc.o(.text))
<BR><BR>[Called By]<UL><LI><a href="#[87]">&gt;&gt;</a>&nbsp;&nbsp;&nbsp;RTC_SetTime
<LI><a href="#[89]">&gt;&gt;</a>&nbsp;&nbsp;&nbsp;RTC_SetDate
<LI><a href="#[95]">&gt;&gt;</a>&nbsp;&nbsp;&nbsp;RTC_SetAlarm
</UL>

<P><STRONG><a name="[b7]"></a>RTC_Bcd2ToByte</STRONG> (Thumb, 22 bytes, Stack size 0 bytes, stm32f37x_rtc.o(.text))
<BR><BR>[Called By]<UL><LI><a href="#[a2]">&gt;&gt;</a>&nbsp;&nbsp;&nbsp;RTC_GetTime
<LI><a href="#[a4]">&gt;&gt;</a>&nbsp;&nbsp;&nbsp;RTC_GetDate
<LI><a href="#[87]">&gt;&gt;</a>&nbsp;&nbsp;&nbsp;RTC_SetTime
<LI><a href="#[89]">&gt;&gt;</a>&nbsp;&nbsp;&nbsp;RTC_SetDate
<LI><a href="#[95]">&gt;&gt;</a>&nbsp;&nbsp;&nbsp;RTC_SetAlarm
<LI><a href="#[ba]">&gt;&gt;</a>&nbsp;&nbsp;&nbsp;RTC_GetTimeStamp
<LI><a href="#[b9]">&gt;&gt;</a>&nbsp;&nbsp;&nbsp;RTC_GetAlarm
</UL>

<P><STRONG><a name="[54]"></a>_printf_input_char</STRONG> (Thumb, 10 bytes, Stack size 0 bytes, _printf_char_common.o(.text))
<BR>[Address Reference Count : 1]<UL><LI> _printf_char_common.o(.text)
</UL><P>
<H3>
Undefined Global Symbols
</H3><HR></body></html>
