ARM Linker, 5.03 [Build 76] [MDK-ARM Standard]

==============================================================================

Section Cross References

    startup_stm32f37x.o(STACK) refers (Special) to heapauxi.o(.text) for __use_two_region_memory
    startup_stm32f37x.o(HEAP) refers (Special) to heapauxi.o(.text) for __use_two_region_memory
    startup_stm32f37x.o(RESET) refers (Special) to heapauxi.o(.text) for __use_two_region_memory
    startup_stm32f37x.o(RESET) refers to startup_stm32f37x.o(STACK) for __initial_sp
    startup_stm32f37x.o(RESET) refers to startup_stm32f37x.o(.text) for Reset_Handler
    startup_stm32f37x.o(RESET) refers to stm32f37x_it.o(.text) for NMI_Handler
    startup_stm32f37x.o(RESET) refers to rtc.o(.text) for RTC_WKUP_IRQHandler
    startup_stm32f37x.o(RESET) refers to time.o(.text) for TIM4_IRQHandler
    startup_stm32f37x.o(RESET) refers to uart.o(.text) for USART2_IRQHandler
    startup_stm32f37x.o(.text) refers (Special) to heapauxi.o(.text) for __use_two_region_memory
    startup_stm32f37x.o(.text) refers to system_stm32f37x.o(.text) for SystemInit
    startup_stm32f37x.o(.text) refers to __main.o(!!!main) for __main
    startup_stm32f37x.o(.text) refers to startup_stm32f37x.o(HEAP) for Heap_Mem
    startup_stm32f37x.o(.text) refers to startup_stm32f37x.o(STACK) for Stack_Mem
    system_stm32f37x.o(.text) refers to system_stm32f37x.o(.data) for SystemCoreClock
    stm32f37x_it.o(.text) refers to noretval__2printf.o(.text) for __2printf
    stm32f37x_it.o(.text) refers to systick.o(.text) for TimingDelay_Decrement
    stm32f37x_it.o(.text) refers to stm32f37x_exti.o(.text) for EXTI_GetITStatus
    stm32f37x_it.o(.text) refers to stm32f37x_sdadc.o(.text) for SDADC_GetFlagStatus
    stm32f37x_it.o(.text) refers to stm32f37x_it.o(.data) for touch_flag
    stm32f37x_it.o(.text) refers to main.o(.data) for InjectedConvData
    main.o(.text) refers to _printf_percent.o(.ARM.Collect$$_printf_percent$$00000000) for _printf_percent
    main.o(.text) refers to _printf_s.o(.ARM.Collect$$_printf_percent$$00000014) for _printf_s
    main.o(.text) refers to _printf_str.o(.text) for _printf_str
    main.o(.text) refers to _printf_pad.o(.text) for _printf_pre_padding
    main.o(.text) refers to _printf_f.o(.ARM.Collect$$_printf_percent$$00000003) for _printf_f
    main.o(.text) refers to printf1.o(x$fpl$printf1) for _printf_fp_dec
    main.o(.text) refers to stm32f37x_rcc.o(.text) for RCC_GetClocksFreq
    main.o(.text) refers to system_stm32f37x.o(.text) for SystemInit
    main.o(.text) refers to uart.o(.text) for USART_Configuration
    main.o(.text) refers to rtc.o(.text) for My_RTC_Init
    main.o(.text) refers to time.o(.text) for TIM_INT_Config
    main.o(.text) refers to noretval__2printf.o(.text) for __2printf
    main.o(.text) refers to sdadc.o(.text) for SDADC1_Config
    main.o(.text) refers to diskio.o(.text) for disk_initialize
    main.o(.text) refers to ff.o(.text) for f_mount
    main.o(.text) refers to application.o(.text) for command_msg_analysis
    main.o(.text) refers to stm32f37x_rtc.o(.text) for RTC_GetTime
    main.o(.text) refers to dflt_clz.o(x$fpl$dfltu) for __aeabi_ui2d
    main.o(.text) refers to noretval__2sprintf.o(.text) for __2sprintf
    main.o(.text) refers to strlen.o(.text) for strlen
    main.o(.text) refers to stm32f37x_sdadc.o(.text) for SDADC_Cmd
    main.o(.text) refers to main.o(.bss) for fs
    main.o(.text) refers to main.o(.data) for res
    main.o(.text) refers to uart.o(.data) for USART_RX_STA
    main.o(.text) refers to uart.o(.bss) for COMMAND_BUF
    main.o(.text) refers to time.o(.data) for temp1
    main.o(.text) refers to rtc.o(.bss) for filename
    w25x16.o(.text) refers to stm32f37x_rcc.o(.text) for RCC_AHBPeriphClockCmd
    w25x16.o(.text) refers to stm32f37x_gpio.o(.text) for GPIO_Init
    w25x16.o(.text) refers to stm32f37x_spi.o(.text) for SPI_Init
    fatapp.o(.text) refers to ff.o(.text) for f_mount
    fatapp.o(.text) refers to strlen.o(.text) for strlen
    fatapp.o(.text) refers to strcasecmp.o(.text) for strcasecmp
    fatapp.o(.text) refers to strcpy.o(.text) for strcpy
    fatapp.o(.text) refers to rt_memcpy_w.o(.text) for __aeabi_memcpy4
    fatapp.o(.text) refers to ili9328.o(.text) for LCD_WR_REG_DATA
    fatapp.o(.text) refers to fatapp.o(.bss) for flag
    fatapp.o(.text) refers to fatapp.o(.data) for type
    ili9328.o(.text) refers to ili9328.o(.data) for POINT_COLOR
    ili9328.o(.text) refers to w25x16.o(.text) for SPI_FLASH_BufferRead
    ili9328.o(.text) refers to ili9328.o(.constdata) for ascii_16
    sd.o(.text) refers to stm32f37x_rcc.o(.text) for RCC_AHBPeriphClockCmd
    sd.o(.text) refers to stm32f37x_gpio.o(.text) for GPIO_Init
    sd.o(.text) refers to stm32f37x_spi.o(.text) for SPI_Init
    uart.o(.rev16_text) refers (Special) to use_no_semi_2.o(.text) for __use_no_semihosting
    uart.o(.revsh_text) refers (Special) to use_no_semi_2.o(.text) for __use_no_semihosting
[...]
    .bss                                     0x20002aa0   Section       96  libspace.o(.bss)
    HEAP                                     0x20002b00   Section      512  startup_stm32f37x.o(HEAP)
    Heap_Mem                                 0x20002b00   Data         512  startup_stm32f37x.o(HEAP)
    STACK                                    0x20002d00   Section     1024  startup_stm32f37x.o(STACK)
    Stack_Mem                                0x20002d00   Data        1024  startup_stm32f37x.o(STACK)
    __initial_sp                             0x20003100   Data           0  startup_stm32f37x.o(STACK)

    Global Symbols

    Symbol Name                              Value     Ov Type        Size  Object(Section)

    BuildAttributes$$THM_ISAv4$E$P$D$K$B$S$7EM$VFPi3$EXTD16$VFPS$VFMA$PE$A:L22UL41UL21$X:L11$S22US41US21$IEEE1$IW$USESV6$~STKCKD$USESV7$~SHL$OTIME$ROPI$IEEEJ$EBA8$UX$STANDARDLIB$REQ8$PRES8$EABIv2 0x00000000   Number         0  anon$$obj.o ABSOLUTE
    __ARM_use_no_argv                        0x00000000   Number         0  main.o ABSOLUTE
    _printf_flags                            0x00000000   Number         0  printf_stubs.o ABSOLUTE
    _printf_return_value                     0x00000000   Number         0  printf_stubs.o ABSOLUTE
    _printf_sizespec                         0x00000000   Number         0  printf_stubs.o ABSOLUTE
    _printf_widthprec                        0x00000000   Number         0  printf_stubs.o ABSOLUTE
    __ARM_exceptions_init                     - Undefined Weak Reference
    __alloca_initialize                       - Undefined Weak Reference
    __cpp_initialize__aeabi_                  - Undefined Weak Reference
    __cxa_finalize                            - Undefined Weak Reference
    __sigvec_lookup                           - Undefined Weak Reference
    __user_heap_extent                        - Undefined Weak Reference
    _atexit_init                              - Undefined Weak Reference
    _call_atexit_fns                          - Undefined Weak Reference
    _clock_init                               - Undefined Weak Reference
    _fp_trap_init                             - Undefined Weak Reference
    _fp_trap_shutdown                         - Undefined Weak Reference
    _get_lc_collate                           - Undefined Weak Reference
    _get_lc_monetary                          - Undefined Weak Reference
    _get_lc_time                              - Undefined Weak Reference
    _getenv_init                              - Undefined Weak Reference
    _handle_redirection                       - Undefined Weak Reference
    _initio                                   - Undefined Weak Reference
    _mutex_acquire                            - Undefined Weak Reference
    _mutex_free                               - Undefined Weak Reference
    _mutex_release                            - Undefined Weak Reference
    _printf_mbtowc                            - Undefined Weak Reference
    _printf_truncate_signed                   - Undefined Weak Reference
    _printf_truncate_unsigned                 - Undefined Weak Reference
    _rand_init                                - Undefined Weak Reference
    _signal_finish                            - Undefined Weak Reference
    _signal_init                              - Undefined Weak Reference
    _terminateio                              - Undefined Weak Reference
    __Vectors_Size                           0x00000188   Number         0  startup_stm32f37x.o ABSOLUTE
    __Vectors                                0x08000000   Data           4  startup_stm32f37x.o(RESET)
    __Vectors_End                            0x08000188   Data           0  startup_stm32f37x.o(RESET)
    __main                                   0x08000189   Thumb Code     8  __main.o(!!!main)
    __scatterload                            0x08000191   Thumb Code     0  __scatter.o(!!!scatter)
    __scatterload_rt2                        0x08000191   Thumb Code    44  __scatter.o(!!!scatter)
    __scatterload_rt2_thumb_only             0x08000191   Thumb Code     0  __scatter.o(!!!scatter)
    __scatterload_null                       0x0800019f   Thumb Code     0  __scatter.o(!!!scatter)
    __scatterload_copy                       0x080001c5   Thumb Code    26  __scatter_copy.o(!!handler_copy)
    __scatterload_zeroinit                   0x080001e1   Thumb Code    28  __scatter_zi.o(!!handler_zi)
    _printf_f                                0x080001fd   Thumb Code     0  _printf_f.o(.ARM.Collect$$_printf_percent$$00000003)
    _printf_percent                          0x080001fd   Thumb Code     0  _printf_percent.o(.ARM.Collect$$_printf_percent$$00000000)
    _printf_d                                0x08000203   Thumb Code     0  _printf_d.o(.ARM.Collect$$_printf_percent$$00000009)
    _printf_s                                0x08000209   Thumb Code     0  _printf_s.o(.ARM.Collect$$_printf_percent$$00000014)
    _printf_percent_end                      0x0800020f   Thumb Code     0  _printf_percent_end.o(.ARM.Collect$$_printf_percent$$00000017)
    __rt_lib_init                            0x08000213   Thumb Code     0  libinit.o(.ARM.Collect$$libinit$$00000000)
    __rt_lib_init_fp_1                       0x08000215   Thumb Code     0  libinit2.o(.ARM.Collect$$libinit$$00000001)
    __rt_lib_init_heap_2                     0x08000219   Thumb Code     0  libinit2.o(.ARM.Collect$$libinit$$00000003)
    __rt_lib_init_heap_1                     0x08000221   Thumb Code     0  libinit2.o(.ARM.Collect$$libinit$$00000008)
    __rt_lib_init_lc_common                  0x08000221   Thumb Code     0  libinit2.o(.ARM.Collect$$libinit$$0000000D)
    __rt_lib_init_rand_1                     0x08000221   Thumb Code     0  libinit2.o(.ARM.Collect$$libinit$$0000000C)
    __rt_lib_init_user_alloc_1               0x08000221   Thumb Code     0  libinit2.o(.ARM.Collect$$libinit$$0000000A)
    __rt_lib_init_lc_collate_1               0x08000227   Thumb Code     0  libinit2.o(.ARM.Collect$$libinit$$0000000F)
    __rt_lib_init_lc_ctype_1                 0x08000227   Thumb Code     0  libinit2.o(.ARM.Collect$$libinit$$00000011)
    __rt_lib_init_lc_monetary_1              0x08000227   Thumb Code     0  libinit2.o(.ARM.Collect$$libinit$$00000013)
    __rt_lib_init_lc_numeric_2               0x08000227   Thumb Code     0  libinit2.o(.ARM.Collect$$libinit$$00000014)
    __rt_lib_init_alloca_1                   0x08000231   Thumb Code     0  libinit2.o(.ARM.Collect$$libinit$$0000002C)
    __rt_lib_init_argv_1                     0x08000231   Thumb Code     0  libinit2.o(.ARM.Collect$$libinit$$0000002A)
    __rt_lib_init_atexit_1                   0x08000231   Thumb Code     0  libinit2.o(.ARM.Collect$$libinit$$00000019)
    __rt_lib_init_clock_1                    0x08000231   Thumb Code     0  libinit2.o(.ARM.Collect$$libinit$$0000001F)
    __rt_lib_init_cpp_1                      0x08000231   Thumb Code     0  libinit2.o(.ARM.Collect$$libinit$$00000030)
    __rt_lib_init_exceptions_1               0x08000231   Thumb Code     0  libinit2.o(.ARM.Collect$$libinit$$0000002E)
    __rt_lib_init_fp_trap_1                  0x08000231   Thumb Code     0  libinit2.o(.ARM.Collect$$libinit$$0000001D)
    __rt_lib_init_getenv_1                   0x08000231   Thumb Code     0  libinit2.o(.ARM.Collect$$libinit$$00000021)
    __rt_lib_init_lc_numeric_1               0x08000231   Thumb Code     0  libinit2.o(.ARM.Collect$$libinit$$00000015)
    __rt_lib_init_lc_time_1                  0x08000231   Thumb Code     0  libinit2.o(.ARM.Collect$$libinit$$00000017)
    __rt_lib_init_return                     0x08000231   Thumb Code     0  libinit2.o(.ARM.Collect$$libinit$$00000031)
    __rt_lib_init_signal_1                   0x08000231   Thumb Code     0  libinit2.o(.ARM.Collect$$libinit$$0000001B)
    __rt_lib_init_stdio_1                    0x08000231   Thumb Code     0  libinit2.o(.ARM.Collect$$libinit$$00000023)
    __rt_lib_shutdown                        0x08000233   Thumb Code     0  libshutdown.o(.ARM.Collect$$libshutdown$$00000000)
    __rt_lib_shutdown_fp_trap_1              0x08000235   Thumb Code     0  libshutdown2.o(.ARM.Collect$$libshutdown$$00000006)
    __rt_lib_shutdown_heap_1                 0x08000235   Thumb Code     0  libshutdown2.o(.ARM.Collect$$libshutdown$$0000000E)
    __rt_lib_shutdown_return                 0x08000235   Thumb Code     0  libshutdown2.o(.ARM.Collect$$libshutdown$$0000000F)
    __rt_lib_shutdown_signal_1               0x08000235   Thumb Code     0  libshutdown2.o(.ARM.Collect$$libshutdown$$00000009)
    __rt_lib_shutdown_stdio_1                0x08000235   Thumb Code     0  libshutdown2.o(.ARM.Collect$$libshutdown$$00000003)
    __rt_lib_shutdown_user_alloc_1           0x08000235   Thumb Code     0  libshutdown2.o(.ARM.Collect$$libshutdown$$0000000B)
    __rt_entry                               0x08000237   Thumb Code     0  rtentry.o(.ARM.Collect$$rtentry$$00000000)
    __rt_entry_presh_1                       0x08000237   Thumb Code     0  rtentry2.o(.ARM.Collect$$rtentry$$00000002)
    __rt_entry_sh                            0x08000237   Thumb Code     0  rtentry4.o(.ARM.Collect$$rtentry$$00000004)
    __rt_entry_li                            0x0800023d   Thumb Code     0  rtentry2.o(.ARM.Collect$$rtentry$$0000000A)
    __rt_entry_postsh_1                      0x0800023d   Thumb Code     0  rtentry2.o(.ARM.Collect$$rtentry$$00000009)
    __rt_entry_main                          0x08000241   Thumb Code     0  rtentry2.o(.ARM.Collect$$rtentry$$0000000D)
    __rt_entry_postli_1                      0x08000241   Thumb Code     0  rtentry2.o(.ARM.Collect$$rtentry$$0000000C)
    __rt_exit                                0x08000249   Thumb Code     0  rtexit.o(.ARM.Collect$$rtexit$$00000000)
    __rt_exit_ls                             0x0800024b   Thumb Code     0  rtexit2.o(.ARM.Collect$$rtexit$$00000003)
    __rt_exit_prels_1                        0x0800024b   Thumb Code     0  rtexit2.o(.ARM.Collect$$rtexit$$00000002)
    __rt_exit_exit                           0x0800024f   Thumb Code     0  rtexit2.o(.ARM.Collect$$rtexit$$00000004)
    Reset_Handler                            0x08000255   Thumb Code     8  startup_stm32f37x.o(.text)
    _maybe_terminate_alloc                   0x08000255   Thumb Code     0  maybetermalloc1.o(.emb_text)
    CAN1_RX0_IRQHandler                      0x0800026f   Thumb Code     0  startup_stm32f37x.o(.text)
    CAN1_RX1_IRQHandler                      0x0800026f   Thumb Code     0  startup_stm32f37x.o(.text)
    CAN1_SCE_IRQHandler                      0x0800026f   Thumb Code     0  startup_stm32f37x.o(.text)
    CAN1_TX_IRQHandler                       0x0800026f   Thumb Code     0  startup_stm32f37x.o(.text)
    CEC_IRQHandler                           0x0800026f   Thumb Code     0  startup_stm32f37x.o(.text)
    COMP_IRQHandler                          0x0800026f   Thumb Code     0  startup_stm32f37x.o(.text)
    DMA1_Channel1_IRQHandler                 0x0800026f   Thumb Code     0  startup_stm32f37x.o(.text)
    DMA1_Channel2_IRQHandler                 0x0800026f   Thumb Code     0  startup_stm32f37x.o(.text)
    DMA1_Channel3_IRQHandler                 0x0800026f   Thumb Code     0  startup_stm32f37x.o(.text)
    DMA1_Channel4_IRQHandler                 0x0800026f   Thumb Code     0  startup_stm32f37x.o(.text)
    DMA1_Channel5_IRQHandler                 0x0800026f   Thumb Code     0  startup_stm32f37x.o(.text)
    DMA1_Channel6_IRQHandler                 0x0800026f   Thumb Code     0  startup_stm32f37x.o(.text)
    DMA1_Channel7_IRQHandler                 0x0800026f   Thumb Code     0  startup_stm32f37x.o(.text)
    DMA2_Channel1_IRQHandler                 0x0800026f   Thumb Code     0  startup_stm32f37x.o(.text)
    DMA2_Channel2_IRQHandler                 0x0800026f   Thumb Code     0  startup_stm32f37x.o(.text)
    DMA2_Channel3_IRQHandler                 0x0800026f   Thumb Code     0  startup_stm32f37x.o(.text)
    DMA2_Channel4_IRQHandler                 0x0800026f   Thumb Code     0  startup_stm32f37x.o(.text)
    DMA2_Channel5_IRQHandler                 0x0800026f   Thumb Code     0  startup_stm32f37x.o(.text)
    EXTI0_IRQHandler                         0x0800026f   Thumb Code     0  startup_stm32f37x.o(.text)
    EXTI15_10_IRQHandler                     0x0800026f   Thumb Code     0  startup_stm32f37x.o(.text)
    EXTI1_IRQHandler                         0x0800026f   Thumb Code     0  startup_stm32f37x.o(.text)
    EXTI2_TS_IRQHandler                      0x0800026f   Thumb Code     0  startup_stm32f37x.o(.text)
    EXTI3_IRQHandler                         0x0800026f   Thumb Code     0  startup_stm32f37x.o(.text)
    EXTI4_IRQHandler                         0x0800026f   Thumb Code     0  startup_stm32f37x.o(.text)
    FLASH_IRQHandler                         0x0800026f   Thumb Code     0  startup_stm32f37x.o(.text)
    FPU_IRQHandler                           0x0800026f   Thumb Code     0  startup_stm32f37x.o(.text)
    I2C1_ER_IRQHandler                       0x0800026f   Thumb Code     0  startup_stm32f37x.o(.text)
    I2C1_EV_IRQHandler                       0x0800026f   Thumb Code     0  startup_stm32f37x.o(.text)
    I2C2_ER_IRQHandler                       0x0800026f   Thumb Code     0  startup_stm32f37x.o(.text)
    I2C2_EV_IRQHandler                       0x0800026f   Thumb Code     0  startup_stm32f37x.o(.text)
    PVD_IRQHandler                           0x0800026f   Thumb Code     0  startup_stm32f37x.o(.text)
    RCC_IRQHandler                           0x0800026f   Thumb Code     0  startup_stm32f37x.o(.text)
    SDADC2_IRQHandler                        0x0800026f   Thumb Code     0  startup_stm32f37x.o(.text)
    SDADC3_IRQHandler                        0x0800026f   Thumb Code     0  startup_stm32f37x.o(.text)
    SPI1_IRQHandler                          0x0800026f   Thumb Code     0  startup_stm32f37x.o(.text)
    SPI2_IRQHandler                          0x0800026f   Thumb Code     0  startup_stm32f37x.o(.text)
    SPI3_IRQHandler                          0x0800026f   Thumb Code     0  startup_stm32f37x.o(.text)
    TAMPER_STAMP_IRQHandler                  0x0800026f   Thumb Code     0  startup_stm32f37x.o(.text)
    TIM12_IRQHandler                         0x0800026f   Thumb Code     0  startup_stm32f37x.o(.text)
    TIM13_IRQHandler                         0x0800026f   Thumb Code     0  startup_stm32f37x.o(.text)
    TIM14_IRQHandler                         0x0800026f   Thumb Code     0  startup_stm32f37x.o(.text)
    TIM15_IRQHandler                         0x0800026f   Thumb Code     0  startup_stm32f37x.o(.text)
    TIM16_IRQHandler                         0x0800026f   Thumb Code     0  startup_stm32f37x.o(.text)
    TIM17_IRQHandler                         0x0800026f   Thumb Code     0  startup_stm32f37x.o(.text)
    TIM18_DAC2_IRQHandler                    0x0800026f   Thumb Code     0  startup_stm32f37x.o(.text)
    TIM19_IRQHandler                         0x0800026f   Thumb Code     0  startup_stm32f37x.o(.text)
    TIM2_IRQHandler                          0x0800026f   Thumb Code     0  startup_stm32f37x.o(.text)
    TIM3_IRQHandler                          0x0800026f   Thumb Code     0  startup_stm32f37x.o(.text)
    TIM5_IRQHandler                          0x0800026f   Thumb Code     0  startup_stm32f37x.o(.text)
    TIM6_DAC1_IRQHandler                     0x0800026f   Thumb Code     0  startup_stm32f37x.o(.text)
    TIM7_IRQHandler                          0x0800026f   Thumb Code     0  startup_stm32f37x.o(.text)
    USART1_IRQHandler                        0x0800026f   Thumb Code     0  startup_stm32f37x.o(.text)
    USART3_IRQHandler                        0x0800026f   Thumb Code     0  startup_stm32f37x.o(.text)
    USBWakeUp_IRQHandler                     0x0800026f   Thumb Code     0  startup_stm32f37x.o(.text)
    USB_HP_IRQHandler                        0x0800026f   Thumb Code     0  startup_stm32f37x.o(.text)
    USB_LP_IRQHandler                        0x0800026f   Thumb Code     0  startup_stm32f37x.o(.text)
    WWDG_IRQHandler                          0x0800026f   Thumb Code     0  startup_stm32f37x.o(.text)
    __user_initial_stackheap                 0x08000271   Thumb Code     0  startup_stm32f37x.o(.text)
    SystemInit                               0x0800034f   Thumb Code   110  system_stm32f37x.o(.text)
    SystemCoreClockUpdate                    0x080003bd   Thumb Code   138  system_stm32f37x.o(.text)
    NMI_Handler                              0x0800046d   Thumb Code     2  stm32f37x_it.o(.text)
    HardFault_Handler                        0x0800046f   Thumb Code    10  stm32f37x_it.o(.text)
    MemManage_Handler                        0x08000479   Thumb Code     4  stm32f37x_it.o(.text)
    BusFault_Handler                         0x0800047d   Thumb Code     4  stm32f37x_it.o(.text)
    UsageFault_Handler                       0x08000481   Thumb Code     4  stm32f37x_it.o(.text)
    SVC_Handler                              0x08000485   Thumb Code     2  stm32f37x_it.o(.text)
    DebugMon_Handler                         0x08000487   Thumb Code     2  stm32f37x_it.o(.text)
    PendSV_Handler                           0x08000489   Thumb Code     2  stm32f37x_it.o(.text)
    SysTick_Handler                          0x0800048b   Thumb Code     8  stm32f37x_it.o(.text)
    ADC1_IRQHandler                          0x08000493   Thumb Code     2  stm32f37x_it.o(.text)
    EXTI9_5_IRQHandler                       0x08000495   Thumb Code    26  stm32f37x_it.o(.text)
    SDADC1_IRQHandler                        0x080004af   Thumb Code    26  stm32f37x_it.o(.text)
    main                                     0x080004e1   Thumb Code   622  main.o(.text)
    SD_SPI_Init                              0x080008b9   Thumb Code   244  sd.o(.text)
    SD_WriteByte                             0x080009ad   Thumb Code    48  sd.o(.text)
    SD_SendCmd                               0x080009dd   Thumb Code    70  sd.o(.text)
    SD_ReadByte                              0x08000a23   Thumb Code    52  sd.o(.text)
    SD_GetResponse                           0x08000a57   Thumb Code    34  sd.o(.text)
    SD_GoIdleState                           0x08000a79   Thumb Code   110  sd.o(.text)
    SD_Init                                  0x08000ae7   Thumb Code    42  sd.o(.text)
    SD_GetCIDRegister                        0x08000b11   Thumb Code   264  sd.o(.text)
    SD_GetCSDRegister                        0x08000c19   Thumb Code   534  sd.o(.text)
    SD_GetCardInfo                           0x08000e2f   Thumb Code    62  sd.o(.text)
    SD_ReadBlock                             0x08000e6d   Thumb Code   108  sd.o(.text)
    SD_ReadMultiBlocks                       0x08000ed9   Thumb Code   144  sd.o(.text)
    SD_GetDataResponse                       0x08000f69   Thumb Code    76  sd.o(.text)
    SD_WriteBlock                            0x08000fb5   Thumb Code   120  sd.o(.text)
    SD_WriteMultiBlocks                      0x0800102d   Thumb Code   156  sd.o(.text)
    SD_GetStatus                             0x080010c9   Thumb Code    62  sd.o(.text)
    USART_Configuration                      0x08001109   Thumb Code   266  uart.o(.text)
    UART_send_byte                           0x08001213   Thumb Code    22  uart.o(.text)
    UART_Send                                0x08001229   Thumb Code    34  uart.o(.text)
    UART2_send_byte                          0x0800124b   Thumb Code    22  uart.o(.text)
    UART2_Send                               0x08001261   Thumb Code    34  uart.o(.text)
    UART_Recive                              0x08001283   Thumb Code    24  uart.o(.text)
    USART2_IRQHandler                        0x0800129b   Thumb Code   120  uart.o(.text)
    _ttywrch                                 0x08001313   Thumb Code     6  uart.o(.text)
    _sys_exit                                0x08001319   Thumb Code     6  uart.o(.text)
    fputc                                    0x0800131f   Thumb Code    32  uart.o(.text)
    SDADC1_Config                            0x08001355   Thumb Code   274  sdadc.o(.text)
    Delay_ms                                 0x08001475   Thumb Code    20  systick.o(.text)
    TimingDelay_Decrement                    0x08001489   Thumb Code    18  systick.o(.text)
    Systick_Init                             0x0800149b   Thumb Code    90  systick.o(.text)
    RTC_Set_Time                             0x08001505   Thumb Code    36  rtc.o(.text)
    RTC_Set_Date                             0x08001529   Thumb Code    36  rtc.o(.text)
    RTC_Set_WakeUp                           0x0800154d   Thumb Code   108  rtc.o(.text)
    My_RTC_Init                              0x080015b9   Thumb Code   146  rtc.o(.text)
    RTC_Set_AlarmA                           0x0800164b   Thumb Code   158  rtc.o(.text)
    RTC_Set_AlarmB                           0x080016e9   Thumb Code   158  rtc.o(.text)
    RTC_Alarm_IRQHandler                     0x08001787   Thumb Code    80  rtc.o(.text)
    RTC_WKUP_IRQHandler                      0x080017d7   Thumb Code    52  rtc.o(.text)
    camera_new_pathname                      0x0800180b   Thumb Code    66  rtc.o(.text)
    Date_read                                0x0800189d   Thumb Code   166  application.o(.text)
    set_alarm                                0x08001943   Thumb Code    36  application.o(.text)
    set_time                                 0x08001967   Thumb Code   128  application.o(.text)
    Command_msg_handler                      0x080019e7   Thumb Code    98  application.o(.text)
    timet_checking                           0x08001a49   Thumb Code   290  application.o(.text)
    command_msg_analysis                     0x08001b6b   Thumb Code  1696  application.o(.text)
    timet_compare                            0x0800220b   Thumb Code   582  application.o(.text)
    TIM_INT_Config                           0x08002451   Thumb Code    40  time.o(.text)
    TIM_OUT_Config                           0x08002479   Thumb Code   130  time.o(.text)
    TIM4_IRQHandler                          0x080024fb   Thumb Code   322  time.o(.text)
    SPI_I2S_DeInit                           0x08002691   Thumb Code    76  stm32f37x_spi.o(.text)
    SPI_StructInit                           0x080026dd   Thumb Code    30  stm32f37x_spi.o(.text)
    SPI_Init                                 0x080026fb   Thumb Code    80  stm32f37x_spi.o(.text)
    I2S_StructInit                           0x0800274b   Thumb Code    20  stm32f37x_spi.o(.text)
    I2S_Init                                 0x0800275f   Thumb Code   216  stm32f37x_spi.o(.text)
    SPI_Cmd                                  0x08002837   Thumb Code    24  stm32f37x_spi.o(.text)
    SPI_TIModeCmd                            0x0800284f   Thumb Code    24  stm32f37x_spi.o(.text)
    I2S_Cmd                                  0x08002867   Thumb Code    24  stm32f37x_spi.o(.text)
    SPI_DataSizeConfig                       0x0800287f   Thumb Code    18  stm32f37x_spi.o(.text)
    SPI_RxFIFOThresholdConfig                0x08002891   Thumb Code    18  stm32f37x_spi.o(.text)
    SPI_BiDirectionalLineConfig              0x080028a3   Thumb Code    28  stm32f37x_spi.o(.text)
    SPI_NSSInternalSoftwareConfig            0x080028bf   Thumb Code    30  stm32f37x_spi.o(.text)
    SPI_SSOutputCmd                          0x080028dd   Thumb Code    24  stm32f37x_spi.o(.text)
    SPI_NSSPulseModeCmd                      0x080028f5   Thumb Code    24  stm32f37x_spi.o(.text)
    SPI_SendData8                            0x0800290d   Thumb Code    10  stm32f37x_spi.o(.text)
    SPI_I2S_SendData16                       0x08002917   Thumb Code     4  stm32f37x_spi.o(.text)
    SPI_ReceiveData8                         0x0800291b   Thumb Code    12  stm32f37x_spi.o(.text)
    SPI_I2S_ReceiveData16                    0x08002927   Thumb Code     6  stm32f37x_spi.o(.text)
    SPI_CRCLengthConfig                      0x0800292d   Thumb Code    18  stm32f37x_spi.o(.text)
    SPI_CalculateCRC                         0x0800293f   Thumb Code    24  stm32f37x_spi.o(.text)
    SPI_TransmitCRC                          0x08002957   Thumb Code    10  stm32f37x_spi.o(.text)
    SPI_GetCRC                               0x08002961   Thumb Code    16  stm32f37x_spi.o(.text)
    SPI_GetCRCPolynomial                     0x08002971   Thumb Code     6  stm32f37x_spi.o(.text)
    SPI_I2S_DMACmd                           0x08002977   Thumb Code    18  stm32f37x_spi.o(.text)
    SPI_LastDMATransferCmd                   0x08002989   Thumb Code    18  stm32f37x_spi.o(.text)
    SPI_I2S_ITConfig                         0x0800299b   Thumb Code    32  stm32f37x_spi.o(.text)
    SPI_GetTransmissionFIFOStatus            0x080029bb   Thumb Code    10  stm32f37x_spi.o(.text)
    SPI_GetReceptionFIFOStatus               0x080029c5   Thumb Code    10  stm32f37x_spi.o(.text)
    SPI_I2S_GetFlagStatus                    0x080029cf   Thumb Code    18  stm32f37x_spi.o(.text)
    SPI_I2S_ClearFlag                        0x080029e1   Thumb Code     6  stm32f37x_spi.o(.text)
    SPI_I2S_GetITStatus                      0x080029e7   Thumb Code    52  stm32f37x_spi.o(.text)
    GPIO_DeInit                              0x08002a29   Thumb Code   154  stm32f37x_gpio.o(.text)
    GPIO_Init                                0x08002ac3   Thumb Code   144  stm32f37x_gpio.o(.text)
    GPIO_StructInit                          0x08002b53   Thumb Code    22  stm32f37x_gpio.o(.text)
    GPIO_PinLockConfig                       0x08002b69   Thumb Code    34  stm32f37x_gpio.o(.text)
    GPIO_ReadInputDataBit                    0x08002b8b   Thumb Code    18  stm32f37x_gpio.o(.text)
    GPIO_ReadInputData                       0x08002b9d   Thumb Code     6  stm32f37x_gpio.o(.text)
    GPIO_ReadOutputDataBit                   0x08002ba3   Thumb Code    18  stm32f37x_gpio.o(.text)
    GPIO_ReadOutputData                      0x08002bb5   Thumb Code     6  stm32f37x_gpio.o(.text)
    GPIO_SetBits                             0x08002bbb   Thumb Code     4  stm32f37x_gpio.o(.text)
    GPIO_ResetBits                           0x08002bbf   Thumb Code     4  stm32f37x_gpio.o(.text)
    GPIO_WriteBit                            0x08002bc3   Thumb Code    10  stm32f37x_gpio.o(.text)
    GPIO_Write                               0x08002bcd   Thumb Code     4  stm32f37x_gpio.o(.text)
    GPIO_PinAFConfig                         0x08002bd1   Thumb Code    70  stm32f37x_gpio.o(.text)
    RCC_DeInit                               0x08002c2d   Thumb Code    82  stm32f37x_rcc.o(.text)
    RCC_HSEConfig                            0x08002c7f   Thumb Code    12  stm32f37x_rcc.o(.text)
    RCC_GetFlagStatus                        0x08002c8b   Thumb Code    54  stm32f37x_rcc.o(.text)
    RCC_WaitForHSEStartUp                    0x08002cc1   Thumb Code    56  stm32f37x_rcc.o(.text)
    RCC_AdjustHSICalibrationValue            0x08002cf9   Thumb Code    20  stm32f37x_rcc.o(.text)
    RCC_HSICmd                               0x08002d0d   Thumb Code     6  stm32f37x_rcc.o(.text)
    RCC_LSEConfig                            0x08002d13   Thumb Code    32  stm32f37x_rcc.o(.text)
    RCC_LSEDriveConfig                       0x08002d33   Thumb Code    22  stm32f37x_rcc.o(.text)
    RCC_LSICmd                               0x08002d49   Thumb Code     6  stm32f37x_rcc.o(.text)
    RCC_PLLConfig                            0x08002d4f   Thumb Code    28  stm32f37x_rcc.o(.text)
    RCC_PLLCmd                               0x08002d6b   Thumb Code     6  stm32f37x_rcc.o(.text)
    RCC_PREDIV1Config                        0x08002d71   Thumb Code    18  stm32f37x_rcc.o(.text)
    RCC_ClockSecuritySystemCmd               0x08002d83   Thumb Code     6  stm32f37x_rcc.o(.text)
    RCC_MCOConfig                            0x08002d89   Thumb Code     6  stm32f37x_rcc.o(.text)
    RCC_SYSCLKConfig                         0x08002d8f   Thumb Code    18  stm32f37x_rcc.o(.text)
    RCC_GetSYSCLKSource                      0x08002da1   Thumb Code    10  stm32f37x_rcc.o(.text)
    RCC_HCLKConfig                           0x08002dab   Thumb Code    18  stm32f37x_rcc.o(.text)
    RCC_PCLK1Config                          0x08002dbd   Thumb Code    18  stm32f37x_rcc.o(.text)
    RCC_PCLK2Config                          0x08002dcf   Thumb Code    20  stm32f37x_rcc.o(.text)
    RCC_ADCCLKConfig                         0x08002de3   Thumb Code    22  stm32f37x_rcc.o(.text)
    RCC_SDADCCLKConfig                       0x08002df9   Thumb Code    22  stm32f37x_rcc.o(.text)
    RCC_CECCLKConfig                         0x08002e0f   Thumb Code    22  stm32f37x_rcc.o(.text)
    RCC_I2CCLKConfig                         0x08002e25   Thumb Code    44  stm32f37x_rcc.o(.text)
    RCC_USARTCLKConfig                       0x08002e51   Thumb Code    76  stm32f37x_rcc.o(.text)
    RCC_USBCLKConfig                         0x08002e9d   Thumb Code     6  stm32f37x_rcc.o(.text)
    RCC_GetClocksFreq                        0x08002ea3   Thumb Code   548  stm32f37x_rcc.o(.text)
    RCC_RTCCLKConfig                         0x080030c7   Thumb Code    12  stm32f37x_rcc.o(.text)
    RCC_RTCCLKCmd                            0x080030d3   Thumb Code     6  stm32f37x_rcc.o(.text)
    RCC_BackupResetCmd                       0x080030d9   Thumb Code     8  stm32f37x_rcc.o(.text)
    RCC_AHBPeriphClockCmd                    0x080030e1   Thumb Code    26  stm32f37x_rcc.o(.text)
    RCC_APB2PeriphClockCmd                   0x080030fb   Thumb Code    26  stm32f37x_rcc.o(.text)
    RCC_APB1PeriphClockCmd                   0x08003115   Thumb Code    26  stm32f37x_rcc.o(.text)
    RCC_AHBPeriphResetCmd                    0x0800312f   Thumb Code    26  stm32f37x_rcc.o(.text)
    RCC_APB2PeriphResetCmd                   0x08003149   Thumb Code    26  stm32f37x_rcc.o(.text)
    RCC_APB1PeriphResetCmd                   0x08003163   Thumb Code    26  stm32f37x_rcc.o(.text)
    RCC_ITConfig                             0x0800317d   Thumb Code    26  stm32f37x_rcc.o(.text)
    RCC_ClearFlag                            0x08003197   Thumb Code    14  stm32f37x_rcc.o(.text)
    RCC_GetITStatus                          0x080031a5   Thumb Code    20  stm32f37x_rcc.o(.text)
    RCC_ClearITPendingBit                    0x080031b9   Thumb Code     6  stm32f37x_rcc.o(.text)
    USART_DeInit                             0x080031cd   Thumb Code    82  stm32f37x_usart.o(.text)
    USART_Init                               0x0800321f   Thumb Code   196  stm32f37x_usart.o(.text)
    USART_StructInit                         0x080032e3   Thumb Code    24  stm32f37x_usart.o(.text)
    USART_ClockInit                          0x080032fb   Thumb Code    30  stm32f37x_usart.o(.text)
    USART_ClockStructInit                    0x08003319   Thumb Code    12  stm32f37x_usart.o(.text)
    USART_Cmd                                0x08003325   Thumb Code    22  stm32f37x_usart.o(.text)
    USART_DirectionModeCmd                   0x0800333b   Thumb Code    18  stm32f37x_usart.o(.text)
    USART_OverSampling8Cmd                   0x0800334d   Thumb Code    22  stm32f37x_usart.o(.text)
    USART_OneBitMethodCmd                    0x08003363   Thumb Code    22  stm32f37x_usart.o(.text)
    USART_MSBFirstCmd                        0x08003379   Thumb Code    22  stm32f37x_usart.o(.text)
    USART_DataInvCmd                         0x0800338f   Thumb Code    22  stm32f37x_usart.o(.text)
    USART_InvPinCmd                          0x080033a5   Thumb Code    18  stm32f37x_usart.o(.text)
    USART_SWAPPinCmd                         0x080033b7   Thumb Code    22  stm32f37x_usart.o(.text)
    USART_ReceiverTimeOutCmd                 0x080033cd   Thumb Code    22  stm32f37x_usart.o(.text)
    USART_SetReceiverTimeOut                 0x080033e3   Thumb Code    16  stm32f37x_usart.o(.text)
    USART_SetPrescaler                       0x080033f3   Thumb Code    16  stm32f37x_usart.o(.text)
    USART_STOPModeCmd                        0x08003403   Thumb Code    22  stm32f37x_usart.o(.text)
    USART_StopModeWakeUpSourceConfig         0x08003419   Thumb Code    16  stm32f37x_usart.o(.text)
    USART_AutoBaudRateCmd                    0x08003429   Thumb Code    22  stm32f37x_usart.o(.text)
    USART_AutoBaudRateConfig                 0x0800343f   Thumb Code    16  stm32f37x_usart.o(.text)
    USART_SendData                           0x0800344f   Thumb Code     8  stm32f37x_usart.o(.text)
    USART_ReceiveData                        0x08003457   Thumb Code    10  stm32f37x_usart.o(.text)
    USART_SetAddress                         0x08003461   Thumb Code    18  stm32f37x_usart.o(.text)
    USART_MuteModeCmd                        0x08003473   Thumb Code    22  stm32f37x_usart.o(.text)
    USART_MuteModeWakeUpConfig               0x08003489   Thumb Code    16  stm32f37x_usart.o(.text)
    USART_AddressDetectionConfig             0x08003499   Thumb Code    16  stm32f37x_usart.o(.text)
    USART_LINBreakDetectLengthConfig         0x080034a9   Thumb Code    16  stm32f37x_usart.o(.text)
    USART_LINCmd                             0x080034b9   Thumb Code    22  stm32f37x_usart.o(.text)
    USART_HalfDuplexCmd                      0x080034cf   Thumb Code    22  stm32f37x_usart.o(.text)
    USART_SetGuardTime                       0x080034e5   Thumb Code    16  stm32f37x_usart.o(.text)
    USART_SmartCardCmd                       0x080034f5   Thumb Code    22  stm32f37x_usart.o(.text)
    USART_SmartCardNACKCmd                   0x0800350b   Thumb Code    22  stm32f37x_usart.o(.text)
    USART_SetAutoRetryCount                  0x08003521   Thumb Code    18  stm32f37x_usart.o(.text)
    USART_SetBlockLength                     0x08003533   Thumb Code    18  stm32f37x_usart.o(.text)
    USART_IrDAConfig                         0x08003545   Thumb Code    16  stm32f37x_usart.o(.text)
    USART_IrDACmd                            0x08003555   Thumb Code    22  stm32f37x_usart.o(.text)
    USART_DECmd                              0x0800356b   Thumb Code    22  stm32f37x_usart.o(.text)
    USART_DEPolarityConfig                   0x08003581   Thumb Code    16  stm32f37x_usart.o(.text)
    USART_SetDEAssertionTime                 0x08003591   Thumb Code    18  stm32f37x_usart.o(.text)
    USART_SetDEDeassertionTime               0x080035a3   Thumb Code    30  stm32f37x_usart.o(.text)
    USART_DMACmd                             0x080035c1   Thumb Code    18  stm32f37x_usart.o(.text)
    USART_DMAReceptionErrorConfig            0x080035d3   Thumb Code    16  stm32f37x_usart.o(.text)
    USART_ITConfig                           0x080035e3   Thumb Code    58  stm32f37x_usart.o(.text)
    USART_RequestCmd                         0x0800361d   Thumb Code    18  stm32f37x_usart.o(.text)
    USART_OverrunDetectionConfig             0x0800362f   Thumb Code    16  stm32f37x_usart.o(.text)
    USART_GetFlagStatus                      0x0800363f   Thumb Code    18  stm32f37x_usart.o(.text)
    USART_ClearFlag                          0x08003651   Thumb Code     4  stm32f37x_usart.o(.text)
    USART_GetITStatus                        0x08003655   Thumb Code    74  stm32f37x_usart.o(.text)
    USART_ClearITPendingBit                  0x0800369f   Thumb Code    18  stm32f37x_usart.o(.text)
    EXTI_DeInit                              0x080036b1   Thumb Code    34  stm32f37x_exti.o(.text)
    EXTI_Init                                0x080036d3   Thumb Code   142  stm32f37x_exti.o(.text)
    EXTI_StructInit                          0x08003761   Thumb Code    16  stm32f37x_exti.o(.text)
    EXTI_GenerateSWInterrupt                 0x08003771   Thumb Code    16  stm32f37x_exti.o(.text)
    EXTI_GetFlagStatus                       0x08003781   Thumb Code    22  stm32f37x_exti.o(.text)
    EXTI_ClearFlag                           0x08003797   Thumb Code     8  stm32f37x_exti.o(.text)
    EXTI_GetITStatus                         0x0800379f   Thumb Code    34  stm32f37x_exti.o(.text)
    EXTI_ClearITPendingBit                   0x080037c1   Thumb Code     8  stm32f37x_exti.o(.text)
    NVIC_PriorityGroupConfig                 0x080037cd   Thumb Code    10  stm32f37x_misc.o(.text)
    NVIC_Init                                0x080037d7   Thumb Code   102  stm32f37x_misc.o(.text)
    NVIC_SetVectorTable                      0x0800383d   Thumb Code    14  stm32f37x_misc.o(.text)
    NVIC_SystemLPConfig                      0x0800384b   Thumb Code    34  stm32f37x_misc.o(.text)
    SysTick_CLKSourceConfig                  0x0800386d   Thumb Code    40  stm32f37x_misc.o(.text)
    RTC_WaitForSynchro                       0x080038a9   Thumb Code    92  stm32f37x_rtc.o(.text)
    RTC_EnterInitMode                        0x08003905   Thumb Code    84  stm32f37x_rtc.o(.text)
    RTC_DeInit                               0x08003959   Thumb Code   200  stm32f37x_rtc.o(.text)
    RTC_ExitInitMode                         0x08003a21   Thumb Code    18  stm32f37x_rtc.o(.text)
    RTC_Init                                 0x08003a33   Thumb Code    94  stm32f37x_rtc.o(.text)
    RTC_StructInit                           0x08003a91   Thumb Code    14  stm32f37x_rtc.o(.text)
    RTC_WriteProtectionCmd                   0x08003a9f   Thumb Code    22  stm32f37x_rtc.o(.text)
    RTC_RefClockCmd                          0x08003ab5   Thumb Code    76  stm32f37x_rtc.o(.text)
    RTC_BypassShadowCmd                      0x08003b01   Thumb Code    54  stm32f37x_rtc.o(.text)
    RTC_SetTime                              0x08003b69   Thumb Code   200  stm32f37x_rtc.o(.text)
    RTC_TimeStructInit                       0x08003c31   Thumb Code    12  stm32f37x_rtc.o(.text)
    RTC_GetTime                              0x08003c3d   Thumb Code    74  stm32f37x_rtc.o(.text)
    RTC_GetSubSecond                         0x08003c87   Thumb Code    30  stm32f37x_rtc.o(.text)
    RTC_SetDate                              0x08003ca5   Thumb Code   190  stm32f37x_rtc.o(.text)
    RTC_DateStructInit                       0x08003d63   Thumb Code    14  stm32f37x_rtc.o(.text)
    RTC_GetDate                              0x08003d71   Thumb Code    74  stm32f37x_rtc.o(.text)
    RTC_SetAlarm                             0x08003dbb   Thumb Code   230  stm32f37x_rtc.o(.text)
    RTC_AlarmStructInit                      0x08003ea1   Thumb Code    22  stm32f37x_rtc.o(.text)
    RTC_GetAlarm                             0x08003eb7   Thumb Code   114  stm32f37x_rtc.o(.text)
    RTC_AlarmCmd                             0x08003f29   Thumb Code   112  stm32f37x_rtc.o(.text)
    RTC_AlarmSubSecondConfig                 0x08003f99   Thumb Code    46  stm32f37x_rtc.o(.text)
    RTC_GetAlarmSubSecond                    0x08003fc7   Thumb Code    34  stm32f37x_rtc.o(.text)
    RTC_WakeUpClockConfig                    0x08003fe9   Thumb Code    42  stm32f37x_rtc.o(.text)
    RTC_SetWakeUpCounter                     0x08004013   Thumb Code    22  stm32f37x_rtc.o(.text)
    RTC_GetWakeUpCounter                     0x08004029   Thumb Code    10  stm32f37x_rtc.o(.text)
    RTC_WakeUpCmd                            0x08004033   Thumb Code   116  stm32f37x_rtc.o(.text)
    RTC_DayLightSavingConfig                 0x080040a7   Thumb Code    50  stm32f37x_rtc.o(.text)
    RTC_GetStoreOperation                    0x080040d9   Thumb Code    12  stm32f37x_rtc.o(.text)
    RTC_OutputConfig                         0x080040e5   Thumb Code    60  stm32f37x_rtc.o(.text)
    RTC_CalibOutputCmd                       0x08004121   Thumb Code    54  stm32f37x_rtc.o(.text)
    RTC_CalibOutputConfig                    0x08004157   Thumb Code    42  stm32f37x_rtc.o(.text)
    RTC_SmoothCalibConfig                    0x08004181   Thumb Code    90  stm32f37x_rtc.o(.text)
    RTC_TimeStampCmd                         0x080041db   Thumb Code    54  stm32f37x_rtc.o(.text)
    RTC_GetTimeStamp                         0x08004211   Thumb Code   144  stm32f37x_rtc.o(.text)
    RTC_GetTimeStampSubSecond                0x080042a1   Thumb Code     8  stm32f37x_rtc.o(.text)
    RTC_TamperTriggerConfig                  0x080042a9   Thumb Code    38  stm32f37x_rtc.o(.text)
    RTC_TamperCmd                            0x080042cf   Thumb Code    34  stm32f37x_rtc.o(.text)
    RTC_TamperFilterConfig                   0x080042f1   Thumb Code    26  stm32f37x_rtc.o(.text)
    RTC_TamperSamplingFreqConfig             0x0800430b   Thumb Code    26  stm32f37x_rtc.o(.text)
    RTC_TamperPinsPrechargeDuration          0x08004325   Thumb Code    26  stm32f37x_rtc.o(.text)
    RTC_TimeStampOnTamperDetectionCmd        0x0800433f   Thumb Code    38  stm32f37x_rtc.o(.text)
    RTC_TamperPullUpCmd                      0x08004365   Thumb Code    38  stm32f37x_rtc.o(.text)
    RTC_WriteBackupRegister                  0x0800438b   Thumb Code    26  stm32f37x_rtc.o(.text)
    RTC_ReadBackupRegister                   0x080043a5   Thumb Code    28  stm32f37x_rtc.o(.text)
    RTC_OutputTypeConfig                     0x080043c1   Thumb Code    26  stm32f37x_rtc.o(.text)
    RTC_SynchroShiftConfig                   0x080043db   Thumb Code   118  stm32f37x_rtc.o(.text)
    RTC_ITConfig                             0x08004451   Thumb Code    94  stm32f37x_rtc.o(.text)
    RTC_GetFlagStatus                        0x080044af   Thumb Code    32  stm32f37x_rtc.o(.text)
    RTC_ClearFlag                            0x080044cf   Thumb Code    30  stm32f37x_rtc.o(.text)
    RTC_GetITStatus                          0x080044ed   Thumb Code    86  stm32f37x_rtc.o(.text)
    RTC_ClearITPendingBit                    0x08004543   Thumb Code    28  stm32f37x_rtc.o(.text)
    SDADC_DeInit                             0x08004565   Thumb Code    76  stm32f37x_sdadc.o(.text)
    SDADC_Init                               0x080045b1   Thumb Code    34  stm32f37x_sdadc.o(.text)
    SDADC_StructInit                         0x080045d3   Thumb Code    12  stm32f37x_sdadc.o(.text)
    SDADC_AINInit                            0x080045df   Thumb Code    30  stm32f37x_sdadc.o(.text)
    SDADC_AINStructInit                      0x080045fd   Thumb Code    12  stm32f37x_sdadc.o(.text)
    SDADC_ChannelConfig                      0x08004609   Thumb Code    30  stm32f37x_sdadc.o(.text)
    SDADC_Cmd                                0x08004627   Thumb Code    22  stm32f37x_sdadc.o(.text)
    SDADC_InitModeCmd                        0x0800463d   Thumb Code    22  stm32f37x_sdadc.o(.text)
    SDADC_FastConversionCmd                  0x08004653   Thumb Code    22  stm32f37x_sdadc.o(.text)
    SDADC_VREFSelect                         0x08004669   Thumb Code    16  stm32f37x_sdadc.o(.text)
    SDADC_CalibrationSequenceConfig          0x08004679   Thumb Code    14  stm32f37x_sdadc.o(.text)
    SDADC_StartCalibration                   0x08004687   Thumb Code    10  stm32f37x_sdadc.o(.text)
    SDADC_ChannelSelect                      0x08004691   Thumb Code    18  stm32f37x_sdadc.o(.text)
    SDADC_ContinuousModeCmd                  0x080046a3   Thumb Code    22  stm32f37x_sdadc.o(.text)
    SDADC_SoftwareStartConv                  0x080046b9   Thumb Code    10  stm32f37x_sdadc.o(.text)
    SDADC_GetConversionValue                 0x080046c3   Thumb Code     8  stm32f37x_sdadc.o(.text)
    SDADC_RegularSynchroSDADC1               0x080046cb   Thumb Code    22  stm32f37x_sdadc.o(.text)
    SDADC_GetConversionSDADC12Value          0x080046e1   Thumb Code     6  stm32f37x_sdadc.o(.text)
    SDADC_GetConversionSDADC13Value          0x080046e7   Thumb Code     6  stm32f37x_sdadc.o(.text)
    SDADC_SoftwareStartInjectedConv          0x080046ed   Thumb Code    10  stm32f37x_sdadc.o(.text)
    SDADC_InjectedChannelSelect              0x080046f7   Thumb Code     6  stm32f37x_sdadc.o(.text)
    SDADC_DelayStartInjectedConvCmd          0x080046fd   Thumb Code    22  stm32f37x_sdadc.o(.text)
    SDADC_InjectedContinuousModeCmd          0x08004713   Thumb Code    22  stm32f37x_sdadc.o(.text)
    SDADC_ExternalTrigInjectedConvConfig     0x08004729   Thumb Code    16  stm32f37x_sdadc.o(.text)
    SDADC_ExternalTrigInjectedConvEdgeConfig 0x08004739   Thumb Code    16  stm32f37x_sdadc.o(.text)
    SDADC_GetInjectedChannel                 0x08004749   Thumb Code    18  stm32f37x_sdadc.o(.text)
    SDADC_GetInjectedConversionValue         0x0800475b   Thumb Code    30  stm32f37x_sdadc.o(.text)
    SDADC_InjectedSynchroSDADC1              0x08004779   Thumb Code    22  stm32f37x_sdadc.o(.text)
    SDADC_GetInjectedConversionSDADC12Value  0x0800478f   Thumb Code     6  stm32f37x_sdadc.o(.text)
    SDADC_GetInjectedConversionSDADC13Value  0x08004795   Thumb Code     6  stm32f37x_sdadc.o(.text)
    SDADC_PowerDownCmd                       0x0800479b   Thumb Code    22  stm32f37x_sdadc.o(.text)
    SDADC_StandbyCmd                         0x080047b1   Thumb Code    22  stm32f37x_sdadc.o(.text)
    SDADC_SlowClockCmd                       0x080047c7   Thumb Code    22  stm32f37x_sdadc.o(.text)
    SDADC_DMAConfig                          0x080047dd   Thumb Code    18  stm32f37x_sdadc.o(.text)
    SDADC_ITConfig                           0x080047ef   Thumb Code    18  stm32f37x_sdadc.o(.text)
    SDADC_GetFlagStatus                      0x08004801   Thumb Code    18  stm32f37x_sdadc.o(.text)
    SDADC_ClearFlag                          0x08004813   Thumb Code     8  stm32f37x_sdadc.o(.text)
    SDADC_GetITStatus                        0x0800481b   Thumb Code    34  stm32f37x_sdadc.o(.text)
    SDADC_ClearITPendingBit                  0x0800483d   Thumb Code     8  stm32f37x_sdadc.o(.text)
    PWR_DeInit                               0x08004859   Thumb Code    22  stm32f37x_pwr.o(.text)
    PWR_BackupAccessCmd                      0x0800486f   Thumb Code     6  stm32f37x_pwr.o(.text)
    PWR_PVDLevelConfig                       0x08004875   Thumb Code    18  stm32f37x_pwr.o(.text)
    PWR_PVDCmd                               0x08004887   Thumb Code     6  stm32f37x_pwr.o(.text)
    PWR_WakeUpPinCmd                         0x0800488d   Thumb Code    26  stm32f37x_pwr.o(.text)
    PWR_SDADCAnalogCmd                       0x080048a7   Thumb Code    26  stm32f37x_pwr.o(.text)
    PWR_EnterSleepMode                       0x080048c1   Thumb Code    24  stm32f37x_pwr.o(.text)
    PWR_EnterSTOPMode                        0x080048d9   Thumb Code    54  stm32f37x_pwr.o(.text)
    PWR_EnterSTANDBYMode                     0x0800490f   Thumb Code    42  stm32f37x_pwr.o(.text)
    PWR_GetFlagStatus                        0x08004939   Thumb Code    20  stm32f37x_pwr.o(.text)
    PWR_ClearFlag                            0x0800494d   Thumb Code    14  stm32f37x_pwr.o(.text)
    TIM_DeInit                               0x08004969   Thumb Code   348  stm32f37x_tim.o(.text)
    TIM_TimeBaseInit                         0x08004ac5   Thumb Code   110  stm32f37x_tim.o(.text)
    TIM_TimeBaseStructInit                   0x08004b33   Thumb Code    18  stm32f37x_tim.o(.text)
    TIM_PrescalerConfig                      0x08004b45   Thumb Code     6  stm32f37x_tim.o(.text)
    TIM_CounterModeConfig                    0x08004b4b   Thumb Code    18  stm32f37x_tim.o(.text)
    TIM_SetCounter                           0x08004b5d   Thumb Code     4  stm32f37x_tim.o(.text)
    TIM_SetAutoreload                        0x08004b61   Thumb Code     4  stm32f37x_tim.o(.text)
    TIM_GetCounter                           0x08004b65   Thumb Code     6  stm32f37x_tim.o(.text)
    TIM_GetPrescaler                         0x08004b6b   Thumb Code     6  stm32f37x_tim.o(.text)
    TIM_UpdateDisableConfig                  0x08004b71   Thumb Code    24  stm32f37x_tim.o(.text)
    TIM_UpdateRequestConfig                  0x08004b89   Thumb Code    24  stm32f37x_tim.o(.text)
    TIM_ARRPreloadConfig                     0x08004ba1   Thumb Code    24  stm32f37x_tim.o(.text)
    TIM_SelectOnePulseMode                   0x08004bb9   Thumb Code    18  stm32f37x_tim.o(.text)
    TIM_SetClockDivision                     0x08004bcb   Thumb Code    18  stm32f37x_tim.o(.text)
    TIM_Cmd                                  0x08004bdd   Thumb Code    24  stm32f37x_tim.o(.text)
    TIM_BDTRConfig                           0x08004bf5   Thumb Code    38  stm32f37x_tim.o(.text)
    TIM_BDTRStructInit                       0x08004c1b   Thumb Code    18  stm32f37x_tim.o(.text)
    TIM_CtrlPWMOutputs                       0x08004c2d   Thumb Code    30  stm32f37x_tim.o(.text)
    TIM_OC1Init                              0x08004c4b   Thumb Code   120  stm32f37x_tim.o(.text)
    TIM_OC2Init                              0x08004cc3   Thumb Code    82  stm32f37x_tim.o(.text)
    TIM_OC3Init                              0x08004d15   Thumb Code   132  stm32f37x_tim.o(.text)
    TIM_OC4Init                              0x08004d99   Thumb Code    82  stm32f37x_tim.o(.text)
    TIM_OCStructInit                         0x08004deb   Thumb Code    20  stm32f37x_tim.o(.text)
    TIM_SelectOCxM                           0x08004dff   Thumb Code    82  stm32f37x_tim.o(.text)
    TIM_SetCompare1                          0x08004e51   Thumb Code     4  stm32f37x_tim.o(.text)
    TIM_SetCompare2                          0x08004e55   Thumb Code     4  stm32f37x_tim.o(.text)
    TIM_SetCompare3                          0x08004e59   Thumb Code     4  stm32f37x_tim.o(.text)
    TIM_SetCompare4                          0x08004e5d   Thumb Code     4  stm32f37x_tim.o(.text)
    TIM_ForcedOC1Config                      0x08004e61   Thumb Code    18  stm32f37x_tim.o(.text)
    TIM_ForcedOC2Config                      0x08004e73   Thumb Code    26  stm32f37x_tim.o(.text)
    TIM_ForcedOC3Config                      0x08004e8d   Thumb Code    18  stm32f37x_tim.o(.text)
    TIM_ForcedOC4Config                      0x08004e9f   Thumb Code    26  stm32f37x_tim.o(.text)
    TIM_CCPreloadControl                     0x08004eb9   Thumb Code    24  stm32f37x_tim.o(.text)
    TIM_OC1PreloadConfig                     0x08004ed1   Thumb Code    18  stm32f37x_tim.o(.text)
    TIM_OC2PreloadConfig                     0x08004ee3   Thumb Code    26  stm32f37x_tim.o(.text)
    TIM_OC3PreloadConfig                     0x08004efd   Thumb Code    18  stm32f37x_tim.o(.text)
    TIM_OC4PreloadConfig                     0x08004f0f   Thumb Code    26  stm32f37x_tim.o(.text)
    TIM_OC1FastConfig                        0x08004f29   Thumb Code    18  stm32f37x_tim.o(.text)
    TIM_OC2FastConfig                        0x08004f3b   Thumb Code    26  stm32f37x_tim.o(.text)
    TIM_OC3FastConfig                        0x08004f55   Thumb Code    18  stm32f37x_tim.o(.text)
    TIM_OC4FastConfig                        0x08004f67   Thumb Code    26  stm32f37x_tim.o(.text)
    TIM_ClearOC1Ref                          0x08004f81   Thumb Code    18  stm32f37x_tim.o(.text)
    TIM_ClearOC2Ref                          0x08004f93   Thumb Code    24  stm32f37x_tim.o(.text)
    TIM_ClearOC3Ref                          0x08004fab   Thumb Code    18  stm32f37x_tim.o(.text)
    TIM_ClearOC4Ref                          0x08004fbd   Thumb Code    24  stm32f37x_tim.o(.text)
    TIM_OC1PolarityConfig                    0x08004fd5   Thumb Code    18  stm32f37x_tim.o(.text)
    TIM_OC1NPolarityConfig                   0x08004fe7   Thumb Code    18  stm32f37x_tim.o(.text)
    TIM_OC2PolarityConfig                    0x08004ff9   Thumb Code    26  stm32f37x_tim.o(.text)
    TIM_OC3PolarityConfig                    0x08005013   Thumb Code    26  stm32f37x_tim.o(.text)
    TIM_OC4PolarityConfig                    0x0800502d   Thumb Code    26  stm32f37x_tim.o(.text)
    TIM_SelectOCREFClear                     0x08005047   Thumb Code    18  stm32f37x_tim.o(.text)
    TIM_CCxCmd                               0x08005059   Thumb Code    30  stm32f37x_tim.o(.text)
    TIM_CCxNCmd                              0x08005077   Thumb Code    30  stm32f37x_tim.o(.text)
    TIM_SelectCOM                            0x08005095   Thumb Code    24  stm32f37x_tim.o(.text)
    TIM_SetIC4Prescaler                      0x080050ad   Thumb Code    26  stm32f37x_tim.o(.text)
    TIM_SetIC3Prescaler                      0x08005117   Thumb Code    18  stm32f37x_tim.o(.text)
    TIM_SetIC2Prescaler                      0x08005171   Thumb Code    26  stm32f37x_tim.o(.text)
    TIM_SetIC1Prescaler                      0x080051db   Thumb Code    18  stm32f37x_tim.o(.text)
    TIM_ICInit                               0x08005227   Thumb Code   110  stm32f37x_tim.o(.text)
    TIM_ICStructInit                         0x08005295   Thumb Code    18  stm32f37x_tim.o(.text)
    TIM_PWMIConfig                           0x080052a7   Thumb Code   124  stm32f37x_tim.o(.text)
    TIM_GetCapture1                          0x08005323   Thumb Code     6  stm32f37x_tim.o(.text)
    TIM_GetCapture2                          0x08005329   Thumb Code     6  stm32f37x_tim.o(.text)
    TIM_GetCapture3                          0x0800532f   Thumb Code     6  stm32f37x_tim.o(.text)
    TIM_GetCapture4                          0x08005335   Thumb Code     6  stm32f37x_tim.o(.text)
    TIM_ITConfig                             0x0800533b   Thumb Code    18  stm32f37x_tim.o(.text)
    TIM_GenerateEvent                        0x0800534d   Thumb Code     4  stm32f37x_tim.o(.text)
    TIM_GetFlagStatus                        0x08005351   Thumb Code    18  stm32f37x_tim.o(.text)
    TIM_ClearFlag                            0x08005363   Thumb Code     6  stm32f37x_tim.o(.text)
    TIM_GetITStatus                          0x08005369   Thumb Code    34  stm32f37x_tim.o(.text)
    TIM_ClearITPendingBit                    0x0800538b   Thumb Code     6  stm32f37x_tim.o(.text)
    TIM_DMAConfig                            0x08005391   Thumb Code    10  stm32f37x_tim.o(.text)
    TIM_DMACmd                               0x0800539b   Thumb Code    18  stm32f37x_tim.o(.text)
    TIM_SelectCCDMA                          0x080053ad   Thumb Code    24  stm32f37x_tim.o(.text)
    TIM_InternalClockConfig                  0x080053c5   Thumb Code    12  stm32f37x_tim.o(.text)
    TIM_SelectInputTrigger                   0x080053d1   Thumb Code    18  stm32f37x_tim.o(.text)
    TIM_ITRxExternalClockConfig              0x080053e3   Thumb Code    24  stm32f37x_tim.o(.text)
    TIM_TIxExternalClockConfig               0x080053fb   Thumb Code    62  stm32f37x_tim.o(.text)
    TIM_ETRConfig                            0x08005439   Thumb Code    28  stm32f37x_tim.o(.text)
    TIM_ETRClockMode1Config                  0x08005455   Thumb Code    54  stm32f37x_tim.o(.text)
    TIM_ETRClockMode2Config                  0x0800548b   Thumb Code    32  stm32f37x_tim.o(.text)
    TIM_SelectOutputTrigger                  0x080054ab   Thumb Code    18  stm32f37x_tim.o(.text)
    TIM_SelectSlaveMode                      0x080054bd   Thumb Code    18  stm32f37x_tim.o(.text)
    TIM_SelectMasterSlaveMode                0x080054cf   Thumb Code    18  stm32f37x_tim.o(.text)
    TIM_EncoderInterfaceConfig               0x080054e1   Thumb Code    66  stm32f37x_tim.o(.text)
    TIM_SelectHallSensor                     0x08005523   Thumb Code    24  stm32f37x_tim.o(.text)
    TIM_RemapConfig                          0x0800553b   Thumb Code     6  stm32f37x_tim.o(.text)
    disk_initialize                          0x08005541   Thumb Code    16  diskio.o(.text)
    disk_status                              0x08005551   Thumb Code    12  diskio.o(.text)
    disk_read                                0x0800555d   Thumb Code    30  diskio.o(.text)
    disk_write                               0x0800557b   Thumb Code    30  diskio.o(.text)
    get_fattime                              0x08005599   Thumb Code     4  diskio.o(.text)
    disk_ioctl                               0x0800559d   Thumb Code    52  diskio.o(.text)
    clust2sect                               0x08005779   Thumb Code    26  ff.o(.text)
    get_fat                                  0x08005793   Thumb Code   228  ff.o(.text)
    put_fat                                  0x08005877   Thumb Code   314  ff.o(.text)
    f_mount                                  0x08006477   Thumb Code    38  ff.o(.text)
    f_open                                   0x0800649d   Thumb Code   360  ff.o(.text)
    f_read                                   0x08006605   Thumb Code   474  ff.o(.text)
    f_write                                  0x080067df   Thumb Code   524  ff.o(.text)
    f_sync                                   0x080069eb   Thumb Code   182  ff.o(.text)
    f_close                                  0x08006aa1   Thumb Code    22  ff.o(.text)
    f_lseek                                  0x08006ab7   Thumb Code   432  ff.o(.text)
    f_opendir                                0x08006c67   Thumb Code   110  ff.o(.text)
    f_readdir                                0x08006cd5   Thumb Code    88  ff.o(.text)
    f_stat                                   0x08006d2d   Thumb Code    58  ff.o(.text)
    f_getfree                                0x08006d67   Thumb Code   276  ff.o(.text)
    f_truncate                               0x08006e7b   Thumb Code   156  ff.o(.text)
    f_unlink                                 0x08006f17   Thumb Code   178  ff.o(.text)
    f_mkdir                                  0x08006fc9   Thumb Code   384  ff.o(.text)
    f_chmod                                  0x08007149   Thumb Code    84  ff.o(.text)
    f_utime                                  0x0800719d   Thumb Code    86  ff.o(.text)
    f_rename                                 0x080071f3   Thumb Code   288  ff.o(.text)
    __use_no_semihosting                     0x08007313   Thumb Code     2  use_no_semi_2.o(.text)
    malloc                                   0x08007315   Thumb Code    94  h1_alloc.o(.text)
    free                                     0x08007373   Thumb Code    78  h1_free.o(.text)
    __2printf                                0x080073c1   Thumb Code    20  noretval__2printf.o(.text)
    __2sprintf                               0x080073d9   Thumb Code    34  noretval__2sprintf.o(.text)
    _printf_pre_padding                      0x08007401   Thumb Code    46  _printf_pad.o(.text)
    _printf_post_padding                     0x0800742f   Thumb Code    36  _printf_pad.o(.text)
    _printf_str                              0x08007453   Thumb Code    82  _printf_str.o(.text)
    _printf_int_dec                          0x080074a5   Thumb Code   102  _printf_dec.o(.text)
    __printf                                 0x0800751d   Thumb Code   310  __printf_flags_wp.o(.text)
    strlen                                   0x08007659   Thumb Code    62  strlen.o(.text)
    __aeabi_memclr                           0x08007697   Thumb Code     0  rt_memclr.o(.text)
    __rt_memclr                              0x08007697   Thumb Code    68  rt_memclr.o(.text)
    _memset                                  0x0800769b   Thumb Code     0  rt_memclr.o(.text)
    strcmp                                   0x080076dd   Thumb Code   128  strcmpv7m.o(.text)
    __use_two_region_memory                  0x0800775d   Thumb Code     2  heapauxi.o(.text)
    __rt_heap_escrow                         0x0800775f   Thumb Code     2  heapauxi.o(.text)
    __rt_heap_expand                         0x08007761   Thumb Code     2  heapauxi.o(.text)
    __I$use$semihosting                      0x08007763   Thumb Code     0  use_no_semi.o(.text)
    __use_no_semihosting_swi                 0x08007763   Thumb Code     2  use_no_semi.o(.text)
    __rt_heap_descriptor                     0x08007765   Thumb Code     8  rt_heap_descriptor_intlibspace.o(.text)
    __use_no_heap                            0x0800776d   Thumb Code     2  hguard.o(.text)
    __heap$guard                             0x0800776f   Thumb Code     2  hguard.o(.text)
    _terminate_user_alloc                    0x08007771   Thumb Code     2  init_alloc.o(.text)
    _init_user_alloc                         0x08007773   Thumb Code     2  init_alloc.o(.text)
    __Heap_Full                              0x08007775   Thumb Code    34  init_alloc.o(.text)
    __Heap_Broken                            0x08007797   Thumb Code     6  init_alloc.o(.text)
    _init_alloc                              0x0800779d   Thumb Code    94  init_alloc.o(.text)
    __Heap_Initialize                        0x080077fb   Thumb Code    10  h1_init.o(.text)
    __Heap_DescSize                          0x08007805   Thumb Code     4  h1_init.o(.text)
    _printf_int_common                       0x08007809   Thumb Code   184  _printf_intcommon.o(.text)
    __lib_sel_fp_printf                      0x080078c1   Thumb Code     2  _printf_fp_dec.o(.text)
    _printf_fp_dec_real                      0x08007a6d   Thumb Code   628  _printf_fp_dec.o(.text)
    _printf_char_common                      0x08007ceb   Thumb Code    32  _printf_char_common.o(.text)
    _sputc                                   0x08007d11   Thumb Code    10  _sputc.o(.text)
    _printf_cs_common                        0x08007d1b   Thumb Code    20  _printf_char.o(.text)
    _printf_char                             0x08007d2f   Thumb Code    16  _printf_char.o(.text)
    _printf_string                           0x08007d3f   Thumb Code     8  _printf_char.o(.text)
    _printf_char_file                        0x08007d49   Thumb Code    32  _printf_char_file.o(.text)
    __aeabi_memclr4                          0x08007d6d   Thumb Code     0  rt_memclr_w.o(.text)
    __aeabi_memclr8                          0x08007d6d   Thumb Code     0  rt_memclr_w.o(.text)
    __rt_memclr_w                            0x08007d6d   Thumb Code    78  rt_memclr_w.o(.text)
    _memset_w                                0x08007d71   Thumb Code     0  rt_memclr_w.o(.text)
    __user_libspace                          0x08007dbd   Thumb Code     8  libspace.o(.text)
    __user_perproc_libspace                  0x08007dbd   Thumb Code     0  libspace.o(.text)
    __user_perthread_libspace                0x08007dbd   Thumb Code     0  libspace.o(.text)
    __rt_locale                              0x08007dc5   Thumb Code     8  rt_locale_intlibspace.o(.text)
    __Heap_ProvideMemory                     0x08007dcd   Thumb Code    52  h1_extend.o(.text)
    _ll_udiv10                               0x08007e01   Thumb Code   138  lludiv10.o(.text)
    _printf_fp_infnan                        0x08007e8d   Thumb Code   112  _printf_fp_infnan.o(.text)
    _btod_etento                             0x08007f0d   Thumb Code   222  bigflt0.o(.text)
    ferror                                   0x08007ff1   Thumb Code     8  ferror.o(.text)
    __rt_SIGRTMEM                            0x08007ff9   Thumb Code    14  defsig_rtmem_outer.o(.text)
    __user_setup_stackheap                   0x08008007   Thumb Code    74  sys_stackheap_outer.o(.text)
    exit                                     0x08008051   Thumb Code    12  exit.o(.text)
    __sig_exit                               0x0800805d   Thumb Code    10  defsig_exit.o(.text)
    __rt_SIGRTMEM_inner                      0x08008069   Thumb Code    22  defsig_rtmem_inner.o(.text)
    __default_signal_display                 0x080080b9   Thumb Code    50  defsig_general.o(.text)
    _btod_d2e                                0x080080eb   Thumb Code    62  btod.o(CL$$btod_d2e)
    _d2e_denorm_low                          0x08008129   Thumb Code    70  btod.o(CL$$btod_d2e_denorm_low)
    _d2e_norm_op1                            0x0800816f   Thumb Code    96  btod.o(CL$$btod_d2e_norm_op1)
    __btod_div_common                        0x080081cf   Thumb Code   696  btod.o(CL$$btod_div_common)
    _e2e                                     0x08008507   Thumb Code   198  btod.o(CL$$btod_e2e)
    _btod_ediv                               0x080085cd   Thumb Code    40  btod.o(CL$$btod_ediv)
    _btod_emul                               0x080085f5   Thumb Code    40  btod.o(CL$$btod_emul)
    __btod_mult_common                       0x0800861d   Thumb Code   580  btod.o(CL$$btod_mult_common)
    __ARM_fpclassify                         0x08008861   Thumb Code    48  fpclassify.o(i.__ARM_fpclassify)
    _is_digit                                0x08008891   Thumb Code    14  __printf_wp.o(i._is_digit)
    _get_lc_numeric                          0x080088a1   Thumb Code    44  lc_numeric_c.o(locale$$code)
    __aeabi_ui2d                             0x080088cd   Thumb Code     0  dflt_clz.o(x$fpl$dfltu)
    _dfltu                                   0x080088cd   Thumb Code    38  dflt_clz.o(x$fpl$dfltu)
    _fp_init                                 0x080088f3   Thumb Code    10  fpinit.o(x$fpl$fpinit)
    __fplib_config_fpu_vfp                   0x080088fb   Thumb Code     0  fpinit.o(x$fpl$fpinit)
    __fplib_config_pureend_doubles           0x080088fb   Thumb Code     0  fpinit.o(x$fpl$fpinit)
    _printf_fp_dec                           0x080088fd   Thumb Code     4  printf1.o(x$fpl$printf1)
    __I$use$fp                               0x08008900   Number         0  usenofp.o(x$fpl$usenofp)
    Region$$Table$$Base                      0x080089a8   Number         0  anon$$obj.o(Region$$Table)
    Region$$Table$$Limit                     0x080089c8   Number         0  anon$$obj.o(Region$$Table)
    SystemCoreClock                          0x20000000   Data           4  system_stm32f37x.o(.data)
    AHBPrescTable                            0x20000004   Data          16  system_stm32f37x.o(.data)
    touch_flag                               0x20000014   Data           1  stm32f37x_it.o(.data)
    writebuf1                                0x20000018   Data           1  main.o(.data)
    creat_file                               0x20000019   Data           1  main.o(.data)
    write_file                               0x2000001a   Data           1  main.o(.data)
    InjectedConvData                         0x2000001c   Data           2  main.o(.data)
    TimingDelay                              0x20000020   Data           4  main.o(.data)
    adc_start_flag                           0x20000024   Data           4  main.o(.data)
    sdadc_config                             0x20000028   Data           4  main.o(.data)
    res                                      0x2000002c   Data           1  main.o(.data)
    br                                       0x20000030   Data           4  main.o(.data)
    bw                                       0x20000034   Data           4  main.o(.data)
    w_buffer                                 0x20000038   Data           4  main.o(.data)
    RTC_TimeStruct                           0x2000003c   Data           4  main.o(.data)
    RTC_DateStruct                           0x20000040   Data           4  main.o(.data)
    USART_RX_STA                             0x20000044   Data           2  uart.o(.data)
    __stdout                                 0x20000048   Data           4  uart.o(.data)
    NVIC_InitStructure                       0x20000050   Data           4  rtc.o(.data)
    RTC_Time                                 0x20000055   Data           4  application.o(.data)
    RTC_Date                                 0x20000059   Data           4  application.o(.data)
    starttime                                0x2000005e   Data           8  application.o(.data)
    endtime                                  0x20000066   Data           8  application.o(.data)
    CCR3_Val                                 0x20000070   Data           4  time.o(.data)
    CCR4_Val                                 0x20000074   Data           2  time.o(.data)
    capture                                  0x20000076   Data           2  time.o(.data)
    PrescalerValue                           0x20000078   Data           2  time.o(.data)
    w_index                                  0x2000007c   Data           4  time.o(.data)
    InputVoltageMv                           0x20000080   Data           4  time.o(.data)
    temp1                                    0x20000084   Data           2  time.o(.data)
    temp2                                    0x20000086   Data           2  time.o(.data)
    fs                                       0x200000b4   Data         560  main.o(.bss)
    fsrc                                     0x200002e4   Data         548  main.o(.bss)
    fdst                                     0x20000508   Data         548  main.o(.bss)
    dir                                      0x2000072c   Data          28  main.o(.bss)
    buffer                                   0x20000748   Data         512  main.o(.bss)
    write_buf                                0x20000948   Data        4096  main.o(.bss)
    write_buf2                               0x20001948   Data        4096  main.o(.bss)
    COMMAND_BUF                              0x20002948   Data         200  uart.o(.bss)
    pathname                                 0x20002a10   Data          24  rtc.o(.bss)
    filename                                 0x20002a28   Data          48  rtc.o(.bss)
    tbuf                                     0x20002a58   Data          40  application.o(.bss)
    TIM_TimeBaseStructure                    0x20002a80   Data          12  time.o(.bss)
    TIM_OCInitStructure                      0x20002a8c   Data          20  time.o(.bss)
    __libspace_start                         0x20002aa0   Data          96  libspace.o(.bss)
    __temporary_stack_top$libspace           0x20002b00   Data           0  libspace.o(.bss)



==============================================================================

Memory Map of the image

  Image Entry point : 0x08000189

  Load Region LR_IROM1 (Base: 0x08000000, Size: 0x00008a98, Max: 0x00040000, ABSOLUTE)

    Execution Region ER_IROM1 (Base: 0x08000000, Size: 0x000089e4, Max: 0x00040000, ABSOLUTE)

    Base Addr    Size         Type   Attr      Idx    E Section Name        Object

    0x08000000   0x00000188   Data   RO            3    RESET               startup_stm32f37x.o
    0x08000188   0x00000008   Code   RO          889  * !!!main             c_w.l(__main.o)
    0x08000190   0x00000034   Code   RO         1161    !!!scatter          c_w.l(__scatter.o)
    0x080001c4   0x0000001a   Code   RO         1163    !!handler_copy      c_w.l(__scatter_copy.o)
    0x080001de   0x00000002   PAD
    0x080001e0   0x0000001c   Code   RO         1165    !!handler_zi        c_w.l(__scatter_zi.o)
    0x080001fc   0x00000000   Code   RO          874    .ARM.Collect$$_printf_percent$$00000000  c_w.l(_printf_percent.o)
    0x080001fc   0x00000006   Code   RO          873    .ARM.Collect$$_printf_percent$$00000003  c_w.l(_printf_f.o)
    0x08000202   0x00000006   Code   RO          872    .ARM.Collect$$_printf_percent$$00000009  c_w.l(_printf_d.o)
    0x08000208   0x00000006   Code   RO          871    .ARM.Collect$$_printf_percent$$00000014  c_w.l(_printf_s.o)
    0x0800020e   0x00000004   Code   RO          943    .ARM.Collect$$_printf_percent$$00000017  c_w.l(_printf_percent_end.o)
    0x08000212   0x00000002   Code   RO         1105    .ARM.Collect$$libinit$$00000000  c_w.l(libinit.o)
    0x08000214   0x00000004   Code   RO          948    .ARM.Collect$$libinit$$00000001  c_w.l(libinit2.o)
    0x08000218   0x00000008   Code   RO          950    .ARM.Collect$$libinit$$00000003  c_w.l(libinit2.o)
    0x08000220   0x00000000   Code   RO          952    .ARM.Collect$$libinit$$00000008  c_w.l(libinit2.o)
    0x08000220   0x00000000   Code   RO          954    .ARM.Collect$$libinit$$0000000A  c_w.l(libinit2.o)
    0x08000220   0x00000000   Code   RO          956    .ARM.Collect$$libinit$$0000000C  c_w.l(libinit2.o)
    0x08000220   0x00000006   Code   RO          957    .ARM.Collect$$libinit$$0000000D  c_w.l(libinit2.o)
    0x08000226   0x00000000   Code   RO          959    .ARM.Collect$$libinit$$0000000F  c_w.l(libinit2.o)
    0x08000226   0x00000000   Code   RO          961    .ARM.Collect$$libinit$$00000011  c_w.l(libinit2.o)
    0x08000226   0x00000000   Code   RO          963    .ARM.Collect$$libinit$$00000013  c_w.l(libinit2.o)
    0x08000226   0x0000000a   Code   RO          964    .ARM.Collect$$libinit$$00000014  c_w.l(libinit2.o)
    0x08000230   0x00000000   Code   RO          965    .ARM.Collect$$libinit$$00000015  c_w.l(libinit2.o)
    0x08000230   0x00000000   Code   RO          967    .ARM.Collect$$libinit$$00000017  c_w.l(libinit2.o)
    0x08000230   0x00000000   Code   RO          969    .ARM.Collect$$libinit$$00000019  c_w.l(libinit2.o)
    0x08000230   0x00000000   Code   RO          971    .ARM.Collect$$libinit$$0000001B  c_w.l(libinit2.o)
    0x08000230   0x00000000   Code   RO          973    .ARM.Collect$$libinit$$0000001D  c_w.l(libinit2.o)
    0x08000230   0x00000000   Code   RO          975    .ARM.Collect$$libinit$$0000001F  c_w.l(libinit2.o)
    0x08000230   0x00000000   Code   RO          977    .ARM.Collect$$libinit$$00000021  c_w.l(libinit2.o)
    0x08000230   0x00000000   Code   RO          979    .ARM.Collect$$libinit$$00000023  c_w.l(libinit2.o)
    0x08000230   0x00000000   Code   RO          983    .ARM.Collect$$libinit$$0000002A  c_w.l(libinit2.o)
    0x08000230   0x00000000   Code   RO          985    .ARM.Collect$$libinit$$0000002C  c_w.l(libinit2.o)
    0x08000230   0x00000000   Code   RO          987    .ARM.Collect$$libinit$$0000002E  c_w.l(libinit2.o)
    0x08000230   0x00000000   Code   RO          989    .ARM.Collect$$libinit$$00000030  c_w.l(libinit2.o)
    0x08000230   0x00000002   Code   RO          990    .ARM.Collect$$libinit$$00000031  c_w.l(libinit2.o)
    0x08000232   0x00000002   Code   RO         1158    .ARM.Collect$$libshutdown$$00000000  c_w.l(libshutdown.o)
    0x08000234   0x00000000   Code   RO         1118    .ARM.Collect$$libshutdown$$00000003  c_w.l(libshutdown2.o)
    0x08000234   0x00000000   Code   RO         1121    .ARM.Collect$$libshutdown$$00000006  c_w.l(libshutdown2.o)
    0x08000234   0x00000000   Code   RO         1124    .ARM.Collect$$libshutdown$$00000009  c_w.l(libshutdown2.o)
    0x08000234   0x00000000   Code   RO         1126    .ARM.Collect$$libshutdown$$0000000B  c_w.l(libshutdown2.o)
    0x08000234   0x00000000   Code   RO         1129    .ARM.Collect$$libshutdown$$0000000E  c_w.l(libshutdown2.o)
    0x08000234   0x00000002   Code   RO         1130    .ARM.Collect$$libshutdown$$0000000F  c_w.l(libshutdown2.o)
    0x08000236   0x00000000   Code   RO          903    .ARM.Collect$$rtentry$$00000000  c_w.l(rtentry.o)
    0x08000236   0x00000000   Code   RO          998    .ARM.Collect$$rtentry$$00000002  c_w.l(rtentry2.o)
    0x08000236   0x00000006   Code   RO         1010    .ARM.Collect$$rtentry$$00000004  c_w.l(rtentry4.o)
    0x0800023c   0x00000000   Code   RO         1000    .ARM.Collect$$rtentry$$00000009  c_w.l(rtentry2.o)
    0x0800023c   0x00000004   Code   RO         1001    .ARM.Collect$$rtentry$$0000000A  c_w.l(rtentry2.o)
    0x08000240   0x00000000   Code   RO         1003    .ARM.Collect$$rtentry$$0000000C  c_w.l(rtentry2.o)
    0x08000240   0x00000008   Code   RO         1004    .ARM.Collect$$rtentry$$0000000D  c_w.l(rtentry2.o)
    0x08000248   0x00000002   Code   RO         1106    .ARM.Collect$$rtexit$$00000000  c_w.l(rtexit.o)
    0x0800024a   0x00000000   Code   RO         1132    .ARM.Collect$$rtexit$$00000002  c_w.l(rtexit2.o)
    0x0800024a   0x00000004   Code   RO         1133    .ARM.Collect$$rtexit$$00000003  c_w.l(rtexit2.o)
    0x0800024e   0x00000006   Code   RO         1134    .ARM.Collect$$rtexit$$00000004  c_w.l(rtexit2.o)
    0x08000254   0x00000000   Code   RO         1021    .emb_text           c_w.l(maybetermalloc1.o)
    0x08000254   0x00000040   Code   RO            4    .text               startup_stm32f37x.o
    0x08000294   0x000001d8   Code   RO           12    .text               system_stm32f37x.o
    0x0800046c   0x00000074   Code   RO          130    .text               stm32f37x_it.o
    0x080004e0   0x000003d8   Code   RO          171    .text               main.o
    0x080008b8   0x0000084e   Code   RO          318    .text               sd.o
    0x08001106   0x00000002   PAD
    0x08001108   0x0000024c   Code   RO          338    .text               uart.o
    0x08001354   0x00000120   Code   RO          372    .text               sdadc.o
    0x08001474   0x00000090   Code   RO          392    .text               systick.o
    0x08001504   0x00000398   Code   RO          414    .text               rtc.o
    0x0800189c   0x00000bb4   Code   RO          439    .text               application.o
    0x08002450   0x00000240   Code   RO          474    .text               time.o
    0x08002690   0x00000398   Code   RO          502    .text               stm32f37x_spi.o
    0x08002a28   0x00000204   Code   RO          522    .text               stm32f37x_gpio.o
    0x08002c2c   0x000005a0   Code   RO          542    .text               stm32f37x_rcc.o
    0x080031cc   0x000004e4   Code   RO          564    .text               stm32f37x_usart.o
    0x080036b0   0x0000011c   Code   RO          584    .text               stm32f37x_exti.o
    0x080037cc   0x000000dc   Code   RO          604    .text               stm32f37x_misc.o
    0x080038a8   0x00000cbc   Code   RO          624    .text               stm32f37x_rtc.o
    0x08004564   0x000002f4   Code   RO          644    .text               stm32f37x_sdadc.o
    0x08004858   0x00000110   Code   RO          664    .text               stm32f37x_pwr.o
    0x08004968   0x00000bd8   Code   RO          684    .text               stm32f37x_tim.o
    0x08005540   0x00000094   Code   RO          704    .text               diskio.o
    0x080055d4   0x00001d3e   Code   RO          725    .text               ff.o
    0x08007312   0x00000002   Code   RO          771    .text               c_w.l(use_no_semi_2.o)
    0x08007314   0x0000005e   Code   RO          777    .text               c_w.l(h1_alloc.o)
    0x08007372   0x0000004e   Code   RO          779    .text               c_w.l(h1_free.o)
    0x080073c0   0x00000018   Code   RO          839    .text               c_w.l(noretval__2printf.o)
    0x080073d8   0x00000028   Code   RO          841    .text               c_w.l(noretval__2sprintf.o)
    0x08007400   0x00000052   Code   RO          845    .text               c_w.l(_printf_pad.o)
    0x08007452   0x00000052   Code   RO          847    .text               c_w.l(_printf_str.o)
    0x080074a4   0x00000078   Code   RO          849    .text               c_w.l(_printf_dec.o)
    0x0800751c   0x0000013c   Code   RO          863    .text               c_w.l(__printf_flags_wp.o)
    0x08007658   0x0000003e   Code   RO          879    .text               c_w.l(strlen.o)
    0x08007696   0x00000044   Code   RO          883    .text               c_w.l(rt_memclr.o)
    0x080076da   0x00000002   PAD
    0x080076dc   0x00000080   Code   RO          885    .text               c_w.l(strcmpv7m.o)
    0x0800775c   0x00000006   Code   RO          887    .text               c_w.l(heapauxi.o)
    0x08007762   0x00000002   Code   RO          899    .text               c_w.l(use_no_semi.o)
    0x08007764   0x00000008   Code   RO          907    .text               c_w.l(rt_heap_descriptor_intlibspace.o)
    0x0800776c   0x00000004   Code   RO          909    .text               c_w.l(hguard.o)
    0x08007770   0x0000008a   Code   RO          911    .text               c_w.l(init_alloc.o)
    0x080077fa   0x0000000e   Code   RO          915    .text               c_w.l(h1_init.o)
    0x08007808   0x000000b8   Code   RO          931    .text               c_w.l(_printf_intcommon.o)
    0x080078c0   0x00000420   Code   RO          933    .text               c_w.l(_printf_fp_dec.o)
    0x08007ce0   0x00000030   Code   RO          935    .text               c_w.l(_printf_char_common.o)
    0x08007d10   0x0000000a   Code   RO          937    .text               c_w.l(_sputc.o)
    0x08007d1a   0x0000002c   Code   RO          939    .text               c_w.l(_printf_char.o)
    0x08007d46   0x00000002   PAD
    0x08007d48   0x00000024   Code   RO          941    .text               c_w.l(_printf_char_file.o)
    0x08007d6c   0x0000004e   Code   RO          944    .text               c_w.l(rt_memclr_w.o)
    0x08007dba   0x00000002   PAD
    0x08007dbc   0x00000008   Code   RO          994    .text               c_w.l(libspace.o)
    0x08007dc4   0x00000008   Code   RO         1017    .text               c_w.l(rt_locale_intlibspace.o)
    0x08007dcc   0x00000034   Code   RO         1023    .text               c_w.l(h1_extend.o)
    0x08007e00   0x0000008a   Code   RO         1027    .text               c_w.l(lludiv10.o)
    0x08007e8a   0x00000002   PAD
    0x08007e8c   0x00000080   Code   RO         1029    .text               c_w.l(_printf_fp_infnan.o)
    0x08007f0c   0x000000e4   Code   RO         1033    .text               c_w.l(bigflt0.o)
    0x08007ff0   0x00000008   Code   RO         1058    .text               c_w.l(ferror.o)
    0x08007ff8   0x0000000e   Code   RO         1065    .text               c_w.l(defsig_rtmem_outer.o)
    0x08008006   0x0000004a   Code   RO         1081    .text               c_w.l(sys_stackheap_outer.o)
    0x08008050   0x0000000c   Code   RO         1090    .text               c_w.l(exit.o)
    0x0800805c   0x0000000a   Code   RO         1092    .text               c_w.l(defsig_exit.o)
    0x08008066   0x00000002   PAD
    0x08008068   0x00000050   Code   RO         1094    .text               c_w.l(defsig_rtmem_inner.o)
    0x080080b8   0x00000032   Code   RO         1114    .text               c_w.l(defsig_general.o)
    0x080080ea   0x0000003e   Code   RO         1036    CL$$btod_d2e        c_w.l(btod.o)
    0x08008128   0x00000046   Code   RO         1038    CL$$btod_d2e_denorm_low  c_w.l(btod.o)
    0x0800816e   0x00000060   Code   RO         1037    CL$$btod_d2e_norm_op1  c_w.l(btod.o)
    0x080081ce   0x00000338   Code   RO         1046    CL$$btod_div_common  c_w.l(btod.o)
    0x08008506   0x000000c6   Code   RO         1043    CL$$btod_e2e        c_w.l(btod.o)
    0x080085cc   0x00000028   Code   RO         1040    CL$$btod_ediv       c_w.l(btod.o)
    0x080085f4   0x00000028   Code   RO         1039    CL$$btod_emul       c_w.l(btod.o)
    0x0800861c   0x00000244   Code   RO         1045    CL$$btod_mult_common  c_w.l(btod.o)
    0x08008860   0x00000030   Code   RO         1078    i.__ARM_fpclassify  m_wm.l(fpclassify.o)
    0x08008890   0x0000000e   Code   RO          861    i._is_digit         c_w.l(__printf_wp.o)
    0x0800889e   0x00000002   PAD
    0x080088a0   0x0000002c   Code   RO         1063    locale$$code        c_w.l(lc_numeric_c.o)
    0x080088cc   0x00000026   Code   RO          891    x$fpl$dfltu         fz_wm.l(dflt_clz.o)
    0x080088f2   0x0000000a   Code   RO         1074    x$fpl$fpinit        fz_wm.l(fpinit.o)
    0x080088fc   0x00000004   Code   RO          897    x$fpl$printf1       fz_wm.l(printf1.o)
    0x08008900   0x00000000   Code   RO          991    x$fpl$usenofp       fz_wm.l(usenofp.o)
    0x08008900   0x00000011   Data   RO          864    .constdata          c_w.l(__printf_flags_wp.o)
    0x08008911   0x00000003   PAD
    0x08008914   0x00000094   Data   RO         1034    .constdata          c_w.l(bigflt0.o)
    0x080089a8   0x00000020   Data   RO         1159    Region$$Table       anon$$obj.o
    0x080089c8   0x0000001c   Data   RO         1062    locale$$data        c_w.l(lc_numeric_c.o)


    Execution Region RW_IRAM1 (Base: 0x20000000, Size: 0x00003100, Max: 0x00008000, ABSOLUTE)

    Base Addr    Size         Type   Attr      Idx    E Section Name        Object

    0x20000000   0x00000014   Data   RW           13    .data               system_stm32f37x.o
    0x20000014   0x00000001   Data   RW          131    .data               stm32f37x_it.o
    0x20000015   0x00000003   PAD
    0x20000018   0x0000002c   Data   RW          173    .data               main.o
    0x20000044   0x00000008   Data   RW          340    .data               uart.o
    0x2000004c   0x00000004   Data   RW          393    .data               systick.o
    0x20000050   0x00000004   Data   RW          416    .data               rtc.o
    0x20000054   0x0000001a   Data   RW          441    .data               application.o
    0x2000006e   0x00000002   PAD
    0x20000070   0x00000018   Data   RW          476    .data               time.o
    0x20000088   0x00000024   Data   RW          543    .data               stm32f37x_rcc.o
    0x200000ac   0x00000006   Data   RW          726    .data               ff.o
    0x200000b2   0x00000002   PAD
    0x200000b4   0x00002894   Zero   RW          172    .bss                main.o
    0x20002948   0x000000c8   Zero   RW          339    .bss                uart.o
    0x20002a10   0x00000048   Zero   RW          415    .bss                rtc.o
    0x20002a58   0x00000028   Zero   RW          440    .bss                application.o
    0x20002a80   0x00000020   Zero   RW          475    .bss                time.o
    0x20002aa0   0x00000060   Zero   RW          995    .bss                c_w.l(libspace.o)
    0x20002b00   0x00000200   Zero   RW            2    HEAP                startup_stm32f37x.o
    0x20002d00   0x00000400   Zero   RW            1    STACK               startup_stm32f37x.o


==============================================================================

Image component sizes


      Code (inc. data)   RO Data    RW Data    ZI Data      Debug   Object Name

      2996        778          0         26         40       4314   application.o
       148          4          0          0          0       2382   diskio.o
      7486         40          0          6          0      20248   ff.o
       984        362          0         44      10388      36595   main.o
       920         80          0          4         72       4409   rtc.o
      2126         12          0          0          0       5841   sd.o
       288         14          0          0          0        816   sdadc.o
        64         26        392          0       1536        788   startup_stm32f37x.o
       284          4          0          0          0       2187   stm32f37x_exti.o
       516         22          0          0          0       3729   stm32f37x_gpio.o
       116         24          0          1          0       1924   stm32f37x_it.o
       220         20          0          0          0       1757   stm32f37x_misc.o
       272         14          0          0          0       2489   stm32f37x_pwr.o
      1440         58          0         36          0       9379   stm32f37x_rcc.o
      3260         44          0          0          0      14082   stm32f37x_rtc.o
       756         20          0          0          0       9157   stm32f37x_sdadc.o
       920         14          0          0          0       7627   stm32f37x_spi.o
      3032         54          0          0          0      21747   stm32f37x_tim.o
      1252         12          0          0          0      11794   stm32f37x_usart.o
       472         38          0         20          0     247799   system_stm32f37x.o
       144         16          0          4          0       1466   systick.o
       576         84          0         24         32       1940   time.o
       588         22          0          8        200       4780   uart.o

    ----------------------------------------------------------------------
     28862       1762        424        180      12268     417250   Object Totals
         0          0         32          0          0          0   (incl. Generated)
         2          0          0          7          0          0   (incl. Padding)

    ----------------------------------------------------------------------

      Code (inc. data)   RO Data    RW Data    ZI Data      Debug   Library Member Name

         8          0          0          0          0         68   __main.o
       316          6         17          0          0         92   __printf_flags_wp.o
        14          0          0          0          0         68   __printf_wp.o
        52          8          0          0          0          0   __scatter.o
        26          0          0          0          0          0   __scatter_copy.o
        28          0          0          0          0          0   __scatter_zi.o
        44          0          0          0          0        108   _printf_char.o
        48          6          0          0          0         96   _printf_char_common.o
        36          4          0          0          0         80   _printf_char_file.o
         6          0          0          0          0          0   _printf_d.o
       120         18          0          0          0         92   _printf_dec.o
         6          0          0          0          0          0   _printf_f.o
      1056          0          0          0          0        216   _printf_fp_dec.o
       128         16          0          0          0         84   _printf_fp_infnan.o
       184          0          0          0          0         88   _printf_intcommon.o
        82          0          0          0          0        108   _printf_pad.o
         0          0          0          0          0          0   _printf_percent.o
         4          0          0          0          0          0   _printf_percent_end.o
         6          0          0          0          0          0   _printf_s.o
        82          0          0          0          0         80   _printf_str.o
        10          0          0          0          0         68   _sputc.o
       228          6        148          0          0         96   bigflt0.o
      1910        128          0          0          0        672   btod.o
        10          0          0          0          0         68   defsig_exit.o
        50          0          0          0          0         88   defsig_general.o
        80         58          0          0          0         76   defsig_rtmem_inner.o
        14          0          0          0          0         80   defsig_rtmem_outer.o
        12          0          0          0          0         72   exit.o
         8          0          0          0          0         68   ferror.o
        94          0          0          0          0         80   h1_alloc.o
        52          0          0          0          0         68   h1_extend.o
        78          0          0          0          0         80   h1_free.o
        14          0          0          0          0         84   h1_init.o
         6          0          0          0          0        152   heapauxi.o
         4          0          0          0          0        136   hguard.o
       138          0          0          0          0        168   init_alloc.o
        44         10         28          0          0         76   lc_numeric_c.o
         2          0          0          0          0          0   libinit.o
        30          0          0          0          0          0   libinit2.o
         2          0          0          0          0          0   libshutdown.o
         2          0          0          0          0          0   libshutdown2.o
         8          4          0          0         96         68   libspace.o
       138          0          0          0          0         80   lludiv10.o
         0          0          0          0          0          0   maybetermalloc1.o
        24          4          0          0          0         84   noretval__2printf.o
        40          6          0          0          0         84   noretval__2sprintf.o
         8          4          0          0          0         68   rt_heap_descriptor_intlibspace.o
         8          4          0          0          0         68   rt_locale_intlibspace.o
        68          0          0          0          0         68   rt_memclr.o
        78          0          0          0          0         80   rt_memclr_w.o
         0          0          0          0          0          0   rtentry.o
        12          0          0          0          0          0   rtentry2.o
         6          0          0          0          0          0   rtentry4.o
         2          0          0          0          0          0   rtexit.o
        10          0          0          0          0          0   rtexit2.o
       128          0          0          0          0         68   strcmpv7m.o
        62          0          0          0          0         76   strlen.o
        74          0          0          0          0         80   sys_stackheap_outer.o
         2          0          0          0          0         68   use_no_semi.o
         2          0          0          0          0         68   use_no_semi_2.o
        38          0          0          0          0        116   dflt_clz.o
        10          0          0          0          0        116   fpinit.o
         4          0          0          0          0        116   printf1.o
         0          0          0          0          0          0   usenofp.o
        48          0          0          0          0        124   fpclassify.o

    ----------------------------------------------------------------------
      5818        282        196          0         96       4744   Library Totals
        14          0          3          0          0          0   (incl. Padding)

    ----------------------------------------------------------------------

      Code (inc. data)   RO Data    RW Data    ZI Data      Debug   Library Name

      5704        282        193          0         96       4272   c_w.l
        52          0          0          0          0        348   fz_wm.l
        48          0          0          0          0        124   m_wm.l

    ----------------------------------------------------------------------
      5818        282        196          0         96       4744   Library Totals

    ----------------------------------------------------------------------

==============================================================================


      Code (inc. data)   RO Data    RW Data    ZI Data      Debug   

     34680       2044        620        180      12364     413346   Grand Totals
     34680       2044        620        180      12364     413346   ELF Image Totals
     34680       2044        620        180          0          0   ROM Totals

==============================================================================

    Total RO  Size (Code + RO Data)                35300 (  34.47kB)
    Total RW  Size (RW Data + ZI Data)             12544 (  12.25kB)
    Total ROM Size (Code + RO Data + RW Data)      35480 (  34.65kB)

==============================================================================

