ARM Linker, 5.03 [Build 76] [MDK-ARM Standard]

==============================================================================

Section Cross References

    startup_stm32f37x.o(STACK) refers (Special) to heapauxi.o(.text) for __use_two_region_memory
    startup_stm32f37x.o(HEAP) refers (Special) to heapauxi.o(.text) for __use_two_region_memory
    startup_stm32f37x.o(RESET) refers (Special) to heapauxi.o(.text) for __use_two_region_memory
    startup_stm32f37x.o(RESET) refers to startup_stm32f37x.o(STACK) for __initial_sp
    startup_stm32f37x.o(RESET) refers to startup_stm32f37x.o(.text) for Reset_Handler
    startup_stm32f37x.o(RESET) refers to stm32f37x_it.o(.text) for NMI_Handler
    startup_stm32f37x.o(RESET) refers to rtc.o(.text) for RTC_WKUP_IRQHandler
    startup_stm32f37x.o(RESET) refers to wkup.o(.text) for EXTI0_IRQHandler
    startup_stm32f37x.o(RESET) refers to time.o(.text) for TIM4_IRQHandler
    startup_stm32f37x.o(RESET) refers to uart.o(.text) for USART2_IRQHandler
    startup_stm32f37x.o(.text) refers (Special) to heapauxi.o(.text) for __use_two_region_memory
    startup_stm32f37x.o(.text) refers to system_stm32f37x.o(.text) for SystemInit
    startup_stm32f37x.o(.text) refers to __main.o(!!!main) for __main
    startup_stm32f37x.o(.text) refers to startup_stm32f37x.o(HEAP) for Heap_Mem
    startup_stm32f37x.o(.text) refers to startup_stm32f37x.o(STACK) for Stack_Mem
    system_stm32f37x.o(.text) refers to system_stm32f37x.o(.data) for SystemCoreClock
    stm32f37x_it.o(.text) refers to noretval__2printf.o(.text) for __2printf
    stm32f37x_it.o(.text) refers to systick.o(.text) for TimingDelay_Decrement
    stm32f37x_it.o(.text) refers to stm32f37x_exti.o(.text) for EXTI_GetITStatus
    stm32f37x_it.o(.text) refers to stm32f37x_sdadc.o(.text) for SDADC_GetFlagStatus
    stm32f37x_it.o(.text) refers to stm32f37x_it.o(.data) for touch_flag
    stm32f37x_it.o(.text) refers to main.o(.data) for InjectedConvData
    main.o(.text) refers to stm32f37x_rcc.o(.text) for RCC_GetClocksFreq
    main.o(.text) refers to system_stm32f37x.o(.text) for SystemInit
    main.o(.text) refers to uart.o(.text) for USART_Configuration
    main.o(.text) refers to rtc.o(.text) for My_RTC_Init
    main.o(.text) refers to time.o(.text) for TIM_INT_Config
    main.o(.text) refers to wkup.o(.text) for WKUP_Init
    main.o(.text) refers to adc.o(.text) for adc_init
    main.o(.text) refers to iwdg.o(.text) for IWDG_Init
    main.o(.text) refers to noretval__2printf.o(.text) for __2printf
    main.o(.text) refers to sdadc.o(.text) for SDADC1_Config
    main.o(.text) refers to file.o(.text) for file_init
    main.o(.text) refers to application.o(.text) for command_msg_analysis
    main.o(.text) refers to stm32f37x_rtc.o(.text) for RTC_GetTime
    main.o(.text) refers to stm32f37x_sdadc.o(.text) for SDADC_Cmd
    main.o(.text) refers to uart.o(.data) for USART_RX_STA
    main.o(.text) refers to uart.o(.bss) for COMMAND_BUF
    main.o(.text) refers to time.o(.data) for temp1
    main.o(.text) refers to main.o(.data) for creat_file
    main.o(.text) refers to rtc.o(.bss) for filename
    main.o(.text) refers to main.o(.bss) for write_buf2
    w25x16.o(.text) refers to stm32f37x_rcc.o(.text) for RCC_AHBPeriphClockCmd
    w25x16.o(.text) refers to stm32f37x_gpio.o(.text) for GPIO_Init
    w25x16.o(.text) refers to stm32f37x_spi.o(.text) for SPI_Init
    fatapp.o(.text) refers to ff.o(.text) for f_mount
    fatapp.o(.text) refers to strlen.o(.text) for strlen
    fatapp.o(.text) refers to strcasecmp.o(.text) for strcasecmp
    fatapp.o(.text) refers to strcpy.o(.text) for strcpy
    fatapp.o(.text) refers to rt_memcpy_w.o(.text) for __aeabi_memcpy4
    fatapp.o(.text) refers to ili9328.o(.text) for LCD_WR_REG_DATA
    fatapp.o(.text) refers to fatapp.o(.bss) for flag
    fatapp.o(.text) refers to fatapp.o(.data) for type
    ili9328.o(.text) refers to ili9328.o(.data) for POINT_COLOR
    ili9328.o(.text) refers to w25x16.o(.text) for SPI_FLASH_BufferRead
    ili9328.o(.text) refers to ili9328.o(.constdata) for ascii_16
    sd.o(.text) refers to stm32f37x_rcc.o(.text) for RCC_AHBPeriphClockCmd
    sd.o(.text) refers to stm32f37x_gpio.o(.text) for GPIO_Init
    sd.o(.text) refers to stm32f37x_spi.o(.text) for SPI_Init
    uart.o(.rev16_text) refers (Special) to use_no_semi_2.o(.text) for __use_no_semihosting
    uart.o(.revsh_text) refers (Special) to use_no_semi_2.o(.text) for __use_no_semihosting
    uart.o(.text) refers (Special) to use_no_semi_2.o(.text) for __use_no_semihosting
    uart.o(.text) refers to stm32f37x_rcc.o(.text) for RCC_AHBPeriphClockCmd
    uart.o(.text) refers to stm32f37x_gpio.o(.text) for GPIO_PinAFConfig
    uart.o(.text) refers to stm32f37x_usart.o(.text) for USART_Init
    uart.o(.text) refers to stm32f37x_misc.o(.text) for NVIC_Init
    uart.o(.text) refers to uart.o(.data) for USART_RX_STA
    uart.o(.text) refers to uart.o(.bss) for COMMAND_BUF
[...]
    __user_heap_extent                        - Undefined Weak Reference
    _atexit_init                              - Undefined Weak Reference
    _call_atexit_fns                          - Undefined Weak Reference
    _clock_init                               - Undefined Weak Reference
    _fp_trap_init                             - Undefined Weak Reference
    _fp_trap_shutdown                         - Undefined Weak Reference
    _get_lc_collate                           - Undefined Weak Reference
    _get_lc_monetary                          - Undefined Weak Reference
    _get_lc_numeric                           - Undefined Weak Reference
    _get_lc_time                              - Undefined Weak Reference
    _getenv_init                              - Undefined Weak Reference
    _handle_redirection                       - Undefined Weak Reference
    _initio                                   - Undefined Weak Reference
    _mutex_acquire                            - Undefined Weak Reference
    _mutex_free                               - Undefined Weak Reference
    _mutex_release                            - Undefined Weak Reference
    _printf_mbtowc                            - Undefined Weak Reference
    _printf_truncate_signed                   - Undefined Weak Reference
    _printf_truncate_unsigned                 - Undefined Weak Reference
    _rand_init                                - Undefined Weak Reference
    _signal_finish                            - Undefined Weak Reference
    _signal_init                              - Undefined Weak Reference
    _terminateio                              - Undefined Weak Reference
    __Vectors_Size                           0x00000188   Number         0  startup_stm32f37x.o ABSOLUTE
    __Vectors                                0x08000000   Data           4  startup_stm32f37x.o(RESET)
    __Vectors_End                            0x08000188   Data           0  startup_stm32f37x.o(RESET)
    __main                                   0x08000189   Thumb Code     8  __main.o(!!!main)
    __scatterload                            0x08000191   Thumb Code     0  __scatter.o(!!!scatter)
    __scatterload_rt2                        0x08000191   Thumb Code    44  __scatter.o(!!!scatter)
    __scatterload_rt2_thumb_only             0x08000191   Thumb Code     0  __scatter.o(!!!scatter)
    __scatterload_null                       0x0800019f   Thumb Code     0  __scatter.o(!!!scatter)
    __scatterload_copy                       0x080001c5   Thumb Code    26  __scatter_copy.o(!!handler_copy)
    __scatterload_zeroinit                   0x080001e1   Thumb Code    28  __scatter_zi.o(!!handler_zi)
    _printf_d                                0x080001fd   Thumb Code     0  _printf_d.o(.ARM.Collect$$_printf_percent$$00000009)
    _printf_percent                          0x080001fd   Thumb Code     0  _printf_percent.o(.ARM.Collect$$_printf_percent$$00000000)
    _printf_s                                0x08000203   Thumb Code     0  _printf_s.o(.ARM.Collect$$_printf_percent$$00000014)
    _printf_percent_end                      0x08000209   Thumb Code     0  _printf_percent_end.o(.ARM.Collect$$_printf_percent$$00000017)
    __rt_lib_init                            0x0800020d   Thumb Code     0  libinit.o(.ARM.Collect$$libinit$$00000000)
    __rt_lib_init_fp_1                       0x0800020f   Thumb Code     0  libinit2.o(.ARM.Collect$$libinit$$00000001)
    __rt_lib_init_heap_2                     0x08000213   Thumb Code     0  libinit2.o(.ARM.Collect$$libinit$$00000003)
    __rt_lib_init_alloca_1                   0x0800021b   Thumb Code     0  libinit2.o(.ARM.Collect$$libinit$$0000002C)
    __rt_lib_init_argv_1                     0x0800021b   Thumb Code     0  libinit2.o(.ARM.Collect$$libinit$$0000002A)
    __rt_lib_init_atexit_1                   0x0800021b   Thumb Code     0  libinit2.o(.ARM.Collect$$libinit$$00000019)
    __rt_lib_init_clock_1                    0x0800021b   Thumb Code     0  libinit2.o(.ARM.Collect$$libinit$$0000001F)
    __rt_lib_init_cpp_1                      0x0800021b   Thumb Code     0  libinit2.o(.ARM.Collect$$libinit$$00000030)
    __rt_lib_init_exceptions_1               0x0800021b   Thumb Code     0  libinit2.o(.ARM.Collect$$libinit$$0000002E)
    __rt_lib_init_fp_trap_1                  0x0800021b   Thumb Code     0  libinit2.o(.ARM.Collect$$libinit$$0000001D)
    __rt_lib_init_getenv_1                   0x0800021b   Thumb Code     0  libinit2.o(.ARM.Collect$$libinit$$00000021)
    __rt_lib_init_heap_1                     0x0800021b   Thumb Code     0  libinit2.o(.ARM.Collect$$libinit$$00000008)
    __rt_lib_init_lc_collate_1               0x0800021b   Thumb Code     0  libinit2.o(.ARM.Collect$$libinit$$0000000F)
    __rt_lib_init_lc_ctype_1                 0x0800021b   Thumb Code     0  libinit2.o(.ARM.Collect$$libinit$$00000011)
    __rt_lib_init_lc_monetary_1              0x0800021b   Thumb Code     0  libinit2.o(.ARM.Collect$$libinit$$00000013)
    __rt_lib_init_lc_numeric_1               0x0800021b   Thumb Code     0  libinit2.o(.ARM.Collect$$libinit$$00000015)
    __rt_lib_init_lc_time_1                  0x0800021b   Thumb Code     0  libinit2.o(.ARM.Collect$$libinit$$00000017)
    __rt_lib_init_rand_1                     0x0800021b   Thumb Code     0  libinit2.o(.ARM.Collect$$libinit$$0000000C)
    __rt_lib_init_return                     0x0800021b   Thumb Code     0  libinit2.o(.ARM.Collect$$libinit$$00000031)
    __rt_lib_init_signal_1                   0x0800021b   Thumb Code     0  libinit2.o(.ARM.Collect$$libinit$$0000001B)
    __rt_lib_init_stdio_1                    0x0800021b   Thumb Code     0  libinit2.o(.ARM.Collect$$libinit$$00000023)
    __rt_lib_init_user_alloc_1               0x0800021b   Thumb Code     0  libinit2.o(.ARM.Collect$$libinit$$0000000A)
    __rt_lib_shutdown                        0x0800021d   Thumb Code     0  libshutdown.o(.ARM.Collect$$libshutdown$$00000000)
    __rt_lib_shutdown_fp_trap_1              0x0800021f   Thumb Code     0  libshutdown2.o(.ARM.Collect$$libshutdown$$00000006)
    __rt_lib_shutdown_heap_1                 0x0800021f   Thumb Code     0  libshutdown2.o(.ARM.Collect$$libshutdown$$0000000E)
    __rt_lib_shutdown_return                 0x0800021f   Thumb Code     0  libshutdown2.o(.ARM.Collect$$libshutdown$$0000000F)
    __rt_lib_shutdown_signal_1               0x0800021f   Thumb Code     0  libshutdown2.o(.ARM.Collect$$libshutdown$$00000009)
    __rt_lib_shutdown_stdio_1                0x0800021f   Thumb Code     0  libshutdown2.o(.ARM.Collect$$libshutdown$$00000003)
    __rt_lib_shutdown_user_alloc_1           0x0800021f   Thumb Code     0  libshutdown2.o(.ARM.Collect$$libshutdown$$0000000B)
    __rt_entry                               0x08000221   Thumb Code     0  rtentry.o(.ARM.Collect$$rtentry$$00000000)
    __rt_entry_presh_1                       0x08000221   Thumb Code     0  rtentry2.o(.ARM.Collect$$rtentry$$00000002)
    __rt_entry_sh                            0x08000221   Thumb Code     0  rtentry4.o(.ARM.Collect$$rtentry$$00000004)
    __rt_entry_li                            0x08000227   Thumb Code     0  rtentry2.o(.ARM.Collect$$rtentry$$0000000A)
    __rt_entry_postsh_1                      0x08000227   Thumb Code     0  rtentry2.o(.ARM.Collect$$rtentry$$00000009)
    __rt_entry_main                          0x0800022b   Thumb Code     0  rtentry2.o(.ARM.Collect$$rtentry$$0000000D)
    __rt_entry_postli_1                      0x0800022b   Thumb Code     0  rtentry2.o(.ARM.Collect$$rtentry$$0000000C)
    __rt_exit                                0x08000233   Thumb Code     0  rtexit.o(.ARM.Collect$$rtexit$$00000000)
    __rt_exit_ls                             0x08000235   Thumb Code     0  rtexit2.o(.ARM.Collect$$rtexit$$00000003)
    __rt_exit_prels_1                        0x08000235   Thumb Code     0  rtexit2.o(.ARM.Collect$$rtexit$$00000002)
    __rt_exit_exit                           0x08000239   Thumb Code     0  rtexit2.o(.ARM.Collect$$rtexit$$00000004)
    Reset_Handler                            0x08000241   Thumb Code     8  startup_stm32f37x.o(.text)
    _maybe_terminate_alloc                   0x08000241   Thumb Code     0  maybetermalloc1.o(.emb_text)
    CAN1_RX0_IRQHandler                      0x0800025b   Thumb Code     0  startup_stm32f37x.o(.text)
    CAN1_RX1_IRQHandler                      0x0800025b   Thumb Code     0  startup_stm32f37x.o(.text)
    CAN1_SCE_IRQHandler                      0x0800025b   Thumb Code     0  startup_stm32f37x.o(.text)
    CAN1_TX_IRQHandler                       0x0800025b   Thumb Code     0  startup_stm32f37x.o(.text)
    CEC_IRQHandler                           0x0800025b   Thumb Code     0  startup_stm32f37x.o(.text)
    COMP_IRQHandler                          0x0800025b   Thumb Code     0  startup_stm32f37x.o(.text)
    DMA1_Channel1_IRQHandler                 0x0800025b   Thumb Code     0  startup_stm32f37x.o(.text)
    DMA1_Channel2_IRQHandler                 0x0800025b   Thumb Code     0  startup_stm32f37x.o(.text)
    DMA1_Channel3_IRQHandler                 0x0800025b   Thumb Code     0  startup_stm32f37x.o(.text)
    DMA1_Channel4_IRQHandler                 0x0800025b   Thumb Code     0  startup_stm32f37x.o(.text)
    DMA1_Channel5_IRQHandler                 0x0800025b   Thumb Code     0  startup_stm32f37x.o(.text)
    DMA1_Channel6_IRQHandler                 0x0800025b   Thumb Code     0  startup_stm32f37x.o(.text)
    DMA1_Channel7_IRQHandler                 0x0800025b   Thumb Code     0  startup_stm32f37x.o(.text)
    DMA2_Channel1_IRQHandler                 0x0800025b   Thumb Code     0  startup_stm32f37x.o(.text)
    DMA2_Channel2_IRQHandler                 0x0800025b   Thumb Code     0  startup_stm32f37x.o(.text)
    DMA2_Channel3_IRQHandler                 0x0800025b   Thumb Code     0  startup_stm32f37x.o(.text)
    DMA2_Channel4_IRQHandler                 0x0800025b   Thumb Code     0  startup_stm32f37x.o(.text)
    DMA2_Channel5_IRQHandler                 0x0800025b   Thumb Code     0  startup_stm32f37x.o(.text)
    EXTI15_10_IRQHandler                     0x0800025b   Thumb Code     0  startup_stm32f37x.o(.text)
    EXTI1_IRQHandler                         0x0800025b   Thumb Code     0  startup_stm32f37x.o(.text)
    EXTI2_TS_IRQHandler                      0x0800025b   Thumb Code     0  startup_stm32f37x.o(.text)
    EXTI3_IRQHandler                         0x0800025b   Thumb Code     0  startup_stm32f37x.o(.text)
    EXTI4_IRQHandler                         0x0800025b   Thumb Code     0  startup_stm32f37x.o(.text)
    FLASH_IRQHandler                         0x0800025b   Thumb Code     0  startup_stm32f37x.o(.text)
    FPU_IRQHandler                           0x0800025b   Thumb Code     0  startup_stm32f37x.o(.text)
    I2C1_ER_IRQHandler                       0x0800025b   Thumb Code     0  startup_stm32f37x.o(.text)
    I2C1_EV_IRQHandler                       0x0800025b   Thumb Code     0  startup_stm32f37x.o(.text)
    I2C2_ER_IRQHandler                       0x0800025b   Thumb Code     0  startup_stm32f37x.o(.text)
    I2C2_EV_IRQHandler                       0x0800025b   Thumb Code     0  startup_stm32f37x.o(.text)
    PVD_IRQHandler                           0x0800025b   Thumb Code     0  startup_stm32f37x.o(.text)
    RCC_IRQHandler                           0x0800025b   Thumb Code     0  startup_stm32f37x.o(.text)
    SDADC2_IRQHandler                        0x0800025b   Thumb Code     0  startup_stm32f37x.o(.text)
    SDADC3_IRQHandler                        0x0800025b   Thumb Code     0  startup_stm32f37x.o(.text)
    SPI1_IRQHandler                          0x0800025b   Thumb Code     0  startup_stm32f37x.o(.text)
    SPI2_IRQHandler                          0x0800025b   Thumb Code     0  startup_stm32f37x.o(.text)
    SPI3_IRQHandler                          0x0800025b   Thumb Code     0  startup_stm32f37x.o(.text)
    TAMPER_STAMP_IRQHandler                  0x0800025b   Thumb Code     0  startup_stm32f37x.o(.text)
    TIM12_IRQHandler                         0x0800025b   Thumb Code     0  startup_stm32f37x.o(.text)
    TIM13_IRQHandler                         0x0800025b   Thumb Code     0  startup_stm32f37x.o(.text)
    TIM14_IRQHandler                         0x0800025b   Thumb Code     0  startup_stm32f37x.o(.text)
    TIM15_IRQHandler                         0x0800025b   Thumb Code     0  startup_stm32f37x.o(.text)
    TIM16_IRQHandler                         0x0800025b   Thumb Code     0  startup_stm32f37x.o(.text)
    TIM17_IRQHandler                         0x0800025b   Thumb Code     0  startup_stm32f37x.o(.text)
    TIM18_DAC2_IRQHandler                    0x0800025b   Thumb Code     0  startup_stm32f37x.o(.text)
    TIM19_IRQHandler                         0x0800025b   Thumb Code     0  startup_stm32f37x.o(.text)
    TIM2_IRQHandler                          0x0800025b   Thumb Code     0  startup_stm32f37x.o(.text)
    TIM3_IRQHandler                          0x0800025b   Thumb Code     0  startup_stm32f37x.o(.text)
    TIM5_IRQHandler                          0x0800025b   Thumb Code     0  startup_stm32f37x.o(.text)
    TIM6_DAC1_IRQHandler                     0x0800025b   Thumb Code     0  startup_stm32f37x.o(.text)
    TIM7_IRQHandler                          0x0800025b   Thumb Code     0  startup_stm32f37x.o(.text)
    USART1_IRQHandler                        0x0800025b   Thumb Code     0  startup_stm32f37x.o(.text)
    USART3_IRQHandler                        0x0800025b   Thumb Code     0  startup_stm32f37x.o(.text)
    USBWakeUp_IRQHandler                     0x0800025b   Thumb Code     0  startup_stm32f37x.o(.text)
    USB_HP_IRQHandler                        0x0800025b   Thumb Code     0  startup_stm32f37x.o(.text)
    USB_LP_IRQHandler                        0x0800025b   Thumb Code     0  startup_stm32f37x.o(.text)
    WWDG_IRQHandler                          0x0800025b   Thumb Code     0  startup_stm32f37x.o(.text)
    __user_initial_stackheap                 0x0800025d   Thumb Code     0  startup_stm32f37x.o(.text)
    SystemInit                               0x0800033b   Thumb Code   110  system_stm32f37x.o(.text)
    SystemCoreClockUpdate                    0x080003a9   Thumb Code   138  system_stm32f37x.o(.text)
    NMI_Handler                              0x0800045d   Thumb Code     2  stm32f37x_it.o(.text)
    HardFault_Handler                        0x0800045f   Thumb Code    10  stm32f37x_it.o(.text)
    MemManage_Handler                        0x08000469   Thumb Code     4  stm32f37x_it.o(.text)
    BusFault_Handler                         0x0800046d   Thumb Code     4  stm32f37x_it.o(.text)
    UsageFault_Handler                       0x08000471   Thumb Code     4  stm32f37x_it.o(.text)
    SVC_Handler                              0x08000475   Thumb Code     2  stm32f37x_it.o(.text)
    DebugMon_Handler                         0x08000477   Thumb Code     2  stm32f37x_it.o(.text)
    PendSV_Handler                           0x08000479   Thumb Code     2  stm32f37x_it.o(.text)
    SysTick_Handler                          0x0800047b   Thumb Code     8  stm32f37x_it.o(.text)
    ADC1_IRQHandler                          0x08000483   Thumb Code     2  stm32f37x_it.o(.text)
    EXTI9_5_IRQHandler                       0x08000485   Thumb Code    26  stm32f37x_it.o(.text)
    SDADC1_IRQHandler                        0x0800049f   Thumb Code    26  stm32f37x_it.o(.text)
    main                                     0x080004d1   Thumb Code   348  main.o(.text)
    SD_SPI_Init                              0x080006c9   Thumb Code   244  sd.o(.text)
    SD_WriteByte                             0x080007bd   Thumb Code    48  sd.o(.text)
    SD_SendCmd                               0x080007ed   Thumb Code    70  sd.o(.text)
    SD_ReadByte                              0x08000833   Thumb Code    52  sd.o(.text)
    SD_GetResponse                           0x08000867   Thumb Code    34  sd.o(.text)
    SD_GoIdleState                           0x08000889   Thumb Code   110  sd.o(.text)
    SD_Init                                  0x080008f7   Thumb Code    42  sd.o(.text)
    SD_GetCIDRegister                        0x08000921   Thumb Code   264  sd.o(.text)
    SD_GetCSDRegister                        0x08000a29   Thumb Code   534  sd.o(.text)
    SD_GetCardInfo                           0x08000c3f   Thumb Code    62  sd.o(.text)
    SD_ReadBlock                             0x08000c7d   Thumb Code   108  sd.o(.text)
    SD_ReadMultiBlocks                       0x08000ce9   Thumb Code   144  sd.o(.text)
    SD_GetDataResponse                       0x08000d79   Thumb Code    76  sd.o(.text)
    SD_WriteBlock                            0x08000dc5   Thumb Code   120  sd.o(.text)
    SD_WriteMultiBlocks                      0x08000e3d   Thumb Code   156  sd.o(.text)
    SD_GetStatus                             0x08000ed9   Thumb Code    62  sd.o(.text)
    USART_Configuration                      0x08000f19   Thumb Code   266  uart.o(.text)
    UART_send_byte                           0x08001023   Thumb Code    22  uart.o(.text)
    UART_Send                                0x08001039   Thumb Code    34  uart.o(.text)
    UART2_send_byte                          0x0800105b   Thumb Code    22  uart.o(.text)
    UART2_Send                               0x08001071   Thumb Code    34  uart.o(.text)
    UART_Recive                              0x08001093   Thumb Code    24  uart.o(.text)
    USART2_IRQHandler                        0x080010ab   Thumb Code   120  uart.o(.text)
    _ttywrch                                 0x08001123   Thumb Code     6  uart.o(.text)
    _sys_exit                                0x08001129   Thumb Code     6  uart.o(.text)
    fputc                                    0x0800112f   Thumb Code    32  uart.o(.text)
    SDADC1_Config                            0x08001165   Thumb Code   274  sdadc.o(.text)
    Delay_ms                                 0x08001285   Thumb Code    20  systick.o(.text)
    TimingDelay_Decrement                    0x08001299   Thumb Code    18  systick.o(.text)
    Systick_Init                             0x080012ab   Thumb Code    90  systick.o(.text)
    RTC_Set_Time                             0x08001315   Thumb Code    36  rtc.o(.text)
    RTC_Set_Date                             0x08001339   Thumb Code    36  rtc.o(.text)
    RTC_Set_WakeUp                           0x0800135d   Thumb Code   108  rtc.o(.text)
    My_RTC_Init                              0x080013c9   Thumb Code   146  rtc.o(.text)
    RTC_Set_AlarmA                           0x0800145b   Thumb Code   158  rtc.o(.text)
    RTC_Set_AlarmB                           0x080014f9   Thumb Code   158  rtc.o(.text)
    RTC_Alarm_IRQHandler                     0x08001597   Thumb Code    80  rtc.o(.text)
    RTC_WKUP_IRQHandler                      0x080015e7   Thumb Code    52  rtc.o(.text)
    camera_new_pathname                      0x0800161b   Thumb Code    66  rtc.o(.text)
    Date_read                                0x080016ad   Thumb Code    74  application.o(.text)
    set_alarm                                0x080016f7   Thumb Code    36  application.o(.text)
    set_time                                 0x0800171b   Thumb Code   128  application.o(.text)
    Command_msg_handler                      0x0800179b   Thumb Code   138  application.o(.text)
    timet_checking                           0x08001825   Thumb Code   290  application.o(.text)
    command_msg_analysis                     0x08001947   Thumb Code  1688  application.o(.text)
    timet_compare                            0x08001fdf   Thumb Code   582  application.o(.text)
    TIM_INT_Config                           0x08002225   Thumb Code    40  time.o(.text)
    TIM_OUT_Config                           0x0800224d   Thumb Code   130  time.o(.text)
    TIM4_IRQHandler                          0x080022cf   Thumb Code   322  time.o(.text)
    file_init                                0x08002465   Thumb Code   100  file.o(.text)
    file_creat                               0x080024c9   Thumb Code   102  file.o(.text)
    file_read                                0x0800252f   Thumb Code   104  file.o(.text)
    file_write                               0x08002597   Thumb Code   112  file.o(.text)
    file_deinit                              0x08002607   Thumb Code    12  file.o(.text)
    Sys_Enter_Standby                        0x080026fd   Thumb Code    64  wkup.o(.text)
    EXTI0_IRQHandler                         0x0800273d   Thumb Code    10  wkup.o(.text)
    WKUP_Init                                0x08002747   Thumb Code   126  wkup.o(.text)
    adc_init                                 0x080027c5   Thumb Code   168  adc.o(.text)
    get_adc_value                            0x0800286d   Thumb Code    54  adc.o(.text)
    IWDG_Init                                0x080028ad   Thumb Code    36  iwdg.o(.text)
    IWDG_Feed                                0x080028d1   Thumb Code     8  iwdg.o(.text)
    SPI_I2S_DeInit                           0x080028d9   Thumb Code    76  stm32f37x_spi.o(.text)
    SPI_StructInit                           0x08002925   Thumb Code    30  stm32f37x_spi.o(.text)
    SPI_Init                                 0x08002943   Thumb Code    80  stm32f37x_spi.o(.text)
    I2S_StructInit                           0x08002993   Thumb Code    20  stm32f37x_spi.o(.text)
    I2S_Init                                 0x080029a7   Thumb Code   216  stm32f37x_spi.o(.text)
    SPI_Cmd                                  0x08002a7f   Thumb Code    24  stm32f37x_spi.o(.text)
    SPI_TIModeCmd                            0x08002a97   Thumb Code    24  stm32f37x_spi.o(.text)
    I2S_Cmd                                  0x08002aaf   Thumb Code    24  stm32f37x_spi.o(.text)
    SPI_DataSizeConfig                       0x08002ac7   Thumb Code    18  stm32f37x_spi.o(.text)
    SPI_RxFIFOThresholdConfig                0x08002ad9   Thumb Code    18  stm32f37x_spi.o(.text)
    SPI_BiDirectionalLineConfig              0x08002aeb   Thumb Code    28  stm32f37x_spi.o(.text)
    SPI_NSSInternalSoftwareConfig            0x08002b07   Thumb Code    30  stm32f37x_spi.o(.text)
    SPI_SSOutputCmd                          0x08002b25   Thumb Code    24  stm32f37x_spi.o(.text)
    SPI_NSSPulseModeCmd                      0x08002b3d   Thumb Code    24  stm32f37x_spi.o(.text)
    SPI_SendData8                            0x08002b55   Thumb Code    10  stm32f37x_spi.o(.text)
    SPI_I2S_SendData16                       0x08002b5f   Thumb Code     4  stm32f37x_spi.o(.text)
    SPI_ReceiveData8                         0x08002b63   Thumb Code    12  stm32f37x_spi.o(.text)
    SPI_I2S_ReceiveData16                    0x08002b6f   Thumb Code     6  stm32f37x_spi.o(.text)
    SPI_CRCLengthConfig                      0x08002b75   Thumb Code    18  stm32f37x_spi.o(.text)
    SPI_CalculateCRC                         0x08002b87   Thumb Code    24  stm32f37x_spi.o(.text)
    SPI_TransmitCRC                          0x08002b9f   Thumb Code    10  stm32f37x_spi.o(.text)
    SPI_GetCRC                               0x08002ba9   Thumb Code    16  stm32f37x_spi.o(.text)
    SPI_GetCRCPolynomial                     0x08002bb9   Thumb Code     6  stm32f37x_spi.o(.text)
    SPI_I2S_DMACmd                           0x08002bbf   Thumb Code    18  stm32f37x_spi.o(.text)
    SPI_LastDMATransferCmd                   0x08002bd1   Thumb Code    18  stm32f37x_spi.o(.text)
    SPI_I2S_ITConfig                         0x08002be3   Thumb Code    32  stm32f37x_spi.o(.text)
    SPI_GetTransmissionFIFOStatus            0x08002c03   Thumb Code    10  stm32f37x_spi.o(.text)
    SPI_GetReceptionFIFOStatus               0x08002c0d   Thumb Code    10  stm32f37x_spi.o(.text)
    SPI_I2S_GetFlagStatus                    0x08002c17   Thumb Code    18  stm32f37x_spi.o(.text)
    SPI_I2S_ClearFlag                        0x08002c29   Thumb Code     6  stm32f37x_spi.o(.text)
    SPI_I2S_GetITStatus                      0x08002c2f   Thumb Code    52  stm32f37x_spi.o(.text)
    GPIO_DeInit                              0x08002c71   Thumb Code   154  stm32f37x_gpio.o(.text)
    GPIO_Init                                0x08002d0b   Thumb Code   144  stm32f37x_gpio.o(.text)
    GPIO_StructInit                          0x08002d9b   Thumb Code    22  stm32f37x_gpio.o(.text)
    GPIO_PinLockConfig                       0x08002db1   Thumb Code    34  stm32f37x_gpio.o(.text)
    GPIO_ReadInputDataBit                    0x08002dd3   Thumb Code    18  stm32f37x_gpio.o(.text)
    GPIO_ReadInputData                       0x08002de5   Thumb Code     6  stm32f37x_gpio.o(.text)
    GPIO_ReadOutputDataBit                   0x08002deb   Thumb Code    18  stm32f37x_gpio.o(.text)
    GPIO_ReadOutputData                      0x08002dfd   Thumb Code     6  stm32f37x_gpio.o(.text)
    GPIO_SetBits                             0x08002e03   Thumb Code     4  stm32f37x_gpio.o(.text)
    GPIO_ResetBits                           0x08002e07   Thumb Code     4  stm32f37x_gpio.o(.text)
    GPIO_WriteBit                            0x08002e0b   Thumb Code    10  stm32f37x_gpio.o(.text)
    GPIO_Write                               0x08002e15   Thumb Code     4  stm32f37x_gpio.o(.text)
    GPIO_PinAFConfig                         0x08002e19   Thumb Code    70  stm32f37x_gpio.o(.text)
    RCC_DeInit                               0x08002e75   Thumb Code    82  stm32f37x_rcc.o(.text)
    RCC_HSEConfig                            0x08002ec7   Thumb Code    12  stm32f37x_rcc.o(.text)
    RCC_GetFlagStatus                        0x08002ed3   Thumb Code    54  stm32f37x_rcc.o(.text)
    RCC_WaitForHSEStartUp                    0x08002f09   Thumb Code    56  stm32f37x_rcc.o(.text)
    RCC_AdjustHSICalibrationValue            0x08002f41   Thumb Code    20  stm32f37x_rcc.o(.text)
    RCC_HSICmd                               0x08002f55   Thumb Code     6  stm32f37x_rcc.o(.text)
    RCC_LSEConfig                            0x08002f5b   Thumb Code    32  stm32f37x_rcc.o(.text)
    RCC_LSEDriveConfig                       0x08002f7b   Thumb Code    22  stm32f37x_rcc.o(.text)
    RCC_LSICmd                               0x08002f91   Thumb Code     6  stm32f37x_rcc.o(.text)
    RCC_PLLConfig                            0x08002f97   Thumb Code    28  stm32f37x_rcc.o(.text)
    RCC_PLLCmd                               0x08002fb3   Thumb Code     6  stm32f37x_rcc.o(.text)
    RCC_PREDIV1Config                        0x08002fb9   Thumb Code    18  stm32f37x_rcc.o(.text)
    RCC_ClockSecuritySystemCmd               0x08002fcb   Thumb Code     6  stm32f37x_rcc.o(.text)
    RCC_MCOConfig                            0x08002fd1   Thumb Code     6  stm32f37x_rcc.o(.text)
    RCC_SYSCLKConfig                         0x08002fd7   Thumb Code    18  stm32f37x_rcc.o(.text)
    RCC_GetSYSCLKSource                      0x08002fe9   Thumb Code    10  stm32f37x_rcc.o(.text)
    RCC_HCLKConfig                           0x08002ff3   Thumb Code    18  stm32f37x_rcc.o(.text)
    RCC_PCLK1Config                          0x08003005   Thumb Code    18  stm32f37x_rcc.o(.text)
    RCC_PCLK2Config                          0x08003017   Thumb Code    20  stm32f37x_rcc.o(.text)
    RCC_ADCCLKConfig                         0x0800302b   Thumb Code    22  stm32f37x_rcc.o(.text)
    RCC_SDADCCLKConfig                       0x08003041   Thumb Code    22  stm32f37x_rcc.o(.text)
    RCC_CECCLKConfig                         0x08003057   Thumb Code    22  stm32f37x_rcc.o(.text)
    RCC_I2CCLKConfig                         0x0800306d   Thumb Code    44  stm32f37x_rcc.o(.text)
    RCC_USARTCLKConfig                       0x08003099   Thumb Code    76  stm32f37x_rcc.o(.text)
    RCC_USBCLKConfig                         0x080030e5   Thumb Code     6  stm32f37x_rcc.o(.text)
    RCC_GetClocksFreq                        0x080030eb   Thumb Code   552  stm32f37x_rcc.o(.text)
    RCC_RTCCLKConfig                         0x08003313   Thumb Code    12  stm32f37x_rcc.o(.text)
    RCC_RTCCLKCmd                            0x0800331f   Thumb Code     6  stm32f37x_rcc.o(.text)
    RCC_BackupResetCmd                       0x08003325   Thumb Code     8  stm32f37x_rcc.o(.text)
    RCC_AHBPeriphClockCmd                    0x0800332d   Thumb Code    26  stm32f37x_rcc.o(.text)
    RCC_APB2PeriphClockCmd                   0x08003347   Thumb Code    26  stm32f37x_rcc.o(.text)
    RCC_APB1PeriphClockCmd                   0x08003361   Thumb Code    26  stm32f37x_rcc.o(.text)
    RCC_AHBPeriphResetCmd                    0x0800337b   Thumb Code    26  stm32f37x_rcc.o(.text)
    RCC_APB2PeriphResetCmd                   0x08003395   Thumb Code    26  stm32f37x_rcc.o(.text)
    RCC_APB1PeriphResetCmd                   0x080033af   Thumb Code    26  stm32f37x_rcc.o(.text)
    RCC_ITConfig                             0x080033c9   Thumb Code    26  stm32f37x_rcc.o(.text)
    RCC_ClearFlag                            0x080033e3   Thumb Code    14  stm32f37x_rcc.o(.text)
    RCC_GetITStatus                          0x080033f1   Thumb Code    20  stm32f37x_rcc.o(.text)
    RCC_ClearITPendingBit                    0x08003405   Thumb Code     6  stm32f37x_rcc.o(.text)
    USART_DeInit                             0x08003419   Thumb Code    82  stm32f37x_usart.o(.text)
    USART_Init                               0x0800346b   Thumb Code   196  stm32f37x_usart.o(.text)
    USART_StructInit                         0x0800352f   Thumb Code    24  stm32f37x_usart.o(.text)
    USART_ClockInit                          0x08003547   Thumb Code    30  stm32f37x_usart.o(.text)
    USART_ClockStructInit                    0x08003565   Thumb Code    12  stm32f37x_usart.o(.text)
    USART_Cmd                                0x08003571   Thumb Code    22  stm32f37x_usart.o(.text)
    USART_DirectionModeCmd                   0x08003587   Thumb Code    18  stm32f37x_usart.o(.text)
    USART_OverSampling8Cmd                   0x08003599   Thumb Code    22  stm32f37x_usart.o(.text)
    USART_OneBitMethodCmd                    0x080035af   Thumb Code    22  stm32f37x_usart.o(.text)
    USART_MSBFirstCmd                        0x080035c5   Thumb Code    22  stm32f37x_usart.o(.text)
    USART_DataInvCmd                         0x080035db   Thumb Code    22  stm32f37x_usart.o(.text)
    USART_InvPinCmd                          0x080035f1   Thumb Code    18  stm32f37x_usart.o(.text)
    USART_SWAPPinCmd                         0x08003603   Thumb Code    22  stm32f37x_usart.o(.text)
    USART_ReceiverTimeOutCmd                 0x08003619   Thumb Code    22  stm32f37x_usart.o(.text)
    USART_SetReceiverTimeOut                 0x0800362f   Thumb Code    16  stm32f37x_usart.o(.text)
    USART_SetPrescaler                       0x0800363f   Thumb Code    16  stm32f37x_usart.o(.text)
    USART_STOPModeCmd                        0x0800364f   Thumb Code    22  stm32f37x_usart.o(.text)
    USART_StopModeWakeUpSourceConfig         0x08003665   Thumb Code    16  stm32f37x_usart.o(.text)
    USART_AutoBaudRateCmd                    0x08003675   Thumb Code    22  stm32f37x_usart.o(.text)
    USART_AutoBaudRateConfig                 0x0800368b   Thumb Code    16  stm32f37x_usart.o(.text)
    USART_SendData                           0x0800369b   Thumb Code     8  stm32f37x_usart.o(.text)
    USART_ReceiveData                        0x080036a3   Thumb Code    10  stm32f37x_usart.o(.text)
    USART_SetAddress                         0x080036ad   Thumb Code    18  stm32f37x_usart.o(.text)
    USART_MuteModeCmd                        0x080036bf   Thumb Code    22  stm32f37x_usart.o(.text)
    USART_MuteModeWakeUpConfig               0x080036d5   Thumb Code    16  stm32f37x_usart.o(.text)
    USART_AddressDetectionConfig             0x080036e5   Thumb Code    16  stm32f37x_usart.o(.text)
    USART_LINBreakDetectLengthConfig         0x080036f5   Thumb Code    16  stm32f37x_usart.o(.text)
    USART_LINCmd                             0x08003705   Thumb Code    22  stm32f37x_usart.o(.text)
    USART_HalfDuplexCmd                      0x0800371b   Thumb Code    22  stm32f37x_usart.o(.text)
    USART_SetGuardTime                       0x08003731   Thumb Code    16  stm32f37x_usart.o(.text)
    USART_SmartCardCmd                       0x08003741   Thumb Code    22  stm32f37x_usart.o(.text)
    USART_SmartCardNACKCmd                   0x08003757   Thumb Code    22  stm32f37x_usart.o(.text)
    USART_SetAutoRetryCount                  0x0800376d   Thumb Code    18  stm32f37x_usart.o(.text)
    USART_SetBlockLength                     0x0800377f   Thumb Code    18  stm32f37x_usart.o(.text)
    USART_IrDAConfig                         0x08003791   Thumb Code    16  stm32f37x_usart.o(.text)
    USART_IrDACmd                            0x080037a1   Thumb Code    22  stm32f37x_usart.o(.text)
    USART_DECmd                              0x080037b7   Thumb Code    22  stm32f37x_usart.o(.text)
    USART_DEPolarityConfig                   0x080037cd   Thumb Code    16  stm32f37x_usart.o(.text)
    USART_SetDEAssertionTime                 0x080037dd   Thumb Code    18  stm32f37x_usart.o(.text)
    USART_SetDEDeassertionTime               0x080037ef   Thumb Code    30  stm32f37x_usart.o(.text)
    USART_DMACmd                             0x0800380d   Thumb Code    18  stm32f37x_usart.o(.text)
    USART_DMAReceptionErrorConfig            0x0800381f   Thumb Code    16  stm32f37x_usart.o(.text)
    USART_ITConfig                           0x0800382f   Thumb Code    58  stm32f37x_usart.o(.text)
    USART_RequestCmd                         0x08003869   Thumb Code    18  stm32f37x_usart.o(.text)
    USART_OverrunDetectionConfig             0x0800387b   Thumb Code    16  stm32f37x_usart.o(.text)
    USART_GetFlagStatus                      0x0800388b   Thumb Code    18  stm32f37x_usart.o(.text)
    USART_ClearFlag                          0x0800389d   Thumb Code     4  stm32f37x_usart.o(.text)
    USART_GetITStatus                        0x080038a1   Thumb Code    74  stm32f37x_usart.o(.text)
    USART_ClearITPendingBit                  0x080038eb   Thumb Code    18  stm32f37x_usart.o(.text)
    EXTI_DeInit                              0x080038fd   Thumb Code    34  stm32f37x_exti.o(.text)
    EXTI_Init                                0x0800391f   Thumb Code   142  stm32f37x_exti.o(.text)
    EXTI_StructInit                          0x080039ad   Thumb Code    16  stm32f37x_exti.o(.text)
    EXTI_GenerateSWInterrupt                 0x080039bd   Thumb Code    16  stm32f37x_exti.o(.text)
    EXTI_GetFlagStatus                       0x080039cd   Thumb Code    22  stm32f37x_exti.o(.text)
    EXTI_ClearFlag                           0x080039e3   Thumb Code     8  stm32f37x_exti.o(.text)
    EXTI_GetITStatus                         0x080039eb   Thumb Code    34  stm32f37x_exti.o(.text)
    EXTI_ClearITPendingBit                   0x08003a0d   Thumb Code     8  stm32f37x_exti.o(.text)
    NVIC_PriorityGroupConfig                 0x08003a19   Thumb Code    10  stm32f37x_misc.o(.text)
    NVIC_Init                                0x08003a23   Thumb Code   102  stm32f37x_misc.o(.text)
    NVIC_SetVectorTable                      0x08003a89   Thumb Code    14  stm32f37x_misc.o(.text)
    NVIC_SystemLPConfig                      0x08003a97   Thumb Code    34  stm32f37x_misc.o(.text)
    SysTick_CLKSourceConfig                  0x08003ab9   Thumb Code    40  stm32f37x_misc.o(.text)
    RTC_WaitForSynchro                       0x08003af5   Thumb Code    92  stm32f37x_rtc.o(.text)
    RTC_EnterInitMode                        0x08003b51   Thumb Code    84  stm32f37x_rtc.o(.text)
    RTC_DeInit                               0x08003ba5   Thumb Code   200  stm32f37x_rtc.o(.text)
    RTC_ExitInitMode                         0x08003c6d   Thumb Code    18  stm32f37x_rtc.o(.text)
    RTC_Init                                 0x08003c7f   Thumb Code    94  stm32f37x_rtc.o(.text)
    RTC_StructInit                           0x08003cdd   Thumb Code    14  stm32f37x_rtc.o(.text)
    RTC_WriteProtectionCmd                   0x08003ceb   Thumb Code    22  stm32f37x_rtc.o(.text)
    RTC_RefClockCmd                          0x08003d01   Thumb Code    76  stm32f37x_rtc.o(.text)
    RTC_BypassShadowCmd                      0x08003d4d   Thumb Code    54  stm32f37x_rtc.o(.text)
    RTC_SetTime                              0x08003db5   Thumb Code   200  stm32f37x_rtc.o(.text)
    RTC_TimeStructInit                       0x08003e7d   Thumb Code    12  stm32f37x_rtc.o(.text)
    RTC_GetTime                              0x08003e89   Thumb Code    74  stm32f37x_rtc.o(.text)
    RTC_GetSubSecond                         0x08003ed3   Thumb Code    30  stm32f37x_rtc.o(.text)
    RTC_SetDate                              0x08003ef1   Thumb Code   190  stm32f37x_rtc.o(.text)
    RTC_DateStructInit                       0x08003faf   Thumb Code    14  stm32f37x_rtc.o(.text)
    RTC_GetDate                              0x08003fbd   Thumb Code    74  stm32f37x_rtc.o(.text)
    RTC_SetAlarm                             0x08004007   Thumb Code   230  stm32f37x_rtc.o(.text)
    RTC_AlarmStructInit                      0x080040ed   Thumb Code    22  stm32f37x_rtc.o(.text)
    RTC_GetAlarm                             0x08004103   Thumb Code   114  stm32f37x_rtc.o(.text)
    RTC_AlarmCmd                             0x08004175   Thumb Code   112  stm32f37x_rtc.o(.text)
    RTC_AlarmSubSecondConfig                 0x080041e5   Thumb Code    46  stm32f37x_rtc.o(.text)
    RTC_GetAlarmSubSecond                    0x08004213   Thumb Code    34  stm32f37x_rtc.o(.text)
    RTC_WakeUpClockConfig                    0x08004235   Thumb Code    42  stm32f37x_rtc.o(.text)
    RTC_SetWakeUpCounter                     0x0800425f   Thumb Code    22  stm32f37x_rtc.o(.text)
    RTC_GetWakeUpCounter                     0x08004275   Thumb Code    10  stm32f37x_rtc.o(.text)
    RTC_WakeUpCmd                            0x0800427f   Thumb Code   116  stm32f37x_rtc.o(.text)
    RTC_DayLightSavingConfig                 0x080042f3   Thumb Code    50  stm32f37x_rtc.o(.text)
    RTC_GetStoreOperation                    0x08004325   Thumb Code    12  stm32f37x_rtc.o(.text)
    RTC_OutputConfig                         0x08004331   Thumb Code    60  stm32f37x_rtc.o(.text)
    RTC_CalibOutputCmd                       0x0800436d   Thumb Code    54  stm32f37x_rtc.o(.text)
    RTC_CalibOutputConfig                    0x080043a3   Thumb Code    42  stm32f37x_rtc.o(.text)
    RTC_SmoothCalibConfig                    0x080043cd   Thumb Code    90  stm32f37x_rtc.o(.text)
    RTC_TimeStampCmd                         0x08004427   Thumb Code    54  stm32f37x_rtc.o(.text)
    RTC_GetTimeStamp                         0x0800445d   Thumb Code   144  stm32f37x_rtc.o(.text)
    RTC_GetTimeStampSubSecond                0x080044ed   Thumb Code     8  stm32f37x_rtc.o(.text)
    RTC_TamperTriggerConfig                  0x080044f5   Thumb Code    38  stm32f37x_rtc.o(.text)
    RTC_TamperCmd                            0x0800451b   Thumb Code    34  stm32f37x_rtc.o(.text)
    RTC_TamperFilterConfig                   0x0800453d   Thumb Code    26  stm32f37x_rtc.o(.text)
    RTC_TamperSamplingFreqConfig             0x08004557   Thumb Code    26  stm32f37x_rtc.o(.text)
    RTC_TamperPinsPrechargeDuration          0x08004571   Thumb Code    26  stm32f37x_rtc.o(.text)
    RTC_TimeStampOnTamperDetectionCmd        0x0800458b   Thumb Code    38  stm32f37x_rtc.o(.text)
    RTC_TamperPullUpCmd                      0x080045b1   Thumb Code    38  stm32f37x_rtc.o(.text)
    RTC_WriteBackupRegister                  0x080045d7   Thumb Code    26  stm32f37x_rtc.o(.text)
    RTC_ReadBackupRegister                   0x080045f1   Thumb Code    28  stm32f37x_rtc.o(.text)
    RTC_OutputTypeConfig                     0x0800460d   Thumb Code    26  stm32f37x_rtc.o(.text)
    RTC_SynchroShiftConfig                   0x08004627   Thumb Code   118  stm32f37x_rtc.o(.text)
    RTC_ITConfig                             0x0800469d   Thumb Code    94  stm32f37x_rtc.o(.text)
    RTC_GetFlagStatus                        0x080046fb   Thumb Code    32  stm32f37x_rtc.o(.text)
    RTC_ClearFlag                            0x0800471b   Thumb Code    30  stm32f37x_rtc.o(.text)
    RTC_GetITStatus                          0x08004739   Thumb Code    86  stm32f37x_rtc.o(.text)
    RTC_ClearITPendingBit                    0x0800478f   Thumb Code    28  stm32f37x_rtc.o(.text)
    SDADC_DeInit                             0x080047b1   Thumb Code    76  stm32f37x_sdadc.o(.text)
    SDADC_Init                               0x080047fd   Thumb Code    34  stm32f37x_sdadc.o(.text)
    SDADC_StructInit                         0x0800481f   Thumb Code    12  stm32f37x_sdadc.o(.text)
    SDADC_AINInit                            0x0800482b   Thumb Code    30  stm32f37x_sdadc.o(.text)
    SDADC_AINStructInit                      0x08004849   Thumb Code    12  stm32f37x_sdadc.o(.text)
    SDADC_ChannelConfig                      0x08004855   Thumb Code    30  stm32f37x_sdadc.o(.text)
    SDADC_Cmd                                0x08004873   Thumb Code    22  stm32f37x_sdadc.o(.text)
    SDADC_InitModeCmd                        0x08004889   Thumb Code    22  stm32f37x_sdadc.o(.text)
    SDADC_FastConversionCmd                  0x0800489f   Thumb Code    22  stm32f37x_sdadc.o(.text)
    SDADC_VREFSelect                         0x080048b5   Thumb Code    16  stm32f37x_sdadc.o(.text)
    SDADC_CalibrationSequenceConfig          0x080048c5   Thumb Code    14  stm32f37x_sdadc.o(.text)
    SDADC_StartCalibration                   0x080048d3   Thumb Code    10  stm32f37x_sdadc.o(.text)
    SDADC_ChannelSelect                      0x080048dd   Thumb Code    18  stm32f37x_sdadc.o(.text)
    SDADC_ContinuousModeCmd                  0x080048ef   Thumb Code    22  stm32f37x_sdadc.o(.text)
    SDADC_SoftwareStartConv                  0x08004905   Thumb Code    10  stm32f37x_sdadc.o(.text)
    SDADC_GetConversionValue                 0x0800490f   Thumb Code     8  stm32f37x_sdadc.o(.text)
    SDADC_RegularSynchroSDADC1               0x08004917   Thumb Code    22  stm32f37x_sdadc.o(.text)
    SDADC_GetConversionSDADC12Value          0x0800492d   Thumb Code     6  stm32f37x_sdadc.o(.text)
    SDADC_GetConversionSDADC13Value          0x08004933   Thumb Code     6  stm32f37x_sdadc.o(.text)
    SDADC_SoftwareStartInjectedConv          0x08004939   Thumb Code    10  stm32f37x_sdadc.o(.text)
    SDADC_InjectedChannelSelect              0x08004943   Thumb Code     6  stm32f37x_sdadc.o(.text)
    SDADC_DelayStartInjectedConvCmd          0x08004949   Thumb Code    22  stm32f37x_sdadc.o(.text)
    SDADC_InjectedContinuousModeCmd          0x0800495f   Thumb Code    22  stm32f37x_sdadc.o(.text)
    SDADC_ExternalTrigInjectedConvConfig     0x08004975   Thumb Code    16  stm32f37x_sdadc.o(.text)
    SDADC_ExternalTrigInjectedConvEdgeConfig 0x08004985   Thumb Code    16  stm32f37x_sdadc.o(.text)
    SDADC_GetInjectedChannel                 0x08004995   Thumb Code    18  stm32f37x_sdadc.o(.text)
    SDADC_GetInjectedConversionValue         0x080049a7   Thumb Code    30  stm32f37x_sdadc.o(.text)
    SDADC_InjectedSynchroSDADC1              0x080049c5   Thumb Code    22  stm32f37x_sdadc.o(.text)
    SDADC_GetInjectedConversionSDADC12Value  0x080049db   Thumb Code     6  stm32f37x_sdadc.o(.text)
    SDADC_GetInjectedConversionSDADC13Value  0x080049e1   Thumb Code     6  stm32f37x_sdadc.o(.text)
    SDADC_PowerDownCmd                       0x080049e7   Thumb Code    22  stm32f37x_sdadc.o(.text)
    SDADC_StandbyCmd                         0x080049fd   Thumb Code    22  stm32f37x_sdadc.o(.text)
    SDADC_SlowClockCmd                       0x08004a13   Thumb Code    22  stm32f37x_sdadc.o(.text)
    SDADC_DMAConfig                          0x08004a29   Thumb Code    18  stm32f37x_sdadc.o(.text)
    SDADC_ITConfig                           0x08004a3b   Thumb Code    18  stm32f37x_sdadc.o(.text)
    SDADC_GetFlagStatus                      0x08004a4d   Thumb Code    18  stm32f37x_sdadc.o(.text)
    SDADC_ClearFlag                          0x08004a5f   Thumb Code     8  stm32f37x_sdadc.o(.text)
    SDADC_GetITStatus                        0x08004a67   Thumb Code    34  stm32f37x_sdadc.o(.text)
    SDADC_ClearITPendingBit                  0x08004a89   Thumb Code     8  stm32f37x_sdadc.o(.text)
    PWR_DeInit                               0x08004aa5   Thumb Code    22  stm32f37x_pwr.o(.text)
    PWR_BackupAccessCmd                      0x08004abb   Thumb Code     6  stm32f37x_pwr.o(.text)
    PWR_PVDLevelConfig                       0x08004ac1   Thumb Code    18  stm32f37x_pwr.o(.text)
    PWR_PVDCmd                               0x08004ad3   Thumb Code     6  stm32f37x_pwr.o(.text)
    PWR_WakeUpPinCmd                         0x08004ad9   Thumb Code    26  stm32f37x_pwr.o(.text)
    PWR_SDADCAnalogCmd                       0x08004af3   Thumb Code    26  stm32f37x_pwr.o(.text)
    PWR_EnterSleepMode                       0x08004b0d   Thumb Code    24  stm32f37x_pwr.o(.text)
    PWR_EnterSTOPMode                        0x08004b25   Thumb Code    54  stm32f37x_pwr.o(.text)
    PWR_EnterSTANDBYMode                     0x08004b5b   Thumb Code    42  stm32f37x_pwr.o(.text)
    PWR_GetFlagStatus                        0x08004b85   Thumb Code    20  stm32f37x_pwr.o(.text)
    PWR_ClearFlag                            0x08004b99   Thumb Code    14  stm32f37x_pwr.o(.text)
    TIM_DeInit                               0x08004bb5   Thumb Code   348  stm32f37x_tim.o(.text)
    TIM_TimeBaseInit                         0x08004d11   Thumb Code   110  stm32f37x_tim.o(.text)
    TIM_TimeBaseStructInit                   0x08004d7f   Thumb Code    18  stm32f37x_tim.o(.text)
    TIM_PrescalerConfig                      0x08004d91   Thumb Code     6  stm32f37x_tim.o(.text)
    TIM_CounterModeConfig                    0x08004d97   Thumb Code    18  stm32f37x_tim.o(.text)
    TIM_SetCounter                           0x08004da9   Thumb Code     4  stm32f37x_tim.o(.text)
    TIM_SetAutoreload                        0x08004dad   Thumb Code     4  stm32f37x_tim.o(.text)
    TIM_GetCounter                           0x08004db1   Thumb Code     6  stm32f37x_tim.o(.text)
    TIM_GetPrescaler                         0x08004db7   Thumb Code     6  stm32f37x_tim.o(.text)
    TIM_UpdateDisableConfig                  0x08004dbd   Thumb Code    24  stm32f37x_tim.o(.text)
    TIM_UpdateRequestConfig                  0x08004dd5   Thumb Code    24  stm32f37x_tim.o(.text)
    TIM_ARRPreloadConfig                     0x08004ded   Thumb Code    24  stm32f37x_tim.o(.text)
    TIM_SelectOnePulseMode                   0x08004e05   Thumb Code    18  stm32f37x_tim.o(.text)
    TIM_SetClockDivision                     0x08004e17   Thumb Code    18  stm32f37x_tim.o(.text)
    TIM_Cmd                                  0x08004e29   Thumb Code    24  stm32f37x_tim.o(.text)
    TIM_BDTRConfig                           0x08004e41   Thumb Code    38  stm32f37x_tim.o(.text)
    TIM_BDTRStructInit                       0x08004e67   Thumb Code    18  stm32f37x_tim.o(.text)
    TIM_CtrlPWMOutputs                       0x08004e79   Thumb Code    30  stm32f37x_tim.o(.text)
    TIM_OC1Init                              0x08004e97   Thumb Code   120  stm32f37x_tim.o(.text)
    TIM_OC2Init                              0x08004f0f   Thumb Code    82  stm32f37x_tim.o(.text)
    TIM_OC3Init                              0x08004f61   Thumb Code   132  stm32f37x_tim.o(.text)
    TIM_OC4Init                              0x08004fe5   Thumb Code    82  stm32f37x_tim.o(.text)
    TIM_OCStructInit                         0x08005037   Thumb Code    20  stm32f37x_tim.o(.text)
    TIM_SelectOCxM                           0x0800504b   Thumb Code    82  stm32f37x_tim.o(.text)
    TIM_SetCompare1                          0x0800509d   Thumb Code     4  stm32f37x_tim.o(.text)
    TIM_SetCompare2                          0x080050a1   Thumb Code     4  stm32f37x_tim.o(.text)
    TIM_SetCompare3                          0x080050a5   Thumb Code     4  stm32f37x_tim.o(.text)
    TIM_SetCompare4                          0x080050a9   Thumb Code     4  stm32f37x_tim.o(.text)
    TIM_ForcedOC1Config                      0x080050ad   Thumb Code    18  stm32f37x_tim.o(.text)
    TIM_ForcedOC2Config                      0x080050bf   Thumb Code    26  stm32f37x_tim.o(.text)
    TIM_ForcedOC3Config                      0x080050d9   Thumb Code    18  stm32f37x_tim.o(.text)
    TIM_ForcedOC4Config                      0x080050eb   Thumb Code    26  stm32f37x_tim.o(.text)
    TIM_CCPreloadControl                     0x08005105   Thumb Code    24  stm32f37x_tim.o(.text)
    TIM_OC1PreloadConfig                     0x0800511d   Thumb Code    18  stm32f37x_tim.o(.text)
    TIM_OC2PreloadConfig                     0x0800512f   Thumb Code    26  stm32f37x_tim.o(.text)
    TIM_OC3PreloadConfig                     0x08005149   Thumb Code    18  stm32f37x_tim.o(.text)
    TIM_OC4PreloadConfig                     0x0800515b   Thumb Code    26  stm32f37x_tim.o(.text)
    TIM_OC1FastConfig                        0x08005175   Thumb Code    18  stm32f37x_tim.o(.text)
    TIM_OC2FastConfig                        0x08005187   Thumb Code    26  stm32f37x_tim.o(.text)
    TIM_OC3FastConfig                        0x080051a1   Thumb Code    18  stm32f37x_tim.o(.text)
    TIM_OC4FastConfig                        0x080051b3   Thumb Code    26  stm32f37x_tim.o(.text)
    TIM_ClearOC1Ref                          0x080051cd   Thumb Code    18  stm32f37x_tim.o(.text)
    TIM_ClearOC2Ref                          0x080051df   Thumb Code    24  stm32f37x_tim.o(.text)
    TIM_ClearOC3Ref                          0x080051f7   Thumb Code    18  stm32f37x_tim.o(.text)
    TIM_ClearOC4Ref                          0x08005209   Thumb Code    24  stm32f37x_tim.o(.text)
    TIM_OC1PolarityConfig                    0x08005221   Thumb Code    18  stm32f37x_tim.o(.text)
    TIM_OC1NPolarityConfig                   0x08005233   Thumb Code    18  stm32f37x_tim.o(.text)
    TIM_OC2PolarityConfig                    0x08005245   Thumb Code    26  stm32f37x_tim.o(.text)
    TIM_OC3PolarityConfig                    0x0800525f   Thumb Code    26  stm32f37x_tim.o(.text)
    TIM_OC4PolarityConfig                    0x08005279   Thumb Code    26  stm32f37x_tim.o(.text)
    TIM_SelectOCREFClear                     0x08005293   Thumb Code    18  stm32f37x_tim.o(.text)
    TIM_CCxCmd                               0x080052a5   Thumb Code    30  stm32f37x_tim.o(.text)
    TIM_CCxNCmd                              0x080052c3   Thumb Code    30  stm32f37x_tim.o(.text)
    TIM_SelectCOM                            0x080052e1   Thumb Code    24  stm32f37x_tim.o(.text)
    TIM_SetIC4Prescaler                      0x080052f9   Thumb Code    26  stm32f37x_tim.o(.text)
    TIM_SetIC3Prescaler                      0x08005363   Thumb Code    18  stm32f37x_tim.o(.text)
    TIM_SetIC2Prescaler                      0x080053bd   Thumb Code    26  stm32f37x_tim.o(.text)
    TIM_SetIC1Prescaler                      0x08005427   Thumb Code    18  stm32f37x_tim.o(.text)
    TIM_ICInit                               0x08005473   Thumb Code   110  stm32f37x_tim.o(.text)
    TIM_ICStructInit                         0x080054e1   Thumb Code    18  stm32f37x_tim.o(.text)
    TIM_PWMIConfig                           0x080054f3   Thumb Code   124  stm32f37x_tim.o(.text)
    TIM_GetCapture1                          0x0800556f   Thumb Code     6  stm32f37x_tim.o(.text)
    TIM_GetCapture2                          0x08005575   Thumb Code     6  stm32f37x_tim.o(.text)
    TIM_GetCapture3                          0x0800557b   Thumb Code     6  stm32f37x_tim.o(.text)
    TIM_GetCapture4                          0x08005581   Thumb Code     6  stm32f37x_tim.o(.text)
    TIM_ITConfig                             0x08005587   Thumb Code    18  stm32f37x_tim.o(.text)
    TIM_GenerateEvent                        0x08005599   Thumb Code     4  stm32f37x_tim.o(.text)
    TIM_GetFlagStatus                        0x0800559d   Thumb Code    18  stm32f37x_tim.o(.text)
    TIM_ClearFlag                            0x080055af   Thumb Code     6  stm32f37x_tim.o(.text)
    TIM_GetITStatus                          0x080055b5   Thumb Code    34  stm32f37x_tim.o(.text)
    TIM_ClearITPendingBit                    0x080055d7   Thumb Code     6  stm32f37x_tim.o(.text)
    TIM_DMAConfig                            0x080055dd   Thumb Code    10  stm32f37x_tim.o(.text)
    TIM_DMACmd                               0x080055e7   Thumb Code    18  stm32f37x_tim.o(.text)
    TIM_SelectCCDMA                          0x080055f9   Thumb Code    24  stm32f37x_tim.o(.text)
    TIM_InternalClockConfig                  0x08005611   Thumb Code    12  stm32f37x_tim.o(.text)
    TIM_SelectInputTrigger                   0x0800561d   Thumb Code    18  stm32f37x_tim.o(.text)
    TIM_ITRxExternalClockConfig              0x0800562f   Thumb Code    24  stm32f37x_tim.o(.text)
    TIM_TIxExternalClockConfig               0x08005647   Thumb Code    62  stm32f37x_tim.o(.text)
    TIM_ETRConfig                            0x08005685   Thumb Code    28  stm32f37x_tim.o(.text)
    TIM_ETRClockMode1Config                  0x080056a1   Thumb Code    54  stm32f37x_tim.o(.text)
    TIM_ETRClockMode2Config                  0x080056d7   Thumb Code    32  stm32f37x_tim.o(.text)
    TIM_SelectOutputTrigger                  0x080056f7   Thumb Code    18  stm32f37x_tim.o(.text)
    TIM_SelectSlaveMode                      0x08005709   Thumb Code    18  stm32f37x_tim.o(.text)
    TIM_SelectMasterSlaveMode                0x0800571b   Thumb Code    18  stm32f37x_tim.o(.text)
    TIM_EncoderInterfaceConfig               0x0800572d   Thumb Code    66  stm32f37x_tim.o(.text)
    TIM_SelectHallSensor                     0x0800576f   Thumb Code    24  stm32f37x_tim.o(.text)
    TIM_RemapConfig                          0x08005787   Thumb Code     6  stm32f37x_tim.o(.text)
    SYSCFG_DeInit                            0x0800578d   Thumb Code    44  stm32f37x_syscfg.o(.text)
    SYSCFG_MemoryRemapConfig                 0x080057b9   Thumb Code    18  stm32f37x_syscfg.o(.text)
    SYSCFG_DMAChannelRemapConfig             0x080057cb   Thumb Code    26  stm32f37x_syscfg.o(.text)
    SYSCFG_I2CFastModePlusConfig             0x080057e5   Thumb Code    26  stm32f37x_syscfg.o(.text)
    SYSCFG_VBATMonitoringCmd                 0x080057ff   Thumb Code    30  stm32f37x_syscfg.o(.text)
    SYSCFG_ITConfig                          0x0800581d   Thumb Code    26  stm32f37x_syscfg.o(.text)
    SYSCFG_EXTILineConfig                    0x08005837   Thumb Code    66  stm32f37x_syscfg.o(.text)
    SYSCFG_BreakConfig                       0x08005879   Thumb Code    12  stm32f37x_syscfg.o(.text)
    SYSCFG_GetFlagStatus                     0x08005885   Thumb Code    22  stm32f37x_syscfg.o(.text)
    SYSCFG_ClearFlag                         0x0800589b   Thumb Code    12  stm32f37x_syscfg.o(.text)
    ADC_DeInit                               0x080058ad   Thumb Code    24  stm32f37x_adc.o(.text)
    ADC_Init                                 0x080058c5   Thumb Code    66  stm32f37x_adc.o(.text)
    ADC_StructInit                           0x08005907   Thumb Code    16  stm32f37x_adc.o(.text)
    ADC_Cmd                                  0x08005917   Thumb Code    22  stm32f37x_adc.o(.text)
    ADC_StartCalibration                     0x0800592d   Thumb Code    10  stm32f37x_adc.o(.text)
    ADC_ResetCalibration                     0x08005937   Thumb Code    10  stm32f37x_adc.o(.text)
    ADC_AnalogWatchdogCmd                    0x08005941   Thumb Code    16  stm32f37x_adc.o(.text)
    ADC_AnalogWatchdogThresholdsConfig       0x08005951   Thumb Code     6  stm32f37x_adc.o(.text)
    ADC_AnalogWatchdogSingleChannelConfig    0x08005957   Thumb Code    16  stm32f37x_adc.o(.text)
    ADC_TempSensorVrefintCmd                 0x08005967   Thumb Code    30  stm32f37x_adc.o(.text)
    ADC_RegularChannelConfig                 0x08005985   Thumb Code   184  stm32f37x_adc.o(.text)
    ADC_ExternalTrigConvCmd                  0x08005a3d   Thumb Code    22  stm32f37x_adc.o(.text)
    ADC_SoftwareStartConv                    0x08005a53   Thumb Code    10  stm32f37x_adc.o(.text)
    ADC_GetSoftwareStartConvStatus           0x08005a5d   Thumb Code    20  stm32f37x_adc.o(.text)
    ADC_ContinuousModeCmd                    0x08005a71   Thumb Code    22  stm32f37x_adc.o(.text)
    ADC_DiscModeChannelCountConfig           0x08005a87   Thumb Code    24  stm32f37x_adc.o(.text)
    ADC_DiscModeCmd                          0x08005a9f   Thumb Code    22  stm32f37x_adc.o(.text)
    ADC_GetConversionValue                   0x08005ab5   Thumb Code     8  stm32f37x_adc.o(.text)
    ADC_DMACmd                               0x08005abd   Thumb Code    22  stm32f37x_adc.o(.text)
    ADC_InjectedChannelConfig                0x08005ad3   Thumb Code   130  stm32f37x_adc.o(.text)
    ADC_InjectedSequencerLengthConfig        0x08005b55   Thumb Code    24  stm32f37x_adc.o(.text)
    ADC_SetInjectedOffset                    0x08005b6d   Thumb Code    20  stm32f37x_adc.o(.text)
    ADC_ExternalTrigInjectedConvConfig       0x08005b81   Thumb Code    16  stm32f37x_adc.o(.text)
    ADC_ExternalTrigInjectedConvCmd          0x08005b91   Thumb Code    22  stm32f37x_adc.o(.text)
    ADC_SoftwareStartInjectedConvCmd         0x08005ba7   Thumb Code    22  stm32f37x_adc.o(.text)
    ADC_GetSoftwareStartInjectedConvCmdStatus 0x08005bbd   Thumb Code    20  stm32f37x_adc.o(.text)
    ADC_AutoInjectedConvCmd                  0x08005bd1   Thumb Code    22  stm32f37x_adc.o(.text)
    ADC_InjectedDiscModeCmd                  0x08005be7   Thumb Code    22  stm32f37x_adc.o(.text)
    ADC_GetInjectedConversionValue           0x08005bfd   Thumb Code    28  stm32f37x_adc.o(.text)
    ADC_ITConfig                             0x08005c19   Thumb Code    24  stm32f37x_adc.o(.text)
    ADC_GetFlagStatus                        0x08005c31   Thumb Code    18  stm32f37x_adc.o(.text)
    ADC_ClearFlag                            0x08005c43   Thumb Code     6  stm32f37x_adc.o(.text)
    ADC_GetITStatus                          0x08005c49   Thumb Code    36  stm32f37x_adc.o(.text)
    ADC_ClearITPendingBit                    0x08005c6d   Thumb Code    10  stm32f37x_adc.o(.text)
    ADC_GetCalibrationStatus                 0x08005c77   Thumb Code    20  stm32f37x_adc.o(.text)
    ADC_GetResetCalibrationStatus            0x08005c8b   Thumb Code    20  stm32f37x_adc.o(.text)
    IWDG_WriteAccessCmd                      0x08005cad   Thumb Code     6  stm32f37x_iwdg.o(.text)
    IWDG_SetPrescaler                        0x08005cb3   Thumb Code     6  stm32f37x_iwdg.o(.text)
    IWDG_SetReload                           0x08005cb9   Thumb Code     6  stm32f37x_iwdg.o(.text)
    IWDG_ReloadCounter                       0x08005cbf   Thumb Code    10  stm32f37x_iwdg.o(.text)
    IWDG_SetWindowValue                      0x08005cc9   Thumb Code     6  stm32f37x_iwdg.o(.text)
    IWDG_Enable                              0x08005ccf   Thumb Code    10  stm32f37x_iwdg.o(.text)
    IWDG_GetFlagStatus                       0x08005cd9   Thumb Code    20  stm32f37x_iwdg.o(.text)
    disk_initialize                          0x08005cf1   Thumb Code    16  diskio.o(.text)
    disk_status                              0x08005d01   Thumb Code    12  diskio.o(.text)
    disk_read                                0x08005d0d   Thumb Code    30  diskio.o(.text)
    disk_write                               0x08005d2b   Thumb Code    30  diskio.o(.text)
    get_fattime                              0x08005d49   Thumb Code     4  diskio.o(.text)
    disk_ioctl                               0x08005d4d   Thumb Code    52  diskio.o(.text)
    clust2sect                               0x08005f29   Thumb Code    26  ff.o(.text)
    get_fat                                  0x08005f43   Thumb Code   228  ff.o(.text)
    put_fat                                  0x08006027   Thumb Code   314  ff.o(.text)
    f_mount                                  0x08006c27   Thumb Code    38  ff.o(.text)
    f_open                                   0x08006c4d   Thumb Code   360  ff.o(.text)
    f_read                                   0x08006db5   Thumb Code   474  ff.o(.text)
    f_write                                  0x08006f8f   Thumb Code   524  ff.o(.text)
    f_sync                                   0x0800719b   Thumb Code   182  ff.o(.text)
    f_close                                  0x08007251   Thumb Code    22  ff.o(.text)
    f_lseek                                  0x08007267   Thumb Code   432  ff.o(.text)
    f_opendir                                0x08007417   Thumb Code   110  ff.o(.text)
    f_readdir                                0x08007485   Thumb Code    88  ff.o(.text)
    f_stat                                   0x080074dd   Thumb Code    58  ff.o(.text)
    f_getfree                                0x08007517   Thumb Code   276  ff.o(.text)
    f_truncate                               0x0800762b   Thumb Code   156  ff.o(.text)
    f_unlink                                 0x080076c7   Thumb Code   178  ff.o(.text)
    f_mkdir                                  0x08007779   Thumb Code   384  ff.o(.text)
    f_chmod                                  0x080078f9   Thumb Code    84  ff.o(.text)
    f_utime                                  0x0800794d   Thumb Code    86  ff.o(.text)
    f_rename                                 0x080079a3   Thumb Code   288  ff.o(.text)
    __use_no_semihosting                     0x08007ac3   Thumb Code     2  use_no_semi_2.o(.text)
    malloc                                   0x08007ac5   Thumb Code    94  h1_alloc.o(.text)
    free                                     0x08007b23   Thumb Code    78  h1_free.o(.text)
    __2printf                                0x08007b71   Thumb Code    20  noretval__2printf.o(.text)
    __2sprintf                               0x08007b89   Thumb Code    34  noretval__2sprintf.o(.text)
    _printf_pre_padding                      0x08007bb1   Thumb Code    46  _printf_pad.o(.text)
    _printf_post_padding                     0x08007bdf   Thumb Code    36  _printf_pad.o(.text)
    _printf_str                              0x08007c03   Thumb Code    82  _printf_str.o(.text)
    _printf_int_dec                          0x08007c55   Thumb Code   102  _printf_dec.o(.text)
    __printf                                 0x08007ccd   Thumb Code   310  __printf_flags_wp.o(.text)
    __aeabi_memclr                           0x08007e09   Thumb Code     0  rt_memclr.o(.text)
    __rt_memclr                              0x08007e09   Thumb Code    68  rt_memclr.o(.text)
    _memset                                  0x08007e0d   Thumb Code     0  rt_memclr.o(.text)
    strcmp                                   0x08007e4d   Thumb Code   128  strcmpv7m.o(.text)
    __use_two_region_memory                  0x08007ecd   Thumb Code     2  heapauxi.o(.text)
    __rt_heap_escrow                         0x08007ecf   Thumb Code     2  heapauxi.o(.text)
    __rt_heap_expand                         0x08007ed1   Thumb Code     2  heapauxi.o(.text)
    __I$use$semihosting                      0x08007ed3   Thumb Code     0  use_no_semi.o(.text)
    __use_no_semihosting_swi                 0x08007ed3   Thumb Code     2  use_no_semi.o(.text)
    __rt_heap_descriptor                     0x08007ed5   Thumb Code     8  rt_heap_descriptor_intlibspace.o(.text)
    __use_no_heap                            0x08007edd   Thumb Code     2  hguard.o(.text)
    __heap$guard                             0x08007edf   Thumb Code     2  hguard.o(.text)
    _terminate_user_alloc                    0x08007ee1   Thumb Code     2  init_alloc.o(.text)
    _init_user_alloc                         0x08007ee3   Thumb Code     2  init_alloc.o(.text)
    __Heap_Full                              0x08007ee5   Thumb Code    34  init_alloc.o(.text)
    __Heap_Broken                            0x08007f07   Thumb Code     6  init_alloc.o(.text)
    _init_alloc                              0x08007f0d   Thumb Code    94  init_alloc.o(.text)
    __Heap_Initialize                        0x08007f6b   Thumb Code    10  h1_init.o(.text)
    __Heap_DescSize                          0x08007f75   Thumb Code     4  h1_init.o(.text)
    _printf_int_common                       0x08007f79   Thumb Code   184  _printf_intcommon.o(.text)
    _printf_char_common                      0x0800803b   Thumb Code    32  _printf_char_common.o(.text)
    _sputc                                   0x08008061   Thumb Code    10  _sputc.o(.text)
    _printf_cs_common                        0x0800806b   Thumb Code    20  _printf_char.o(.text)
    _printf_char                             0x0800807f   Thumb Code    16  _printf_char.o(.text)
    _printf_string                           0x0800808f   Thumb Code     8  _printf_char.o(.text)
    _printf_char_file                        0x08008099   Thumb Code    32  _printf_char_file.o(.text)
    __aeabi_memclr4                          0x080080bd   Thumb Code     0  rt_memclr_w.o(.text)
    __aeabi_memclr8                          0x080080bd   Thumb Code     0  rt_memclr_w.o(.text)
    __rt_memclr_w                            0x080080bd   Thumb Code    78  rt_memclr_w.o(.text)
    _memset_w                                0x080080c1   Thumb Code     0  rt_memclr_w.o(.text)
    __user_libspace                          0x0800810d   Thumb Code     8  libspace.o(.text)
    __user_perproc_libspace                  0x0800810d   Thumb Code     0  libspace.o(.text)
    __user_perthread_libspace                0x0800810d   Thumb Code     0  libspace.o(.text)
    __Heap_ProvideMemory                     0x08008115   Thumb Code    52  h1_extend.o(.text)
    ferror                                   0x08008149   Thumb Code     8  ferror.o(.text)
    __rt_SIGRTMEM                            0x08008151   Thumb Code    14  defsig_rtmem_outer.o(.text)
    __user_setup_stackheap                   0x0800815f   Thumb Code    74  sys_stackheap_outer.o(.text)
    exit                                     0x080081a9   Thumb Code    12  exit.o(.text)
    __sig_exit                               0x080081b5   Thumb Code    10  defsig_exit.o(.text)
    __rt_SIGRTMEM_inner                      0x080081c1   Thumb Code    22  defsig_rtmem_inner.o(.text)
    __default_signal_display                 0x08008211   Thumb Code    50  defsig_general.o(.text)
    _is_digit                                0x08008243   Thumb Code    14  __printf_wp.o(i._is_digit)
    _fp_init                                 0x08008251   Thumb Code    10  fpinit.o(x$fpl$fpinit)
    __fplib_config_fpu_vfp                   0x08008259   Thumb Code     0  fpinit.o(x$fpl$fpinit)
    __fplib_config_pureend_doubles           0x08008259   Thumb Code     0  fpinit.o(x$fpl$fpinit)
    Region$$Table$$Base                      0x0800826c   Number         0  anon$$obj.o(Region$$Table)
    Region$$Table$$Limit                     0x0800828c   Number         0  anon$$obj.o(Region$$Table)
    SystemCoreClock                          0x20000000   Data           4  system_stm32f37x.o(.data)
    AHBPrescTable                            0x20000004   Data          16  system_stm32f37x.o(.data)
    touch_flag                               0x20000014   Data           1  stm32f37x_it.o(.data)
    writebuf1                                0x20000018   Data           1  main.o(.data)
    creat_file                               0x20000019   Data           1  main.o(.data)
    write_file                               0x2000001a   Data           1  main.o(.data)
    InjectedConvData                         0x2000001c   Data           2  main.o(.data)
    TimingDelay                              0x20000020   Data           4  main.o(.data)
    adc_start_flag                           0x20000024   Data           4  main.o(.data)
    sdadc_config                             0x20000028   Data           4  main.o(.data)
    res                                      0x2000002c   Data           1  main.o(.data)
    br                                       0x20000030   Data           4  main.o(.data)
    bw                                       0x20000034   Data           4  main.o(.data)
    w_buffer                                 0x20000038   Data           4  main.o(.data)
    RTC_TimeStruct                           0x2000003c   Data           4  main.o(.data)
    RTC_DateStruct                           0x20000040   Data           4  main.o(.data)
    USART_RX_STA                             0x20000044   Data           2  uart.o(.data)
    __stdout                                 0x20000048   Data           4  uart.o(.data)
    NVIC_InitStructure                       0x20000050   Data           4  rtc.o(.data)
    RTC_Time                                 0x20000055   Data           4  application.o(.data)
    RTC_Date                                 0x20000059   Data           4  application.o(.data)
    starttime                                0x2000005e   Data           8  application.o(.data)
    endtime                                  0x20000066   Data           8  application.o(.data)
    CCR3_Val                                 0x20000070   Data           4  time.o(.data)
    CCR4_Val                                 0x20000074   Data           2  time.o(.data)
    capture                                  0x20000076   Data           2  time.o(.data)
    PrescalerValue                           0x20000078   Data           2  time.o(.data)
    w_index                                  0x2000007c   Data           4  time.o(.data)
    InputVoltageMv                           0x20000080   Data           4  time.o(.data)
    temp1                                    0x20000084   Data           2  time.o(.data)
    temp2                                    0x20000086   Data           2  time.o(.data)
    space                                    0x20000088   Data           1  file.o(.data)
    fs                                       0x200000b8   Data         560  main.o(.bss)
    fsrc                                     0x200002e8   Data         548  main.o(.bss)
    fdst                                     0x2000050c   Data         548  main.o(.bss)
    dir                                      0x20000730   Data          28  main.o(.bss)
    write_buf                                0x2000074c   Data        4096  main.o(.bss)
    write_buf2                               0x2000174c   Data        4096  main.o(.bss)
    COMMAND_BUF                              0x2000274c   Data         200  uart.o(.bss)
    pathname                                 0x20002814   Data          24  rtc.o(.bss)
    filename                                 0x2000282c   Data          48  rtc.o(.bss)
    tbuf                                     0x2000285c   Data          40  application.o(.bss)
    TIM_TimeBaseStructure                    0x20002884   Data          12  time.o(.bss)
    TIM_OCInitStructure                      0x20002890   Data          20  time.o(.bss)
    buffer                                   0x200028a4   Data         512  file.o(.bss)
    __libspace_start                         0x20002aa4   Data          96  libspace.o(.bss)
    __temporary_stack_top$libspace           0x20002b04   Data           0  libspace.o(.bss)



==============================================================================

Memory Map of the image

  Image Entry point : 0x08000189

  Load Region LR_IROM1 (Base: 0x08000000, Size: 0x00008344, Max: 0x00040000, ABSOLUTE)

    Execution Region ER_IROM1 (Base: 0x08000000, Size: 0x0000828c, Max: 0x00040000, ABSOLUTE)

    Base Addr    Size         Type   Attr      Idx    E Section Name        Object

    0x08000000   0x00000188   Data   RO            3    RESET               startup_stm32f37x.o
    0x08000188   0x00000008   Code   RO         1072  * !!!main             c_w.l(__main.o)
    0x08000190   0x00000034   Code   RO         1297    !!!scatter          c_w.l(__scatter.o)
    0x080001c4   0x0000001a   Code   RO         1299    !!handler_copy      c_w.l(__scatter_copy.o)
    0x080001de   0x00000002   PAD
    0x080001e0   0x0000001c   Code   RO         1301    !!handler_zi        c_w.l(__scatter_zi.o)
    0x080001fc   0x00000000   Code   RO         1057    .ARM.Collect$$_printf_percent$$00000000  c_w.l(_printf_percent.o)
    0x080001fc   0x00000006   Code   RO         1056    .ARM.Collect$$_printf_percent$$00000009  c_w.l(_printf_d.o)
    0x08000202   0x00000006   Code   RO         1055    .ARM.Collect$$_printf_percent$$00000014  c_w.l(_printf_s.o)
    0x08000208   0x00000004   Code   RO         1116    .ARM.Collect$$_printf_percent$$00000017  c_w.l(_printf_percent_end.o)
    0x0800020c   0x00000002   Code   RO         1241    .ARM.Collect$$libinit$$00000000  c_w.l(libinit.o)
    0x0800020e   0x00000004   Code   RO         1121    .ARM.Collect$$libinit$$00000001  c_w.l(libinit2.o)
    0x08000212   0x00000008   Code   RO         1123    .ARM.Collect$$libinit$$00000003  c_w.l(libinit2.o)
    0x0800021a   0x00000000   Code   RO         1125    .ARM.Collect$$libinit$$00000008  c_w.l(libinit2.o)
    0x0800021a   0x00000000   Code   RO         1127    .ARM.Collect$$libinit$$0000000A  c_w.l(libinit2.o)
    0x0800021a   0x00000000   Code   RO         1129    .ARM.Collect$$libinit$$0000000C  c_w.l(libinit2.o)
    0x0800021a   0x00000000   Code   RO         1132    .ARM.Collect$$libinit$$0000000F  c_w.l(libinit2.o)
    0x0800021a   0x00000000   Code   RO         1134    .ARM.Collect$$libinit$$00000011  c_w.l(libinit2.o)
    0x0800021a   0x00000000   Code   RO         1136    .ARM.Collect$$libinit$$00000013  c_w.l(libinit2.o)
    0x0800021a   0x00000000   Code   RO         1138    .ARM.Collect$$libinit$$00000015  c_w.l(libinit2.o)
    0x0800021a   0x00000000   Code   RO         1140    .ARM.Collect$$libinit$$00000017  c_w.l(libinit2.o)
    0x0800021a   0x00000000   Code   RO         1142    .ARM.Collect$$libinit$$00000019  c_w.l(libinit2.o)
    0x0800021a   0x00000000   Code   RO         1144    .ARM.Collect$$libinit$$0000001B  c_w.l(libinit2.o)
    0x0800021a   0x00000000   Code   RO         1146    .ARM.Collect$$libinit$$0000001D  c_w.l(libinit2.o)
    0x0800021a   0x00000000   Code   RO         1148    .ARM.Collect$$libinit$$0000001F  c_w.l(libinit2.o)
    0x0800021a   0x00000000   Code   RO         1150    .ARM.Collect$$libinit$$00000021  c_w.l(libinit2.o)
    0x0800021a   0x00000000   Code   RO         1152    .ARM.Collect$$libinit$$00000023  c_w.l(libinit2.o)
    0x0800021a   0x00000000   Code   RO         1156    .ARM.Collect$$libinit$$0000002A  c_w.l(libinit2.o)
    0x0800021a   0x00000000   Code   RO         1158    .ARM.Collect$$libinit$$0000002C  c_w.l(libinit2.o)
    0x0800021a   0x00000000   Code   RO         1160    .ARM.Collect$$libinit$$0000002E  c_w.l(libinit2.o)
    0x0800021a   0x00000000   Code   RO         1162    .ARM.Collect$$libinit$$00000030  c_w.l(libinit2.o)
    0x0800021a   0x00000002   Code   RO         1163    .ARM.Collect$$libinit$$00000031  c_w.l(libinit2.o)
    0x0800021c   0x00000002   Code   RO         1294    .ARM.Collect$$libshutdown$$00000000  c_w.l(libshutdown.o)
    0x0800021e   0x00000000   Code   RO         1254    .ARM.Collect$$libshutdown$$00000003  c_w.l(libshutdown2.o)
    0x0800021e   0x00000000   Code   RO         1257    .ARM.Collect$$libshutdown$$00000006  c_w.l(libshutdown2.o)
    0x0800021e   0x00000000   Code   RO         1260    .ARM.Collect$$libshutdown$$00000009  c_w.l(libshutdown2.o)
    0x0800021e   0x00000000   Code   RO         1262    .ARM.Collect$$libshutdown$$0000000B  c_w.l(libshutdown2.o)
    0x0800021e   0x00000000   Code   RO         1265    .ARM.Collect$$libshutdown$$0000000E  c_w.l(libshutdown2.o)
    0x0800021e   0x00000002   Code   RO         1266    .ARM.Collect$$libshutdown$$0000000F  c_w.l(libshutdown2.o)
    0x08000220   0x00000000   Code   RO         1078    .ARM.Collect$$rtentry$$00000000  c_w.l(rtentry.o)
    0x08000220   0x00000000   Code   RO         1170    .ARM.Collect$$rtentry$$00000002  c_w.l(rtentry2.o)
    0x08000220   0x00000006   Code   RO         1182    .ARM.Collect$$rtentry$$00000004  c_w.l(rtentry4.o)
    0x08000226   0x00000000   Code   RO         1172    .ARM.Collect$$rtentry$$00000009  c_w.l(rtentry2.o)
    0x08000226   0x00000004   Code   RO         1173    .ARM.Collect$$rtentry$$0000000A  c_w.l(rtentry2.o)
    0x0800022a   0x00000000   Code   RO         1175    .ARM.Collect$$rtentry$$0000000C  c_w.l(rtentry2.o)
    0x0800022a   0x00000008   Code   RO         1176    .ARM.Collect$$rtentry$$0000000D  c_w.l(rtentry2.o)
    0x08000232   0x00000002   Code   RO         1242    .ARM.Collect$$rtexit$$00000000  c_w.l(rtexit.o)
    0x08000234   0x00000000   Code   RO         1268    .ARM.Collect$$rtexit$$00000002  c_w.l(rtexit2.o)
    0x08000234   0x00000004   Code   RO         1269    .ARM.Collect$$rtexit$$00000003  c_w.l(rtexit2.o)
    0x08000238   0x00000006   Code   RO         1270    .ARM.Collect$$rtexit$$00000004  c_w.l(rtexit2.o)
    0x0800023e   0x00000002   PAD
    0x08000240   0x00000000   Code   RO         1188    .emb_text           c_w.l(maybetermalloc1.o)
    0x08000240   0x00000040   Code   RO            4    .text               startup_stm32f37x.o
    0x08000280   0x000001dc   Code   RO           12    .text               system_stm32f37x.o
    0x0800045c   0x00000074   Code   RO          130    .text               stm32f37x_it.o
    0x080004d0   0x000001f8   Code   RO          171    .text               main.o
    0x080006c8   0x0000084e   Code   RO          330    .text               sd.o
    0x08000f16   0x00000002   PAD
    0x08000f18   0x0000024c   Code   RO          350    .text               uart.o
    0x08001164   0x00000120   Code   RO          384    .text               sdadc.o
    0x08001284   0x00000090   Code   RO          404    .text               systick.o
    0x08001314   0x00000398   Code   RO          426    .text               rtc.o
    0x080016ac   0x00000b78   Code   RO          451    .text               application.o
    0x08002224   0x00000240   Code   RO          486    .text               time.o
    0x08002464   0x00000298   Code   RO          541    .text               file.o
    0x080026fc   0x000000c8   Code   RO          566    .text               wkup.o
    0x080027c4   0x000000e8   Code   RO          586    .text               adc.o
    0x080028ac   0x0000002c   Code   RO          606    .text               iwdg.o
    0x080028d8   0x00000398   Code   RO          626    .text               stm32f37x_spi.o
    0x08002c70   0x00000204   Code   RO          646    .text               stm32f37x_gpio.o
    0x08002e74   0x000005a4   Code   RO          666    .text               stm32f37x_rcc.o
    0x08003418   0x000004e4   Code   RO          688    .text               stm32f37x_usart.o
    0x080038fc   0x0000011c   Code   RO          708    .text               stm32f37x_exti.o
    0x08003a18   0x000000dc   Code   RO          728    .text               stm32f37x_misc.o
    0x08003af4   0x00000cbc   Code   RO          748    .text               stm32f37x_rtc.o
    0x080047b0   0x000002f4   Code   RO          768    .text               stm32f37x_sdadc.o
    0x08004aa4   0x00000110   Code   RO          788    .text               stm32f37x_pwr.o
    0x08004bb4   0x00000bd8   Code   RO          808    .text               stm32f37x_tim.o
    0x0800578c   0x00000120   Code   RO          828    .text               stm32f37x_syscfg.o
    0x080058ac   0x00000400   Code   RO          848    .text               stm32f37x_adc.o
    0x08005cac   0x00000044   Code   RO          868    .text               stm32f37x_iwdg.o
    0x08005cf0   0x00000094   Code   RO          888    .text               diskio.o
    0x08005d84   0x00001d3e   Code   RO          909    .text               ff.o
    0x08007ac2   0x00000002   Code   RO          955    .text               c_w.l(use_no_semi_2.o)
    0x08007ac4   0x0000005e   Code   RO          961    .text               c_w.l(h1_alloc.o)
    0x08007b22   0x0000004e   Code   RO          963    .text               c_w.l(h1_free.o)
    0x08007b70   0x00000018   Code   RO         1023    .text               c_w.l(noretval__2printf.o)
    0x08007b88   0x00000028   Code   RO         1025    .text               c_w.l(noretval__2sprintf.o)
    0x08007bb0   0x00000052   Code   RO         1029    .text               c_w.l(_printf_pad.o)
    0x08007c02   0x00000052   Code   RO         1031    .text               c_w.l(_printf_str.o)
    0x08007c54   0x00000078   Code   RO         1033    .text               c_w.l(_printf_dec.o)
    0x08007ccc   0x0000013c   Code   RO         1047    .text               c_w.l(__printf_flags_wp.o)
    0x08007e08   0x00000044   Code   RO         1066    .text               c_w.l(rt_memclr.o)
    0x08007e4c   0x00000080   Code   RO         1068    .text               c_w.l(strcmpv7m.o)
    0x08007ecc   0x00000006   Code   RO         1070    .text               c_w.l(heapauxi.o)
    0x08007ed2   0x00000002   Code   RO         1074    .text               c_w.l(use_no_semi.o)
    0x08007ed4   0x00000008   Code   RO         1082    .text               c_w.l(rt_heap_descriptor_intlibspace.o)
    0x08007edc   0x00000004   Code   RO         1084    .text               c_w.l(hguard.o)
    0x08007ee0   0x0000008a   Code   RO         1086    .text               c_w.l(init_alloc.o)
    0x08007f6a   0x0000000e   Code   RO         1090    .text               c_w.l(h1_init.o)
    0x08007f78   0x000000b8   Code   RO         1106    .text               c_w.l(_printf_intcommon.o)
    0x08008030   0x00000030   Code   RO         1108    .text               c_w.l(_printf_char_common.o)
    0x08008060   0x0000000a   Code   RO         1110    .text               c_w.l(_sputc.o)
    0x0800806a   0x0000002c   Code   RO         1112    .text               c_w.l(_printf_char.o)
    0x08008096   0x00000002   PAD
    0x08008098   0x00000024   Code   RO         1114    .text               c_w.l(_printf_char_file.o)
    0x080080bc   0x0000004e   Code   RO         1117    .text               c_w.l(rt_memclr_w.o)
    0x0800810a   0x00000002   PAD
    0x0800810c   0x00000008   Code   RO         1166    .text               c_w.l(libspace.o)
    0x08008114   0x00000034   Code   RO         1190    .text               c_w.l(h1_extend.o)
    0x08008148   0x00000008   Code   RO         1196    .text               c_w.l(ferror.o)
    0x08008150   0x0000000e   Code   RO         1200    .text               c_w.l(defsig_rtmem_outer.o)
    0x0800815e   0x0000004a   Code   RO         1212    .text               c_w.l(sys_stackheap_outer.o)
    0x080081a8   0x0000000c   Code   RO         1226    .text               c_w.l(exit.o)
    0x080081b4   0x0000000a   Code   RO         1228    .text               c_w.l(defsig_exit.o)
    0x080081be   0x00000002   PAD
    0x080081c0   0x00000050   Code   RO         1230    .text               c_w.l(defsig_rtmem_inner.o)
    0x08008210   0x00000032   Code   RO         1250    .text               c_w.l(defsig_general.o)
    0x08008242   0x0000000e   Code   RO         1045    i._is_digit         c_w.l(__printf_wp.o)
    0x08008250   0x0000000a   Code   RO         1209    x$fpl$fpinit        fz_wm.l(fpinit.o)
    0x0800825a   0x00000011   Data   RO         1048    .constdata          c_w.l(__printf_flags_wp.o)
    0x0800826b   0x00000001   PAD
    0x0800826c   0x00000020   Data   RO         1295    Region$$Table       anon$$obj.o


    Execution Region RW_IRAM1 (Base: 0x20000000, Size: 0x00003108, Max: 0x00008000, ABSOLUTE)

    Base Addr    Size         Type   Attr      Idx    E Section Name        Object

    0x20000000   0x00000014   Data   RW           13    .data               system_stm32f37x.o
    0x20000014   0x00000001   Data   RW          131    .data               stm32f37x_it.o
    0x20000015   0x00000003   PAD
    0x20000018   0x0000002c   Data   RW          173    .data               main.o
    0x20000044   0x00000008   Data   RW          352    .data               uart.o
    0x2000004c   0x00000004   Data   RW          405    .data               systick.o
    0x20000050   0x00000004   Data   RW          428    .data               rtc.o
    0x20000054   0x0000001a   Data   RW          453    .data               application.o
    0x2000006e   0x00000002   PAD
    0x20000070   0x00000018   Data   RW          488    .data               time.o
    0x20000088   0x00000001   Data   RW          543    .data               file.o
    0x20000089   0x00000024   Data   RW          667    .data               stm32f37x_rcc.o
    0x200000ad   0x00000003   PAD
    0x200000b0   0x00000006   Data   RW          910    .data               ff.o
    0x200000b6   0x00000002   PAD
    0x200000b8   0x00002694   Zero   RW          172    .bss                main.o
    0x2000274c   0x000000c8   Zero   RW          351    .bss                uart.o
    0x20002814   0x00000048   Zero   RW          427    .bss                rtc.o
    0x2000285c   0x00000028   Zero   RW          452    .bss                application.o
    0x20002884   0x00000020   Zero   RW          487    .bss                time.o
    0x200028a4   0x00000200   Zero   RW          542    .bss                file.o
    0x20002aa4   0x00000060   Zero   RW         1167    .bss                c_w.l(libspace.o)
    0x20002b04   0x00000004   PAD
    0x20002b08   0x00000200   Zero   RW            2    HEAP                startup_stm32f37x.o
    0x20002d08   0x00000400   Zero   RW            1    STACK               startup_stm32f37x.o


==============================================================================

Image component sizes


      Code (inc. data)   RO Data    RW Data    ZI Data      Debug   Object Name

       232         10          0          0          0       1009   adc.o
      2936        740          0         26         40       4422   application.o
       148          4          0          0          0       2382   diskio.o
      7486         40          0          6          0      20248   ff.o
       664        234          0          1        512       2140   file.o
        44          0          0          0          0        614   iwdg.o
       504        156          0         44       9876      36460   main.o
       920         80          0          4         72       4409   rtc.o
      2126         12          0          0          0       5841   sd.o
       288         14          0          0          0        816   sdadc.o
        64         26        392          0       1536        788   startup_stm32f37x.o
      1024         14          0          0          0       9309   stm32f37x_adc.o
       284          4          0          0          0       2187   stm32f37x_exti.o
       516         22          0          0          0       3729   stm32f37x_gpio.o
       116         24          0          1          0       1924   stm32f37x_it.o
        68          4          0          0          0       1433   stm32f37x_iwdg.o
       220         20          0          0          0       1757   stm32f37x_misc.o
       272         14          0          0          0       2489   stm32f37x_pwr.o
      1444         62          0         36          0       9379   stm32f37x_rcc.o
      3260         44          0          0          0      14082   stm32f37x_rtc.o
       756         20          0          0          0       9157   stm32f37x_sdadc.o
       920         14          0          0          0       7627   stm32f37x_spi.o
       288          6          0          0          0       2415   stm32f37x_syscfg.o
      3032         54          0          0          0      21747   stm32f37x_tim.o
      1252         12          0          0          0      11794   stm32f37x_usart.o
       476         42          0         20          0     254643   system_stm32f37x.o
       144         16          0          4          0       1466   systick.o
       576         84          0         24         32       1940   time.o
       588         22          0          8        200       4780   uart.o
       200          0          0          0          0        887   wkup.o

    ----------------------------------------------------------------------
     30850       1794        424        184      12268     441874   Object Totals
         0          0         32          0          0          0   (incl. Generated)
         2          0          0         10          0          0   (incl. Padding)

    ----------------------------------------------------------------------

      Code (inc. data)   RO Data    RW Data    ZI Data      Debug   Library Member Name

         8          0          0          0          0         68   __main.o
       316          6         17          0          0         92   __printf_flags_wp.o
        14          0          0          0          0         68   __printf_wp.o
        52          8          0          0          0          0   __scatter.o
        26          0          0          0          0          0   __scatter_copy.o
        28          0          0          0          0          0   __scatter_zi.o
        44          0          0          0          0        108   _printf_char.o
        48          6          0          0          0         96   _printf_char_common.o
        36          4          0          0          0         80   _printf_char_file.o
         6          0          0          0          0          0   _printf_d.o
       120         18          0          0          0         92   _printf_dec.o
       184          0          0          0          0         88   _printf_intcommon.o
        82          0          0          0          0        108   _printf_pad.o
         0          0          0          0          0          0   _printf_percent.o
         4          0          0          0          0          0   _printf_percent_end.o
         6          0          0          0          0          0   _printf_s.o
        82          0          0          0          0         80   _printf_str.o
        10          0          0          0          0         68   _sputc.o
        10          0          0          0          0         68   defsig_exit.o
        50          0          0          0          0         88   defsig_general.o
        80         58          0          0          0         76   defsig_rtmem_inner.o
        14          0          0          0          0         80   defsig_rtmem_outer.o
        12          0          0          0          0         72   exit.o
         8          0          0          0          0         68   ferror.o
        94          0          0          0          0         80   h1_alloc.o
        52          0          0          0          0         68   h1_extend.o
        78          0          0          0          0         80   h1_free.o
        14          0          0          0          0         84   h1_init.o
         6          0          0          0          0        152   heapauxi.o
         4          0          0          0          0        136   hguard.o
       138          0          0          0          0        168   init_alloc.o
         2          0          0          0          0          0   libinit.o
        14          0          0          0          0          0   libinit2.o
         2          0          0          0          0          0   libshutdown.o
         2          0          0          0          0          0   libshutdown2.o
         8          4          0          0         96         68   libspace.o
         0          0          0          0          0          0   maybetermalloc1.o
        24          4          0          0          0         84   noretval__2printf.o
        40          6          0          0          0         84   noretval__2sprintf.o
         8          4          0          0          0         68   rt_heap_descriptor_intlibspace.o
        68          0          0          0          0         68   rt_memclr.o
        78          0          0          0          0         80   rt_memclr_w.o
         0          0          0          0          0          0   rtentry.o
        12          0          0          0          0          0   rtentry2.o
         6          0          0          0          0          0   rtentry4.o
         2          0          0          0          0          0   rtexit.o
        10          0          0          0          0          0   rtexit2.o
       128          0          0          0          0         68   strcmpv7m.o
        74          0          0          0          0         80   sys_stackheap_outer.o
         2          0          0          0          0         68   use_no_semi.o
         2          0          0          0          0         68   use_no_semi_2.o
        10          0          0          0          0        116   fpinit.o

    ----------------------------------------------------------------------
      2128        118         18          0        100       3020   Library Totals
        10          0          1          0          4          0   (incl. Padding)

    ----------------------------------------------------------------------

      Code (inc. data)   RO Data    RW Data    ZI Data      Debug   Library Name

      2108        118         17          0         96       2904   c_w.l
        10          0          0          0          0        116   fz_wm.l

    ----------------------------------------------------------------------
      2128        118         18          0        100       3020   Library Totals

    ----------------------------------------------------------------------

==============================================================================


      Code (inc. data)   RO Data    RW Data    ZI Data      Debug   

     32978       1912        442        184      12368     436078   Grand Totals
     32978       1912        442        184      12368     436078   ELF Image Totals
     32978       1912        442        184          0          0   ROM Totals

==============================================================================

    Total RO  Size (Code + RO Data)                33420 (  32.64kB)
    Total RW  Size (RW Data + ZI Data)             12552 (  12.26kB)
    Total ROM Size (Code + RO Data + RW Data)      33604 (  32.82kB)

==============================================================================

