Component: ARM Compiler 5.06 update 6 (build 750) Tool: armlink [4d35ed]

==============================================================================

Section Cross References

    startup_stm32f37x.o(STACK) refers (Special) to heapauxi.o(.text) for __use_two_region_memory
    startup_stm32f37x.o(HEAP) refers (Special) to heapauxi.o(.text) for __use_two_region_memory
    startup_stm32f37x.o(RESET) refers (Special) to heapauxi.o(.text) for __use_two_region_memory
    startup_stm32f37x.o(RESET) refers to startup_stm32f37x.o(STACK) for __initial_sp
    startup_stm32f37x.o(RESET) refers to startup_stm32f37x.o(.text) for Reset_Handler
    startup_stm32f37x.o(RESET) refers to stm32f37x_it.o(.text) for NMI_Handler
    startup_stm32f37x.o(RESET) refers to rtc.o(.text) for RTC_WKUP_IRQHandler
    startup_stm32f37x.o(RESET) refers to uart.o(.text) for USART2_IRQHandler
    startup_stm32f37x.o(.text) refers (Special) to heapauxi.o(.text) for __use_two_region_memory
    startup_stm32f37x.o(.text) refers to system_stm32f37x.o(.text) for SystemInit
    startup_stm32f37x.o(.text) refers to __main.o(!!!main) for __main
    startup_stm32f37x.o(.text) refers to startup_stm32f37x.o(HEAP) for Heap_Mem
    startup_stm32f37x.o(.text) refers to startup_stm32f37x.o(STACK) for Stack_Mem
    system_stm32f37x.o(.text) refers to system_stm32f37x.o(.data) for SystemCoreClock
    stm32f37x_it.o(.text) refers to systick.o(.text) for TimingDelay_Decrement
    stm32f37x_it.o(.text) refers to stm32f37x_exti.o(.text) for EXTI_GetITStatus
    stm32f37x_it.o(.text) refers to stm32f37x_sdadc.o(.text) for SDADC_GetFlagStatus
    stm32f37x_it.o(.text) refers to stm32f37x_it.o(.data) for touch_flag
    stm32f37x_it.o(.text) refers to main.o(.data) for InjectedConvData
    main.o(.text) refers to stm32f37x_rcc.o(.text) for RCC_GetClocksFreq
    main.o(.text) refers to system_stm32f37x.o(.text) for SystemInit
    main.o(.text) refers to uart.o(.text) for USART_Configuration
    main.o(.text) refers to rtc.o(.text) for My_RTC_Init
    main.o(.text) refers to noretval__2printf.o(.text) for __2printf
    main.o(.text) refers to stm32f37x_usart.o(.text) for USART_SendData
    main.o(.text) refers to main.o(.data) for aaa
    main.o(.text) refers to uart.o(.data) for USART_RX_STA
    main.o(.text) refers to uart.o(.bss) for USART_RX_BUF
    w25x16.o(.text) refers to stm32f37x_rcc.o(.text) for RCC_AHBPeriphClockCmd
    w25x16.o(.text) refers to stm32f37x_gpio.o(.text) for GPIO_Init
    w25x16.o(.text) refers to stm32f37x_spi.o(.text) for SPI_Init
    fatapp.o(.text) refers to ff.o(.text) for f_mount
    fatapp.o(.text) refers to strlen.o(.text) for strlen
    fatapp.o(.text) refers to strcasecmp.o(.text) for strcasecmp
    fatapp.o(.text) refers to strcpy.o(.text) for strcpy
    fatapp.o(.text) refers to rt_memcpy_w.o(.text) for __aeabi_memcpy4
    fatapp.o(.text) refers to ili9328.o(.text) for LCD_WR_REG_DATA
    fatapp.o(.text) refers to fatapp.o(.bss) for flag
    fatapp.o(.text) refers to fatapp.o(.data) for type
    ili9328.o(.text) refers to ili9328.o(.data) for POINT_COLOR
    ili9328.o(.text) refers to w25x16.o(.text) for SPI_FLASH_BufferRead
    ili9328.o(.text) refers to ili9328.o(.constdata) for ascii_16
    sd.o(.text) refers to stm32f37x_rcc.o(.text) for RCC_AHBPeriphClockCmd
    sd.o(.text) refers to stm32f37x_gpio.o(.text) for GPIO_Init
    sd.o(.text) refers to stm32f37x_spi.o(.text) for SPI_Init
    uart.o(.rev16_text) refers (Special) to use_no_semi_2.o(.text) for __use_no_semihosting
    uart.o(.revsh_text) refers (Special) to use_no_semi_2.o(.text) for __use_no_semihosting
    uart.o(.text) refers (Special) to use_no_semi_2.o(.text) for __use_no_semihosting
    uart.o(.text) refers to stm32f37x_rcc.o(.text) for RCC_AHBPeriphClockCmd
    uart.o(.text) refers to stm32f37x_gpio.o(.text) for GPIO_PinAFConfig
    uart.o(.text) refers to stm32f37x_usart.o(.text) for USART_Init
    uart.o(.text) refers to stm32f37x_misc.o(.text) for NVIC_Init
    uart.o(.text) refers to uart.o(.data) for USART_RX_STA
    uart.o(.text) refers to uart.o(.bss) for USART_RX_BUF
    uart.o(.bss) refers (Special) to use_no_semi_2.o(.text) for __use_no_semihosting
    uart.o(.data) refers (Special) to use_no_semi_2.o(.text) for __use_no_semihosting
    sdadc.o(.text) refers to stm32f37x_rcc.o(.text) for RCC_APB2PeriphClockCmd
    sdadc.o(.text) refers to stm32f37x_pwr.o(.text) for PWR_SDADCAnalogCmd
    sdadc.o(.text) refers to stm32f37x_gpio.o(.text) for GPIO_Init
    sdadc.o(.text) refers to stm32f37x_sdadc.o(.text) for SDADC_VREFSelect
    sdadc.o(.text) refers to systick.o(.text) for Delay_ms
    sdadc.o(.text) refers to stm32f37x_misc.o(.text) for NVIC_Init
    systick.o(.text) refers to systick.o(.data) for TimingDelay
    systick.o(.text) refers to system_stm32f37x.o(.data) for SystemCoreClock
    rtc.o(.text) refers to stm32f37x_rtc.o(.text) for RTC_SetTime
    rtc.o(.text) refers to stm32f37x_rcc.o(.text) for RCC_APB1PeriphClockCmd
[...]
    __rtentry2.o(.ARM.Collect$$rtentry$$0000000D) refers to exit.o(.text) for exit
    __rtentry2.o(.ARM.exidx) refers to __rtentry2.o(.ARM.Collect$$rtentry$$00000001) for .ARM.Collect$$rtentry$$00000001
    __rtentry2.o(.ARM.exidx) refers to __rtentry2.o(.ARM.Collect$$rtentry$$00000008) for .ARM.Collect$$rtentry$$00000008
    __rtentry2.o(.ARM.exidx) refers to __rtentry2.o(.ARM.Collect$$rtentry$$0000000A) for .ARM.Collect$$rtentry$$0000000A
    __rtentry2.o(.ARM.exidx) refers to __rtentry2.o(.ARM.Collect$$rtentry$$0000000B) for .ARM.Collect$$rtentry$$0000000B
    __rtentry2.o(.ARM.exidx) refers to __rtentry2.o(.ARM.Collect$$rtentry$$0000000D) for .ARM.Collect$$rtentry$$0000000D
    __rtentry4.o(.ARM.Collect$$rtentry$$00000004) refers to sys_stackheap_outer.o(.text) for __user_setup_stackheap
    __rtentry4.o(.ARM.exidx) refers to __rtentry4.o(.ARM.Collect$$rtentry$$00000004) for .ARM.Collect$$rtentry$$00000004
    rt_ctype_table.o(.text) refers to rt_locale_intlibspace.o(.text) for __rt_locale
    rt_ctype_table.o(.text) refers to lc_ctype_c.o(locale$$code) for _get_lc_ctype
    _printf_char_common.o(.text) refers to __printf_nopercent.o(.text) for __printf
    sys_stackheap_outer.o(.text) refers to libspace.o(.text) for __user_perproc_libspace
    sys_stackheap_outer.o(.text) refers to startup_stm32f37x.o(.text) for __user_initial_stackheap
    rt_locale.o(.text) refers to rt_locale.o(.bss) for __rt_locale_data
    rt_locale_intlibspace.o(.text) refers to libspace.o(.bss) for __libspace_start
    lc_ctype_c.o(locale$$data) refers (Special) to libinit2.o(.ARM.Collect$$libinit$$00000012) for __rt_lib_init_lc_ctype_2
    lc_ctype_c.o(locale$$code) refers (Special) to libinit2.o(.ARM.Collect$$libinit$$00000012) for __rt_lib_init_lc_ctype_2
    lc_ctype_c.o(locale$$code) refers to strcmpv7m.o(.text) for strcmp
    lc_ctype_c.o(locale$$code) refers to lc_ctype_c.o(locale$$data) for __lcctype_c_name
    exit.o(.text) refers to rtexit.o(.ARM.Collect$$rtexit$$00000000) for __rt_exit
    libinit.o(.ARM.Collect$$libinit$$00000000) refers (Special) to libinit2.o(.ARM.Collect$$libinit$$0000002E) for __rt_lib_init_alloca_1
    libinit.o(.ARM.Collect$$libinit$$00000000) refers (Special) to libinit2.o(.ARM.Collect$$libinit$$0000002C) for __rt_lib_init_argv_1
    libinit.o(.ARM.Collect$$libinit$$00000000) refers (Special) to libinit2.o(.ARM.Collect$$libinit$$0000001B) for __rt_lib_init_atexit_1
    libinit.o(.ARM.Collect$$libinit$$00000000) refers (Special) to libinit2.o(.ARM.Collect$$libinit$$00000021) for __rt_lib_init_clock_1
    libinit.o(.ARM.Collect$$libinit$$00000000) refers (Special) to libinit2.o(.ARM.Collect$$libinit$$00000032) for __rt_lib_init_cpp_1
    libinit.o(.ARM.Collect$$libinit$$00000000) refers (Special) to libinit2.o(.ARM.Collect$$libinit$$00000030) for __rt_lib_init_exceptions_1
    libinit.o(.ARM.Collect$$libinit$$00000000) refers (Special) to libinit2.o(.ARM.Collect$$libinit$$00000001) for __rt_lib_init_fp_1
    libinit.o(.ARM.Collect$$libinit$$00000000) refers (Special) to libinit2.o(.ARM.Collect$$libinit$$0000001F) for __rt_lib_init_fp_trap_1
    libinit.o(.ARM.Collect$$libinit$$00000000) refers (Special) to libinit2.o(.ARM.Collect$$libinit$$00000023) for __rt_lib_init_getenv_1
    libinit.o(.ARM.Collect$$libinit$$00000000) refers (Special) to libinit2.o(.ARM.Collect$$libinit$$0000000A) for __rt_lib_init_heap_1
    libinit.o(.ARM.Collect$$libinit$$00000000) refers (Special) to libinit2.o(.ARM.Collect$$libinit$$00000011) for __rt_lib_init_lc_collate_1
    libinit.o(.ARM.Collect$$libinit$$00000000) refers (Special) to libinit2.o(.ARM.Collect$$libinit$$00000013) for __rt_lib_init_lc_ctype_1
    libinit.o(.ARM.Collect$$libinit$$00000000) refers (Special) to libinit2.o(.ARM.Collect$$libinit$$00000015) for __rt_lib_init_lc_monetary_1
    libinit.o(.ARM.Collect$$libinit$$00000000) refers (Special) to libinit2.o(.ARM.Collect$$libinit$$00000017) for __rt_lib_init_lc_numeric_1
    libinit.o(.ARM.Collect$$libinit$$00000000) refers (Special) to libinit2.o(.ARM.Collect$$libinit$$00000019) for __rt_lib_init_lc_time_1
    libinit.o(.ARM.Collect$$libinit$$00000000) refers (Special) to libinit2.o(.ARM.Collect$$libinit$$00000004) for __rt_lib_init_preinit_1
    libinit.o(.ARM.Collect$$libinit$$00000000) refers (Special) to libinit2.o(.ARM.Collect$$libinit$$0000000E) for __rt_lib_init_rand_1
    libinit.o(.ARM.Collect$$libinit$$00000000) refers (Special) to libinit2.o(.ARM.Collect$$libinit$$00000033) for __rt_lib_init_return
    libinit.o(.ARM.Collect$$libinit$$00000000) refers (Special) to libinit2.o(.ARM.Collect$$libinit$$0000001D) for __rt_lib_init_signal_1
    libinit.o(.ARM.Collect$$libinit$$00000000) refers (Special) to libinit2.o(.ARM.Collect$$libinit$$00000025) for __rt_lib_init_stdio_1
    libinit.o(.ARM.Collect$$libinit$$00000000) refers (Special) to libinit2.o(.ARM.Collect$$libinit$$0000000C) for __rt_lib_init_user_alloc_1
    libspace.o(.text) refers to libspace.o(.bss) for __libspace_start
    rtexit.o(.ARM.Collect$$rtexit$$00000000) refers (Special) to rtexit2.o(.ARM.Collect$$rtexit$$00000004) for __rt_exit_exit
    rtexit.o(.ARM.Collect$$rtexit$$00000000) refers (Special) to rtexit2.o(.ARM.Collect$$rtexit$$00000003) for __rt_exit_ls
    rtexit.o(.ARM.Collect$$rtexit$$00000000) refers (Special) to rtexit2.o(.ARM.Collect$$rtexit$$00000002) for __rt_exit_prels_1
    rtexit.o(.ARM.exidx) refers (Special) to rtexit2.o(.ARM.Collect$$rtexit$$00000004) for __rt_exit_exit
    rtexit.o(.ARM.exidx) refers (Special) to rtexit2.o(.ARM.Collect$$rtexit$$00000003) for __rt_exit_ls
    rtexit.o(.ARM.exidx) refers (Special) to rtexit2.o(.ARM.Collect$$rtexit$$00000002) for __rt_exit_prels_1
    rtexit.o(.ARM.exidx) refers to rtexit.o(.ARM.Collect$$rtexit$$00000000) for .ARM.Collect$$rtexit$$00000000
    libinit2.o(.ARM.Collect$$libinit$$00000001) refers to fpinit.o(x$fpl$fpinit) for _fp_init
    libinit2.o(.ARM.Collect$$libinit$$0000000F) refers (Weak) to rt_locale_intlibspace.o(.text) for __rt_locale
    libinit2.o(.ARM.Collect$$libinit$$00000010) refers to libinit2.o(.ARM.Collect$$libinit$$0000000F) for .ARM.Collect$$libinit$$0000000F
    libinit2.o(.ARM.Collect$$libinit$$00000012) refers to libinit2.o(.ARM.Collect$$libinit$$0000000F) for .ARM.Collect$$libinit$$0000000F
    libinit2.o(.ARM.Collect$$libinit$$00000012) refers (Weak) to lc_ctype_c.o(locale$$code) for _get_lc_ctype
    libinit2.o(.ARM.Collect$$libinit$$00000014) refers to libinit2.o(.ARM.Collect$$libinit$$0000000F) for .ARM.Collect$$libinit$$0000000F
    libinit2.o(.ARM.Collect$$libinit$$00000016) refers to libinit2.o(.ARM.Collect$$libinit$$0000000F) for .ARM.Collect$$libinit$$0000000F
    libinit2.o(.ARM.Collect$$libinit$$00000018) refers to libinit2.o(.ARM.Collect$$libinit$$0000000F) for .ARM.Collect$$libinit$$0000000F
    libinit2.o(.ARM.Collect$$libinit$$00000026) refers to argv_veneer.o(.emb_text) for __ARM_argv_veneer
    libinit2.o(.ARM.Collect$$libinit$$00000027) refers to argv_veneer.o(.emb_text) for __ARM_argv_veneer
    rtexit2.o(.ARM.Collect$$rtexit$$00000003) refers to libshutdown.o(.ARM.Collect$$libshutdown$$00000000) for __rt_lib_shutdown
    rtexit2.o(.ARM.Collect$$rtexit$$00000004) refers to uart.o(.text) for _sys_exit
    rtexit2.o(.ARM.exidx) refers to rtexit2.o(.ARM.Collect$$rtexit$$00000001) for .ARM.Collect$$rtexit$$00000001
    rtexit2.o(.ARM.exidx) refers to rtexit2.o(.ARM.Collect$$rtexit$$00000003) for .ARM.Collect$$rtexit$$00000003
    rtexit2.o(.ARM.exidx) refers to rtexit2.o(.ARM.Collect$$rtexit$$00000004) for .ARM.Collect$$rtexit$$00000004
    argv_veneer.o(.emb_text) refers to no_argv.o(.text) for __ARM_get_argv
    _get_argv_nomalloc.o(.text) refers (Special) to hrguard.o(.text) for __heap_region$guard
    _get_argv_nomalloc.o(.text) refers to defsig_rtmem_outer.o(.text) for __rt_SIGRTMEM
    _get_argv_nomalloc.o(.text) refers to sys_command.o(.text) for _sys_command_string
    libshutdown.o(.ARM.Collect$$libshutdown$$00000000) refers (Special) to libshutdown2.o(.ARM.Collect$$libshutdown$$00000002) for __rt_lib_shutdown_cpp_1
    libshutdown.o(.ARM.Collect$$libshutdown$$00000000) refers (Special) to libshutdown2.o(.ARM.Collect$$libshutdown$$00000007) for __rt_lib_shutdown_fp_trap_1
    libshutdown.o(.ARM.Collect$$libshutdown$$00000000) refers (Special) to libshutdown2.o(.ARM.Collect$$libshutdown$$0000000F) for __rt_lib_shutdown_heap_1
    libshutdown.o(.ARM.Collect$$libshutdown$$00000000) refers (Special) to libshutdown2.o(.ARM.Collect$$libshutdown$$00000010) for __rt_lib_shutdown_return
    libshutdown.o(.ARM.Collect$$libshutdown$$00000000) refers (Special) to libshutdown2.o(.ARM.Collect$$libshutdown$$0000000A) for __rt_lib_shutdown_signal_1
    libshutdown.o(.ARM.Collect$$libshutdown$$00000000) refers (Special) to libshutdown2.o(.ARM.Collect$$libshutdown$$00000004) for __rt_lib_shutdown_stdio_1
    libshutdown.o(.ARM.Collect$$libshutdown$$00000000) refers (Special) to libshutdown2.o(.ARM.Collect$$libshutdown$$0000000C) for __rt_lib_shutdown_user_alloc_1
    sys_command.o(.text) refers (Special) to use_no_semi.o(.text) for __I$use$semihosting
    sys_command.o(.text) refers (Special) to indicate_semi.o(.text) for __semihosting_library_function
    defsig_rtmem_outer.o(.text) refers to defsig_rtmem_inner.o(.text) for __rt_SIGRTMEM_inner
    defsig_rtmem_outer.o(.text) refers to defsig_exit.o(.text) for __sig_exit
    defsig_rtmem_formal.o(.text) refers to rt_raise.o(.text) for __rt_raise
    rt_raise.o(.text) refers to __raise.o(.text) for __raise
    rt_raise.o(.text) refers to uart.o(.text) for _sys_exit
    defsig_exit.o(.text) refers to uart.o(.text) for _sys_exit
    defsig_rtmem_inner.o(.text) refers to defsig_general.o(.text) for __default_signal_display
    __raise.o(.text) refers to defsig.o(CL$$defsig) for __default_signal_handler
    defsig_general.o(.text) refers to sys_wrch.o(.text) for _ttywrch
    sys_wrch.o(.text) refers (Special) to use_no_semi.o(.text) for __I$use$semihosting
    sys_wrch.o(.text) refers (Special) to indicate_semi.o(.text) for __semihosting_library_function
    defsig.o(CL$$defsig) refers to defsig_rtmem_inner.o(.text) for __rt_SIGRTMEM_inner
    defsig_abrt_inner.o(.text) refers to defsig_general.o(.text) for __default_signal_display
    defsig_fpe_inner.o(.text) refers to defsig_general.o(.text) for __default_signal_display
    defsig_rtred_inner.o(.text) refers to defsig_general.o(.text) for __default_signal_display
    defsig_stak_inner.o(.text) refers to defsig_general.o(.text) for __default_signal_display
    defsig_pvfn_inner.o(.text) refers to defsig_general.o(.text) for __default_signal_display
    defsig_cppl_inner.o(.text) refers to defsig_general.o(.text) for __default_signal_display
    defsig_segv_inner.o(.text) refers to defsig_general.o(.text) for __default_signal_display
    defsig_other.o(.text) refers to defsig_general.o(.text) for __default_signal_display


==============================================================================

Removing Unused input sections from the image.

    Removing system_stm32f37x.o(.rev16_text), (4 bytes).
    Removing system_stm32f37x.o(.revsh_text), (4 bytes).
    Removing stm32f37x_it.o(.rev16_text), (4 bytes).
    Removing stm32f37x_it.o(.revsh_text), (4 bytes).
    Removing main.o(.rev16_text), (4 bytes).
    Removing main.o(.revsh_text), (4 bytes).
    Removing main.o(.bss), (2704 bytes).
    Removing w25x16.o(.rev16_text), (4 bytes).
    Removing w25x16.o(.revsh_text), (4 bytes).
    Removing w25x16.o(.text), (1272 bytes).
    Removing fatapp.o(.rev16_text), (4 bytes).
    Removing fatapp.o(.revsh_text), (4 bytes).
    Removing fatapp.o(.text), (960 bytes).
    Removing fatapp.o(.bss), (3062 bytes).
    Removing fatapp.o(.data), (160 bytes).
    Removing ili9328.o(.rev16_text), (4 bytes).
    Removing ili9328.o(.revsh_text), (4 bytes).
    Removing ili9328.o(.text), (2952 bytes).
    Removing ili9328.o(.bss), (32 bytes).
    Removing ili9328.o(.constdata), (1520 bytes).
    Removing ili9328.o(.data), (4 bytes).
    Removing sd.o(.rev16_text), (4 bytes).
    Removing sd.o(.revsh_text), (4 bytes).
    Removing sd.o(.text), (2090 bytes).
    Removing uart.o(.rev16_text), (4 bytes).
    Removing uart.o(.revsh_text), (4 bytes).
    Removing sdadc.o(.rev16_text), (4 bytes).
    Removing sdadc.o(.revsh_text), (4 bytes).
    Removing sdadc.o(.text), (288 bytes).
    Removing systick.o(.rev16_text), (4 bytes).
    Removing systick.o(.revsh_text), (4 bytes).
    Removing rtc.o(.rev16_text), (4 bytes).
    Removing rtc.o(.revsh_text), (4 bytes).
    Removing stm32f37x_spi.o(.rev16_text), (4 bytes).
    Removing stm32f37x_spi.o(.revsh_text), (4 bytes).
    Removing stm32f37x_spi.o(.text), (920 bytes).
    Removing stm32f37x_gpio.o(.rev16_text), (4 bytes).
    Removing stm32f37x_gpio.o(.revsh_text), (4 bytes).
    Removing stm32f37x_rcc.o(.rev16_text), (4 bytes).
    Removing stm32f37x_rcc.o(.revsh_text), (4 bytes).
    Removing stm32f37x_usart.o(.rev16_text), (4 bytes).
    Removing stm32f37x_usart.o(.revsh_text), (4 bytes).
    Removing stm32f37x_exti.o(.rev16_text), (4 bytes).
    Removing stm32f37x_exti.o(.revsh_text), (4 bytes).
    Removing stm32f37x_misc.o(.rev16_text), (4 bytes).
    Removing stm32f37x_misc.o(.revsh_text), (4 bytes).
    Removing stm32f37x_rtc.o(.rev16_text), (4 bytes).
    Removing stm32f37x_rtc.o(.revsh_text), (4 bytes).
    Removing stm32f37x_sdadc.o(.rev16_text), (4 bytes).
    Removing stm32f37x_sdadc.o(.revsh_text), (4 bytes).
    Removing stm32f37x_pwr.o(.rev16_text), (4 bytes).
    Removing stm32f37x_pwr.o(.revsh_text), (4 bytes).
    Removing diskio.o(.rev16_text), (4 bytes).
    Removing diskio.o(.revsh_text), (4 bytes).
    Removing diskio.o(.text), (148 bytes).
    Removing diskio.o(.bss), (76 bytes).
    Removing ff.o(.text), (7498 bytes).
    Removing ff.o(.data), (6 bytes).
    Removing cc936.o(.rev16_text), (4 bytes).
    Removing cc936.o(.revsh_text), (4 bytes).
    Removing cc936.o(.text), (432 bytes).
    Removing cc936.o(.constdata), (960 bytes).

62 unused section(s) (total 25260 bytes) removed from the image.

==============================================================================

Image Symbol Table

    Local Symbols

    Symbol Name                              Value     Ov Type        Size  Object(Section)

    ../clib/angel/boardlib.s                 0x00000000   Number         0  boardshut.o ABSOLUTE
    ../clib/angel/boardlib.s                 0x00000000   Number         0  boardinit2.o ABSOLUTE
    ../clib/angel/boardlib.s                 0x00000000   Number         0  boardinit3.o ABSOLUTE
    ../clib/angel/boardlib.s                 0x00000000   Number         0  boardinit1.o ABSOLUTE
    ../clib/angel/handlers.s                 0x00000000   Number         0  __scatter_copy.o ABSOLUTE
    ../clib/angel/handlers.s                 0x00000000   Number         0  __scatter_zi.o ABSOLUTE
    ../clib/angel/kernel.s                   0x00000000   Number         0  rtexit2.o ABSOLUTE
    ../clib/angel/kernel.s                   0x00000000   Number         0  __rtentry4.o ABSOLUTE
    ../clib/angel/kernel.s                   0x00000000   Number         0  rtexit.o ABSOLUTE
    ../clib/angel/kernel.s                   0x00000000   Number         0  __rtentry.o ABSOLUTE
    ../clib/angel/kernel.s                   0x00000000   Number         0  __rtentry2.o ABSOLUTE
    ../clib/angel/rt.s                       0x00000000   Number         0  rt_locale.o ABSOLUTE
    ../clib/angel/rt.s                       0x00000000   Number         0  rt_ctype_table.o ABSOLUTE
    ../clib/angel/rt.s                       0x00000000   Number         0  rt_locale_intlibspace.o ABSOLUTE
    ../clib/angel/rt.s                       0x00000000   Number         0  rt_raise.o ABSOLUTE
    ../clib/angel/scatter.s                  0x00000000   Number         0  __scatter.o ABSOLUTE
    ../clib/angel/startup.s                  0x00000000   Number         0  __main.o ABSOLUTE
    ../clib/angel/sys.s                      0x00000000   Number         0  indicate_semi.o ABSOLUTE
    ../clib/angel/sys.s                      0x00000000   Number         0  libspace.o ABSOLUTE
    ../clib/angel/sys.s                      0x00000000   Number         0  use_no_semi_2.o ABSOLUTE
    ../clib/angel/sys.s                      0x00000000   Number         0  sys_stackheap_outer.o ABSOLUTE
    ../clib/angel/sys.s                      0x00000000   Number         0  use_no_semi.o ABSOLUTE
    ../clib/angel/sysapp.c                   0x00000000   Number         0  sys_command.o ABSOLUTE
    ../clib/angel/sysapp.c                   0x00000000   Number         0  sys_wrch.o ABSOLUTE
    ../clib/armsys.c                         0x00000000   Number         0  argv_veneer.o ABSOLUTE
    ../clib/armsys.c                         0x00000000   Number         0  argv_veneer.o ABSOLUTE
    ../clib/armsys.c                         0x00000000   Number         0  _get_argv_nomalloc.o ABSOLUTE
    ../clib/armsys.c                         0x00000000   Number         0  no_argv.o ABSOLUTE
    ../clib/ctype.c                          0x00000000   Number         0  tolower.o ABSOLUTE
    ../clib/heapalloc.c                      0x00000000   Number         0  hrguard.o ABSOLUTE
    ../clib/heapaux.c                        0x00000000   Number         0  heapauxi.o ABSOLUTE
    ../clib/libinit.s                        0x00000000   Number         0  libshutdown2.o ABSOLUTE
    ../clib/libinit.s                        0x00000000   Number         0  libshutdown.o ABSOLUTE
    ../clib/libinit.s                        0x00000000   Number         0  libinit2.o ABSOLUTE
    ../clib/libinit.s                        0x00000000   Number         0  libinit.o ABSOLUTE
    ../clib/locale.s                         0x00000000   Number         0  lc_ctype_c.o ABSOLUTE
    ../clib/memcpset.s                       0x00000000   Number         0  rt_memcpy_w.o ABSOLUTE
    ../clib/memcpset.s                       0x00000000   Number         0  strcmpv7m.o ABSOLUTE
    ../clib/printf.c                         0x00000000   Number         0  __2printf.o ABSOLUTE
    ../clib/printf.c                         0x00000000   Number         0  noretval__2printf.o ABSOLUTE
    ../clib/printf.c                         0x00000000   Number         0  _printf_char_file.o ABSOLUTE
    ../clib/printf.c                         0x00000000   Number         0  __printf_nopercent.o ABSOLUTE
    ../clib/printf.c                         0x00000000   Number         0  _printf_char_common.o ABSOLUTE
    ../clib/signal.c                         0x00000000   Number         0  __raise.o ABSOLUTE
    ../clib/signal.c                         0x00000000   Number         0  defsig_rtmem_inner.o ABSOLUTE
    ../clib/signal.c                         0x00000000   Number         0  defsig_segv_inner.o ABSOLUTE
    ../clib/signal.c                         0x00000000   Number         0  defsig_stak_inner.o ABSOLUTE
    ../clib/signal.c                         0x00000000   Number         0  defsig_other.o ABSOLUTE
    ../clib/signal.c                         0x00000000   Number         0  defsig_cppl_inner.o ABSOLUTE
    ../clib/signal.c                         0x00000000   Number         0  defsig_pvfn_inner.o ABSOLUTE
    ../clib/signal.c                         0x00000000   Number         0  defsig_rtred_inner.o ABSOLUTE
    ../clib/signal.c                         0x00000000   Number         0  defsig_exit.o ABSOLUTE
    ../clib/signal.c                         0x00000000   Number         0  defsig_rtmem_formal.o ABSOLUTE
    ../clib/signal.c                         0x00000000   Number         0  defsig_rtmem_outer.o ABSOLUTE
    ../clib/signal.c                         0x00000000   Number         0  defsig_fpe_inner.o ABSOLUTE
    ../clib/signal.c                         0x00000000   Number         0  defsig_abrt_inner.o ABSOLUTE
    ../clib/signal.c                         0x00000000   Number         0  defsig_general.o ABSOLUTE
    ../clib/signal.s                         0x00000000   Number         0  defsig.o ABSOLUTE
    ../clib/stdio.c                          0x00000000   Number         0  ferror_locked.o ABSOLUTE
    ../clib/stdio.c                          0x00000000   Number         0  ferror.o ABSOLUTE
    ../clib/stdlib.c                         0x00000000   Number         0  exit.o ABSOLUTE
    ../clib/string.c                         0x00000000   Number         0  strcpy.o ABSOLUTE
    ../clib/string.c                         0x00000000   Number         0  strcasecmp.o ABSOLUTE
    ../clib/string.c                         0x00000000   Number         0  strlen.o ABSOLUTE
    ../fplib/fpinit.s                        0x00000000   Number         0  fpinit.o ABSOLUTE
    ..\\drive\\fatapp.c                      0x00000000   Number         0  fatapp.o ABSOLUTE
    ..\\drive\\ili9328.c                     0x00000000   Number         0  ili9328.o ABSOLUTE
    ..\\drive\\rtc.c                         0x00000000   Number         0  rtc.o ABSOLUTE
    ..\\drive\\sd.c                          0x00000000   Number         0  sd.o ABSOLUTE
    ..\\drive\\sdadc.c                       0x00000000   Number         0  sdadc.o ABSOLUTE
    ..\\drive\\systick.c                     0x00000000   Number         0  systick.o ABSOLUTE
    ..\\drive\\uart.c                        0x00000000   Number         0  uart.o ABSOLUTE
    ..\\drive\\w25x16.c                      0x00000000   Number         0  w25x16.o ABSOLUTE
    ..\\ff\\FatFs_vR0.08a\\diskio.c          0x00000000   Number         0  diskio.o ABSOLUTE
    ..\\ff\\FatFs_vR0.08a\\option\\cc936.c   0x00000000   Number         0  cc936.o ABSOLUTE
    ..\\lib\\src\\stm32f37x_exti.c           0x00000000   Number         0  stm32f37x_exti.o ABSOLUTE
    ..\\lib\\src\\stm32f37x_gpio.c           0x00000000   Number         0  stm32f37x_gpio.o ABSOLUTE
    ..\\lib\\src\\stm32f37x_misc.c           0x00000000   Number         0  stm32f37x_misc.o ABSOLUTE
    ..\\lib\\src\\stm32f37x_pwr.c            0x00000000   Number         0  stm32f37x_pwr.o ABSOLUTE
    ..\\lib\\src\\stm32f37x_rcc.c            0x00000000   Number         0  stm32f37x_rcc.o ABSOLUTE
    ..\\lib\\src\\stm32f37x_rtc.c            0x00000000   Number         0  stm32f37x_rtc.o ABSOLUTE
    ..\\lib\\src\\stm32f37x_sdadc.c          0x00000000   Number         0  stm32f37x_sdadc.o ABSOLUTE
    ..\\lib\\src\\stm32f37x_spi.c            0x00000000   Number         0  stm32f37x_spi.o ABSOLUTE
    ..\\lib\\src\\stm32f37x_usart.c          0x00000000   Number         0  stm32f37x_usart.o ABSOLUTE
    ..\\stm32f3\\stm32f37x_it.c              0x00000000   Number         0  stm32f37x_it.o ABSOLUTE
    ..\\stm32f3\\system_stm32f37x.c          0x00000000   Number         0  system_stm32f37x.o ABSOLUTE
    ..\drive\fatapp.c                        0x00000000   Number         0  fatapp.o ABSOLUTE
    ..\drive\ili9328.c                       0x00000000   Number         0  ili9328.o ABSOLUTE
    ..\drive\rtc.c                           0x00000000   Number         0  rtc.o ABSOLUTE
    ..\drive\sd.c                            0x00000000   Number         0  sd.o ABSOLUTE
    ..\drive\sdadc.c                         0x00000000   Number         0  sdadc.o ABSOLUTE
    ..\drive\systick.c                       0x00000000   Number         0  systick.o ABSOLUTE
    ..\drive\uart.c                          0x00000000   Number         0  uart.o ABSOLUTE
    ..\drive\w25x16.c                        0x00000000   Number         0  w25x16.o ABSOLUTE
    ..\ff\FatFs_vR0.08a\diskio.c             0x00000000   Number         0  diskio.o ABSOLUTE
    ..\ff\FatFs_vR0.08a\ff.c                 0x00000000   Number         0  ff.o ABSOLUTE
    ..\ff\FatFs_vR0.08a\option\cc936.c       0x00000000   Number         0  cc936.o ABSOLUTE
    ..\lib\src\stm32f37x_exti.c              0x00000000   Number         0  stm32f37x_exti.o ABSOLUTE
    ..\lib\src\stm32f37x_gpio.c              0x00000000   Number         0  stm32f37x_gpio.o ABSOLUTE
    ..\lib\src\stm32f37x_misc.c              0x00000000   Number         0  stm32f37x_misc.o ABSOLUTE
    ..\lib\src\stm32f37x_pwr.c               0x00000000   Number         0  stm32f37x_pwr.o ABSOLUTE
    ..\lib\src\stm32f37x_rcc.c               0x00000000   Number         0  stm32f37x_rcc.o ABSOLUTE
    ..\lib\src\stm32f37x_rtc.c               0x00000000   Number         0  stm32f37x_rtc.o ABSOLUTE
    ..\lib\src\stm32f37x_sdadc.c             0x00000000   Number         0  stm32f37x_sdadc.o ABSOLUTE
    ..\lib\src\stm32f37x_spi.c               0x00000000   Number         0  stm32f37x_spi.o ABSOLUTE
    ..\lib\src\stm32f37x_usart.c             0x00000000   Number         0  stm32f37x_usart.o ABSOLUTE
    ..\stm32f3\stm32f37x_it.c                0x00000000   Number         0  stm32f37x_it.o ABSOLUTE
    ..\stm32f3\system_stm32f37x.c            0x00000000   Number         0  system_stm32f37x.o ABSOLUTE
    dc.s                                     0x00000000   Number         0  dc.o ABSOLUTE
    main.c                                   0x00000000   Number         0  main.o ABSOLUTE
    main.c                                   0x00000000   Number         0  main.o ABSOLUTE
    startup_stm32f37x.s                      0x00000000   Number         0  startup_stm32f37x.o ABSOLUTE
    RESET                                    0x08000000   Section      392  startup_stm32f37x.o(RESET)
    !!!main                                  0x08000188   Section        8  __main.o(!!!main)
    !!!scatter                               0x08000190   Section       52  __scatter.o(!!!scatter)
    !!handler_copy                           0x080001c4   Section       26  __scatter_copy.o(!!handler_copy)
    !!handler_zi                             0x080001e0   Section       28  __scatter_zi.o(!!handler_zi)
    .ARM.Collect$$libinit$$00000000          0x080001fc   Section        2  libinit.o(.ARM.Collect$$libinit$$00000000)
    .ARM.Collect$$libinit$$00000001          0x080001fe   Section        4  libinit2.o(.ARM.Collect$$libinit$$00000001)
    .ARM.Collect$$libinit$$00000004          0x08000202   Section        0  libinit2.o(.ARM.Collect$$libinit$$00000004)
    .ARM.Collect$$libinit$$0000000A          0x08000202   Section        0  libinit2.o(.ARM.Collect$$libinit$$0000000A)
    .ARM.Collect$$libinit$$0000000C          0x08000202   Section        0  libinit2.o(.ARM.Collect$$libinit$$0000000C)
    .ARM.Collect$$libinit$$0000000E          0x08000202   Section        0  libinit2.o(.ARM.Collect$$libinit$$0000000E)
    .ARM.Collect$$libinit$$00000011          0x08000202   Section        0  libinit2.o(.ARM.Collect$$libinit$$00000011)
    .ARM.Collect$$libinit$$00000013          0x08000202   Section        0  libinit2.o(.ARM.Collect$$libinit$$00000013)
    .ARM.Collect$$libinit$$00000015          0x08000202   Section        0  libinit2.o(.ARM.Collect$$libinit$$00000015)
    .ARM.Collect$$libinit$$00000017          0x08000202   Section        0  libinit2.o(.ARM.Collect$$libinit$$00000017)
    .ARM.Collect$$libinit$$00000019          0x08000202   Section        0  libinit2.o(.ARM.Collect$$libinit$$00000019)
    .ARM.Collect$$libinit$$0000001B          0x08000202   Section        0  libinit2.o(.ARM.Collect$$libinit$$0000001B)
    .ARM.Collect$$libinit$$0000001D          0x08000202   Section        0  libinit2.o(.ARM.Collect$$libinit$$0000001D)
    .ARM.Collect$$libinit$$0000001F          0x08000202   Section        0  libinit2.o(.ARM.Collect$$libinit$$0000001F)
    .ARM.Collect$$libinit$$00000021          0x08000202   Section        0  libinit2.o(.ARM.Collect$$libinit$$00000021)
    .ARM.Collect$$libinit$$00000023          0x08000202   Section        0  libinit2.o(.ARM.Collect$$libinit$$00000023)
    .ARM.Collect$$libinit$$00000025          0x08000202   Section        0  libinit2.o(.ARM.Collect$$libinit$$00000025)
    .ARM.Collect$$libinit$$0000002C          0x08000202   Section        0  libinit2.o(.ARM.Collect$$libinit$$0000002C)
    .ARM.Collect$$libinit$$0000002E          0x08000202   Section        0  libinit2.o(.ARM.Collect$$libinit$$0000002E)
    .ARM.Collect$$libinit$$00000030          0x08000202   Section        0  libinit2.o(.ARM.Collect$$libinit$$00000030)
    .ARM.Collect$$libinit$$00000032          0x08000202   Section        0  libinit2.o(.ARM.Collect$$libinit$$00000032)
    .ARM.Collect$$libinit$$00000033          0x08000202   Section        2  libinit2.o(.ARM.Collect$$libinit$$00000033)
    .ARM.Collect$$libshutdown$$00000000      0x08000204   Section        2  libshutdown.o(.ARM.Collect$$libshutdown$$00000000)
    .ARM.Collect$$libshutdown$$00000002      0x08000206   Section        0  libshutdown2.o(.ARM.Collect$$libshutdown$$00000002)
    .ARM.Collect$$libshutdown$$00000004      0x08000206   Section        0  libshutdown2.o(.ARM.Collect$$libshutdown$$00000004)
    .ARM.Collect$$libshutdown$$00000007      0x08000206   Section        0  libshutdown2.o(.ARM.Collect$$libshutdown$$00000007)
    .ARM.Collect$$libshutdown$$0000000A      0x08000206   Section        0  libshutdown2.o(.ARM.Collect$$libshutdown$$0000000A)
    .ARM.Collect$$libshutdown$$0000000C      0x08000206   Section        0  libshutdown2.o(.ARM.Collect$$libshutdown$$0000000C)
    .ARM.Collect$$libshutdown$$0000000F      0x08000206   Section        0  libshutdown2.o(.ARM.Collect$$libshutdown$$0000000F)
    .ARM.Collect$$libshutdown$$00000010      0x08000206   Section        2  libshutdown2.o(.ARM.Collect$$libshutdown$$00000010)
    .ARM.Collect$$rtentry$$00000000          0x08000208   Section        0  __rtentry.o(.ARM.Collect$$rtentry$$00000000)
    .ARM.Collect$$rtentry$$00000002          0x08000208   Section        0  __rtentry2.o(.ARM.Collect$$rtentry$$00000002)
    .ARM.Collect$$rtentry$$00000004          0x08000208   Section        6  __rtentry4.o(.ARM.Collect$$rtentry$$00000004)
    .ARM.Collect$$rtentry$$00000009          0x0800020e   Section        0  __rtentry2.o(.ARM.Collect$$rtentry$$00000009)
    .ARM.Collect$$rtentry$$0000000A          0x0800020e   Section        4  __rtentry2.o(.ARM.Collect$$rtentry$$0000000A)
    .ARM.Collect$$rtentry$$0000000C          0x08000212   Section        0  __rtentry2.o(.ARM.Collect$$rtentry$$0000000C)
    .ARM.Collect$$rtentry$$0000000D          0x08000212   Section        8  __rtentry2.o(.ARM.Collect$$rtentry$$0000000D)
    .ARM.Collect$$rtexit$$00000000           0x0800021a   Section        2  rtexit.o(.ARM.Collect$$rtexit$$00000000)
    .ARM.Collect$$rtexit$$00000002           0x0800021c   Section        0  rtexit2.o(.ARM.Collect$$rtexit$$00000002)
    .ARM.Collect$$rtexit$$00000003           0x0800021c   Section        4  rtexit2.o(.ARM.Collect$$rtexit$$00000003)
    .ARM.Collect$$rtexit$$00000004           0x08000220   Section        6  rtexit2.o(.ARM.Collect$$rtexit$$00000004)
    .text                                    0x08000228   Section       64  startup_stm32f37x.o(.text)
    $v0                                      0x08000228   Number         0  startup_stm32f37x.o(.text)
    .text                                    0x08000268   Section        0  system_stm32f37x.o(.text)
    SetSysClock                              0x08000269   Thumb Code   188  system_stm32f37x.o(.text)
    .text                                    0x08000440   Section        0  stm32f37x_it.o(.text)
    .text                                    0x080004a4   Section        0  main.o(.text)
    .text                                    0x080005a8   Section        0  uart.o(.text)
    .text                                    0x080007f8   Section        0  systick.o(.text)
    .text                                    0x08000888   Section        0  rtc.o(.text)
    .text                                    0x08000b64   Section        0  stm32f37x_gpio.o(.text)
    .text                                    0x08000d68   Section        0  stm32f37x_rcc.o(.text)
    .text                                    0x08001308   Section        0  stm32f37x_usart.o(.text)
    .text                                    0x080017ec   Section        0  stm32f37x_exti.o(.text)
    .text                                    0x08001908   Section        0  stm32f37x_misc.o(.text)
    .text                                    0x080019e4   Section        0  stm32f37x_rtc.o(.text)
    RTC_ByteToBcd2                           0x08001c73   Thumb Code    28  stm32f37x_rtc.o(.text)
    RTC_Bcd2ToByte                           0x08001c8f   Thumb Code    22  stm32f37x_rtc.o(.text)
    .text                                    0x080026a0   Section        0  stm32f37x_sdadc.o(.text)
    .text                                    0x08002994   Section        0  stm32f37x_pwr.o(.text)
    .text                                    0x08002aa4   Section        2  use_no_semi_2.o(.text)
    .text                                    0x08002aa8   Section        0  noretval__2printf.o(.text)
    .text                                    0x08002ac0   Section        0  heapauxi.o(.text)
    .text                                    0x08002ac6   Section        2  use_no_semi.o(.text)
    .text                                    0x08002ac8   Section        0  _printf_char_file.o(.text)
    .text                                    0x08002aec   Section        0  _printf_char_common.o(.text)
    _printf_input_char                       0x08002aed   Thumb Code    10  _printf_char_common.o(.text)
    .text                                    0x08002b1c   Section        0  ferror.o(.text)
    .text                                    0x08002b24   Section       74  sys_stackheap_outer.o(.text)
    .text                                    0x08002b6e   Section        0  __printf_nopercent.o(.text)
    .text                                    0x08002b96   Section        0  exit.o(.text)
    .text                                    0x08002ba8   Section        8  libspace.o(.text)
    x$fpl$fpinit                             0x08002bb0   Section       10  fpinit.o(x$fpl$fpinit)
    $v0                                      0x08002bb0   Number         0  fpinit.o(x$fpl$fpinit)
    .data                                    0x20000000   Section       20  system_stm32f37x.o(.data)
    .data                                    0x20000014   Section        1  stm32f37x_it.o(.data)
    .data                                    0x20000018   Section       29  main.o(.data)
    .data                                    0x20000038   Section        8  uart.o(.data)
    .data                                    0x20000040   Section        4  systick.o(.data)
    TimingDelay                              0x20000040   Data           4  systick.o(.data)
    .data                                    0x20000044   Section        4  rtc.o(.data)
    .data                                    0x20000048   Section       36  stm32f37x_rcc.o(.data)
    APBAHBPrescTable                         0x20000048   Data          16  stm32f37x_rcc.o(.data)
    ADCPrescTable                            0x20000058   Data           4  stm32f37x_rcc.o(.data)
    SDADCPrescTable                          0x2000005c   Data          16  stm32f37x_rcc.o(.data)
    .bss                                     0x2000006c   Section      200  uart.o(.bss)
    .bss                                     0x20000134   Section       96  libspace.o(.bss)
    HEAP                                     0x20000198   Section      512  startup_stm32f37x.o(HEAP)
    Heap_Mem                                 0x20000198   Data         512  startup_stm32f37x.o(HEAP)
    STACK                                    0x20000398   Section     1024  startup_stm32f37x.o(STACK)
    Stack_Mem                                0x20000398   Data        1024  startup_stm32f37x.o(STACK)
    __initial_sp                             0x20000798   Data           0  startup_stm32f37x.o(STACK)

    Global Symbols

    Symbol Name                              Value     Ov Type        Size  Object(Section)

    BuildAttributes$$THM_ISAv4$E$P$D$K$B$S$7EM$VFPi3$EXTD16$VFPS$VFMA$PE$A:L22UL41UL21$X:L11$S22US41US21$IEEE1$IW$USESV6$~STKCKD$USESV7$~SHL$OSPACE$ROPI$EBA8$UX$STANDARDLIB$REQ8$PRES8$EABIv2 0x00000000   Number         0  anon$$obj.o ABSOLUTE
    __ARM_use_no_argv                        0x00000000   Number         0  main.o ABSOLUTE
    __ARM_exceptions_init                     - Undefined Weak Reference
    __alloca_initialize                       - Undefined Weak Reference
    __arm_preinit_                            - Undefined Weak Reference
    __cpp_initialize__aeabi_                  - Undefined Weak Reference
    __cxa_finalize                            - Undefined Weak Reference
    __sigvec_lookup                           - Undefined Weak Reference
    _atexit_init                              - Undefined Weak Reference
    _call_atexit_fns                          - Undefined Weak Reference
    _clock_init                               - Undefined Weak Reference
    _fp_trap_init                             - Undefined Weak Reference
    _fp_trap_shutdown                         - Undefined Weak Reference
    _get_lc_collate                           - Undefined Weak Reference
    _get_lc_monetary                          - Undefined Weak Reference
    _get_lc_numeric                           - Undefined Weak Reference
    _get_lc_time                              - Undefined Weak Reference
    _getenv_init                              - Undefined Weak Reference
    _handle_redirection                       - Undefined Weak Reference
    _init_alloc                               - Undefined Weak Reference
    _init_user_alloc                          - Undefined Weak Reference
    _initio                                   - Undefined Weak Reference
    _mutex_acquire                            - Undefined Weak Reference
    _mutex_release                            - Undefined Weak Reference
    _rand_init                                - Undefined Weak Reference
    _signal_finish                            - Undefined Weak Reference
    _signal_init                              - Undefined Weak Reference
    _terminate_alloc                          - Undefined Weak Reference
    _terminate_user_alloc                     - Undefined Weak Reference
    _terminateio                              - Undefined Weak Reference
    __Vectors_Size                           0x00000188   Number         0  startup_stm32f37x.o ABSOLUTE
    __Vectors                                0x08000000   Data           4  startup_stm32f37x.o(RESET)
    __Vectors_End                            0x08000188   Data           0  startup_stm32f37x.o(RESET)
    __main                                   0x08000189   Thumb Code     8  __main.o(!!!main)
    __scatterload                            0x08000191   Thumb Code     0  __scatter.o(!!!scatter)
    __scatterload_rt2                        0x08000191   Thumb Code    44  __scatter.o(!!!scatter)
    __scatterload_rt2_thumb_only             0x08000191   Thumb Code     0  __scatter.o(!!!scatter)
    __scatterload_null                       0x0800019f   Thumb Code     0  __scatter.o(!!!scatter)
    __scatterload_copy                       0x080001c5   Thumb Code    26  __scatter_copy.o(!!handler_copy)
    __scatterload_zeroinit                   0x080001e1   Thumb Code    28  __scatter_zi.o(!!handler_zi)
    __rt_lib_init                            0x080001fd   Thumb Code     0  libinit.o(.ARM.Collect$$libinit$$00000000)
    __rt_lib_init_fp_1                       0x080001ff   Thumb Code     0  libinit2.o(.ARM.Collect$$libinit$$00000001)
    __rt_lib_init_alloca_1                   0x08000203   Thumb Code     0  libinit2.o(.ARM.Collect$$libinit$$0000002E)
    __rt_lib_init_argv_1                     0x08000203   Thumb Code     0  libinit2.o(.ARM.Collect$$libinit$$0000002C)
    __rt_lib_init_atexit_1                   0x08000203   Thumb Code     0  libinit2.o(.ARM.Collect$$libinit$$0000001B)
    __rt_lib_init_clock_1                    0x08000203   Thumb Code     0  libinit2.o(.ARM.Collect$$libinit$$00000021)
    __rt_lib_init_cpp_1                      0x08000203   Thumb Code     0  libinit2.o(.ARM.Collect$$libinit$$00000032)
    __rt_lib_init_exceptions_1               0x08000203   Thumb Code     0  libinit2.o(.ARM.Collect$$libinit$$00000030)
    __rt_lib_init_fp_trap_1                  0x08000203   Thumb Code     0  libinit2.o(.ARM.Collect$$libinit$$0000001F)
    __rt_lib_init_getenv_1                   0x08000203   Thumb Code     0  libinit2.o(.ARM.Collect$$libinit$$00000023)
    __rt_lib_init_heap_1                     0x08000203   Thumb Code     0  libinit2.o(.ARM.Collect$$libinit$$0000000A)
    __rt_lib_init_lc_collate_1               0x08000203   Thumb Code     0  libinit2.o(.ARM.Collect$$libinit$$00000011)
    __rt_lib_init_lc_ctype_1                 0x08000203   Thumb Code     0  libinit2.o(.ARM.Collect$$libinit$$00000013)
    __rt_lib_init_lc_monetary_1              0x08000203   Thumb Code     0  libinit2.o(.ARM.Collect$$libinit$$00000015)
    __rt_lib_init_lc_numeric_1               0x08000203   Thumb Code     0  libinit2.o(.ARM.Collect$$libinit$$00000017)
    __rt_lib_init_lc_time_1                  0x08000203   Thumb Code     0  libinit2.o(.ARM.Collect$$libinit$$00000019)
    __rt_lib_init_preinit_1                  0x08000203   Thumb Code     0  libinit2.o(.ARM.Collect$$libinit$$00000004)
    __rt_lib_init_rand_1                     0x08000203   Thumb Code     0  libinit2.o(.ARM.Collect$$libinit$$0000000E)
    __rt_lib_init_return                     0x08000203   Thumb Code     0  libinit2.o(.ARM.Collect$$libinit$$00000033)
    __rt_lib_init_signal_1                   0x08000203   Thumb Code     0  libinit2.o(.ARM.Collect$$libinit$$0000001D)
    __rt_lib_init_stdio_1                    0x08000203   Thumb Code     0  libinit2.o(.ARM.Collect$$libinit$$00000025)
    __rt_lib_init_user_alloc_1               0x08000203   Thumb Code     0  libinit2.o(.ARM.Collect$$libinit$$0000000C)
    __rt_lib_shutdown                        0x08000205   Thumb Code     0  libshutdown.o(.ARM.Collect$$libshutdown$$00000000)
    __rt_lib_shutdown_cpp_1                  0x08000207   Thumb Code     0  libshutdown2.o(.ARM.Collect$$libshutdown$$00000002)
    __rt_lib_shutdown_fp_trap_1              0x08000207   Thumb Code     0  libshutdown2.o(.ARM.Collect$$libshutdown$$00000007)
    __rt_lib_shutdown_heap_1                 0x08000207   Thumb Code     0  libshutdown2.o(.ARM.Collect$$libshutdown$$0000000F)
    __rt_lib_shutdown_return                 0x08000207   Thumb Code     0  libshutdown2.o(.ARM.Collect$$libshutdown$$00000010)
    __rt_lib_shutdown_signal_1               0x08000207   Thumb Code     0  libshutdown2.o(.ARM.Collect$$libshutdown$$0000000A)
    __rt_lib_shutdown_stdio_1                0x08000207   Thumb Code     0  libshutdown2.o(.ARM.Collect$$libshutdown$$00000004)
    __rt_lib_shutdown_user_alloc_1           0x08000207   Thumb Code     0  libshutdown2.o(.ARM.Collect$$libshutdown$$0000000C)
    __rt_entry                               0x08000209   Thumb Code     0  __rtentry.o(.ARM.Collect$$rtentry$$00000000)
    __rt_entry_presh_1                       0x08000209   Thumb Code     0  __rtentry2.o(.ARM.Collect$$rtentry$$00000002)
    __rt_entry_sh                            0x08000209   Thumb Code     0  __rtentry4.o(.ARM.Collect$$rtentry$$00000004)
    __rt_entry_li                            0x0800020f   Thumb Code     0  __rtentry2.o(.ARM.Collect$$rtentry$$0000000A)
    __rt_entry_postsh_1                      0x0800020f   Thumb Code     0  __rtentry2.o(.ARM.Collect$$rtentry$$00000009)
    __rt_entry_main                          0x08000213   Thumb Code     0  __rtentry2.o(.ARM.Collect$$rtentry$$0000000D)
    __rt_entry_postli_1                      0x08000213   Thumb Code     0  __rtentry2.o(.ARM.Collect$$rtentry$$0000000C)
    __rt_exit                                0x0800021b   Thumb Code     0  rtexit.o(.ARM.Collect$$rtexit$$00000000)
    __rt_exit_ls                             0x0800021d   Thumb Code     0  rtexit2.o(.ARM.Collect$$rtexit$$00000003)
    __rt_exit_prels_1                        0x0800021d   Thumb Code     0  rtexit2.o(.ARM.Collect$$rtexit$$00000002)
    __rt_exit_exit                           0x08000221   Thumb Code     0  rtexit2.o(.ARM.Collect$$rtexit$$00000004)
    Reset_Handler                            0x08000229   Thumb Code     8  startup_stm32f37x.o(.text)
    CAN1_RX0_IRQHandler                      0x08000243   Thumb Code     0  startup_stm32f37x.o(.text)
    CAN1_RX1_IRQHandler                      0x08000243   Thumb Code     0  startup_stm32f37x.o(.text)
    CAN1_SCE_IRQHandler                      0x08000243   Thumb Code     0  startup_stm32f37x.o(.text)
    CAN1_TX_IRQHandler                       0x08000243   Thumb Code     0  startup_stm32f37x.o(.text)
    CEC_IRQHandler                           0x08000243   Thumb Code     0  startup_stm32f37x.o(.text)
    COMP_IRQHandler                          0x08000243   Thumb Code     0  startup_stm32f37x.o(.text)
    DMA1_Channel1_IRQHandler                 0x08000243   Thumb Code     0  startup_stm32f37x.o(.text)
    DMA1_Channel2_IRQHandler                 0x08000243   Thumb Code     0  startup_stm32f37x.o(.text)
    DMA1_Channel3_IRQHandler                 0x08000243   Thumb Code     0  startup_stm32f37x.o(.text)
    DMA1_Channel4_IRQHandler                 0x08000243   Thumb Code     0  startup_stm32f37x.o(.text)
    DMA1_Channel5_IRQHandler                 0x08000243   Thumb Code     0  startup_stm32f37x.o(.text)
    DMA1_Channel6_IRQHandler                 0x08000243   Thumb Code     0  startup_stm32f37x.o(.text)
    DMA1_Channel7_IRQHandler                 0x08000243   Thumb Code     0  startup_stm32f37x.o(.text)
    DMA2_Channel1_IRQHandler                 0x08000243   Thumb Code     0  startup_stm32f37x.o(.text)
    DMA2_Channel2_IRQHandler                 0x08000243   Thumb Code     0  startup_stm32f37x.o(.text)
    DMA2_Channel3_IRQHandler                 0x08000243   Thumb Code     0  startup_stm32f37x.o(.text)
    DMA2_Channel4_IRQHandler                 0x08000243   Thumb Code     0  startup_stm32f37x.o(.text)
    DMA2_Channel5_IRQHandler                 0x08000243   Thumb Code     0  startup_stm32f37x.o(.text)
    EXTI0_IRQHandler                         0x08000243   Thumb Code     0  startup_stm32f37x.o(.text)
    EXTI15_10_IRQHandler                     0x08000243   Thumb Code     0  startup_stm32f37x.o(.text)
    EXTI1_IRQHandler                         0x08000243   Thumb Code     0  startup_stm32f37x.o(.text)
    EXTI2_TS_IRQHandler                      0x08000243   Thumb Code     0  startup_stm32f37x.o(.text)
    EXTI3_IRQHandler                         0x08000243   Thumb Code     0  startup_stm32f37x.o(.text)
    EXTI4_IRQHandler                         0x08000243   Thumb Code     0  startup_stm32f37x.o(.text)
    FLASH_IRQHandler                         0x08000243   Thumb Code     0  startup_stm32f37x.o(.text)
    FPU_IRQHandler                           0x08000243   Thumb Code     0  startup_stm32f37x.o(.text)
    I2C1_ER_IRQHandler                       0x08000243   Thumb Code     0  startup_stm32f37x.o(.text)
    I2C1_EV_IRQHandler                       0x08000243   Thumb Code     0  startup_stm32f37x.o(.text)
    I2C2_ER_IRQHandler                       0x08000243   Thumb Code     0  startup_stm32f37x.o(.text)
    I2C2_EV_IRQHandler                       0x08000243   Thumb Code     0  startup_stm32f37x.o(.text)
    PVD_IRQHandler                           0x08000243   Thumb Code     0  startup_stm32f37x.o(.text)
    RCC_IRQHandler                           0x08000243   Thumb Code     0  startup_stm32f37x.o(.text)
    SDADC2_IRQHandler                        0x08000243   Thumb Code     0  startup_stm32f37x.o(.text)
    SDADC3_IRQHandler                        0x08000243   Thumb Code     0  startup_stm32f37x.o(.text)
    SPI1_IRQHandler                          0x08000243   Thumb Code     0  startup_stm32f37x.o(.text)
    SPI2_IRQHandler                          0x08000243   Thumb Code     0  startup_stm32f37x.o(.text)
    SPI3_IRQHandler                          0x08000243   Thumb Code     0  startup_stm32f37x.o(.text)
    TAMPER_STAMP_IRQHandler                  0x08000243   Thumb Code     0  startup_stm32f37x.o(.text)
    TIM12_IRQHandler                         0x08000243   Thumb Code     0  startup_stm32f37x.o(.text)
    TIM13_IRQHandler                         0x08000243   Thumb Code     0  startup_stm32f37x.o(.text)
    TIM14_IRQHandler                         0x08000243   Thumb Code     0  startup_stm32f37x.o(.text)
    TIM15_IRQHandler                         0x08000243   Thumb Code     0  startup_stm32f37x.o(.text)
    TIM16_IRQHandler                         0x08000243   Thumb Code     0  startup_stm32f37x.o(.text)
    TIM17_IRQHandler                         0x08000243   Thumb Code     0  startup_stm32f37x.o(.text)
    TIM18_DAC2_IRQHandler                    0x08000243   Thumb Code     0  startup_stm32f37x.o(.text)
    TIM19_IRQHandler                         0x08000243   Thumb Code     0  startup_stm32f37x.o(.text)
    TIM2_IRQHandler                          0x08000243   Thumb Code     0  startup_stm32f37x.o(.text)
    TIM3_IRQHandler                          0x08000243   Thumb Code     0  startup_stm32f37x.o(.text)
    TIM4_IRQHandler                          0x08000243   Thumb Code     0  startup_stm32f37x.o(.text)
    TIM5_IRQHandler                          0x08000243   Thumb Code     0  startup_stm32f37x.o(.text)
    TIM6_DAC1_IRQHandler                     0x08000243   Thumb Code     0  startup_stm32f37x.o(.text)
    TIM7_IRQHandler                          0x08000243   Thumb Code     0  startup_stm32f37x.o(.text)
    USART1_IRQHandler                        0x08000243   Thumb Code     0  startup_stm32f37x.o(.text)
    USART3_IRQHandler                        0x08000243   Thumb Code     0  startup_stm32f37x.o(.text)
    USBWakeUp_IRQHandler                     0x08000243   Thumb Code     0  startup_stm32f37x.o(.text)
    USB_HP_IRQHandler                        0x08000243   Thumb Code     0  startup_stm32f37x.o(.text)
    USB_LP_IRQHandler                        0x08000243   Thumb Code     0  startup_stm32f37x.o(.text)
    WWDG_IRQHandler                          0x08000243   Thumb Code     0  startup_stm32f37x.o(.text)
    __user_initial_stackheap                 0x08000245   Thumb Code     0  startup_stm32f37x.o(.text)
    SystemInit                               0x08000325   Thumb Code   110  system_stm32f37x.o(.text)
    SystemCoreClockUpdate                    0x08000393   Thumb Code   138  system_stm32f37x.o(.text)
    NMI_Handler                              0x08000441   Thumb Code     2  stm32f37x_it.o(.text)
    HardFault_Handler                        0x08000443   Thumb Code     4  stm32f37x_it.o(.text)
    MemManage_Handler                        0x08000447   Thumb Code     4  stm32f37x_it.o(.text)
    BusFault_Handler                         0x0800044b   Thumb Code     4  stm32f37x_it.o(.text)
    UsageFault_Handler                       0x0800044f   Thumb Code     4  stm32f37x_it.o(.text)
    SVC_Handler                              0x08000453   Thumb Code     2  stm32f37x_it.o(.text)
    DebugMon_Handler                         0x08000455   Thumb Code     2  stm32f37x_it.o(.text)
    PendSV_Handler                           0x08000457   Thumb Code     2  stm32f37x_it.o(.text)
    SysTick_Handler                          0x08000459   Thumb Code     8  stm32f37x_it.o(.text)
    ADC1_IRQHandler                          0x08000461   Thumb Code     2  stm32f37x_it.o(.text)
    EXTI9_5_IRQHandler                       0x08000463   Thumb Code    26  stm32f37x_it.o(.text)
    SDADC1_IRQHandler                        0x0800047d   Thumb Code    26  stm32f37x_it.o(.text)
    main                                     0x080004a5   Thumb Code   194  main.o(.text)
    USART_Configuration                      0x080005a9   Thumb Code   266  uart.o(.text)
    UART_send_byte                           0x080006b3   Thumb Code    24  uart.o(.text)
    UART_Send                                0x080006cb   Thumb Code    36  uart.o(.text)
    UART2_send_byte                          0x080006ef   Thumb Code    24  uart.o(.text)
    UART2_Send                               0x08000707   Thumb Code    36  uart.o(.text)
    UART_Recive                              0x0800072b   Thumb Code    26  uart.o(.text)
    USART2_IRQHandler                        0x08000745   Thumb Code   120  uart.o(.text)
    _sys_exit                                0x080007bd   Thumb Code     6  uart.o(.text)
    fputc                                    0x080007c3   Thumb Code    32  uart.o(.text)
    Delay_ms                                 0x080007f9   Thumb Code    20  systick.o(.text)
    TimingDelay_Decrement                    0x0800080d   Thumb Code    18  systick.o(.text)
    Systick_Init                             0x0800081f   Thumb Code    90  systick.o(.text)
    RTC_Set_Time                             0x08000889   Thumb Code    36  rtc.o(.text)
    RTC_Set_Date                             0x080008ad   Thumb Code    36  rtc.o(.text)
    My_RTC_Init                              0x080008d1   Thumb Code   138  rtc.o(.text)
    RTC_Set_AlarmA                           0x0800095b   Thumb Code   158  rtc.o(.text)
    RTC_Set_AlarmB                           0x080009f9   Thumb Code   158  rtc.o(.text)
    RTC_Set_WakeUp                           0x08000a97   Thumb Code   108  rtc.o(.text)
    RTC_Alarm_IRQHandler                     0x08000b03   Thumb Code    60  rtc.o(.text)
    RTC_WKUP_IRQHandler                      0x08000b3f   Thumb Code    30  rtc.o(.text)
    GPIO_DeInit                              0x08000b65   Thumb Code   154  stm32f37x_gpio.o(.text)
    GPIO_Init                                0x08000bff   Thumb Code   144  stm32f37x_gpio.o(.text)
    GPIO_StructInit                          0x08000c8f   Thumb Code    22  stm32f37x_gpio.o(.text)
    GPIO_PinLockConfig                       0x08000ca5   Thumb Code    34  stm32f37x_gpio.o(.text)
    GPIO_ReadInputDataBit                    0x08000cc7   Thumb Code    18  stm32f37x_gpio.o(.text)
    GPIO_ReadInputData                       0x08000cd9   Thumb Code     6  stm32f37x_gpio.o(.text)
    GPIO_ReadOutputDataBit                   0x08000cdf   Thumb Code    18  stm32f37x_gpio.o(.text)
    GPIO_ReadOutputData                      0x08000cf1   Thumb Code     6  stm32f37x_gpio.o(.text)
    GPIO_SetBits                             0x08000cf7   Thumb Code     4  stm32f37x_gpio.o(.text)
    GPIO_ResetBits                           0x08000cfb   Thumb Code     4  stm32f37x_gpio.o(.text)
    GPIO_WriteBit                            0x08000cff   Thumb Code    10  stm32f37x_gpio.o(.text)
    GPIO_Write                               0x08000d09   Thumb Code     4  stm32f37x_gpio.o(.text)
    GPIO_PinAFConfig                         0x08000d0d   Thumb Code    70  stm32f37x_gpio.o(.text)
    RCC_DeInit                               0x08000d69   Thumb Code    82  stm32f37x_rcc.o(.text)
    RCC_HSEConfig                            0x08000dbb   Thumb Code    12  stm32f37x_rcc.o(.text)
    RCC_GetFlagStatus                        0x08000dc7   Thumb Code    54  stm32f37x_rcc.o(.text)
    RCC_WaitForHSEStartUp                    0x08000dfd   Thumb Code    56  stm32f37x_rcc.o(.text)
    RCC_AdjustHSICalibrationValue            0x08000e35   Thumb Code    20  stm32f37x_rcc.o(.text)
    RCC_HSICmd                               0x08000e49   Thumb Code     6  stm32f37x_rcc.o(.text)
    RCC_LSEConfig                            0x08000e4f   Thumb Code    32  stm32f37x_rcc.o(.text)
    RCC_LSEDriveConfig                       0x08000e6f   Thumb Code    22  stm32f37x_rcc.o(.text)
    RCC_LSICmd                               0x08000e85   Thumb Code     6  stm32f37x_rcc.o(.text)
    RCC_PLLConfig                            0x08000e8b   Thumb Code    28  stm32f37x_rcc.o(.text)
    RCC_PLLCmd                               0x08000ea7   Thumb Code     6  stm32f37x_rcc.o(.text)
    RCC_PREDIV1Config                        0x08000ead   Thumb Code    18  stm32f37x_rcc.o(.text)
    RCC_ClockSecuritySystemCmd               0x08000ebf   Thumb Code     6  stm32f37x_rcc.o(.text)
    RCC_MCOConfig                            0x08000ec5   Thumb Code     6  stm32f37x_rcc.o(.text)
    RCC_SYSCLKConfig                         0x08000ecb   Thumb Code    18  stm32f37x_rcc.o(.text)
    RCC_GetSYSCLKSource                      0x08000edd   Thumb Code    10  stm32f37x_rcc.o(.text)
    RCC_HCLKConfig                           0x08000ee7   Thumb Code    18  stm32f37x_rcc.o(.text)
    RCC_PCLK1Config                          0x08000ef9   Thumb Code    18  stm32f37x_rcc.o(.text)
    RCC_PCLK2Config                          0x08000f0b   Thumb Code    20  stm32f37x_rcc.o(.text)
    RCC_ADCCLKConfig                         0x08000f1f   Thumb Code    22  stm32f37x_rcc.o(.text)
    RCC_SDADCCLKConfig                       0x08000f35   Thumb Code    22  stm32f37x_rcc.o(.text)
    RCC_CECCLKConfig                         0x08000f4b   Thumb Code    22  stm32f37x_rcc.o(.text)
    RCC_I2CCLKConfig                         0x08000f61   Thumb Code    44  stm32f37x_rcc.o(.text)
    RCC_USARTCLKConfig                       0x08000f8d   Thumb Code    76  stm32f37x_rcc.o(.text)
    RCC_USBCLKConfig                         0x08000fd9   Thumb Code     8  stm32f37x_rcc.o(.text)
    RCC_GetClocksFreq                        0x08000fe1   Thumb Code   546  stm32f37x_rcc.o(.text)
    RCC_RTCCLKConfig                         0x08001203   Thumb Code    12  stm32f37x_rcc.o(.text)
    RCC_RTCCLKCmd                            0x0800120f   Thumb Code     6  stm32f37x_rcc.o(.text)
    RCC_BackupResetCmd                       0x08001215   Thumb Code     8  stm32f37x_rcc.o(.text)
    RCC_AHBPeriphClockCmd                    0x0800121d   Thumb Code    26  stm32f37x_rcc.o(.text)
    RCC_APB2PeriphClockCmd                   0x08001237   Thumb Code    26  stm32f37x_rcc.o(.text)
    RCC_APB1PeriphClockCmd                   0x08001251   Thumb Code    26  stm32f37x_rcc.o(.text)
    RCC_AHBPeriphResetCmd                    0x0800126b   Thumb Code    26  stm32f37x_rcc.o(.text)
    RCC_APB2PeriphResetCmd                   0x08001285   Thumb Code    26  stm32f37x_rcc.o(.text)
    RCC_APB1PeriphResetCmd                   0x0800129f   Thumb Code    26  stm32f37x_rcc.o(.text)
    RCC_ITConfig                             0x080012b9   Thumb Code    26  stm32f37x_rcc.o(.text)
    RCC_ClearFlag                            0x080012d3   Thumb Code    14  stm32f37x_rcc.o(.text)
    RCC_GetITStatus                          0x080012e1   Thumb Code    20  stm32f37x_rcc.o(.text)
    RCC_ClearITPendingBit                    0x080012f5   Thumb Code     6  stm32f37x_rcc.o(.text)
    USART_DeInit                             0x08001309   Thumb Code    82  stm32f37x_usart.o(.text)
    USART_Init                               0x0800135b   Thumb Code   196  stm32f37x_usart.o(.text)
    USART_StructInit                         0x0800141f   Thumb Code    24  stm32f37x_usart.o(.text)
    USART_ClockInit                          0x08001437   Thumb Code    30  stm32f37x_usart.o(.text)
    USART_ClockStructInit                    0x08001455   Thumb Code    12  stm32f37x_usart.o(.text)
    USART_Cmd                                0x08001461   Thumb Code    22  stm32f37x_usart.o(.text)
    USART_DirectionModeCmd                   0x08001477   Thumb Code    18  stm32f37x_usart.o(.text)
    USART_OverSampling8Cmd                   0x08001489   Thumb Code    22  stm32f37x_usart.o(.text)
    USART_OneBitMethodCmd                    0x0800149f   Thumb Code    22  stm32f37x_usart.o(.text)
    USART_MSBFirstCmd                        0x080014b5   Thumb Code    22  stm32f37x_usart.o(.text)
    USART_DataInvCmd                         0x080014cb   Thumb Code    22  stm32f37x_usart.o(.text)
    USART_InvPinCmd                          0x080014e1   Thumb Code    18  stm32f37x_usart.o(.text)
    USART_SWAPPinCmd                         0x080014f3   Thumb Code    22  stm32f37x_usart.o(.text)
    USART_ReceiverTimeOutCmd                 0x08001509   Thumb Code    22  stm32f37x_usart.o(.text)
    USART_SetReceiverTimeOut                 0x0800151f   Thumb Code    16  stm32f37x_usart.o(.text)
    USART_SetPrescaler                       0x0800152f   Thumb Code    16  stm32f37x_usart.o(.text)
    USART_STOPModeCmd                        0x0800153f   Thumb Code    22  stm32f37x_usart.o(.text)
    USART_StopModeWakeUpSourceConfig         0x08001555   Thumb Code    16  stm32f37x_usart.o(.text)
    USART_AutoBaudRateCmd                    0x08001565   Thumb Code    22  stm32f37x_usart.o(.text)
    USART_AutoBaudRateConfig                 0x0800157b   Thumb Code    16  stm32f37x_usart.o(.text)
    USART_SendData                           0x0800158b   Thumb Code     8  stm32f37x_usart.o(.text)
    USART_ReceiveData                        0x08001593   Thumb Code    10  stm32f37x_usart.o(.text)
    USART_SetAddress                         0x0800159d   Thumb Code    18  stm32f37x_usart.o(.text)
    USART_MuteModeCmd                        0x080015af   Thumb Code    22  stm32f37x_usart.o(.text)
    USART_MuteModeWakeUpConfig               0x080015c5   Thumb Code    16  stm32f37x_usart.o(.text)
    USART_AddressDetectionConfig             0x080015d5   Thumb Code    16  stm32f37x_usart.o(.text)
    USART_LINBreakDetectLengthConfig         0x080015e5   Thumb Code    16  stm32f37x_usart.o(.text)
    USART_LINCmd                             0x080015f5   Thumb Code    22  stm32f37x_usart.o(.text)
    USART_HalfDuplexCmd                      0x0800160b   Thumb Code    22  stm32f37x_usart.o(.text)
    USART_SetGuardTime                       0x08001621   Thumb Code    16  stm32f37x_usart.o(.text)
    USART_SmartCardCmd                       0x08001631   Thumb Code    22  stm32f37x_usart.o(.text)
    USART_SmartCardNACKCmd                   0x08001647   Thumb Code    22  stm32f37x_usart.o(.text)
    USART_SetAutoRetryCount                  0x0800165d   Thumb Code    18  stm32f37x_usart.o(.text)
    USART_SetBlockLength                     0x0800166f   Thumb Code    18  stm32f37x_usart.o(.text)
    USART_IrDAConfig                         0x08001681   Thumb Code    16  stm32f37x_usart.o(.text)
    USART_IrDACmd                            0x08001691   Thumb Code    22  stm32f37x_usart.o(.text)
    USART_DECmd                              0x080016a7   Thumb Code    22  stm32f37x_usart.o(.text)
    USART_DEPolarityConfig                   0x080016bd   Thumb Code    16  stm32f37x_usart.o(.text)
    USART_SetDEAssertionTime                 0x080016cd   Thumb Code    18  stm32f37x_usart.o(.text)
    USART_SetDEDeassertionTime               0x080016df   Thumb Code    30  stm32f37x_usart.o(.text)
    USART_DMACmd                             0x080016fd   Thumb Code    18  stm32f37x_usart.o(.text)
    USART_DMAReceptionErrorConfig            0x0800170f   Thumb Code    16  stm32f37x_usart.o(.text)
    USART_ITConfig                           0x0800171f   Thumb Code    58  stm32f37x_usart.o(.text)
    USART_RequestCmd                         0x08001759   Thumb Code    18  stm32f37x_usart.o(.text)
    USART_OverrunDetectionConfig             0x0800176b   Thumb Code    16  stm32f37x_usart.o(.text)
    USART_GetFlagStatus                      0x0800177b   Thumb Code    18  stm32f37x_usart.o(.text)
    USART_ClearFlag                          0x0800178d   Thumb Code     4  stm32f37x_usart.o(.text)
    USART_GetITStatus                        0x08001791   Thumb Code    74  stm32f37x_usart.o(.text)
    USART_ClearITPendingBit                  0x080017db   Thumb Code    18  stm32f37x_usart.o(.text)
    EXTI_DeInit                              0x080017ed   Thumb Code    34  stm32f37x_exti.o(.text)
    EXTI_Init                                0x0800180f   Thumb Code   142  stm32f37x_exti.o(.text)
    EXTI_StructInit                          0x0800189d   Thumb Code    16  stm32f37x_exti.o(.text)
    EXTI_GenerateSWInterrupt                 0x080018ad   Thumb Code    16  stm32f37x_exti.o(.text)
    EXTI_GetFlagStatus                       0x080018bd   Thumb Code    22  stm32f37x_exti.o(.text)
    EXTI_ClearFlag                           0x080018d3   Thumb Code     8  stm32f37x_exti.o(.text)
    EXTI_GetITStatus                         0x080018db   Thumb Code    34  stm32f37x_exti.o(.text)
    EXTI_ClearITPendingBit                   0x080018fd   Thumb Code     8  stm32f37x_exti.o(.text)
    NVIC_PriorityGroupConfig                 0x08001909   Thumb Code    10  stm32f37x_misc.o(.text)
    NVIC_Init                                0x08001913   Thumb Code   100  stm32f37x_misc.o(.text)
    NVIC_SetVectorTable                      0x08001977   Thumb Code    14  stm32f37x_misc.o(.text)
    NVIC_SystemLPConfig                      0x08001985   Thumb Code    34  stm32f37x_misc.o(.text)
    SysTick_CLKSourceConfig                  0x080019a7   Thumb Code    40  stm32f37x_misc.o(.text)
    RTC_WaitForSynchro                       0x080019e5   Thumb Code    92  stm32f37x_rtc.o(.text)
    RTC_EnterInitMode                        0x08001a41   Thumb Code    84  stm32f37x_rtc.o(.text)
    RTC_DeInit                               0x08001a95   Thumb Code   200  stm32f37x_rtc.o(.text)
    RTC_ExitInitMode                         0x08001b5d   Thumb Code    18  stm32f37x_rtc.o(.text)
    RTC_Init                                 0x08001b6f   Thumb Code    94  stm32f37x_rtc.o(.text)
    RTC_StructInit                           0x08001bcd   Thumb Code    14  stm32f37x_rtc.o(.text)
    RTC_WriteProtectionCmd                   0x08001bdb   Thumb Code    22  stm32f37x_rtc.o(.text)
    RTC_RefClockCmd                          0x08001bf1   Thumb Code    76  stm32f37x_rtc.o(.text)
    RTC_BypassShadowCmd                      0x08001c3d   Thumb Code    54  stm32f37x_rtc.o(.text)
    RTC_SetTime                              0x08001ca5   Thumb Code   200  stm32f37x_rtc.o(.text)
    RTC_TimeStructInit                       0x08001d6d   Thumb Code    12  stm32f37x_rtc.o(.text)
    RTC_GetTime                              0x08001d79   Thumb Code    74  stm32f37x_rtc.o(.text)
    RTC_GetSubSecond                         0x08001dc3   Thumb Code    30  stm32f37x_rtc.o(.text)
    RTC_SetDate                              0x08001de1   Thumb Code   190  stm32f37x_rtc.o(.text)
    RTC_DateStructInit                       0x08001e9f   Thumb Code    14  stm32f37x_rtc.o(.text)
    RTC_GetDate                              0x08001ead   Thumb Code    74  stm32f37x_rtc.o(.text)
    RTC_SetAlarm                             0x08001ef7   Thumb Code   230  stm32f37x_rtc.o(.text)
    RTC_AlarmStructInit                      0x08001fdd   Thumb Code    22  stm32f37x_rtc.o(.text)
    RTC_GetAlarm                             0x08001ff3   Thumb Code   114  stm32f37x_rtc.o(.text)
    RTC_AlarmCmd                             0x08002065   Thumb Code   112  stm32f37x_rtc.o(.text)
    RTC_AlarmSubSecondConfig                 0x080020d5   Thumb Code    46  stm32f37x_rtc.o(.text)
    RTC_GetAlarmSubSecond                    0x08002103   Thumb Code    34  stm32f37x_rtc.o(.text)
    RTC_WakeUpClockConfig                    0x08002125   Thumb Code    42  stm32f37x_rtc.o(.text)
    RTC_SetWakeUpCounter                     0x0800214f   Thumb Code    22  stm32f37x_rtc.o(.text)
    RTC_GetWakeUpCounter                     0x08002165   Thumb Code    10  stm32f37x_rtc.o(.text)
    RTC_WakeUpCmd                            0x0800216f   Thumb Code   116  stm32f37x_rtc.o(.text)
    RTC_DayLightSavingConfig                 0x080021e3   Thumb Code    50  stm32f37x_rtc.o(.text)
    RTC_GetStoreOperation                    0x08002215   Thumb Code    12  stm32f37x_rtc.o(.text)
    RTC_OutputConfig                         0x08002221   Thumb Code    60  stm32f37x_rtc.o(.text)
    RTC_CalibOutputCmd                       0x0800225d   Thumb Code    54  stm32f37x_rtc.o(.text)
    RTC_CalibOutputConfig                    0x08002293   Thumb Code    42  stm32f37x_rtc.o(.text)
    RTC_SmoothCalibConfig                    0x080022bd   Thumb Code    90  stm32f37x_rtc.o(.text)
    RTC_TimeStampCmd                         0x08002317   Thumb Code    54  stm32f37x_rtc.o(.text)
    RTC_GetTimeStamp                         0x0800234d   Thumb Code   144  stm32f37x_rtc.o(.text)
    RTC_GetTimeStampSubSecond                0x080023dd   Thumb Code     8  stm32f37x_rtc.o(.text)
    RTC_TamperTriggerConfig                  0x080023e5   Thumb Code    38  stm32f37x_rtc.o(.text)
    RTC_TamperCmd                            0x0800240b   Thumb Code    34  stm32f37x_rtc.o(.text)
    RTC_TamperFilterConfig                   0x0800242d   Thumb Code    26  stm32f37x_rtc.o(.text)
    RTC_TamperSamplingFreqConfig             0x08002447   Thumb Code    26  stm32f37x_rtc.o(.text)
    RTC_TamperPinsPrechargeDuration          0x08002461   Thumb Code    26  stm32f37x_rtc.o(.text)
    RTC_TimeStampOnTamperDetectionCmd        0x0800247b   Thumb Code    38  stm32f37x_rtc.o(.text)
    RTC_TamperPullUpCmd                      0x080024a1   Thumb Code    38  stm32f37x_rtc.o(.text)
    RTC_WriteBackupRegister                  0x080024c7   Thumb Code    26  stm32f37x_rtc.o(.text)
    RTC_ReadBackupRegister                   0x080024e1   Thumb Code    28  stm32f37x_rtc.o(.text)
    RTC_OutputTypeConfig                     0x080024fd   Thumb Code    26  stm32f37x_rtc.o(.text)
    RTC_SynchroShiftConfig                   0x08002517   Thumb Code   118  stm32f37x_rtc.o(.text)
    RTC_ITConfig                             0x0800258d   Thumb Code    94  stm32f37x_rtc.o(.text)
    RTC_GetFlagStatus                        0x080025eb   Thumb Code    34  stm32f37x_rtc.o(.text)
    RTC_ClearFlag                            0x0800260d   Thumb Code    30  stm32f37x_rtc.o(.text)
    RTC_GetITStatus                          0x0800262b   Thumb Code    84  stm32f37x_rtc.o(.text)
    RTC_ClearITPendingBit                    0x0800267f   Thumb Code    28  stm32f37x_rtc.o(.text)
    SDADC_DeInit                             0x080026a1   Thumb Code    76  stm32f37x_sdadc.o(.text)
    SDADC_Init                               0x080026ed   Thumb Code    34  stm32f37x_sdadc.o(.text)
    SDADC_StructInit                         0x0800270f   Thumb Code    12  stm32f37x_sdadc.o(.text)
    SDADC_AINInit                            0x0800271b   Thumb Code    30  stm32f37x_sdadc.o(.text)
    SDADC_AINStructInit                      0x08002739   Thumb Code    12  stm32f37x_sdadc.o(.text)
    SDADC_ChannelConfig                      0x08002745   Thumb Code    30  stm32f37x_sdadc.o(.text)
    SDADC_Cmd                                0x08002763   Thumb Code    22  stm32f37x_sdadc.o(.text)
    SDADC_InitModeCmd                        0x08002779   Thumb Code    22  stm32f37x_sdadc.o(.text)
    SDADC_FastConversionCmd                  0x0800278f   Thumb Code    22  stm32f37x_sdadc.o(.text)
    SDADC_VREFSelect                         0x080027a5   Thumb Code    16  stm32f37x_sdadc.o(.text)
    SDADC_CalibrationSequenceConfig          0x080027b5   Thumb Code    14  stm32f37x_sdadc.o(.text)
    SDADC_StartCalibration                   0x080027c3   Thumb Code    10  stm32f37x_sdadc.o(.text)
    SDADC_ChannelSelect                      0x080027cd   Thumb Code    18  stm32f37x_sdadc.o(.text)
    SDADC_ContinuousModeCmd                  0x080027df   Thumb Code    22  stm32f37x_sdadc.o(.text)
    SDADC_SoftwareStartConv                  0x080027f5   Thumb Code    10  stm32f37x_sdadc.o(.text)
    SDADC_GetConversionValue                 0x080027ff   Thumb Code     8  stm32f37x_sdadc.o(.text)
    SDADC_RegularSynchroSDADC1               0x08002807   Thumb Code    22  stm32f37x_sdadc.o(.text)
    SDADC_GetConversionSDADC12Value          0x0800281d   Thumb Code     6  stm32f37x_sdadc.o(.text)
    SDADC_GetConversionSDADC13Value          0x08002823   Thumb Code     6  stm32f37x_sdadc.o(.text)
    SDADC_SoftwareStartInjectedConv          0x08002829   Thumb Code    10  stm32f37x_sdadc.o(.text)
    SDADC_InjectedChannelSelect              0x08002833   Thumb Code     6  stm32f37x_sdadc.o(.text)
    SDADC_DelayStartInjectedConvCmd          0x08002839   Thumb Code    22  stm32f37x_sdadc.o(.text)
    SDADC_InjectedContinuousModeCmd          0x0800284f   Thumb Code    22  stm32f37x_sdadc.o(.text)
    SDADC_ExternalTrigInjectedConvConfig     0x08002865   Thumb Code    16  stm32f37x_sdadc.o(.text)
    SDADC_ExternalTrigInjectedConvEdgeConfig 0x08002875   Thumb Code    16  stm32f37x_sdadc.o(.text)
    SDADC_GetInjectedChannel                 0x08002885   Thumb Code    18  stm32f37x_sdadc.o(.text)
    SDADC_GetInjectedConversionValue         0x08002897   Thumb Code    30  stm32f37x_sdadc.o(.text)
    SDADC_InjectedSynchroSDADC1              0x080028b5   Thumb Code    22  stm32f37x_sdadc.o(.text)
    SDADC_GetInjectedConversionSDADC12Value  0x080028cb   Thumb Code     6  stm32f37x_sdadc.o(.text)
    SDADC_GetInjectedConversionSDADC13Value  0x080028d1   Thumb Code     6  stm32f37x_sdadc.o(.text)
    SDADC_PowerDownCmd                       0x080028d7   Thumb Code    22  stm32f37x_sdadc.o(.text)
    SDADC_StandbyCmd                         0x080028ed   Thumb Code    22  stm32f37x_sdadc.o(.text)
    SDADC_SlowClockCmd                       0x08002903   Thumb Code    22  stm32f37x_sdadc.o(.text)
    SDADC_DMAConfig                          0x08002919   Thumb Code    18  stm32f37x_sdadc.o(.text)
    SDADC_ITConfig                           0x0800292b   Thumb Code    18  stm32f37x_sdadc.o(.text)
    SDADC_GetFlagStatus                      0x0800293d   Thumb Code    18  stm32f37x_sdadc.o(.text)
    SDADC_ClearFlag                          0x0800294f   Thumb Code     8  stm32f37x_sdadc.o(.text)
    SDADC_GetITStatus                        0x08002957   Thumb Code    34  stm32f37x_sdadc.o(.text)
    SDADC_ClearITPendingBit                  0x08002979   Thumb Code     8  stm32f37x_sdadc.o(.text)
    PWR_DeInit                               0x08002995   Thumb Code    22  stm32f37x_pwr.o(.text)
    PWR_BackupAccessCmd                      0x080029ab   Thumb Code     6  stm32f37x_pwr.o(.text)
    PWR_PVDLevelConfig                       0x080029b1   Thumb Code    18  stm32f37x_pwr.o(.text)
    PWR_PVDCmd                               0x080029c3   Thumb Code     6  stm32f37x_pwr.o(.text)
    PWR_WakeUpPinCmd                         0x080029c9   Thumb Code    26  stm32f37x_pwr.o(.text)
    PWR_SDADCAnalogCmd                       0x080029e3   Thumb Code    26  stm32f37x_pwr.o(.text)
    PWR_EnterSleepMode                       0x080029fd   Thumb Code    24  stm32f37x_pwr.o(.text)
    PWR_EnterSTOPMode                        0x08002a15   Thumb Code    54  stm32f37x_pwr.o(.text)
    PWR_EnterSTANDBYMode                     0x08002a4b   Thumb Code    42  stm32f37x_pwr.o(.text)
    PWR_GetFlagStatus                        0x08002a75   Thumb Code    20  stm32f37x_pwr.o(.text)
    PWR_ClearFlag                            0x08002a89   Thumb Code    14  stm32f37x_pwr.o(.text)
    __use_no_semihosting                     0x08002aa5   Thumb Code     2  use_no_semi_2.o(.text)
    __2printf                                0x08002aa9   Thumb Code    20  noretval__2printf.o(.text)
    __use_two_region_memory                  0x08002ac1   Thumb Code     2  heapauxi.o(.text)
    __rt_heap_escrow$2region                 0x08002ac3   Thumb Code     2  heapauxi.o(.text)
    __rt_heap_expand$2region                 0x08002ac5   Thumb Code     2  heapauxi.o(.text)
    __I$use$semihosting                      0x08002ac7   Thumb Code     0  use_no_semi.o(.text)
    __use_no_semihosting_swi                 0x08002ac7   Thumb Code     2  use_no_semi.o(.text)
    _printf_char_file                        0x08002ac9   Thumb Code    32  _printf_char_file.o(.text)
    _printf_char_common                      0x08002af7   Thumb Code    32  _printf_char_common.o(.text)
    ferror                                   0x08002b1d   Thumb Code     8  ferror.o(.text)
    __user_setup_stackheap                   0x08002b25   Thumb Code    74  sys_stackheap_outer.o(.text)
    __printf                                 0x08002b6f   Thumb Code    40  __printf_nopercent.o(.text)
    exit                                     0x08002b97   Thumb Code    18  exit.o(.text)
    __user_libspace                          0x08002ba9   Thumb Code     8  libspace.o(.text)
    __user_perproc_libspace                  0x08002ba9   Thumb Code     0  libspace.o(.text)
    __user_perthread_libspace                0x08002ba9   Thumb Code     0  libspace.o(.text)
    _fp_init                                 0x08002bb1   Thumb Code    10  fpinit.o(x$fpl$fpinit)
    __fplib_config_fpu_vfp                   0x08002bb9   Thumb Code     0  fpinit.o(x$fpl$fpinit)
    __fplib_config_pureend_doubles           0x08002bb9   Thumb Code     0  fpinit.o(x$fpl$fpinit)
    Region$$Table$$Base                      0x08002bbc   Number         0  anon$$obj.o(Region$$Table)
    Region$$Table$$Limit                     0x08002bdc   Number         0  anon$$obj.o(Region$$Table)
    SystemCoreClock                          0x20000000   Data           4  system_stm32f37x.o(.data)
    AHBPrescTable                            0x20000004   Data          16  system_stm32f37x.o(.data)
    touch_flag                               0x20000014   Data           1  stm32f37x_it.o(.data)
    res                                      0x20000018   Data           1  main.o(.data)
    br                                       0x2000001c   Data           4  main.o(.data)
    bw                                       0x20000020   Data           4  main.o(.data)
    InjectedConvData                         0x20000024   Data           2  main.o(.data)
    TimingDelay                              0x20000028   Data           4  main.o(.data)
    adc_start_flag                           0x2000002c   Data           4  main.o(.data)
    aaa                                      0x20000030   Data           5  main.o(.data)
    USART_RX_STA                             0x20000038   Data           2  uart.o(.data)
    __stdout                                 0x2000003c   Data           4  uart.o(.data)
    NVIC_InitStructure                       0x20000044   Data           4  rtc.o(.data)
    USART_RX_BUF                             0x2000006c   Data         200  uart.o(.bss)
    __libspace_start                         0x20000134   Data          96  libspace.o(.bss)
    __temporary_stack_top$libspace           0x20000194   Data           0  libspace.o(.bss)



==============================================================================

Memory Map of the image

  Image Entry point : 0x08000189

  Load Region LR_IROM1 (Base: 0x08000000, Size: 0x00002c48, Max: 0x00040000, ABSOLUTE)

    Execution Region ER_IROM1 (Exec base: 0x08000000, Load base: 0x08000000, Size: 0x00002bdc, Max: 0x00040000, ABSOLUTE)

    Exec Addr    Load Addr    Size         Type   Attr      Idx    E Section Name        Object

    0x08000000   0x08000000   0x00000188   Data   RO            3    RESET               startup_stm32f37x.o
    0x08000188   0x08000188   0x00000008   Code   RO          703  * !!!main             c_w.l(__main.o)
    0x08000190   0x08000190   0x00000034   Code   RO          882    !!!scatter          c_w.l(__scatter.o)
    0x080001c4   0x080001c4   0x0000001a   Code   RO          884    !!handler_copy      c_w.l(__scatter_copy.o)
    0x080001de   0x080001de   0x00000002   PAD
    0x080001e0   0x080001e0   0x0000001c   Code   RO          886    !!handler_zi        c_w.l(__scatter_zi.o)
    0x080001fc   0x080001fc   0x00000002   Code   RO          754    .ARM.Collect$$libinit$$00000000  c_w.l(libinit.o)
    0x080001fe   0x080001fe   0x00000004   Code   RO          762    .ARM.Collect$$libinit$$00000001  c_w.l(libinit2.o)
    0x08000202   0x08000202   0x00000000   Code   RO          765    .ARM.Collect$$libinit$$00000004  c_w.l(libinit2.o)
    0x08000202   0x08000202   0x00000000   Code   RO          768    .ARM.Collect$$libinit$$0000000A  c_w.l(libinit2.o)
    0x08000202   0x08000202   0x00000000   Code   RO          770    .ARM.Collect$$libinit$$0000000C  c_w.l(libinit2.o)
    0x08000202   0x08000202   0x00000000   Code   RO          772    .ARM.Collect$$libinit$$0000000E  c_w.l(libinit2.o)
    0x08000202   0x08000202   0x00000000   Code   RO          775    .ARM.Collect$$libinit$$00000011  c_w.l(libinit2.o)
    0x08000202   0x08000202   0x00000000   Code   RO          777    .ARM.Collect$$libinit$$00000013  c_w.l(libinit2.o)
    0x08000202   0x08000202   0x00000000   Code   RO          779    .ARM.Collect$$libinit$$00000015  c_w.l(libinit2.o)
    0x08000202   0x08000202   0x00000000   Code   RO          781    .ARM.Collect$$libinit$$00000017  c_w.l(libinit2.o)
    0x08000202   0x08000202   0x00000000   Code   RO          783    .ARM.Collect$$libinit$$00000019  c_w.l(libinit2.o)
    0x08000202   0x08000202   0x00000000   Code   RO          785    .ARM.Collect$$libinit$$0000001B  c_w.l(libinit2.o)
    0x08000202   0x08000202   0x00000000   Code   RO          787    .ARM.Collect$$libinit$$0000001D  c_w.l(libinit2.o)
    0x08000202   0x08000202   0x00000000   Code   RO          789    .ARM.Collect$$libinit$$0000001F  c_w.l(libinit2.o)
    0x08000202   0x08000202   0x00000000   Code   RO          791    .ARM.Collect$$libinit$$00000021  c_w.l(libinit2.o)
    0x08000202   0x08000202   0x00000000   Code   RO          793    .ARM.Collect$$libinit$$00000023  c_w.l(libinit2.o)
    0x08000202   0x08000202   0x00000000   Code   RO          795    .ARM.Collect$$libinit$$00000025  c_w.l(libinit2.o)
    0x08000202   0x08000202   0x00000000   Code   RO          799    .ARM.Collect$$libinit$$0000002C  c_w.l(libinit2.o)
    0x08000202   0x08000202   0x00000000   Code   RO          801    .ARM.Collect$$libinit$$0000002E  c_w.l(libinit2.o)
    0x08000202   0x08000202   0x00000000   Code   RO          803    .ARM.Collect$$libinit$$00000030  c_w.l(libinit2.o)
    0x08000202   0x08000202   0x00000000   Code   RO          805    .ARM.Collect$$libinit$$00000032  c_w.l(libinit2.o)
    0x08000202   0x08000202   0x00000002   Code   RO          806    .ARM.Collect$$libinit$$00000033  c_w.l(libinit2.o)
    0x08000204   0x08000204   0x00000002   Code   RO          824    .ARM.Collect$$libshutdown$$00000000  c_w.l(libshutdown.o)
    0x08000206   0x08000206   0x00000000   Code   RO          834    .ARM.Collect$$libshutdown$$00000002  c_w.l(libshutdown2.o)
    0x08000206   0x08000206   0x00000000   Code   RO          836    .ARM.Collect$$libshutdown$$00000004  c_w.l(libshutdown2.o)
    0x08000206   0x08000206   0x00000000   Code   RO          839    .ARM.Collect$$libshutdown$$00000007  c_w.l(libshutdown2.o)
    0x08000206   0x08000206   0x00000000   Code   RO          842    .ARM.Collect$$libshutdown$$0000000A  c_w.l(libshutdown2.o)
    0x08000206   0x08000206   0x00000000   Code   RO          844    .ARM.Collect$$libshutdown$$0000000C  c_w.l(libshutdown2.o)
    0x08000206   0x08000206   0x00000000   Code   RO          847    .ARM.Collect$$libshutdown$$0000000F  c_w.l(libshutdown2.o)
    0x08000206   0x08000206   0x00000002   Code   RO          848    .ARM.Collect$$libshutdown$$00000010  c_w.l(libshutdown2.o)
    0x08000208   0x08000208   0x00000000   Code   RO          707    .ARM.Collect$$rtentry$$00000000  c_w.l(__rtentry.o)
    0x08000208   0x08000208   0x00000000   Code   RO          713    .ARM.Collect$$rtentry$$00000002  c_w.l(__rtentry2.o)
    0x08000208   0x08000208   0x00000006   Code   RO          725    .ARM.Collect$$rtentry$$00000004  c_w.l(__rtentry4.o)
    0x0800020e   0x0800020e   0x00000000   Code   RO          715    .ARM.Collect$$rtentry$$00000009  c_w.l(__rtentry2.o)
    0x0800020e   0x0800020e   0x00000004   Code   RO          716    .ARM.Collect$$rtentry$$0000000A  c_w.l(__rtentry2.o)
    0x08000212   0x08000212   0x00000000   Code   RO          718    .ARM.Collect$$rtentry$$0000000C  c_w.l(__rtentry2.o)
    0x08000212   0x08000212   0x00000008   Code   RO          719    .ARM.Collect$$rtentry$$0000000D  c_w.l(__rtentry2.o)
    0x0800021a   0x0800021a   0x00000002   Code   RO          758    .ARM.Collect$$rtexit$$00000000  c_w.l(rtexit.o)
    0x0800021c   0x0800021c   0x00000000   Code   RO          808    .ARM.Collect$$rtexit$$00000002  c_w.l(rtexit2.o)
    0x0800021c   0x0800021c   0x00000004   Code   RO          809    .ARM.Collect$$rtexit$$00000003  c_w.l(rtexit2.o)
    0x08000220   0x08000220   0x00000006   Code   RO          810    .ARM.Collect$$rtexit$$00000004  c_w.l(rtexit2.o)
    0x08000226   0x08000226   0x00000002   PAD
    0x08000228   0x08000228   0x00000040   Code   RO            4    .text               startup_stm32f37x.o
    0x08000268   0x08000268   0x000001d8   Code   RO           12    .text               system_stm32f37x.o
    0x08000440   0x08000440   0x00000064   Code   RO          130    .text               stm32f37x_it.o
    0x080004a4   0x080004a4   0x00000104   Code   RO          167    .text               main.o
    0x080005a8   0x080005a8   0x00000250   Code   RO          338    .text               uart.o
    0x080007f8   0x080007f8   0x00000090   Code   RO          392    .text               systick.o
    0x08000888   0x08000888   0x000002dc   Code   RO          414    .text               rtc.o
    0x08000b64   0x08000b64   0x00000204   Code   RO          458    .text               stm32f37x_gpio.o
    0x08000d68   0x08000d68   0x000005a0   Code   RO          478    .text               stm32f37x_rcc.o
    0x08001308   0x08001308   0x000004e4   Code   RO          500    .text               stm32f37x_usart.o
    0x080017ec   0x080017ec   0x0000011c   Code   RO          520    .text               stm32f37x_exti.o
    0x08001908   0x08001908   0x000000dc   Code   RO          540    .text               stm32f37x_misc.o
    0x080019e4   0x080019e4   0x00000cbc   Code   RO          560    .text               stm32f37x_rtc.o
    0x080026a0   0x080026a0   0x000002f4   Code   RO          580    .text               stm32f37x_sdadc.o
    0x08002994   0x08002994   0x00000110   Code   RO          600    .text               stm32f37x_pwr.o
    0x08002aa4   0x08002aa4   0x00000002   Code   RO          687    .text               c_w.l(use_no_semi_2.o)
    0x08002aa6   0x08002aa6   0x00000002   PAD
    0x08002aa8   0x08002aa8   0x00000018   Code   RO          691    .text               c_w.l(noretval__2printf.o)
    0x08002ac0   0x08002ac0   0x00000006   Code   RO          701    .text               c_w.l(heapauxi.o)
    0x08002ac6   0x08002ac6   0x00000002   Code   RO          705    .text               c_w.l(use_no_semi.o)
    0x08002ac8   0x08002ac8   0x00000024   Code   RO          710    .text               c_w.l(_printf_char_file.o)
    0x08002aec   0x08002aec   0x00000030   Code   RO          729    .text               c_w.l(_printf_char_common.o)
    0x08002b1c   0x08002b1c   0x00000008   Code   RO          731    .text               c_w.l(ferror.o)
    0x08002b24   0x08002b24   0x0000004a   Code   RO          735    .text               c_w.l(sys_stackheap_outer.o)
    0x08002b6e   0x08002b6e   0x00000028   Code   RO          742    .text               c_w.l(__printf_nopercent.o)
    0x08002b96   0x08002b96   0x00000012   Code   RO          747    .text               c_w.l(exit.o)
    0x08002ba8   0x08002ba8   0x00000008   Code   RO          755    .text               c_w.l(libspace.o)
    0x08002bb0   0x08002bb0   0x0000000a   Code   RO          816    x$fpl$fpinit        fz_wm.l(fpinit.o)
    0x08002bba   0x08002bba   0x00000002   PAD
    0x08002bbc   0x08002bbc   0x00000020   Data   RO          880    Region$$Table       anon$$obj.o


    Execution Region RW_IRAM1 (Exec base: 0x20000000, Load base: 0x08002bdc, Size: 0x00000798, Max: 0x00008000, ABSOLUTE)

    Exec Addr    Load Addr    Size         Type   Attr      Idx    E Section Name        Object

    0x20000000   0x08002bdc   0x00000014   Data   RW           13    .data               system_stm32f37x.o
    0x20000014   0x08002bf0   0x00000001   Data   RW          131    .data               stm32f37x_it.o
    0x20000015   0x08002bf1   0x00000003   PAD
    0x20000018   0x08002bf4   0x0000001d   Data   RW          169    .data               main.o
    0x20000035   0x08002c11   0x00000003   PAD
    0x20000038   0x08002c14   0x00000008   Data   RW          340    .data               uart.o
    0x20000040   0x08002c1c   0x00000004   Data   RW          393    .data               systick.o
    0x20000044   0x08002c20   0x00000004   Data   RW          415    .data               rtc.o
    0x20000048   0x08002c24   0x00000024   Data   RW          479    .data               stm32f37x_rcc.o
    0x2000006c        -       0x000000c8   Zero   RW          339    .bss                uart.o
    0x20000134        -       0x00000060   Zero   RW          756    .bss                c_w.l(libspace.o)
    0x20000194   0x08002c48   0x00000004   PAD
    0x20000198        -       0x00000200   Zero   RW            2    HEAP                startup_stm32f37x.o
    0x20000398        -       0x00000400   Zero   RW            1    STACK               startup_stm32f37x.o


==============================================================================

Image component sizes


      Code (inc. data)   RO Data    RW Data    ZI Data      Debug   Object Name

       260         66          0         29          0      31511   main.o
       732          8          0          4          0       3355   rtc.o
        64         26        392          0       1536        832   startup_stm32f37x.o
       284          4          0          0          0       2283   stm32f37x_exti.o
       516         22          0          0          0       3869   stm32f37x_gpio.o
       100         14          0          1          0       1984   stm32f37x_it.o
       220         22          0          0          0       1825   stm32f37x_misc.o
       272         14          0          0          0       2561   stm32f37x_pwr.o
      1440         56          0         36          0       9579   stm32f37x_rcc.o
      3260         44          0          0          0      14494   stm32f37x_rtc.o
       756         20          0          0          0       9361   stm32f37x_sdadc.o
      1252         12          0          0          0      11946   stm32f37x_usart.o
       472         36          0         20          0     219239   system_stm32f37x.o
       144         16          0          4          0       1570   systick.o
       592         22          0          8        200       4876   uart.o

    ----------------------------------------------------------------------
     10364        382        424        108       1736     319285   Object Totals
         0          0         32          0          0          0   (incl. Generated)
         0          0          0          6          0          0   (incl. Padding)

    ----------------------------------------------------------------------

      Code (inc. data)   RO Data    RW Data    ZI Data      Debug   Library Member Name

         8          0          0          0          0         68   __main.o
        40          0          0          0          0         84   __printf_nopercent.o
         0          0          0          0          0          0   __rtentry.o
        12          0          0          0          0          0   __rtentry2.o
         6          0          0          0          0          0   __rtentry4.o
        52          8          0          0          0          0   __scatter.o
        26          0          0          0          0          0   __scatter_copy.o
        28          0          0          0          0          0   __scatter_zi.o
        48          6          0          0          0         96   _printf_char_common.o
        36          4          0          0          0         80   _printf_char_file.o
        18          0          0          0          0         80   exit.o
         8          0          0          0          0         68   ferror.o
         6          0          0          0          0        152   heapauxi.o
         2          0          0          0          0          0   libinit.o
         6          0          0          0          0          0   libinit2.o
         2          0          0          0          0          0   libshutdown.o
         2          0          0          0          0          0   libshutdown2.o
         8          4          0          0         96         68   libspace.o
        24          4          0          0          0         84   noretval__2printf.o
         2          0          0          0          0          0   rtexit.o
        10          0          0          0          0          0   rtexit2.o
        74          0          0          0          0         80   sys_stackheap_outer.o
         2          0          0          0          0         68   use_no_semi.o
         2          0          0          0          0         68   use_no_semi_2.o
        10          0          0          0          0        116   fpinit.o

    ----------------------------------------------------------------------
       440         26          0          0        100       1112   Library Totals
         8          0          0          0          4          0   (incl. Padding)

    ----------------------------------------------------------------------

      Code (inc. data)   RO Data    RW Data    ZI Data      Debug   Library Name

       422         26          0          0         96        996   c_w.l
        10          0          0          0          0        116   fz_wm.l

    ----------------------------------------------------------------------
       440         26          0          0        100       1112   Library Totals

    ----------------------------------------------------------------------

==============================================================================


      Code (inc. data)   RO Data    RW Data    ZI Data      Debug   

     10804        408        424        108       1836     316181   Grand Totals
     10804        408        424        108       1836     316181   ELF Image Totals
     10804        408        424        108          0          0   ROM Totals

==============================================================================

    Total RO  Size (Code + RO Data)                11228 (  10.96kB)
    Total RW  Size (RW Data + ZI Data)              1944 (   1.90kB)
    Total ROM Size (Code + RO Data + RW Data)      11336 (  11.07kB)

==============================================================================

