ARM Linker, 5.03 [Build 76] [MDK-ARM Standard]

==============================================================================

Section Cross References

    startup_stm32f37x.o(STACK) refers (Special) to heapauxi.o(.text) for __use_two_region_memory
    startup_stm32f37x.o(HEAP) refers (Special) to heapauxi.o(.text) for __use_two_region_memory
    startup_stm32f37x.o(RESET) refers (Special) to heapauxi.o(.text) for __use_two_region_memory
    startup_stm32f37x.o(RESET) refers to startup_stm32f37x.o(STACK) for __initial_sp
    startup_stm32f37x.o(RESET) refers to startup_stm32f37x.o(.text) for Reset_Handler
    startup_stm32f37x.o(RESET) refers to stm32f37x_it.o(.text) for NMI_Handler
    startup_stm32f37x.o(RESET) refers to rtc.o(.text) for RTC_WKUP_IRQHandler
    startup_stm32f37x.o(RESET) refers to uart.o(.text) for USART2_IRQHandler
    startup_stm32f37x.o(.text) refers (Special) to heapauxi.o(.text) for __use_two_region_memory
    startup_stm32f37x.o(.text) refers to system_stm32f37x.o(.text) for SystemInit
    startup_stm32f37x.o(.text) refers to __main.o(!!!main) for __main
    startup_stm32f37x.o(.text) refers to startup_stm32f37x.o(HEAP) for Heap_Mem
    startup_stm32f37x.o(.text) refers to startup_stm32f37x.o(STACK) for Stack_Mem
    system_stm32f37x.o(.text) refers to system_stm32f37x.o(.data) for SystemCoreClock
    stm32f37x_it.o(.text) refers to systick.o(.text) for TimingDelay_Decrement
    stm32f37x_it.o(.text) refers to stm32f37x_exti.o(.text) for EXTI_GetITStatus
    stm32f37x_it.o(.text) refers to stm32f37x_sdadc.o(.text) for SDADC_GetFlagStatus
    stm32f37x_it.o(.text) refers to stm32f37x_it.o(.data) for touch_flag
    stm32f37x_it.o(.text) refers to main.o(.data) for InjectedConvData
    main.o(.text) refers to _printf_percent.o(.ARM.Collect$$_printf_percent$$00000000) for _printf_percent
    main.o(.text) refers to _printf_s.o(.ARM.Collect$$_printf_percent$$00000014) for _printf_s
    main.o(.text) refers to _printf_str.o(.text) for _printf_str
    main.o(.text) refers to stm32f37x_rcc.o(.text) for RCC_GetClocksFreq
    main.o(.text) refers to system_stm32f37x.o(.text) for SystemInit
    main.o(.text) refers to uart.o(.text) for USART_Configuration
    main.o(.text) refers to rtc.o(.text) for My_RTC_Init
    main.o(.text) refers to noretval__2printf.o(.text) for __2printf
    main.o(.text) refers to application.o(.text) for command_msg_analysis
    main.o(.text) refers to uart.o(.data) for USART_RX_STA
    main.o(.text) refers to uart.o(.bss) for COMMAND_BUF
    w25x16.o(.text) refers to stm32f37x_rcc.o(.text) for RCC_AHBPeriphClockCmd
    w25x16.o(.text) refers to stm32f37x_gpio.o(.text) for GPIO_Init
    w25x16.o(.text) refers to stm32f37x_spi.o(.text) for SPI_Init
    fatapp.o(.text) refers to ff.o(.text) for f_mount
    fatapp.o(.text) refers to strlen.o(.text) for strlen
    fatapp.o(.text) refers to strcasecmp.o(.text) for strcasecmp
    fatapp.o(.text) refers to strcpy.o(.text) for strcpy
    fatapp.o(.text) refers to rt_memcpy_w.o(.text) for __aeabi_memcpy4
    fatapp.o(.text) refers to ili9328.o(.text) for LCD_WR_REG_DATA
    fatapp.o(.text) refers to fatapp.o(.bss) for flag
    fatapp.o(.text) refers to fatapp.o(.data) for type
    ili9328.o(.text) refers to ili9328.o(.data) for POINT_COLOR
    ili9328.o(.text) refers to w25x16.o(.text) for SPI_FLASH_BufferRead
    ili9328.o(.text) refers to ili9328.o(.constdata) for ascii_16
    sd.o(.text) refers to stm32f37x_rcc.o(.text) for RCC_AHBPeriphClockCmd
    sd.o(.text) refers to stm32f37x_gpio.o(.text) for GPIO_Init
    sd.o(.text) refers to stm32f37x_spi.o(.text) for SPI_Init
    uart.o(.rev16_text) refers (Special) to use_no_semi_2.o(.text) for __use_no_semihosting
    uart.o(.revsh_text) refers (Special) to use_no_semi_2.o(.text) for __use_no_semihosting
    uart.o(.text) refers (Special) to use_no_semi_2.o(.text) for __use_no_semihosting
    uart.o(.text) refers to stm32f37x_rcc.o(.text) for RCC_AHBPeriphClockCmd
    uart.o(.text) refers to stm32f37x_gpio.o(.text) for GPIO_PinAFConfig
    uart.o(.text) refers to stm32f37x_usart.o(.text) for USART_Init
    uart.o(.text) refers to stm32f37x_misc.o(.text) for NVIC_Init
    uart.o(.text) refers to uart.o(.data) for USART_RX_STA
    uart.o(.text) refers to uart.o(.bss) for COMMAND_BUF
    uart.o(.bss) refers (Special) to use_no_semi_2.o(.text) for __use_no_semihosting
    uart.o(.data) refers (Special) to use_no_semi_2.o(.text) for __use_no_semihosting
    sdadc.o(.text) refers to stm32f37x_rcc.o(.text) for RCC_APB2PeriphClockCmd
    sdadc.o(.text) refers to stm32f37x_pwr.o(.text) for PWR_SDADCAnalogCmd
    sdadc.o(.text) refers to stm32f37x_gpio.o(.text) for GPIO_Init
    sdadc.o(.text) refers to stm32f37x_sdadc.o(.text) for SDADC_VREFSelect
    sdadc.o(.text) refers to systick.o(.text) for Delay_ms
    sdadc.o(.text) refers to stm32f37x_misc.o(.text) for NVIC_Init
    systick.o(.text) refers to systick.o(.data) for TimingDelay
[...]
    ../clib/heap1.c                          0x00000000   Number         0  h1_final.o ABSOLUTE
    ../clib/heap1.c                          0x00000000   Number         0  h1_alloc_mt.o ABSOLUTE
    ../clib/heap1.c                          0x00000000   Number         0  h1_extend_mt.o ABSOLUTE
    ../clib/heap2.c                          0x00000000   Number         0  heap2.o ABSOLUTE
    ../clib/heap2.c                          0x00000000   Number         0  heap2mt.o ABSOLUTE
    ../clib/heap2.c                          0x00000000   Number         0  fdtree.o ABSOLUTE
    ../clib/heapalloc.c                      0x00000000   Number         0  term_alloc.o ABSOLUTE
    ../clib/heapalloc.c                      0x00000000   Number         0  hguard.o ABSOLUTE
    ../clib/heapalloc.c                      0x00000000   Number         0  init_alloc.o ABSOLUTE
    ../clib/heapalloc.c                      0x00000000   Number         0  free.o ABSOLUTE
    ../clib/heapalloc.c                      0x00000000   Number         0  heapstubs.o ABSOLUTE
    ../clib/heapalloc.c                      0x00000000   Number         0  malloc.o ABSOLUTE
    ../clib/heapalloc.c                      0x00000000   Number         0  maybetermalloc2.o ABSOLUTE
    ../clib/heapalloc.c                      0x00000000   Number         0  maybetermalloc2.o ABSOLUTE
    ../clib/heapalloc.c                      0x00000000   Number         0  maybetermalloc1.o ABSOLUTE
    ../clib/heapalloc.c                      0x00000000   Number         0  hrguard.o ABSOLUTE
    ../clib/heapalloc.c                      0x00000000   Number         0  maybetermalloc1.o ABSOLUTE
    ../clib/heapaux.c                        0x00000000   Number         0  heapauxi.o ABSOLUTE
    ../clib/heapaux.c                        0x00000000   Number         0  heapauxa.o ABSOLUTE
    ../clib/libinit.s                        0x00000000   Number         0  libinit.o ABSOLUTE
    ../clib/libinit.s                        0x00000000   Number         0  libshutdown2.o ABSOLUTE
    ../clib/libinit.s                        0x00000000   Number         0  libshutdown.o ABSOLUTE
    ../clib/libinit.s                        0x00000000   Number         0  libinit2.o ABSOLUTE
    ../clib/locale.s                         0x00000000   Number         0  lc_ctype_c.o ABSOLUTE
    ../clib/memcpset.s                       0x00000000   Number         0  strcmpv7m.o ABSOLUTE
    ../clib/memcpset.s                       0x00000000   Number         0  rt_memclr.o ABSOLUTE
    ../clib/memcpset.s                       0x00000000   Number         0  rt_memcpy_w.o ABSOLUTE
    ../clib/memcpset.s                       0x00000000   Number         0  rt_memclr_w.o ABSOLUTE
    ../clib/misc.s                           0x00000000   Number         0  printf_stubs.o ABSOLUTE
    ../clib/printf.c                         0x00000000   Number         0  noretval__2sprintf.o ABSOLUTE
    ../clib/printf.c                         0x00000000   Number         0  _sputc.o ABSOLUTE
    ../clib/printf.c                         0x00000000   Number         0  __printf.o ABSOLUTE
    ../clib/printf.c                         0x00000000   Number         0  _printf_pad.o ABSOLUTE
    ../clib/printf.c                         0x00000000   Number         0  _printf_char_common.o ABSOLUTE
    ../clib/printf.c                         0x00000000   Number         0  _printf_str.o ABSOLUTE
    ../clib/printf.c                         0x00000000   Number         0  _printf_intcommon.o ABSOLUTE
    ../clib/printf.c                         0x00000000   Number         0  _printf_dec.o ABSOLUTE
    ../clib/printf.c                         0x00000000   Number         0  __printf_flags.o ABSOLUTE
    ../clib/printf.c                         0x00000000   Number         0  __printf_ss.o ABSOLUTE
    ../clib/printf.c                         0x00000000   Number         0  __printf_flags_ss.o ABSOLUTE
    ../clib/printf.c                         0x00000000   Number         0  __printf_wp.o ABSOLUTE
    ../clib/printf.c                         0x00000000   Number         0  __printf_flags_wp.o ABSOLUTE
    ../clib/printf.c                         0x00000000   Number         0  __printf_ss_wp.o ABSOLUTE
    ../clib/printf.c                         0x00000000   Number         0  __printf_flags_ss_wp.o ABSOLUTE
    ../clib/printf.c                         0x00000000   Number         0  __printf_nopercent.o ABSOLUTE
    ../clib/printf.c                         0x00000000   Number         0  _printf_char.o ABSOLUTE
    ../clib/printf.c                         0x00000000   Number         0  _printf_char_file.o ABSOLUTE
    ../clib/printf.c                         0x00000000   Number         0  __2printf.o ABSOLUTE
    ../clib/printf.c                         0x00000000   Number         0  __2sprintf.o ABSOLUTE
    ../clib/printf.c                         0x00000000   Number         0  noretval__2printf.o ABSOLUTE
    ../clib/printf_percent.s                 0x00000000   Number         0  _printf_percent_end.o ABSOLUTE
    ../clib/printf_percent.s                 0x00000000   Number         0  _printf_s.o ABSOLUTE
    ../clib/printf_percent.s                 0x00000000   Number         0  _printf_percent.o ABSOLUTE
    ../clib/printf_percent.s                 0x00000000   Number         0  _printf_d.o ABSOLUTE
    ../clib/signal.c                         0x00000000   Number         0  defsig_stak_inner.o ABSOLUTE
    ../clib/signal.c                         0x00000000   Number         0  defsig_rtred_inner.o ABSOLUTE
    ../clib/signal.c                         0x00000000   Number         0  defsig_fpe_inner.o ABSOLUTE
    ../clib/signal.c                         0x00000000   Number         0  defsig_rtmem_inner.o ABSOLUTE
    ../clib/signal.c                         0x00000000   Number         0  defsig_exit.o ABSOLUTE
    ../clib/signal.c                         0x00000000   Number         0  defsig_abrt_inner.o ABSOLUTE
    ../clib/signal.c                         0x00000000   Number         0  defsig_cppl_inner.o ABSOLUTE
    ../clib/signal.c                         0x00000000   Number         0  defsig_other.o ABSOLUTE
    ../clib/signal.c                         0x00000000   Number         0  defsig_general.o ABSOLUTE
    ../clib/signal.c                         0x00000000   Number         0  defsig_segv_inner.o ABSOLUTE
    ../clib/signal.c                         0x00000000   Number         0  __raise.o ABSOLUTE
    ../clib/signal.c                         0x00000000   Number         0  defsig_pvfn_inner.o ABSOLUTE
    ../clib/signal.c                         0x00000000   Number         0  defsig_rtmem_outer.o ABSOLUTE
    ../clib/signal.c                         0x00000000   Number         0  defsig_rtmem_formal.o ABSOLUTE
    ../clib/signal.s                         0x00000000   Number         0  defsig.o ABSOLUTE
    ../clib/stdio.c                          0x00000000   Number         0  ferror.o ABSOLUTE
    ../clib/stdio.c                          0x00000000   Number         0  ferror_locked.o ABSOLUTE
    ../clib/stdlib.c                         0x00000000   Number         0  exit.o ABSOLUTE
    ../clib/string.c                         0x00000000   Number         0  strcasecmp.o ABSOLUTE
    ../clib/string.c                         0x00000000   Number         0  strlen.o ABSOLUTE
    ../clib/string.c                         0x00000000   Number         0  strcpy.o ABSOLUTE
    ../fplib/fpinit.s                        0x00000000   Number         0  fpinit.o ABSOLUTE
    ..\\drive\\application.c                 0x00000000   Number         0  application.o ABSOLUTE
    ..\\drive\\fatapp.c                      0x00000000   Number         0  fatapp.o ABSOLUTE
    ..\\drive\\ili9328.c                     0x00000000   Number         0  ili9328.o ABSOLUTE
    ..\\drive\\rtc.c                         0x00000000   Number         0  rtc.o ABSOLUTE
    ..\\drive\\sd.c                          0x00000000   Number         0  sd.o ABSOLUTE
    ..\\drive\\sdadc.c                       0x00000000   Number         0  sdadc.o ABSOLUTE
    ..\\drive\\systick.c                     0x00000000   Number         0  systick.o ABSOLUTE
    ..\\drive\\uart.c                        0x00000000   Number         0  uart.o ABSOLUTE
    ..\\drive\\w25x16.c                      0x00000000   Number         0  w25x16.o ABSOLUTE
    ..\\ff\\FatFs_vR0.08a\\diskio.c          0x00000000   Number         0  diskio.o ABSOLUTE
    ..\\ff\\FatFs_vR0.08a\\option\\cc936.c   0x00000000   Number         0  cc936.o ABSOLUTE
    ..\\lib\\src\\stm32f37x_exti.c           0x00000000   Number         0  stm32f37x_exti.o ABSOLUTE
    ..\\lib\\src\\stm32f37x_gpio.c           0x00000000   Number         0  stm32f37x_gpio.o ABSOLUTE
    ..\\lib\\src\\stm32f37x_misc.c           0x00000000   Number         0  stm32f37x_misc.o ABSOLUTE
    ..\\lib\\src\\stm32f37x_pwr.c            0x00000000   Number         0  stm32f37x_pwr.o ABSOLUTE
    ..\\lib\\src\\stm32f37x_rcc.c            0x00000000   Number         0  stm32f37x_rcc.o ABSOLUTE
    ..\\lib\\src\\stm32f37x_rtc.c            0x00000000   Number         0  stm32f37x_rtc.o ABSOLUTE
    ..\\lib\\src\\stm32f37x_sdadc.c          0x00000000   Number         0  stm32f37x_sdadc.o ABSOLUTE
    ..\\lib\\src\\stm32f37x_spi.c            0x00000000   Number         0  stm32f37x_spi.o ABSOLUTE
    ..\\lib\\src\\stm32f37x_usart.c          0x00000000   Number         0  stm32f37x_usart.o ABSOLUTE
    ..\\stm32f3\\stm32f37x_it.c              0x00000000   Number         0  stm32f37x_it.o ABSOLUTE
    ..\\stm32f3\\system_stm32f37x.c          0x00000000   Number         0  system_stm32f37x.o ABSOLUTE
    ..\drive\application.c                   0x00000000   Number         0  application.o ABSOLUTE
    ..\drive\fatapp.c                        0x00000000   Number         0  fatapp.o ABSOLUTE
    ..\drive\ili9328.c                       0x00000000   Number         0  ili9328.o ABSOLUTE
    ..\drive\rtc.c                           0x00000000   Number         0  rtc.o ABSOLUTE
    ..\drive\sd.c                            0x00000000   Number         0  sd.o ABSOLUTE
    ..\drive\sdadc.c                         0x00000000   Number         0  sdadc.o ABSOLUTE
    ..\drive\systick.c                       0x00000000   Number         0  systick.o ABSOLUTE
    ..\drive\uart.c                          0x00000000   Number         0  uart.o ABSOLUTE
    ..\drive\w25x16.c                        0x00000000   Number         0  w25x16.o ABSOLUTE
    ..\ff\FatFs_vR0.08a\diskio.c             0x00000000   Number         0  diskio.o ABSOLUTE
    ..\ff\FatFs_vR0.08a\ff.c                 0x00000000   Number         0  ff.o ABSOLUTE
    ..\ff\FatFs_vR0.08a\option\cc936.c       0x00000000   Number         0  cc936.o ABSOLUTE
    ..\lib\src\stm32f37x_exti.c              0x00000000   Number         0  stm32f37x_exti.o ABSOLUTE
    ..\lib\src\stm32f37x_gpio.c              0x00000000   Number         0  stm32f37x_gpio.o ABSOLUTE
    ..\lib\src\stm32f37x_misc.c              0x00000000   Number         0  stm32f37x_misc.o ABSOLUTE
    ..\lib\src\stm32f37x_pwr.c               0x00000000   Number         0  stm32f37x_pwr.o ABSOLUTE
    ..\lib\src\stm32f37x_rcc.c               0x00000000   Number         0  stm32f37x_rcc.o ABSOLUTE
    ..\lib\src\stm32f37x_rtc.c               0x00000000   Number         0  stm32f37x_rtc.o ABSOLUTE
    ..\lib\src\stm32f37x_sdadc.c             0x00000000   Number         0  stm32f37x_sdadc.o ABSOLUTE
    ..\lib\src\stm32f37x_spi.c               0x00000000   Number         0  stm32f37x_spi.o ABSOLUTE
    ..\lib\src\stm32f37x_usart.c             0x00000000   Number         0  stm32f37x_usart.o ABSOLUTE
    ..\stm32f3\stm32f37x_it.c                0x00000000   Number         0  stm32f37x_it.o ABSOLUTE
    ..\stm32f3\system_stm32f37x.c            0x00000000   Number         0  system_stm32f37x.o ABSOLUTE
    dc.s                                     0x00000000   Number         0  dc.o ABSOLUTE
    main.c                                   0x00000000   Number         0  main.o ABSOLUTE
    main.c                                   0x00000000   Number         0  main.o ABSOLUTE
    startup_stm32f37x.s                      0x00000000   Number         0  startup_stm32f37x.o ABSOLUTE
    RESET                                    0x08000000   Section      392  startup_stm32f37x.o(RESET)
    !!!main                                  0x08000188   Section        8  __main.o(!!!main)
    !!!scatter                               0x08000190   Section       52  __scatter.o(!!!scatter)
    !!handler_copy                           0x080001c4   Section       26  __scatter_copy.o(!!handler_copy)
    !!handler_zi                             0x080001e0   Section       28  __scatter_zi.o(!!handler_zi)
    .ARM.Collect$$_printf_percent$$00000000  0x080001fc   Section        0  _printf_percent.o(.ARM.Collect$$_printf_percent$$00000000)
    .ARM.Collect$$_printf_percent$$00000009  0x080001fc   Section        6  _printf_d.o(.ARM.Collect$$_printf_percent$$00000009)
    .ARM.Collect$$_printf_percent$$00000014  0x08000202   Section        6  _printf_s.o(.ARM.Collect$$_printf_percent$$00000014)
    .ARM.Collect$$_printf_percent$$00000017  0x08000208   Section        4  _printf_percent_end.o(.ARM.Collect$$_printf_percent$$00000017)
    .ARM.Collect$$libinit$$00000000          0x0800020c   Section        2  libinit.o(.ARM.Collect$$libinit$$00000000)
    .ARM.Collect$$libinit$$00000001          0x0800020e   Section        4  libinit2.o(.ARM.Collect$$libinit$$00000001)
    .ARM.Collect$$libinit$$00000003          0x08000212   Section        8  libinit2.o(.ARM.Collect$$libinit$$00000003)
    .ARM.Collect$$libinit$$00000008          0x0800021a   Section        0  libinit2.o(.ARM.Collect$$libinit$$00000008)
    .ARM.Collect$$libinit$$0000000A          0x0800021a   Section        0  libinit2.o(.ARM.Collect$$libinit$$0000000A)
    .ARM.Collect$$libinit$$0000000C          0x0800021a   Section        0  libinit2.o(.ARM.Collect$$libinit$$0000000C)
    .ARM.Collect$$libinit$$0000000F          0x0800021a   Section        0  libinit2.o(.ARM.Collect$$libinit$$0000000F)
    .ARM.Collect$$libinit$$00000011          0x0800021a   Section        0  libinit2.o(.ARM.Collect$$libinit$$00000011)
    .ARM.Collect$$libinit$$00000013          0x0800021a   Section        0  libinit2.o(.ARM.Collect$$libinit$$00000013)
    .ARM.Collect$$libinit$$00000015          0x0800021a   Section        0  libinit2.o(.ARM.Collect$$libinit$$00000015)
    .ARM.Collect$$libinit$$00000017          0x0800021a   Section        0  libinit2.o(.ARM.Collect$$libinit$$00000017)
    .ARM.Collect$$libinit$$00000019          0x0800021a   Section        0  libinit2.o(.ARM.Collect$$libinit$$00000019)
    .ARM.Collect$$libinit$$0000001B          0x0800021a   Section        0  libinit2.o(.ARM.Collect$$libinit$$0000001B)
    .ARM.Collect$$libinit$$0000001D          0x0800021a   Section        0  libinit2.o(.ARM.Collect$$libinit$$0000001D)
    .ARM.Collect$$libinit$$0000001F          0x0800021a   Section        0  libinit2.o(.ARM.Collect$$libinit$$0000001F)
    .ARM.Collect$$libinit$$00000021          0x0800021a   Section        0  libinit2.o(.ARM.Collect$$libinit$$00000021)
    .ARM.Collect$$libinit$$00000023          0x0800021a   Section        0  libinit2.o(.ARM.Collect$$libinit$$00000023)
    .ARM.Collect$$libinit$$0000002A          0x0800021a   Section        0  libinit2.o(.ARM.Collect$$libinit$$0000002A)
    .ARM.Collect$$libinit$$0000002C          0x0800021a   Section        0  libinit2.o(.ARM.Collect$$libinit$$0000002C)
    .ARM.Collect$$libinit$$0000002E          0x0800021a   Section        0  libinit2.o(.ARM.Collect$$libinit$$0000002E)
    .ARM.Collect$$libinit$$00000030          0x0800021a   Section        0  libinit2.o(.ARM.Collect$$libinit$$00000030)
    .ARM.Collect$$libinit$$00000031          0x0800021a   Section        2  libinit2.o(.ARM.Collect$$libinit$$00000031)
    .ARM.Collect$$libshutdown$$00000000      0x0800021c   Section        2  libshutdown.o(.ARM.Collect$$libshutdown$$00000000)
    .ARM.Collect$$libshutdown$$00000003      0x0800021e   Section        0  libshutdown2.o(.ARM.Collect$$libshutdown$$00000003)
    .ARM.Collect$$libshutdown$$00000006      0x0800021e   Section        0  libshutdown2.o(.ARM.Collect$$libshutdown$$00000006)
    .ARM.Collect$$libshutdown$$00000009      0x0800021e   Section        0  libshutdown2.o(.ARM.Collect$$libshutdown$$00000009)
    .ARM.Collect$$libshutdown$$0000000B      0x0800021e   Section        0  libshutdown2.o(.ARM.Collect$$libshutdown$$0000000B)
    .ARM.Collect$$libshutdown$$0000000E      0x0800021e   Section        0  libshutdown2.o(.ARM.Collect$$libshutdown$$0000000E)
    .ARM.Collect$$libshutdown$$0000000F      0x0800021e   Section        2  libshutdown2.o(.ARM.Collect$$libshutdown$$0000000F)
    .ARM.Collect$$rtentry$$00000000          0x08000220   Section        0  rtentry.o(.ARM.Collect$$rtentry$$00000000)
    .ARM.Collect$$rtentry$$00000002          0x08000220   Section        0  rtentry2.o(.ARM.Collect$$rtentry$$00000002)
    .ARM.Collect$$rtentry$$00000004          0x08000220   Section        6  rtentry4.o(.ARM.Collect$$rtentry$$00000004)
    .ARM.Collect$$rtentry$$00000009          0x08000226   Section        0  rtentry2.o(.ARM.Collect$$rtentry$$00000009)
    .ARM.Collect$$rtentry$$0000000A          0x08000226   Section        4  rtentry2.o(.ARM.Collect$$rtentry$$0000000A)
    .ARM.Collect$$rtentry$$0000000C          0x0800022a   Section        0  rtentry2.o(.ARM.Collect$$rtentry$$0000000C)
    .ARM.Collect$$rtentry$$0000000D          0x0800022a   Section        8  rtentry2.o(.ARM.Collect$$rtentry$$0000000D)
    .ARM.Collect$$rtexit$$00000000           0x08000232   Section        2  rtexit.o(.ARM.Collect$$rtexit$$00000000)
    .ARM.Collect$$rtexit$$00000002           0x08000234   Section        0  rtexit2.o(.ARM.Collect$$rtexit$$00000002)
    .ARM.Collect$$rtexit$$00000003           0x08000234   Section        4  rtexit2.o(.ARM.Collect$$rtexit$$00000003)
    .ARM.Collect$$rtexit$$00000004           0x08000238   Section        6  rtexit2.o(.ARM.Collect$$rtexit$$00000004)
    .emb_text                                0x08000240   Section        0  maybetermalloc1.o(.emb_text)
    .text                                    0x08000240   Section       64  startup_stm32f37x.o(.text)
    $v0                                      0x08000240   Number         0  startup_stm32f37x.o(.text)
    .text                                    0x08000280   Section        0  system_stm32f37x.o(.text)
    SetSysClock                              0x08000281   Thumb Code   186  system_stm32f37x.o(.text)
    .text                                    0x08000458   Section        0  stm32f37x_it.o(.text)
    .text                                    0x080004bc   Section        0  main.o(.text)
    .text                                    0x080005b4   Section        0  uart.o(.text)
    .text                                    0x08000800   Section        0  systick.o(.text)
    .text                                    0x08000890   Section        0  rtc.o(.text)
    .text                                    0x08000b90   Section        0  application.o(.text)
    .text                                    0x0800166c   Section        0  stm32f37x_gpio.o(.text)
    .text                                    0x08001870   Section        0  stm32f37x_rcc.o(.text)
    .text                                    0x08001e10   Section        0  stm32f37x_usart.o(.text)
    .text                                    0x080022f4   Section        0  stm32f37x_exti.o(.text)
    .text                                    0x08002410   Section        0  stm32f37x_misc.o(.text)
    .text                                    0x080024ec   Section        0  stm32f37x_rtc.o(.text)
    RTC_ByteToBcd2                           0x0800277b   Thumb Code    28  stm32f37x_rtc.o(.text)
    RTC_Bcd2ToByte                           0x08002797   Thumb Code    22  stm32f37x_rtc.o(.text)
    .text                                    0x080031a8   Section        0  stm32f37x_sdadc.o(.text)
    .text                                    0x0800349c   Section        0  stm32f37x_pwr.o(.text)
    .text                                    0x080035ac   Section        2  use_no_semi_2.o(.text)
    .text                                    0x080035ae   Section        0  h1_alloc.o(.text)
    .text                                    0x0800360c   Section        0  h1_free.o(.text)
    .text                                    0x0800365c   Section        0  noretval__2printf.o(.text)
    .text                                    0x08003674   Section        0  noretval__2sprintf.o(.text)
    .text                                    0x0800369c   Section        0  _printf_pad.o(.text)
    .text                                    0x080036ee   Section        0  _printf_str.o(.text)
    .text                                    0x08003740   Section        0  _printf_dec.o(.text)
    .text                                    0x080037b8   Section        0  __printf_flags_wp.o(.text)
    .text                                    0x080038f4   Section       68  rt_memclr.o(.text)
    .text                                    0x08003938   Section      128  strcmpv7m.o(.text)
    .text                                    0x080039b8   Section        0  heapauxi.o(.text)
    .text                                    0x080039be   Section        2  use_no_semi.o(.text)
    .text                                    0x080039c0   Section        8  rt_heap_descriptor_intlibspace.o(.text)
    .text                                    0x080039c8   Section        0  hguard.o(.text)
    .text                                    0x080039cc   Section        0  init_alloc.o(.text)
    .text                                    0x08003a56   Section        0  h1_init.o(.text)
    .text                                    0x08003a64   Section        0  _printf_intcommon.o(.text)
    .text                                    0x08003b1c   Section        0  _printf_char_common.o(.text)
    _printf_input_char                       0x08003b1d   Thumb Code    10  _printf_char_common.o(.text)
    .text                                    0x08003b4c   Section        0  _sputc.o(.text)
    .text                                    0x08003b56   Section        0  _printf_char.o(.text)
    .text                                    0x08003b84   Section        0  _printf_char_file.o(.text)
    .text                                    0x08003ba8   Section       78  rt_memclr_w.o(.text)
    .text                                    0x08003bf8   Section        8  libspace.o(.text)
    .text                                    0x08003c00   Section        0  h1_extend.o(.text)
    .text                                    0x08003c34   Section        0  ferror.o(.text)
    .text                                    0x08003c3c   Section        0  defsig_rtmem_outer.o(.text)
    .text                                    0x08003c4a   Section       74  sys_stackheap_outer.o(.text)
    .text                                    0x08003c94   Section        0  exit.o(.text)
    .text                                    0x08003ca0   Section        0  defsig_exit.o(.text)
    .text                                    0x08003cac   Section        0  defsig_rtmem_inner.o(.text)
    .text                                    0x08003cfc   Section        0  defsig_general.o(.text)
    i._is_digit                              0x08003d2e   Section        0  __printf_wp.o(i._is_digit)
    x$fpl$fpinit                             0x08003d3c   Section       10  fpinit.o(x$fpl$fpinit)
    $v0                                      0x08003d3c   Number         0  fpinit.o(x$fpl$fpinit)
    .constdata                               0x08003d46   Section       17  __printf_flags_wp.o(.constdata)
    maptable                                 0x08003d46   Data          17  __printf_flags_wp.o(.constdata)
    .data                                    0x20000000   Section       20  system_stm32f37x.o(.data)
    .data                                    0x20000014   Section        1  stm32f37x_it.o(.data)
    .data                                    0x20000018   Section       32  main.o(.data)
    .data                                    0x20000038   Section        8  uart.o(.data)
    .data                                    0x20000040   Section        4  systick.o(.data)
    TimingDelay                              0x20000040   Data           4  systick.o(.data)
    .data                                    0x20000044   Section        4  rtc.o(.data)
    .data                                    0x20000048   Section       17  application.o(.data)
    state                                    0x20000048   Data           1  application.o(.data)
    .data                                    0x20000059   Section       36  stm32f37x_rcc.o(.data)
    APBAHBPrescTable                         0x20000059   Data          16  stm32f37x_rcc.o(.data)
    ADCPrescTable                            0x20000069   Data           4  stm32f37x_rcc.o(.data)
    SDADCPrescTable                          0x2000006d   Data          16  stm32f37x_rcc.o(.data)
    .bss                                     0x20000080   Section      200  uart.o(.bss)
    .bss                                     0x20000148   Section       40  application.o(.bss)
    .bss                                     0x20000170   Section       96  libspace.o(.bss)
    HEAP                                     0x200001d0   Section      512  startup_stm32f37x.o(HEAP)
    Heap_Mem                                 0x200001d0   Data         512  startup_stm32f37x.o(HEAP)
    STACK                                    0x200003d0   Section     1024  startup_stm32f37x.o(STACK)
    Stack_Mem                                0x200003d0   Data        1024  startup_stm32f37x.o(STACK)
    __initial_sp                             0x200007d0   Data           0  startup_stm32f37x.o(STACK)

    Global Symbols

    Symbol Name                              Value     Ov Type        Size  Object(Section)

    BuildAttributes$$THM_ISAv4$E$P$D$K$B$S$7EM$VFPi3$EXTD16$VFPS$VFMA$PE$A:L22UL41UL21$X:L11$S22US41US21$IEEE1$IW$USESV6$~STKCKD$USESV7$~SHL$OTIME$ROPI$EBA8$UX$STANDARDLIB$REQ8$PRES8$EABIv2 0x00000000   Number         0  anon$$obj.o ABSOLUTE
    __ARM_use_no_argv                        0x00000000   Number         0  main.o ABSOLUTE
    _printf_flags                            0x00000000   Number         0  printf_stubs.o ABSOLUTE
    _printf_return_value                     0x00000000   Number         0  printf_stubs.o ABSOLUTE
    _printf_sizespec                         0x00000000   Number         0  printf_stubs.o ABSOLUTE
    _printf_widthprec                        0x00000000   Number         0  printf_stubs.o ABSOLUTE
    __ARM_exceptions_init                     - Undefined Weak Reference
    __alloca_initialize                       - Undefined Weak Reference
    __cpp_initialize__aeabi_                  - Undefined Weak Reference
    __cxa_finalize                            - Undefined Weak Reference
    __sigvec_lookup                           - Undefined Weak Reference
    __user_heap_extent                        - Undefined Weak Reference
    _atexit_init                              - Undefined Weak Reference
    _call_atexit_fns                          - Undefined Weak Reference
    _clock_init                               - Undefined Weak Reference
    _fp_trap_init                             - Undefined Weak Reference
    _fp_trap_shutdown                         - Undefined Weak Reference
    _get_lc_collate                           - Undefined Weak Reference
    _get_lc_monetary                          - Undefined Weak Reference
    _get_lc_numeric                           - Undefined Weak Reference
    _get_lc_time                              - Undefined Weak Reference
    _getenv_init                              - Undefined Weak Reference
    _handle_redirection                       - Undefined Weak Reference
    _initio                                   - Undefined Weak Reference
    _mutex_acquire                            - Undefined Weak Reference
    _mutex_free                               - Undefined Weak Reference
    _mutex_release                            - Undefined Weak Reference
    _printf_mbtowc                            - Undefined Weak Reference
    _printf_truncate_signed                   - Undefined Weak Reference
    _printf_truncate_unsigned                 - Undefined Weak Reference
    _rand_init                                - Undefined Weak Reference
    _signal_finish                            - Undefined Weak Reference
    _signal_init                              - Undefined Weak Reference
    _terminateio                              - Undefined Weak Reference
    __Vectors_Size                           0x00000188   Number         0  startup_stm32f37x.o ABSOLUTE
    __Vectors                                0x08000000   Data           4  startup_stm32f37x.o(RESET)
    __Vectors_End                            0x08000188   Data           0  startup_stm32f37x.o(RESET)
    __main                                   0x08000189   Thumb Code     8  __main.o(!!!main)
    __scatterload                            0x08000191   Thumb Code     0  __scatter.o(!!!scatter)
    __scatterload_rt2                        0x08000191   Thumb Code    44  __scatter.o(!!!scatter)
    __scatterload_rt2_thumb_only             0x08000191   Thumb Code     0  __scatter.o(!!!scatter)
    __scatterload_null                       0x0800019f   Thumb Code     0  __scatter.o(!!!scatter)
    __scatterload_copy                       0x080001c5   Thumb Code    26  __scatter_copy.o(!!handler_copy)
    __scatterload_zeroinit                   0x080001e1   Thumb Code    28  __scatter_zi.o(!!handler_zi)
    _printf_d                                0x080001fd   Thumb Code     0  _printf_d.o(.ARM.Collect$$_printf_percent$$00000009)
    _printf_percent                          0x080001fd   Thumb Code     0  _printf_percent.o(.ARM.Collect$$_printf_percent$$00000000)
    _printf_s                                0x08000203   Thumb Code     0  _printf_s.o(.ARM.Collect$$_printf_percent$$00000014)
    _printf_percent_end                      0x08000209   Thumb Code     0  _printf_percent_end.o(.ARM.Collect$$_printf_percent$$00000017)
    __rt_lib_init                            0x0800020d   Thumb Code     0  libinit.o(.ARM.Collect$$libinit$$00000000)
    __rt_lib_init_fp_1                       0x0800020f   Thumb Code     0  libinit2.o(.ARM.Collect$$libinit$$00000001)
    __rt_lib_init_heap_2                     0x08000213   Thumb Code     0  libinit2.o(.ARM.Collect$$libinit$$00000003)
    __rt_lib_init_alloca_1                   0x0800021b   Thumb Code     0  libinit2.o(.ARM.Collect$$libinit$$0000002C)
    __rt_lib_init_argv_1                     0x0800021b   Thumb Code     0  libinit2.o(.ARM.Collect$$libinit$$0000002A)
    __rt_lib_init_atexit_1                   0x0800021b   Thumb Code     0  libinit2.o(.ARM.Collect$$libinit$$00000019)
    __rt_lib_init_clock_1                    0x0800021b   Thumb Code     0  libinit2.o(.ARM.Collect$$libinit$$0000001F)
    __rt_lib_init_cpp_1                      0x0800021b   Thumb Code     0  libinit2.o(.ARM.Collect$$libinit$$00000030)
    __rt_lib_init_exceptions_1               0x0800021b   Thumb Code     0  libinit2.o(.ARM.Collect$$libinit$$0000002E)
    __rt_lib_init_fp_trap_1                  0x0800021b   Thumb Code     0  libinit2.o(.ARM.Collect$$libinit$$0000001D)
    __rt_lib_init_getenv_1                   0x0800021b   Thumb Code     0  libinit2.o(.ARM.Collect$$libinit$$00000021)
    __rt_lib_init_heap_1                     0x0800021b   Thumb Code     0  libinit2.o(.ARM.Collect$$libinit$$00000008)
    __rt_lib_init_lc_collate_1               0x0800021b   Thumb Code     0  libinit2.o(.ARM.Collect$$libinit$$0000000F)
    __rt_lib_init_lc_ctype_1                 0x0800021b   Thumb Code     0  libinit2.o(.ARM.Collect$$libinit$$00000011)
    __rt_lib_init_lc_monetary_1              0x0800021b   Thumb Code     0  libinit2.o(.ARM.Collect$$libinit$$00000013)
    __rt_lib_init_lc_numeric_1               0x0800021b   Thumb Code     0  libinit2.o(.ARM.Collect$$libinit$$00000015)
    __rt_lib_init_lc_time_1                  0x0800021b   Thumb Code     0  libinit2.o(.ARM.Collect$$libinit$$00000017)
    __rt_lib_init_rand_1                     0x0800021b   Thumb Code     0  libinit2.o(.ARM.Collect$$libinit$$0000000C)
    __rt_lib_init_return                     0x0800021b   Thumb Code     0  libinit2.o(.ARM.Collect$$libinit$$00000031)
    __rt_lib_init_signal_1                   0x0800021b   Thumb Code     0  libinit2.o(.ARM.Collect$$libinit$$0000001B)
    __rt_lib_init_stdio_1                    0x0800021b   Thumb Code     0  libinit2.o(.ARM.Collect$$libinit$$00000023)
    __rt_lib_init_user_alloc_1               0x0800021b   Thumb Code     0  libinit2.o(.ARM.Collect$$libinit$$0000000A)
    __rt_lib_shutdown                        0x0800021d   Thumb Code     0  libshutdown.o(.ARM.Collect$$libshutdown$$00000000)
    __rt_lib_shutdown_fp_trap_1              0x0800021f   Thumb Code     0  libshutdown2.o(.ARM.Collect$$libshutdown$$00000006)
    __rt_lib_shutdown_heap_1                 0x0800021f   Thumb Code     0  libshutdown2.o(.ARM.Collect$$libshutdown$$0000000E)
    __rt_lib_shutdown_return                 0x0800021f   Thumb Code     0  libshutdown2.o(.ARM.Collect$$libshutdown$$0000000F)
    __rt_lib_shutdown_signal_1               0x0800021f   Thumb Code     0  libshutdown2.o(.ARM.Collect$$libshutdown$$00000009)
    __rt_lib_shutdown_stdio_1                0x0800021f   Thumb Code     0  libshutdown2.o(.ARM.Collect$$libshutdown$$00000003)
    __rt_lib_shutdown_user_alloc_1           0x0800021f   Thumb Code     0  libshutdown2.o(.ARM.Collect$$libshutdown$$0000000B)
    __rt_entry                               0x08000221   Thumb Code     0  rtentry.o(.ARM.Collect$$rtentry$$00000000)
    __rt_entry_presh_1                       0x08000221   Thumb Code     0  rtentry2.o(.ARM.Collect$$rtentry$$00000002)
    __rt_entry_sh                            0x08000221   Thumb Code     0  rtentry4.o(.ARM.Collect$$rtentry$$00000004)
    __rt_entry_li                            0x08000227   Thumb Code     0  rtentry2.o(.ARM.Collect$$rtentry$$0000000A)
    __rt_entry_postsh_1                      0x08000227   Thumb Code     0  rtentry2.o(.ARM.Collect$$rtentry$$00000009)
    __rt_entry_main                          0x0800022b   Thumb Code     0  rtentry2.o(.ARM.Collect$$rtentry$$0000000D)
    __rt_entry_postli_1                      0x0800022b   Thumb Code     0  rtentry2.o(.ARM.Collect$$rtentry$$0000000C)
    __rt_exit                                0x08000233   Thumb Code     0  rtexit.o(.ARM.Collect$$rtexit$$00000000)
    __rt_exit_ls                             0x08000235   Thumb Code     0  rtexit2.o(.ARM.Collect$$rtexit$$00000003)
    __rt_exit_prels_1                        0x08000235   Thumb Code     0  rtexit2.o(.ARM.Collect$$rtexit$$00000002)
    __rt_exit_exit                           0x08000239   Thumb Code     0  rtexit2.o(.ARM.Collect$$rtexit$$00000004)
    Reset_Handler                            0x08000241   Thumb Code     8  startup_stm32f37x.o(.text)
    _maybe_terminate_alloc                   0x08000241   Thumb Code     0  maybetermalloc1.o(.emb_text)
    CAN1_RX0_IRQHandler                      0x0800025b   Thumb Code     0  startup_stm32f37x.o(.text)
    CAN1_RX1_IRQHandler                      0x0800025b   Thumb Code     0  startup_stm32f37x.o(.text)
    CAN1_SCE_IRQHandler                      0x0800025b   Thumb Code     0  startup_stm32f37x.o(.text)
    CAN1_TX_IRQHandler                       0x0800025b   Thumb Code     0  startup_stm32f37x.o(.text)
    CEC_IRQHandler                           0x0800025b   Thumb Code     0  startup_stm32f37x.o(.text)
    COMP_IRQHandler                          0x0800025b   Thumb Code     0  startup_stm32f37x.o(.text)
    DMA1_Channel1_IRQHandler                 0x0800025b   Thumb Code     0  startup_stm32f37x.o(.text)
    DMA1_Channel2_IRQHandler                 0x0800025b   Thumb Code     0  startup_stm32f37x.o(.text)
    DMA1_Channel3_IRQHandler                 0x0800025b   Thumb Code     0  startup_stm32f37x.o(.text)
    DMA1_Channel4_IRQHandler                 0x0800025b   Thumb Code     0  startup_stm32f37x.o(.text)
    DMA1_Channel5_IRQHandler                 0x0800025b   Thumb Code     0  startup_stm32f37x.o(.text)
    DMA1_Channel6_IRQHandler                 0x0800025b   Thumb Code     0  startup_stm32f37x.o(.text)
    DMA1_Channel7_IRQHandler                 0x0800025b   Thumb Code     0  startup_stm32f37x.o(.text)
    DMA2_Channel1_IRQHandler                 0x0800025b   Thumb Code     0  startup_stm32f37x.o(.text)
    DMA2_Channel2_IRQHandler                 0x0800025b   Thumb Code     0  startup_stm32f37x.o(.text)
    DMA2_Channel3_IRQHandler                 0x0800025b   Thumb Code     0  startup_stm32f37x.o(.text)
    DMA2_Channel4_IRQHandler                 0x0800025b   Thumb Code     0  startup_stm32f37x.o(.text)
    DMA2_Channel5_IRQHandler                 0x0800025b   Thumb Code     0  startup_stm32f37x.o(.text)
    EXTI0_IRQHandler                         0x0800025b   Thumb Code     0  startup_stm32f37x.o(.text)
    EXTI15_10_IRQHandler                     0x0800025b   Thumb Code     0  startup_stm32f37x.o(.text)
    EXTI1_IRQHandler                         0x0800025b   Thumb Code     0  startup_stm32f37x.o(.text)
    EXTI2_TS_IRQHandler                      0x0800025b   Thumb Code     0  startup_stm32f37x.o(.text)
    EXTI3_IRQHandler                         0x0800025b   Thumb Code     0  startup_stm32f37x.o(.text)
    EXTI4_IRQHandler                         0x0800025b   Thumb Code     0  startup_stm32f37x.o(.text)
    FLASH_IRQHandler                         0x0800025b   Thumb Code     0  startup_stm32f37x.o(.text)
    FPU_IRQHandler                           0x0800025b   Thumb Code     0  startup_stm32f37x.o(.text)
    I2C1_ER_IRQHandler                       0x0800025b   Thumb Code     0  startup_stm32f37x.o(.text)
    I2C1_EV_IRQHandler                       0x0800025b   Thumb Code     0  startup_stm32f37x.o(.text)
    I2C2_ER_IRQHandler                       0x0800025b   Thumb Code     0  startup_stm32f37x.o(.text)
    I2C2_EV_IRQHandler                       0x0800025b   Thumb Code     0  startup_stm32f37x.o(.text)
    PVD_IRQHandler                           0x0800025b   Thumb Code     0  startup_stm32f37x.o(.text)
    RCC_IRQHandler                           0x0800025b   Thumb Code     0  startup_stm32f37x.o(.text)
    SDADC2_IRQHandler                        0x0800025b   Thumb Code     0  startup_stm32f37x.o(.text)
    SDADC3_IRQHandler                        0x0800025b   Thumb Code     0  startup_stm32f37x.o(.text)
    SPI1_IRQHandler                          0x0800025b   Thumb Code     0  startup_stm32f37x.o(.text)
    SPI2_IRQHandler                          0x0800025b   Thumb Code     0  startup_stm32f37x.o(.text)
    SPI3_IRQHandler                          0x0800025b   Thumb Code     0  startup_stm32f37x.o(.text)
    TAMPER_STAMP_IRQHandler                  0x0800025b   Thumb Code     0  startup_stm32f37x.o(.text)
    TIM12_IRQHandler                         0x0800025b   Thumb Code     0  startup_stm32f37x.o(.text)
    TIM13_IRQHandler                         0x0800025b   Thumb Code     0  startup_stm32f37x.o(.text)
    TIM14_IRQHandler                         0x0800025b   Thumb Code     0  startup_stm32f37x.o(.text)
    TIM15_IRQHandler                         0x0800025b   Thumb Code     0  startup_stm32f37x.o(.text)
    TIM16_IRQHandler                         0x0800025b   Thumb Code     0  startup_stm32f37x.o(.text)
    TIM17_IRQHandler                         0x0800025b   Thumb Code     0  startup_stm32f37x.o(.text)
    TIM18_DAC2_IRQHandler                    0x0800025b   Thumb Code     0  startup_stm32f37x.o(.text)
    TIM19_IRQHandler                         0x0800025b   Thumb Code     0  startup_stm32f37x.o(.text)
    TIM2_IRQHandler                          0x0800025b   Thumb Code     0  startup_stm32f37x.o(.text)
    TIM3_IRQHandler                          0x0800025b   Thumb Code     0  startup_stm32f37x.o(.text)
    TIM4_IRQHandler                          0x0800025b   Thumb Code     0  startup_stm32f37x.o(.text)
    TIM5_IRQHandler                          0x0800025b   Thumb Code     0  startup_stm32f37x.o(.text)
    TIM6_DAC1_IRQHandler                     0x0800025b   Thumb Code     0  startup_stm32f37x.o(.text)
    TIM7_IRQHandler                          0x0800025b   Thumb Code     0  startup_stm32f37x.o(.text)
    USART1_IRQHandler                        0x0800025b   Thumb Code     0  startup_stm32f37x.o(.text)
    USART3_IRQHandler                        0x0800025b   Thumb Code     0  startup_stm32f37x.o(.text)
    USBWakeUp_IRQHandler                     0x0800025b   Thumb Code     0  startup_stm32f37x.o(.text)
    USB_HP_IRQHandler                        0x0800025b   Thumb Code     0  startup_stm32f37x.o(.text)
    USB_LP_IRQHandler                        0x0800025b   Thumb Code     0  startup_stm32f37x.o(.text)
    WWDG_IRQHandler                          0x0800025b   Thumb Code     0  startup_stm32f37x.o(.text)
    __user_initial_stackheap                 0x0800025d   Thumb Code     0  startup_stm32f37x.o(.text)
    SystemInit                               0x0800033b   Thumb Code   110  system_stm32f37x.o(.text)
    SystemCoreClockUpdate                    0x080003a9   Thumb Code   138  system_stm32f37x.o(.text)
    NMI_Handler                              0x08000459   Thumb Code     2  stm32f37x_it.o(.text)
    HardFault_Handler                        0x0800045b   Thumb Code     4  stm32f37x_it.o(.text)
    MemManage_Handler                        0x0800045f   Thumb Code     4  stm32f37x_it.o(.text)
    BusFault_Handler                         0x08000463   Thumb Code     4  stm32f37x_it.o(.text)
    UsageFault_Handler                       0x08000467   Thumb Code     4  stm32f37x_it.o(.text)
    SVC_Handler                              0x0800046b   Thumb Code     2  stm32f37x_it.o(.text)
    DebugMon_Handler                         0x0800046d   Thumb Code     2  stm32f37x_it.o(.text)
    PendSV_Handler                           0x0800046f   Thumb Code     2  stm32f37x_it.o(.text)
    SysTick_Handler                          0x08000471   Thumb Code     8  stm32f37x_it.o(.text)
    ADC1_IRQHandler                          0x08000479   Thumb Code     2  stm32f37x_it.o(.text)
    EXTI9_5_IRQHandler                       0x0800047b   Thumb Code    26  stm32f37x_it.o(.text)
    SDADC1_IRQHandler                        0x08000495   Thumb Code    26  stm32f37x_it.o(.text)
    main                                     0x080004bd   Thumb Code   160  main.o(.text)
    USART_Configuration                      0x080005b5   Thumb Code   266  uart.o(.text)
    UART_send_byte                           0x080006bf   Thumb Code    22  uart.o(.text)
    UART_Send                                0x080006d5   Thumb Code    34  uart.o(.text)
    UART2_send_byte                          0x080006f7   Thumb Code    22  uart.o(.text)
    UART2_Send                               0x0800070d   Thumb Code    34  uart.o(.text)
    UART_Recive                              0x0800072f   Thumb Code    24  uart.o(.text)
    USART2_IRQHandler                        0x08000747   Thumb Code   120  uart.o(.text)
    _ttywrch                                 0x080007bf   Thumb Code     6  uart.o(.text)
    _sys_exit                                0x080007c5   Thumb Code     6  uart.o(.text)
    fputc                                    0x080007cb   Thumb Code    32  uart.o(.text)
    Delay_ms                                 0x08000801   Thumb Code    20  systick.o(.text)
    TimingDelay_Decrement                    0x08000815   Thumb Code    18  systick.o(.text)
    Systick_Init                             0x08000827   Thumb Code    90  systick.o(.text)
    RTC_Set_Time                             0x08000891   Thumb Code    36  rtc.o(.text)
    RTC_Set_Date                             0x080008b5   Thumb Code    36  rtc.o(.text)
    My_RTC_Init                              0x080008d9   Thumb Code   138  rtc.o(.text)
    RTC_Set_AlarmA                           0x08000963   Thumb Code   158  rtc.o(.text)
    RTC_Set_AlarmB                           0x08000a01   Thumb Code   158  rtc.o(.text)
    RTC_Set_WakeUp                           0x08000a9f   Thumb Code   108  rtc.o(.text)
    RTC_Alarm_IRQHandler                     0x08000b0b   Thumb Code    88  rtc.o(.text)
    RTC_WKUP_IRQHandler                      0x08000b63   Thumb Code    30  rtc.o(.text)
    set_alarm                                0x08000b91   Thumb Code    36  application.o(.text)
    set_time                                 0x08000bb5   Thumb Code   128  application.o(.text)
    Command_msg_handler                      0x08000c35   Thumb Code   110  application.o(.text)
    timet_checking                           0x08000ca3   Thumb Code   290  application.o(.text)
    command_msg_analysis                     0x08000dc5   Thumb Code  1640  application.o(.text)
    timet_compare                            0x0800142d   Thumb Code   576  application.o(.text)
    GPIO_DeInit                              0x0800166d   Thumb Code   154  stm32f37x_gpio.o(.text)
    GPIO_Init                                0x08001707   Thumb Code   144  stm32f37x_gpio.o(.text)
    GPIO_StructInit                          0x08001797   Thumb Code    22  stm32f37x_gpio.o(.text)
    GPIO_PinLockConfig                       0x080017ad   Thumb Code    34  stm32f37x_gpio.o(.text)
    GPIO_ReadInputDataBit                    0x080017cf   Thumb Code    18  stm32f37x_gpio.o(.text)
    GPIO_ReadInputData                       0x080017e1   Thumb Code     6  stm32f37x_gpio.o(.text)
    GPIO_ReadOutputDataBit                   0x080017e7   Thumb Code    18  stm32f37x_gpio.o(.text)
    GPIO_ReadOutputData                      0x080017f9   Thumb Code     6  stm32f37x_gpio.o(.text)
    GPIO_SetBits                             0x080017ff   Thumb Code     4  stm32f37x_gpio.o(.text)
    GPIO_ResetBits                           0x08001803   Thumb Code     4  stm32f37x_gpio.o(.text)
    GPIO_WriteBit                            0x08001807   Thumb Code    10  stm32f37x_gpio.o(.text)
    GPIO_Write                               0x08001811   Thumb Code     4  stm32f37x_gpio.o(.text)
    GPIO_PinAFConfig                         0x08001815   Thumb Code    70  stm32f37x_gpio.o(.text)
    RCC_DeInit                               0x08001871   Thumb Code    82  stm32f37x_rcc.o(.text)
    RCC_HSEConfig                            0x080018c3   Thumb Code    12  stm32f37x_rcc.o(.text)
    RCC_GetFlagStatus                        0x080018cf   Thumb Code    54  stm32f37x_rcc.o(.text)
    RCC_WaitForHSEStartUp                    0x08001905   Thumb Code    56  stm32f37x_rcc.o(.text)
    RCC_AdjustHSICalibrationValue            0x0800193d   Thumb Code    20  stm32f37x_rcc.o(.text)
    RCC_HSICmd                               0x08001951   Thumb Code     6  stm32f37x_rcc.o(.text)
    RCC_LSEConfig                            0x08001957   Thumb Code    32  stm32f37x_rcc.o(.text)
    RCC_LSEDriveConfig                       0x08001977   Thumb Code    22  stm32f37x_rcc.o(.text)
    RCC_LSICmd                               0x0800198d   Thumb Code     6  stm32f37x_rcc.o(.text)
    RCC_PLLConfig                            0x08001993   Thumb Code    28  stm32f37x_rcc.o(.text)
    RCC_PLLCmd                               0x080019af   Thumb Code     6  stm32f37x_rcc.o(.text)
    RCC_PREDIV1Config                        0x080019b5   Thumb Code    18  stm32f37x_rcc.o(.text)
    RCC_ClockSecuritySystemCmd               0x080019c7   Thumb Code     6  stm32f37x_rcc.o(.text)
    RCC_MCOConfig                            0x080019cd   Thumb Code     6  stm32f37x_rcc.o(.text)
    RCC_SYSCLKConfig                         0x080019d3   Thumb Code    18  stm32f37x_rcc.o(.text)
    RCC_GetSYSCLKSource                      0x080019e5   Thumb Code    10  stm32f37x_rcc.o(.text)
    RCC_HCLKConfig                           0x080019ef   Thumb Code    18  stm32f37x_rcc.o(.text)
    RCC_PCLK1Config                          0x08001a01   Thumb Code    18  stm32f37x_rcc.o(.text)
    RCC_PCLK2Config                          0x08001a13   Thumb Code    20  stm32f37x_rcc.o(.text)
    RCC_ADCCLKConfig                         0x08001a27   Thumb Code    22  stm32f37x_rcc.o(.text)
    RCC_SDADCCLKConfig                       0x08001a3d   Thumb Code    22  stm32f37x_rcc.o(.text)
    RCC_CECCLKConfig                         0x08001a53   Thumb Code    22  stm32f37x_rcc.o(.text)
    RCC_I2CCLKConfig                         0x08001a69   Thumb Code    44  stm32f37x_rcc.o(.text)
    RCC_USARTCLKConfig                       0x08001a95   Thumb Code    76  stm32f37x_rcc.o(.text)
    RCC_USBCLKConfig                         0x08001ae1   Thumb Code     6  stm32f37x_rcc.o(.text)
    RCC_GetClocksFreq                        0x08001ae7   Thumb Code   548  stm32f37x_rcc.o(.text)
    RCC_RTCCLKConfig                         0x08001d0b   Thumb Code    12  stm32f37x_rcc.o(.text)
    RCC_RTCCLKCmd                            0x08001d17   Thumb Code     6  stm32f37x_rcc.o(.text)
    RCC_BackupResetCmd                       0x08001d1d   Thumb Code     8  stm32f37x_rcc.o(.text)
    RCC_AHBPeriphClockCmd                    0x08001d25   Thumb Code    26  stm32f37x_rcc.o(.text)
    RCC_APB2PeriphClockCmd                   0x08001d3f   Thumb Code    26  stm32f37x_rcc.o(.text)
    RCC_APB1PeriphClockCmd                   0x08001d59   Thumb Code    26  stm32f37x_rcc.o(.text)
    RCC_AHBPeriphResetCmd                    0x08001d73   Thumb Code    26  stm32f37x_rcc.o(.text)
    RCC_APB2PeriphResetCmd                   0x08001d8d   Thumb Code    26  stm32f37x_rcc.o(.text)
    RCC_APB1PeriphResetCmd                   0x08001da7   Thumb Code    26  stm32f37x_rcc.o(.text)
    RCC_ITConfig                             0x08001dc1   Thumb Code    26  stm32f37x_rcc.o(.text)
    RCC_ClearFlag                            0x08001ddb   Thumb Code    14  stm32f37x_rcc.o(.text)
    RCC_GetITStatus                          0x08001de9   Thumb Code    20  stm32f37x_rcc.o(.text)
    RCC_ClearITPendingBit                    0x08001dfd   Thumb Code     6  stm32f37x_rcc.o(.text)
    USART_DeInit                             0x08001e11   Thumb Code    82  stm32f37x_usart.o(.text)
    USART_Init                               0x08001e63   Thumb Code   196  stm32f37x_usart.o(.text)
    USART_StructInit                         0x08001f27   Thumb Code    24  stm32f37x_usart.o(.text)
    USART_ClockInit                          0x08001f3f   Thumb Code    30  stm32f37x_usart.o(.text)
    USART_ClockStructInit                    0x08001f5d   Thumb Code    12  stm32f37x_usart.o(.text)
    USART_Cmd                                0x08001f69   Thumb Code    22  stm32f37x_usart.o(.text)
    USART_DirectionModeCmd                   0x08001f7f   Thumb Code    18  stm32f37x_usart.o(.text)
    USART_OverSampling8Cmd                   0x08001f91   Thumb Code    22  stm32f37x_usart.o(.text)
    USART_OneBitMethodCmd                    0x08001fa7   Thumb Code    22  stm32f37x_usart.o(.text)
    USART_MSBFirstCmd                        0x08001fbd   Thumb Code    22  stm32f37x_usart.o(.text)
    USART_DataInvCmd                         0x08001fd3   Thumb Code    22  stm32f37x_usart.o(.text)
    USART_InvPinCmd                          0x08001fe9   Thumb Code    18  stm32f37x_usart.o(.text)
    USART_SWAPPinCmd                         0x08001ffb   Thumb Code    22  stm32f37x_usart.o(.text)
    USART_ReceiverTimeOutCmd                 0x08002011   Thumb Code    22  stm32f37x_usart.o(.text)
    USART_SetReceiverTimeOut                 0x08002027   Thumb Code    16  stm32f37x_usart.o(.text)
    USART_SetPrescaler                       0x08002037   Thumb Code    16  stm32f37x_usart.o(.text)
    USART_STOPModeCmd                        0x08002047   Thumb Code    22  stm32f37x_usart.o(.text)
    USART_StopModeWakeUpSourceConfig         0x0800205d   Thumb Code    16  stm32f37x_usart.o(.text)
    USART_AutoBaudRateCmd                    0x0800206d   Thumb Code    22  stm32f37x_usart.o(.text)
    USART_AutoBaudRateConfig                 0x08002083   Thumb Code    16  stm32f37x_usart.o(.text)
    USART_SendData                           0x08002093   Thumb Code     8  stm32f37x_usart.o(.text)
    USART_ReceiveData                        0x0800209b   Thumb Code    10  stm32f37x_usart.o(.text)
    USART_SetAddress                         0x080020a5   Thumb Code    18  stm32f37x_usart.o(.text)
    USART_MuteModeCmd                        0x080020b7   Thumb Code    22  stm32f37x_usart.o(.text)
    USART_MuteModeWakeUpConfig               0x080020cd   Thumb Code    16  stm32f37x_usart.o(.text)
    USART_AddressDetectionConfig             0x080020dd   Thumb Code    16  stm32f37x_usart.o(.text)
    USART_LINBreakDetectLengthConfig         0x080020ed   Thumb Code    16  stm32f37x_usart.o(.text)
    USART_LINCmd                             0x080020fd   Thumb Code    22  stm32f37x_usart.o(.text)
    USART_HalfDuplexCmd                      0x08002113   Thumb Code    22  stm32f37x_usart.o(.text)
    USART_SetGuardTime                       0x08002129   Thumb Code    16  stm32f37x_usart.o(.text)
    USART_SmartCardCmd                       0x08002139   Thumb Code    22  stm32f37x_usart.o(.text)
    USART_SmartCardNACKCmd                   0x0800214f   Thumb Code    22  stm32f37x_usart.o(.text)
    USART_SetAutoRetryCount                  0x08002165   Thumb Code    18  stm32f37x_usart.o(.text)
    USART_SetBlockLength                     0x08002177   Thumb Code    18  stm32f37x_usart.o(.text)
    USART_IrDAConfig                         0x08002189   Thumb Code    16  stm32f37x_usart.o(.text)
    USART_IrDACmd                            0x08002199   Thumb Code    22  stm32f37x_usart.o(.text)
    USART_DECmd                              0x080021af   Thumb Code    22  stm32f37x_usart.o(.text)
    USART_DEPolarityConfig                   0x080021c5   Thumb Code    16  stm32f37x_usart.o(.text)
    USART_SetDEAssertionTime                 0x080021d5   Thumb Code    18  stm32f37x_usart.o(.text)
    USART_SetDEDeassertionTime               0x080021e7   Thumb Code    30  stm32f37x_usart.o(.text)
    USART_DMACmd                             0x08002205   Thumb Code    18  stm32f37x_usart.o(.text)
    USART_DMAReceptionErrorConfig            0x08002217   Thumb Code    16  stm32f37x_usart.o(.text)
    USART_ITConfig                           0x08002227   Thumb Code    58  stm32f37x_usart.o(.text)
    USART_RequestCmd                         0x08002261   Thumb Code    18  stm32f37x_usart.o(.text)
    USART_OverrunDetectionConfig             0x08002273   Thumb Code    16  stm32f37x_usart.o(.text)
    USART_GetFlagStatus                      0x08002283   Thumb Code    18  stm32f37x_usart.o(.text)
    USART_ClearFlag                          0x08002295   Thumb Code     4  stm32f37x_usart.o(.text)
    USART_GetITStatus                        0x08002299   Thumb Code    74  stm32f37x_usart.o(.text)
    USART_ClearITPendingBit                  0x080022e3   Thumb Code    18  stm32f37x_usart.o(.text)
    EXTI_DeInit                              0x080022f5   Thumb Code    34  stm32f37x_exti.o(.text)
    EXTI_Init                                0x08002317   Thumb Code   142  stm32f37x_exti.o(.text)
    EXTI_StructInit                          0x080023a5   Thumb Code    16  stm32f37x_exti.o(.text)
    EXTI_GenerateSWInterrupt                 0x080023b5   Thumb Code    16  stm32f37x_exti.o(.text)
    EXTI_GetFlagStatus                       0x080023c5   Thumb Code    22  stm32f37x_exti.o(.text)
    EXTI_ClearFlag                           0x080023db   Thumb Code     8  stm32f37x_exti.o(.text)
    EXTI_GetITStatus                         0x080023e3   Thumb Code    34  stm32f37x_exti.o(.text)
    EXTI_ClearITPendingBit                   0x08002405   Thumb Code     8  stm32f37x_exti.o(.text)
    NVIC_PriorityGroupConfig                 0x08002411   Thumb Code    10  stm32f37x_misc.o(.text)
    NVIC_Init                                0x0800241b   Thumb Code   102  stm32f37x_misc.o(.text)
    NVIC_SetVectorTable                      0x08002481   Thumb Code    14  stm32f37x_misc.o(.text)
    NVIC_SystemLPConfig                      0x0800248f   Thumb Code    34  stm32f37x_misc.o(.text)
    SysTick_CLKSourceConfig                  0x080024b1   Thumb Code    40  stm32f37x_misc.o(.text)
    RTC_WaitForSynchro                       0x080024ed   Thumb Code    92  stm32f37x_rtc.o(.text)
    RTC_EnterInitMode                        0x08002549   Thumb Code    84  stm32f37x_rtc.o(.text)
    RTC_DeInit                               0x0800259d   Thumb Code   200  stm32f37x_rtc.o(.text)
    RTC_ExitInitMode                         0x08002665   Thumb Code    18  stm32f37x_rtc.o(.text)
    RTC_Init                                 0x08002677   Thumb Code    94  stm32f37x_rtc.o(.text)
    RTC_StructInit                           0x080026d5   Thumb Code    14  stm32f37x_rtc.o(.text)
    RTC_WriteProtectionCmd                   0x080026e3   Thumb Code    22  stm32f37x_rtc.o(.text)
    RTC_RefClockCmd                          0x080026f9   Thumb Code    76  stm32f37x_rtc.o(.text)
    RTC_BypassShadowCmd                      0x08002745   Thumb Code    54  stm32f37x_rtc.o(.text)
    RTC_SetTime                              0x080027ad   Thumb Code   200  stm32f37x_rtc.o(.text)
    RTC_TimeStructInit                       0x08002875   Thumb Code    12  stm32f37x_rtc.o(.text)
    RTC_GetTime                              0x08002881   Thumb Code    74  stm32f37x_rtc.o(.text)
    RTC_GetSubSecond                         0x080028cb   Thumb Code    30  stm32f37x_rtc.o(.text)
    RTC_SetDate                              0x080028e9   Thumb Code   190  stm32f37x_rtc.o(.text)
    RTC_DateStructInit                       0x080029a7   Thumb Code    14  stm32f37x_rtc.o(.text)
    RTC_GetDate                              0x080029b5   Thumb Code    74  stm32f37x_rtc.o(.text)
    RTC_SetAlarm                             0x080029ff   Thumb Code   230  stm32f37x_rtc.o(.text)
    RTC_AlarmStructInit                      0x08002ae5   Thumb Code    22  stm32f37x_rtc.o(.text)
    RTC_GetAlarm                             0x08002afb   Thumb Code   114  stm32f37x_rtc.o(.text)
    RTC_AlarmCmd                             0x08002b6d   Thumb Code   112  stm32f37x_rtc.o(.text)
    RTC_AlarmSubSecondConfig                 0x08002bdd   Thumb Code    46  stm32f37x_rtc.o(.text)
    RTC_GetAlarmSubSecond                    0x08002c0b   Thumb Code    34  stm32f37x_rtc.o(.text)
    RTC_WakeUpClockConfig                    0x08002c2d   Thumb Code    42  stm32f37x_rtc.o(.text)
    RTC_SetWakeUpCounter                     0x08002c57   Thumb Code    22  stm32f37x_rtc.o(.text)
    RTC_GetWakeUpCounter                     0x08002c6d   Thumb Code    10  stm32f37x_rtc.o(.text)
    RTC_WakeUpCmd                            0x08002c77   Thumb Code   116  stm32f37x_rtc.o(.text)
    RTC_DayLightSavingConfig                 0x08002ceb   Thumb Code    50  stm32f37x_rtc.o(.text)
    RTC_GetStoreOperation                    0x08002d1d   Thumb Code    12  stm32f37x_rtc.o(.text)
    RTC_OutputConfig                         0x08002d29   Thumb Code    60  stm32f37x_rtc.o(.text)
    RTC_CalibOutputCmd                       0x08002d65   Thumb Code    54  stm32f37x_rtc.o(.text)
    RTC_CalibOutputConfig                    0x08002d9b   Thumb Code    42  stm32f37x_rtc.o(.text)
    RTC_SmoothCalibConfig                    0x08002dc5   Thumb Code    90  stm32f37x_rtc.o(.text)
    RTC_TimeStampCmd                         0x08002e1f   Thumb Code    54  stm32f37x_rtc.o(.text)
    RTC_GetTimeStamp                         0x08002e55   Thumb Code   144  stm32f37x_rtc.o(.text)
    RTC_GetTimeStampSubSecond                0x08002ee5   Thumb Code     8  stm32f37x_rtc.o(.text)
    RTC_TamperTriggerConfig                  0x08002eed   Thumb Code    38  stm32f37x_rtc.o(.text)
    RTC_TamperCmd                            0x08002f13   Thumb Code    34  stm32f37x_rtc.o(.text)
    RTC_TamperFilterConfig                   0x08002f35   Thumb Code    26  stm32f37x_rtc.o(.text)
    RTC_TamperSamplingFreqConfig             0x08002f4f   Thumb Code    26  stm32f37x_rtc.o(.text)
    RTC_TamperPinsPrechargeDuration          0x08002f69   Thumb Code    26  stm32f37x_rtc.o(.text)
    RTC_TimeStampOnTamperDetectionCmd        0x08002f83   Thumb Code    38  stm32f37x_rtc.o(.text)
    RTC_TamperPullUpCmd                      0x08002fa9   Thumb Code    38  stm32f37x_rtc.o(.text)
    RTC_WriteBackupRegister                  0x08002fcf   Thumb Code    26  stm32f37x_rtc.o(.text)
    RTC_ReadBackupRegister                   0x08002fe9   Thumb Code    28  stm32f37x_rtc.o(.text)
    RTC_OutputTypeConfig                     0x08003005   Thumb Code    26  stm32f37x_rtc.o(.text)
    RTC_SynchroShiftConfig                   0x0800301f   Thumb Code   118  stm32f37x_rtc.o(.text)
    RTC_ITConfig                             0x08003095   Thumb Code    94  stm32f37x_rtc.o(.text)
    RTC_GetFlagStatus                        0x080030f3   Thumb Code    32  stm32f37x_rtc.o(.text)
    RTC_ClearFlag                            0x08003113   Thumb Code    30  stm32f37x_rtc.o(.text)
    RTC_GetITStatus                          0x08003131   Thumb Code    86  stm32f37x_rtc.o(.text)
    RTC_ClearITPendingBit                    0x08003187   Thumb Code    28  stm32f37x_rtc.o(.text)
    SDADC_DeInit                             0x080031a9   Thumb Code    76  stm32f37x_sdadc.o(.text)
    SDADC_Init                               0x080031f5   Thumb Code    34  stm32f37x_sdadc.o(.text)
    SDADC_StructInit                         0x08003217   Thumb Code    12  stm32f37x_sdadc.o(.text)
    SDADC_AINInit                            0x08003223   Thumb Code    30  stm32f37x_sdadc.o(.text)
    SDADC_AINStructInit                      0x08003241   Thumb Code    12  stm32f37x_sdadc.o(.text)
    SDADC_ChannelConfig                      0x0800324d   Thumb Code    30  stm32f37x_sdadc.o(.text)
    SDADC_Cmd                                0x0800326b   Thumb Code    22  stm32f37x_sdadc.o(.text)
    SDADC_InitModeCmd                        0x08003281   Thumb Code    22  stm32f37x_sdadc.o(.text)
    SDADC_FastConversionCmd                  0x08003297   Thumb Code    22  stm32f37x_sdadc.o(.text)
    SDADC_VREFSelect                         0x080032ad   Thumb Code    16  stm32f37x_sdadc.o(.text)
    SDADC_CalibrationSequenceConfig          0x080032bd   Thumb Code    14  stm32f37x_sdadc.o(.text)
    SDADC_StartCalibration                   0x080032cb   Thumb Code    10  stm32f37x_sdadc.o(.text)
    SDADC_ChannelSelect                      0x080032d5   Thumb Code    18  stm32f37x_sdadc.o(.text)
    SDADC_ContinuousModeCmd                  0x080032e7   Thumb Code    22  stm32f37x_sdadc.o(.text)
    SDADC_SoftwareStartConv                  0x080032fd   Thumb Code    10  stm32f37x_sdadc.o(.text)
    SDADC_GetConversionValue                 0x08003307   Thumb Code     8  stm32f37x_sdadc.o(.text)
    SDADC_RegularSynchroSDADC1               0x0800330f   Thumb Code    22  stm32f37x_sdadc.o(.text)
    SDADC_GetConversionSDADC12Value          0x08003325   Thumb Code     6  stm32f37x_sdadc.o(.text)
    SDADC_GetConversionSDADC13Value          0x0800332b   Thumb Code     6  stm32f37x_sdadc.o(.text)
    SDADC_SoftwareStartInjectedConv          0x08003331   Thumb Code    10  stm32f37x_sdadc.o(.text)
    SDADC_InjectedChannelSelect              0x0800333b   Thumb Code     6  stm32f37x_sdadc.o(.text)
    SDADC_DelayStartInjectedConvCmd          0x08003341   Thumb Code    22  stm32f37x_sdadc.o(.text)
    SDADC_InjectedContinuousModeCmd          0x08003357   Thumb Code    22  stm32f37x_sdadc.o(.text)
    SDADC_ExternalTrigInjectedConvConfig     0x0800336d   Thumb Code    16  stm32f37x_sdadc.o(.text)
    SDADC_ExternalTrigInjectedConvEdgeConfig 0x0800337d   Thumb Code    16  stm32f37x_sdadc.o(.text)
    SDADC_GetInjectedChannel                 0x0800338d   Thumb Code    18  stm32f37x_sdadc.o(.text)
    SDADC_GetInjectedConversionValue         0x0800339f   Thumb Code    30  stm32f37x_sdadc.o(.text)
    SDADC_InjectedSynchroSDADC1              0x080033bd   Thumb Code    22  stm32f37x_sdadc.o(.text)
    SDADC_GetInjectedConversionSDADC12Value  0x080033d3   Thumb Code     6  stm32f37x_sdadc.o(.text)
    SDADC_GetInjectedConversionSDADC13Value  0x080033d9   Thumb Code     6  stm32f37x_sdadc.o(.text)
    SDADC_PowerDownCmd                       0x080033df   Thumb Code    22  stm32f37x_sdadc.o(.text)
    SDADC_StandbyCmd                         0x080033f5   Thumb Code    22  stm32f37x_sdadc.o(.text)
    SDADC_SlowClockCmd                       0x0800340b   Thumb Code    22  stm32f37x_sdadc.o(.text)
    SDADC_DMAConfig                          0x08003421   Thumb Code    18  stm32f37x_sdadc.o(.text)
    SDADC_ITConfig                           0x08003433   Thumb Code    18  stm32f37x_sdadc.o(.text)
    SDADC_GetFlagStatus                      0x08003445   Thumb Code    18  stm32f37x_sdadc.o(.text)
    SDADC_ClearFlag                          0x08003457   Thumb Code     8  stm32f37x_sdadc.o(.text)
    SDADC_GetITStatus                        0x0800345f   Thumb Code    34  stm32f37x_sdadc.o(.text)
    SDADC_ClearITPendingBit                  0x08003481   Thumb Code     8  stm32f37x_sdadc.o(.text)
    PWR_DeInit                               0x0800349d   Thumb Code    22  stm32f37x_pwr.o(.text)
    PWR_BackupAccessCmd                      0x080034b3   Thumb Code     6  stm32f37x_pwr.o(.text)
    PWR_PVDLevelConfig                       0x080034b9   Thumb Code    18  stm32f37x_pwr.o(.text)
    PWR_PVDCmd                               0x080034cb   Thumb Code     6  stm32f37x_pwr.o(.text)
    PWR_WakeUpPinCmd                         0x080034d1   Thumb Code    26  stm32f37x_pwr.o(.text)
    PWR_SDADCAnalogCmd                       0x080034eb   Thumb Code    26  stm32f37x_pwr.o(.text)
    PWR_EnterSleepMode                       0x08003505   Thumb Code    24  stm32f37x_pwr.o(.text)
    PWR_EnterSTOPMode                        0x0800351d   Thumb Code    54  stm32f37x_pwr.o(.text)
    PWR_EnterSTANDBYMode                     0x08003553   Thumb Code    42  stm32f37x_pwr.o(.text)
    PWR_GetFlagStatus                        0x0800357d   Thumb Code    20  stm32f37x_pwr.o(.text)
    PWR_ClearFlag                            0x08003591   Thumb Code    14  stm32f37x_pwr.o(.text)
    __use_no_semihosting                     0x080035ad   Thumb Code     2  use_no_semi_2.o(.text)
    malloc                                   0x080035af   Thumb Code    94  h1_alloc.o(.text)
    free                                     0x0800360d   Thumb Code    78  h1_free.o(.text)
    __2printf                                0x0800365d   Thumb Code    20  noretval__2printf.o(.text)
    __2sprintf                               0x08003675   Thumb Code    34  noretval__2sprintf.o(.text)
    _printf_pre_padding                      0x0800369d   Thumb Code    46  _printf_pad.o(.text)
    _printf_post_padding                     0x080036cb   Thumb Code    36  _printf_pad.o(.text)
    _printf_str                              0x080036ef   Thumb Code    82  _printf_str.o(.text)
    _printf_int_dec                          0x08003741   Thumb Code   102  _printf_dec.o(.text)
    __printf                                 0x080037b9   Thumb Code   310  __printf_flags_wp.o(.text)
    __aeabi_memclr                           0x080038f5   Thumb Code     0  rt_memclr.o(.text)
    __rt_memclr                              0x080038f5   Thumb Code    68  rt_memclr.o(.text)
    _memset                                  0x080038f9   Thumb Code     0  rt_memclr.o(.text)
    strcmp                                   0x08003939   Thumb Code   128  strcmpv7m.o(.text)
    __use_two_region_memory                  0x080039b9   Thumb Code     2  heapauxi.o(.text)
    __rt_heap_escrow                         0x080039bb   Thumb Code     2  heapauxi.o(.text)
    __rt_heap_expand                         0x080039bd   Thumb Code     2  heapauxi.o(.text)
    __I$use$semihosting                      0x080039bf   Thumb Code     0  use_no_semi.o(.text)
    __use_no_semihosting_swi                 0x080039bf   Thumb Code     2  use_no_semi.o(.text)
    __rt_heap_descriptor                     0x080039c1   Thumb Code     8  rt_heap_descriptor_intlibspace.o(.text)
    __use_no_heap                            0x080039c9   Thumb Code     2  hguard.o(.text)
    __heap$guard                             0x080039cb   Thumb Code     2  hguard.o(.text)
    _terminate_user_alloc                    0x080039cd   Thumb Code     2  init_alloc.o(.text)
    _init_user_alloc                         0x080039cf   Thumb Code     2  init_alloc.o(.text)
    __Heap_Full                              0x080039d1   Thumb Code    34  init_alloc.o(.text)
    __Heap_Broken                            0x080039f3   Thumb Code     6  init_alloc.o(.text)
    _init_alloc                              0x080039f9   Thumb Code    94  init_alloc.o(.text)
    __Heap_Initialize                        0x08003a57   Thumb Code    10  h1_init.o(.text)
    __Heap_DescSize                          0x08003a61   Thumb Code     4  h1_init.o(.text)
    _printf_int_common                       0x08003a65   Thumb Code   184  _printf_intcommon.o(.text)
    _printf_char_common                      0x08003b27   Thumb Code    32  _printf_char_common.o(.text)
    _sputc                                   0x08003b4d   Thumb Code    10  _sputc.o(.text)
    _printf_cs_common                        0x08003b57   Thumb Code    20  _printf_char.o(.text)
    _printf_char                             0x08003b6b   Thumb Code    16  _printf_char.o(.text)
    _printf_string                           0x08003b7b   Thumb Code     8  _printf_char.o(.text)
    _printf_char_file                        0x08003b85   Thumb Code    32  _printf_char_file.o(.text)
    __aeabi_memclr4                          0x08003ba9   Thumb Code     0  rt_memclr_w.o(.text)
    __aeabi_memclr8                          0x08003ba9   Thumb Code     0  rt_memclr_w.o(.text)
    __rt_memclr_w                            0x08003ba9   Thumb Code    78  rt_memclr_w.o(.text)
    _memset_w                                0x08003bad   Thumb Code     0  rt_memclr_w.o(.text)
    __user_libspace                          0x08003bf9   Thumb Code     8  libspace.o(.text)
    __user_perproc_libspace                  0x08003bf9   Thumb Code     0  libspace.o(.text)
    __user_perthread_libspace                0x08003bf9   Thumb Code     0  libspace.o(.text)
    __Heap_ProvideMemory                     0x08003c01   Thumb Code    52  h1_extend.o(.text)
    ferror                                   0x08003c35   Thumb Code     8  ferror.o(.text)
    __rt_SIGRTMEM                            0x08003c3d   Thumb Code    14  defsig_rtmem_outer.o(.text)
    __user_setup_stackheap                   0x08003c4b   Thumb Code    74  sys_stackheap_outer.o(.text)
    exit                                     0x08003c95   Thumb Code    12  exit.o(.text)
    __sig_exit                               0x08003ca1   Thumb Code    10  defsig_exit.o(.text)
    __rt_SIGRTMEM_inner                      0x08003cad   Thumb Code    22  defsig_rtmem_inner.o(.text)
    __default_signal_display                 0x08003cfd   Thumb Code    50  defsig_general.o(.text)
    _is_digit                                0x08003d2f   Thumb Code    14  __printf_wp.o(i._is_digit)
    _fp_init                                 0x08003d3d   Thumb Code    10  fpinit.o(x$fpl$fpinit)
    __fplib_config_fpu_vfp                   0x08003d45   Thumb Code     0  fpinit.o(x$fpl$fpinit)
    __fplib_config_pureend_doubles           0x08003d45   Thumb Code     0  fpinit.o(x$fpl$fpinit)
    Region$$Table$$Base                      0x08003d58   Number         0  anon$$obj.o(Region$$Table)
    Region$$Table$$Limit                     0x08003d78   Number         0  anon$$obj.o(Region$$Table)
    SystemCoreClock                          0x20000000   Data           4  system_stm32f37x.o(.data)
    AHBPrescTable                            0x20000004   Data          16  system_stm32f37x.o(.data)
    touch_flag                               0x20000014   Data           1  stm32f37x_it.o(.data)
    InjectedConvData                         0x20000018   Data           2  main.o(.data)
    TimingDelay                              0x2000001c   Data           4  main.o(.data)
    adc_start_flag                           0x20000020   Data           4  main.o(.data)
    read_flag                                0x20000024   Data           4  main.o(.data)
    read_start_flag                          0x20000028   Data           4  main.o(.data)
    res                                      0x2000002c   Data           1  main.o(.data)
    br                                       0x20000030   Data           4  main.o(.data)
    bw                                       0x20000034   Data           4  main.o(.data)
    USART_RX_STA                             0x20000038   Data           2  uart.o(.data)
    __stdout                                 0x2000003c   Data           4  uart.o(.data)
    NVIC_InitStructure                       0x20000044   Data           4  rtc.o(.data)
    RTC_Time                                 0x20000049   Data           4  application.o(.data)
    RTC_Date                                 0x2000004d   Data           4  application.o(.data)
    RTC_TimeStruct                           0x20000051   Data           4  application.o(.data)
    RTC_DateStruct                           0x20000055   Data           4  application.o(.data)
    COMMAND_BUF                              0x20000080   Data         200  uart.o(.bss)
    tbuf                                     0x20000148   Data          40  application.o(.bss)
    __libspace_start                         0x20000170   Data          96  libspace.o(.bss)
    __temporary_stack_top$libspace           0x200001d0   Data           0  libspace.o(.bss)



==============================================================================

Memory Map of the image

  Image Entry point : 0x08000189

  Load Region LR_IROM1 (Base: 0x08000000, Size: 0x00003df8, Max: 0x00040000, ABSOLUTE)

    Execution Region ER_IROM1 (Base: 0x08000000, Size: 0x00003d78, Max: 0x00040000, ABSOLUTE)

    Base Addr    Size         Type   Attr      Idx    E Section Name        Object

    0x08000000   0x00000188   Data   RO            3    RESET               startup_stm32f37x.o
    0x08000188   0x00000008   Code   RO          835  * !!!main             c_w.l(__main.o)
    0x08000190   0x00000034   Code   RO         1060    !!!scatter          c_w.l(__scatter.o)
    0x080001c4   0x0000001a   Code   RO         1062    !!handler_copy      c_w.l(__scatter_copy.o)
    0x080001de   0x00000002   PAD
    0x080001e0   0x0000001c   Code   RO         1064    !!handler_zi        c_w.l(__scatter_zi.o)
    0x080001fc   0x00000000   Code   RO          820    .ARM.Collect$$_printf_percent$$00000000  c_w.l(_printf_percent.o)
    0x080001fc   0x00000006   Code   RO          819    .ARM.Collect$$_printf_percent$$00000009  c_w.l(_printf_d.o)
    0x08000202   0x00000006   Code   RO          818    .ARM.Collect$$_printf_percent$$00000014  c_w.l(_printf_s.o)
    0x08000208   0x00000004   Code   RO          879    .ARM.Collect$$_printf_percent$$00000017  c_w.l(_printf_percent_end.o)
    0x0800020c   0x00000002   Code   RO         1004    .ARM.Collect$$libinit$$00000000  c_w.l(libinit.o)
    0x0800020e   0x00000004   Code   RO          884    .ARM.Collect$$libinit$$00000001  c_w.l(libinit2.o)
    0x08000212   0x00000008   Code   RO          886    .ARM.Collect$$libinit$$00000003  c_w.l(libinit2.o)
    0x0800021a   0x00000000   Code   RO          888    .ARM.Collect$$libinit$$00000008  c_w.l(libinit2.o)
    0x0800021a   0x00000000   Code   RO          890    .ARM.Collect$$libinit$$0000000A  c_w.l(libinit2.o)
    0x0800021a   0x00000000   Code   RO          892    .ARM.Collect$$libinit$$0000000C  c_w.l(libinit2.o)
    0x0800021a   0x00000000   Code   RO          895    .ARM.Collect$$libinit$$0000000F  c_w.l(libinit2.o)
    0x0800021a   0x00000000   Code   RO          897    .ARM.Collect$$libinit$$00000011  c_w.l(libinit2.o)
    0x0800021a   0x00000000   Code   RO          899    .ARM.Collect$$libinit$$00000013  c_w.l(libinit2.o)
    0x0800021a   0x00000000   Code   RO          901    .ARM.Collect$$libinit$$00000015  c_w.l(libinit2.o)
    0x0800021a   0x00000000   Code   RO          903    .ARM.Collect$$libinit$$00000017  c_w.l(libinit2.o)
    0x0800021a   0x00000000   Code   RO          905    .ARM.Collect$$libinit$$00000019  c_w.l(libinit2.o)
    0x0800021a   0x00000000   Code   RO          907    .ARM.Collect$$libinit$$0000001B  c_w.l(libinit2.o)
    0x0800021a   0x00000000   Code   RO          909    .ARM.Collect$$libinit$$0000001D  c_w.l(libinit2.o)
    0x0800021a   0x00000000   Code   RO          911    .ARM.Collect$$libinit$$0000001F  c_w.l(libinit2.o)
    0x0800021a   0x00000000   Code   RO          913    .ARM.Collect$$libinit$$00000021  c_w.l(libinit2.o)
    0x0800021a   0x00000000   Code   RO          915    .ARM.Collect$$libinit$$00000023  c_w.l(libinit2.o)
    0x0800021a   0x00000000   Code   RO          919    .ARM.Collect$$libinit$$0000002A  c_w.l(libinit2.o)
    0x0800021a   0x00000000   Code   RO          921    .ARM.Collect$$libinit$$0000002C  c_w.l(libinit2.o)
    0x0800021a   0x00000000   Code   RO          923    .ARM.Collect$$libinit$$0000002E  c_w.l(libinit2.o)
    0x0800021a   0x00000000   Code   RO          925    .ARM.Collect$$libinit$$00000030  c_w.l(libinit2.o)
    0x0800021a   0x00000002   Code   RO          926    .ARM.Collect$$libinit$$00000031  c_w.l(libinit2.o)
    0x0800021c   0x00000002   Code   RO         1057    .ARM.Collect$$libshutdown$$00000000  c_w.l(libshutdown.o)
    0x0800021e   0x00000000   Code   RO         1017    .ARM.Collect$$libshutdown$$00000003  c_w.l(libshutdown2.o)
    0x0800021e   0x00000000   Code   RO         1020    .ARM.Collect$$libshutdown$$00000006  c_w.l(libshutdown2.o)
    0x0800021e   0x00000000   Code   RO         1023    .ARM.Collect$$libshutdown$$00000009  c_w.l(libshutdown2.o)
    0x0800021e   0x00000000   Code   RO         1025    .ARM.Collect$$libshutdown$$0000000B  c_w.l(libshutdown2.o)
    0x0800021e   0x00000000   Code   RO         1028    .ARM.Collect$$libshutdown$$0000000E  c_w.l(libshutdown2.o)
    0x0800021e   0x00000002   Code   RO         1029    .ARM.Collect$$libshutdown$$0000000F  c_w.l(libshutdown2.o)
    0x08000220   0x00000000   Code   RO          841    .ARM.Collect$$rtentry$$00000000  c_w.l(rtentry.o)
    0x08000220   0x00000000   Code   RO          933    .ARM.Collect$$rtentry$$00000002  c_w.l(rtentry2.o)
    0x08000220   0x00000006   Code   RO          945    .ARM.Collect$$rtentry$$00000004  c_w.l(rtentry4.o)
    0x08000226   0x00000000   Code   RO          935    .ARM.Collect$$rtentry$$00000009  c_w.l(rtentry2.o)
    0x08000226   0x00000004   Code   RO          936    .ARM.Collect$$rtentry$$0000000A  c_w.l(rtentry2.o)
    0x0800022a   0x00000000   Code   RO          938    .ARM.Collect$$rtentry$$0000000C  c_w.l(rtentry2.o)
    0x0800022a   0x00000008   Code   RO          939    .ARM.Collect$$rtentry$$0000000D  c_w.l(rtentry2.o)
    0x08000232   0x00000002   Code   RO         1005    .ARM.Collect$$rtexit$$00000000  c_w.l(rtexit.o)
    0x08000234   0x00000000   Code   RO         1031    .ARM.Collect$$rtexit$$00000002  c_w.l(rtexit2.o)
    0x08000234   0x00000004   Code   RO         1032    .ARM.Collect$$rtexit$$00000003  c_w.l(rtexit2.o)
    0x08000238   0x00000006   Code   RO         1033    .ARM.Collect$$rtexit$$00000004  c_w.l(rtexit2.o)
    0x0800023e   0x00000002   PAD
    0x08000240   0x00000000   Code   RO          951    .emb_text           c_w.l(maybetermalloc1.o)
    0x08000240   0x00000040   Code   RO            4    .text               startup_stm32f37x.o
    0x08000280   0x000001d8   Code   RO           12    .text               system_stm32f37x.o
    0x08000458   0x00000064   Code   RO          130    .text               stm32f37x_it.o
    0x080004bc   0x000000f8   Code   RO          167    .text               main.o
    0x080005b4   0x0000024c   Code   RO          341    .text               uart.o
    0x08000800   0x00000090   Code   RO          395    .text               systick.o
    0x08000890   0x00000300   Code   RO          417    .text               rtc.o
    0x08000b90   0x00000adc   Code   RO          441    .text               application.o
    0x0800166c   0x00000204   Code   RO          489    .text               stm32f37x_gpio.o
    0x08001870   0x000005a0   Code   RO          509    .text               stm32f37x_rcc.o
    0x08001e10   0x000004e4   Code   RO          531    .text               stm32f37x_usart.o
    0x080022f4   0x0000011c   Code   RO          551    .text               stm32f37x_exti.o
    0x08002410   0x000000dc   Code   RO          571    .text               stm32f37x_misc.o
    0x080024ec   0x00000cbc   Code   RO          591    .text               stm32f37x_rtc.o
    0x080031a8   0x000002f4   Code   RO          611    .text               stm32f37x_sdadc.o
    0x0800349c   0x00000110   Code   RO          631    .text               stm32f37x_pwr.o
    0x080035ac   0x00000002   Code   RO          718    .text               c_w.l(use_no_semi_2.o)
    0x080035ae   0x0000005e   Code   RO          724    .text               c_w.l(h1_alloc.o)
    0x0800360c   0x0000004e   Code   RO          726    .text               c_w.l(h1_free.o)
    0x0800365a   0x00000002   PAD
    0x0800365c   0x00000018   Code   RO          786    .text               c_w.l(noretval__2printf.o)
    0x08003674   0x00000028   Code   RO          788    .text               c_w.l(noretval__2sprintf.o)
    0x0800369c   0x00000052   Code   RO          792    .text               c_w.l(_printf_pad.o)
    0x080036ee   0x00000052   Code   RO          794    .text               c_w.l(_printf_str.o)
    0x08003740   0x00000078   Code   RO          796    .text               c_w.l(_printf_dec.o)
    0x080037b8   0x0000013c   Code   RO          810    .text               c_w.l(__printf_flags_wp.o)
    0x080038f4   0x00000044   Code   RO          829    .text               c_w.l(rt_memclr.o)
    0x08003938   0x00000080   Code   RO          831    .text               c_w.l(strcmpv7m.o)
    0x080039b8   0x00000006   Code   RO          833    .text               c_w.l(heapauxi.o)
    0x080039be   0x00000002   Code   RO          837    .text               c_w.l(use_no_semi.o)
    0x080039c0   0x00000008   Code   RO          845    .text               c_w.l(rt_heap_descriptor_intlibspace.o)
    0x080039c8   0x00000004   Code   RO          847    .text               c_w.l(hguard.o)
    0x080039cc   0x0000008a   Code   RO          849    .text               c_w.l(init_alloc.o)
    0x08003a56   0x0000000e   Code   RO          853    .text               c_w.l(h1_init.o)
    0x08003a64   0x000000b8   Code   RO          869    .text               c_w.l(_printf_intcommon.o)
    0x08003b1c   0x00000030   Code   RO          871    .text               c_w.l(_printf_char_common.o)
    0x08003b4c   0x0000000a   Code   RO          873    .text               c_w.l(_sputc.o)
    0x08003b56   0x0000002c   Code   RO          875    .text               c_w.l(_printf_char.o)
    0x08003b82   0x00000002   PAD
    0x08003b84   0x00000024   Code   RO          877    .text               c_w.l(_printf_char_file.o)
    0x08003ba8   0x0000004e   Code   RO          880    .text               c_w.l(rt_memclr_w.o)
    0x08003bf6   0x00000002   PAD
    0x08003bf8   0x00000008   Code   RO          929    .text               c_w.l(libspace.o)
    0x08003c00   0x00000034   Code   RO          953    .text               c_w.l(h1_extend.o)
    0x08003c34   0x00000008   Code   RO          959    .text               c_w.l(ferror.o)
    0x08003c3c   0x0000000e   Code   RO          963    .text               c_w.l(defsig_rtmem_outer.o)
    0x08003c4a   0x0000004a   Code   RO          975    .text               c_w.l(sys_stackheap_outer.o)
    0x08003c94   0x0000000c   Code   RO          989    .text               c_w.l(exit.o)
    0x08003ca0   0x0000000a   Code   RO          991    .text               c_w.l(defsig_exit.o)
    0x08003caa   0x00000002   PAD
    0x08003cac   0x00000050   Code   RO          993    .text               c_w.l(defsig_rtmem_inner.o)
    0x08003cfc   0x00000032   Code   RO         1013    .text               c_w.l(defsig_general.o)
    0x08003d2e   0x0000000e   Code   RO          808    i._is_digit         c_w.l(__printf_wp.o)
    0x08003d3c   0x0000000a   Code   RO          972    x$fpl$fpinit        fz_wm.l(fpinit.o)
    0x08003d46   0x00000011   Data   RO          811    .constdata          c_w.l(__printf_flags_wp.o)
    0x08003d57   0x00000001   PAD
    0x08003d58   0x00000020   Data   RO         1058    Region$$Table       anon$$obj.o


    Execution Region RW_IRAM1 (Base: 0x20000000, Size: 0x000007d0, Max: 0x00008000, ABSOLUTE)

    Base Addr    Size         Type   Attr      Idx    E Section Name        Object

    0x20000000   0x00000014   Data   RW           13    .data               system_stm32f37x.o
    0x20000014   0x00000001   Data   RW          131    .data               stm32f37x_it.o
    0x20000015   0x00000003   PAD
    0x20000018   0x00000020   Data   RW          169    .data               main.o
    0x20000038   0x00000008   Data   RW          343    .data               uart.o
    0x20000040   0x00000004   Data   RW          396    .data               systick.o
    0x20000044   0x00000004   Data   RW          418    .data               rtc.o
    0x20000048   0x00000011   Data   RW          443    .data               application.o
    0x20000059   0x00000024   Data   RW          510    .data               stm32f37x_rcc.o
    0x2000007d   0x00000003   PAD
    0x20000080   0x000000c8   Zero   RW          342    .bss                uart.o
    0x20000148   0x00000028   Zero   RW          442    .bss                application.o
    0x20000170   0x00000060   Zero   RW          930    .bss                c_w.l(libspace.o)
    0x200001d0   0x00000200   Zero   RW            2    HEAP                startup_stm32f37x.o
    0x200003d0   0x00000400   Zero   RW            1    STACK               startup_stm32f37x.o


==============================================================================

Image component sizes


      Code (inc. data)   RO Data    RW Data    ZI Data      Debug   Object Name

      2780        712          0         17         40       3734   application.o
       248         88          0         32          0      31977   main.o
       768         16          0          4          0       3103   rtc.o
        64         26        392          0       1536        788   startup_stm32f37x.o
       284          4          0          0          0       2187   stm32f37x_exti.o
       516         22          0          0          0       3729   stm32f37x_gpio.o
       100         14          0          1          0       1916   stm32f37x_it.o
       220         20          0          0          0       1757   stm32f37x_misc.o
       272         14          0          0          0       2489   stm32f37x_pwr.o
      1440         58          0         36          0       9379   stm32f37x_rcc.o
      3260         44          0          0          0      14082   stm32f37x_rtc.o
       756         20          0          0          0       9157   stm32f37x_sdadc.o
      1252         12          0          0          0      11794   stm32f37x_usart.o
       472         38          0         20          0     218551   system_stm32f37x.o
       144         16          0          4          0       1466   systick.o
       588         22          0          8        200       4780   uart.o

    ----------------------------------------------------------------------
     13164       1126        424        128       1776     320889   Object Totals
         0          0         32          0          0          0   (incl. Generated)
         0          0          0          6          0          0   (incl. Padding)

    ----------------------------------------------------------------------

      Code (inc. data)   RO Data    RW Data    ZI Data      Debug   Library Member Name

         8          0          0          0          0         68   __main.o
       316          6         17          0          0         92   __printf_flags_wp.o
        14          0          0          0          0         68   __printf_wp.o
        52          8          0          0          0          0   __scatter.o
        26          0          0          0          0          0   __scatter_copy.o
        28          0          0          0          0          0   __scatter_zi.o
        44          0          0          0          0        108   _printf_char.o
        48          6          0          0          0         96   _printf_char_common.o
        36          4          0          0          0         80   _printf_char_file.o
         6          0          0          0          0          0   _printf_d.o
       120         18          0          0          0         92   _printf_dec.o
       184          0          0          0          0         88   _printf_intcommon.o
        82          0          0          0          0        108   _printf_pad.o
         0          0          0          0          0          0   _printf_percent.o
         4          0          0          0          0          0   _printf_percent_end.o
         6          0          0          0          0          0   _printf_s.o
        82          0          0          0          0         80   _printf_str.o
        10          0          0          0          0         68   _sputc.o
        10          0          0          0          0         68   defsig_exit.o
        50          0          0          0          0         88   defsig_general.o
        80         58          0          0          0         76   defsig_rtmem_inner.o
        14          0          0          0          0         80   defsig_rtmem_outer.o
        12          0          0          0          0         72   exit.o
         8          0          0          0          0         68   ferror.o
        94          0          0          0          0         80   h1_alloc.o
        52          0          0          0          0         68   h1_extend.o
        78          0          0          0          0         80   h1_free.o
        14          0          0          0          0         84   h1_init.o
         6          0          0          0          0        152   heapauxi.o
         4          0          0          0          0        136   hguard.o
       138          0          0          0          0        168   init_alloc.o
         2          0          0          0          0          0   libinit.o
        14          0          0          0          0          0   libinit2.o
         2          0          0          0          0          0   libshutdown.o
         2          0          0          0          0          0   libshutdown2.o
         8          4          0          0         96         68   libspace.o
         0          0          0          0          0          0   maybetermalloc1.o
        24          4          0          0          0         84   noretval__2printf.o
        40          6          0          0          0         84   noretval__2sprintf.o
         8          4          0          0          0         68   rt_heap_descriptor_intlibspace.o
        68          0          0          0          0         68   rt_memclr.o
        78          0          0          0          0         80   rt_memclr_w.o
         0          0          0          0          0          0   rtentry.o
        12          0          0          0          0          0   rtentry2.o
         6          0          0          0          0          0   rtentry4.o
         2          0          0          0          0          0   rtexit.o
        10          0          0          0          0          0   rtexit2.o
       128          0          0          0          0         68   strcmpv7m.o
        74          0          0          0          0         80   sys_stackheap_outer.o
         2          0          0          0          0         68   use_no_semi.o
         2          0          0          0          0         68   use_no_semi_2.o
        10          0          0          0          0        116   fpinit.o

    ----------------------------------------------------------------------
      2130        118         18          0         96       3020   Library Totals
        12          0          1          0          0          0   (incl. Padding)

    ----------------------------------------------------------------------

      Code (inc. data)   RO Data    RW Data    ZI Data      Debug   Library Name

      2108        118         17          0         96       2904   c_w.l
        10          0          0          0          0        116   fz_wm.l

    ----------------------------------------------------------------------
      2130        118         18          0         96       3020   Library Totals

    ----------------------------------------------------------------------

==============================================================================


      Code (inc. data)   RO Data    RW Data    ZI Data      Debug   

     15294       1244        442        128       1872     318093   Grand Totals
     15294       1244        442        128       1872     318093   ELF Image Totals
     15294       1244        442        128          0          0   ROM Totals

==============================================================================

    Total RO  Size (Code + RO Data)                15736 (  15.37kB)
    Total RW  Size (RW Data + ZI Data)              2000 (   1.95kB)
    Total ROM Size (Code + RO Data + RW Data)      15864 (  15.49kB)

==============================================================================

