<html>
<body>
<pre>
<h1>礦ision Build Log</h1>
<h2>Tool Versions:</h2>
IDE-Version: μVision V5.18a
Copyright (C) 2016 ARM Ltd and ARM Germany GmbH. All rights reserved.
License Information: 1 wan, Microsoft, LIC=CRMNN-YJ6TE-49RG2-999KX-3FT8I-ABI5V
 
Tool Versions:
Toolchain:       MDK-ARM Professional  Version: 5.18a
Toolchain Path:  d:\Keil_v5\ARM\ARMCC\Bin
C Compiler:      Armcc.exe V5.06 update 1 (build 61)
Assembler:       Armasm.exe V5.06 update 1 (build 61)
Linker/Locator:  ArmLink.exe V5.06 update 1 (build 61)
Library Manager: ArmAr.exe V5.06 update 1 (build 61)
Hex Converter:   FromElf.exe V5.06 update 1 (build 61)
CPU DLL:         SARMCM3.DLL V5.18a
Dialog DLL:      DCM.DLL V1.13.6.0
Target DLL:      Segger\JL2CM3.dll V2.99.19.0
Dialog DLL:      TCM.DLL V1.14.8.0
 
<h2>Project:</h2>
D:\青风系列开发板\qf-stm32f373 v2光盘\最新的代码\实验十七：文件系统sd卡读取（库函数）\user\main.uvproj
Project File Date:  11/12/2014

<h2>Output:</h2>
*** Using Compiler 'V5.06 update 1 (build 61)', folder: 'd:\Keil_v5\ARM\ARMCC\Bin'
Rebuild target 'Target 1'
assembling startup_stm32f37x.s...
compiling system_stm32f37x.c...
compiling main.c...
compiling w25x16.c...
compiling fatapp.c...
compiling ili9328.c...
..\drive\ili9328.c(123): warning:  #177-D: variable "i" was declared but never referenced
  { uint16_t i;
..\drive\ili9328.c: 1 warning, 0 errors
compiling sd.c...
compiling stm32f37x_spi.c...
compiling stm32f37x_gpio.c...
compiling stm32f37x_rcc.c...
compiling diskio.c...
compiling ff.c...
compiling cc936.c...
linking...
Program Size: Code=18240 RO-data=1944 RW-data=88 ZI-data=4312  
".\main.axf" - 0 Error(s), 1 Warning(s).
Build Time Elapsed:  00:00:13
</pre>
</body>
</html>
