ARM Linker, 5.03 [Build 76] [MDK-ARM Standard]

==============================================================================

Section Cross References

    startup_stm32f37x.o(STACK) refers (Special) to heapauxi.o(.text) for __use_two_region_memory
    startup_stm32f37x.o(HEAP) refers (Special) to heapauxi.o(.text) for __use_two_region_memory
    startup_stm32f37x.o(RESET) refers (Special) to heapauxi.o(.text) for __use_two_region_memory
    startup_stm32f37x.o(RESET) refers to startup_stm32f37x.o(STACK) for __initial_sp
    startup_stm32f37x.o(RESET) refers to startup_stm32f37x.o(.text) for Reset_Handler
    startup_stm32f37x.o(RESET) refers to stm32f37x_it.o(.text) for NMI_Handler
    startup_stm32f37x.o(RESET) refers to rtc.o(.text) for RTC_WKUP_IRQHandler
    startup_stm32f37x.o(RESET) refers to uart.o(.text) for USART2_IRQHandler
    startup_stm32f37x.o(.text) refers (Special) to heapauxi.o(.text) for __use_two_region_memory
    startup_stm32f37x.o(.text) refers to system_stm32f37x.o(.text) for SystemInit
    startup_stm32f37x.o(.text) refers to __main.o(!!!main) for __main
    startup_stm32f37x.o(.text) refers to startup_stm32f37x.o(HEAP) for Heap_Mem
    startup_stm32f37x.o(.text) refers to startup_stm32f37x.o(STACK) for Stack_Mem
    system_stm32f37x.o(.text) refers to system_stm32f37x.o(.data) for SystemCoreClock
    stm32f37x_it.o(.text) refers to systick.o(.text) for TimingDelay_Decrement
    stm32f37x_it.o(.text) refers to stm32f37x_exti.o(.text) for EXTI_GetITStatus
    stm32f37x_it.o(.text) refers to stm32f37x_sdadc.o(.text) for SDADC_GetFlagStatus
    stm32f37x_it.o(.text) refers to stm32f37x_it.o(.data) for touch_flag
    stm32f37x_it.o(.text) refers to main.o(.data) for InjectedConvData
    main.o(.text) refers to _printf_percent.o(.ARM.Collect$$_printf_percent$$00000000) for _printf_percent
    main.o(.text) refers to _printf_s.o(.ARM.Collect$$_printf_percent$$00000014) for _printf_s
    main.o(.text) refers to _printf_str.o(.text) for _printf_str
    main.o(.text) refers to _printf_pad.o(.text) for _printf_pre_padding
    main.o(.text) refers to _printf_f.o(.ARM.Collect$$_printf_percent$$00000003) for _printf_f
    main.o(.text) refers to printf1.o(x$fpl$printf1) for _printf_fp_dec
    main.o(.text) refers to stm32f37x_rcc.o(.text) for RCC_GetClocksFreq
    main.o(.text) refers to system_stm32f37x.o(.text) for SystemInit
    main.o(.text) refers to uart.o(.text) for USART_Configuration
    main.o(.text) refers to rtc.o(.text) for My_RTC_Init
    main.o(.text) refers to noretval__2printf.o(.text) for __2printf
    main.o(.text) refers to sdadc.o(.text) for SDADC1_Config
    main.o(.text) refers to diskio.o(.text) for disk_initialize
    main.o(.text) refers to ff.o(.text) for f_mount
    main.o(.text) refers to application.o(.text) for command_msg_analysis
    main.o(.text) refers to f2d.o(x$fpl$f2d) for __aeabi_f2d
    main.o(.text) refers to noretval__2sprintf.o(.text) for __2sprintf
    main.o(.text) refers to strlen.o(.text) for strlen
    main.o(.text) refers to systick.o(.text) for Delay_ms
    main.o(.text) refers to main.o(.bss) for fs
    main.o(.text) refers to main.o(.data) for res
    main.o(.text) refers to uart.o(.data) for USART_RX_STA
    main.o(.text) refers to uart.o(.bss) for COMMAND_BUF
    w25x16.o(.text) refers to stm32f37x_rcc.o(.text) for RCC_AHBPeriphClockCmd
    w25x16.o(.text) refers to stm32f37x_gpio.o(.text) for GPIO_Init
    w25x16.o(.text) refers to stm32f37x_spi.o(.text) for SPI_Init
    fatapp.o(.text) refers to ff.o(.text) for f_mount
    fatapp.o(.text) refers to strlen.o(.text) for strlen
    fatapp.o(.text) refers to strcasecmp.o(.text) for strcasecmp
    fatapp.o(.text) refers to strcpy.o(.text) for strcpy
    fatapp.o(.text) refers to rt_memcpy_w.o(.text) for __aeabi_memcpy4
    fatapp.o(.text) refers to ili9328.o(.text) for LCD_WR_REG_DATA
    fatapp.o(.text) refers to fatapp.o(.bss) for flag
    fatapp.o(.text) refers to fatapp.o(.data) for type
    ili9328.o(.text) refers to ili9328.o(.data) for POINT_COLOR
    ili9328.o(.text) refers to w25x16.o(.text) for SPI_FLASH_BufferRead
    ili9328.o(.text) refers to ili9328.o(.constdata) for ascii_16
    sd.o(.text) refers to stm32f37x_rcc.o(.text) for RCC_AHBPeriphClockCmd
    sd.o(.text) refers to stm32f37x_gpio.o(.text) for GPIO_Init
    sd.o(.text) refers to stm32f37x_spi.o(.text) for SPI_Init
    uart.o(.rev16_text) refers (Special) to use_no_semi_2.o(.text) for __use_no_semihosting
    uart.o(.revsh_text) refers (Special) to use_no_semi_2.o(.text) for __use_no_semihosting
    uart.o(.text) refers (Special) to use_no_semi_2.o(.text) for __use_no_semihosting
    uart.o(.text) refers to stm32f37x_rcc.o(.text) for RCC_AHBPeriphClockCmd
    uart.o(.text) refers to stm32f37x_gpio.o(.text) for GPIO_PinAFConfig
    uart.o(.text) refers to stm32f37x_usart.o(.text) for USART_Init
    uart.o(.text) refers to stm32f37x_misc.o(.text) for NVIC_Init
    uart.o(.text) refers to uart.o(.data) for USART_RX_STA
[...]
    chk_chr                                  0x08004621   Thumb Code    20  ff.o(.text)
    move_window                              0x08004635   Thumb Code   114  ff.o(.text)
    sync                                     0x080046a7   Thumb Code   202  ff.o(.text)
    remove_chain                             0x080049a9   Thumb Code   104  ff.o(.text)
    create_chain                             0x08004a11   Thumb Code   202  ff.o(.text)
    dir_sdi                                  0x08004adb   Thumb Code   156  ff.o(.text)
    dir_next                                 0x08004b77   Thumb Code   274  ff.o(.text)
    dir_find                                 0x08004c89   Thumb Code    92  ff.o(.text)
    dir_read                                 0x08004ce5   Thumb Code    86  ff.o(.text)
    dir_register                             0x08004d3b   Thumb Code   110  ff.o(.text)
    dir_remove                               0x08004da9   Thumb Code    44  ff.o(.text)
    create_name                              0x08004dd5   Thumb Code   310  ff.o(.text)
    get_fileinfo                             0x08004f0b   Thumb Code   152  ff.o(.text)
    follow_path                              0x08004fa3   Thumb Code   158  ff.o(.text)
    check_fs                                 0x08005041   Thumb Code   138  ff.o(.text)
    chk_mounted                              0x080050cb   Thumb Code   890  ff.o(.text)
    validate                                 0x08005445   Thumb Code    42  ff.o(.text)
    .text                                    0x0800630a   Section        2  use_no_semi_2.o(.text)
    .text                                    0x0800630c   Section        0  h1_alloc.o(.text)
    .text                                    0x0800636a   Section        0  h1_free.o(.text)
    .text                                    0x080063b8   Section        0  noretval__2printf.o(.text)
    .text                                    0x080063d0   Section        0  noretval__2sprintf.o(.text)
    .text                                    0x080063f8   Section        0  _printf_pad.o(.text)
    .text                                    0x0800644a   Section        0  _printf_str.o(.text)
    .text                                    0x0800649c   Section        0  _printf_dec.o(.text)
    .text                                    0x08006514   Section        0  __printf_flags_wp.o(.text)
    .text                                    0x08006650   Section        0  strlen.o(.text)
    .text                                    0x0800668e   Section       68  rt_memclr.o(.text)
    .text                                    0x080066d4   Section      128  strcmpv7m.o(.text)
    .text                                    0x08006754   Section        0  heapauxi.o(.text)
    .text                                    0x0800675a   Section        2  use_no_semi.o(.text)
    .text                                    0x0800675c   Section        8  rt_heap_descriptor_intlibspace.o(.text)
    .text                                    0x08006764   Section        0  hguard.o(.text)
    .text                                    0x08006768   Section        0  init_alloc.o(.text)
    .text                                    0x080067f2   Section        0  h1_init.o(.text)
    .text                                    0x08006800   Section        0  _printf_intcommon.o(.text)
    .text                                    0x080068b8   Section        0  _printf_fp_dec.o(.text)
    _fp_digits                               0x080068bb   Thumb Code   426  _printf_fp_dec.o(.text)
    .text                                    0x08006cd8   Section        0  _printf_char_common.o(.text)
    _printf_input_char                       0x08006cd9   Thumb Code    10  _printf_char_common.o(.text)
    .text                                    0x08006d08   Section        0  _sputc.o(.text)
    .text                                    0x08006d12   Section        0  _printf_char.o(.text)
    .text                                    0x08006d40   Section        0  _printf_char_file.o(.text)
    .text                                    0x08006d64   Section       78  rt_memclr_w.o(.text)
    .text                                    0x08006db4   Section        8  libspace.o(.text)
    .text                                    0x08006dbc   Section        8  rt_locale_intlibspace.o(.text)
    .text                                    0x08006dc4   Section        0  h1_extend.o(.text)
    .text                                    0x08006df8   Section      138  lludiv10.o(.text)
    .text                                    0x08006e84   Section        0  _printf_fp_infnan.o(.text)
    .text                                    0x08006f04   Section        0  bigflt0.o(.text)
    .text                                    0x08006fe8   Section        0  ferror.o(.text)
    .text                                    0x08006ff0   Section        0  defsig_rtmem_outer.o(.text)
    .text                                    0x08006ffe   Section       74  sys_stackheap_outer.o(.text)
    .text                                    0x08007048   Section        0  exit.o(.text)
    .text                                    0x08007054   Section        0  defsig_exit.o(.text)
    .text                                    0x08007060   Section        0  defsig_rtmem_inner.o(.text)
    .text                                    0x080070b0   Section        0  defsig_general.o(.text)
    CL$$btod_d2e                             0x080070e2   Section       62  btod.o(CL$$btod_d2e)
    CL$$btod_d2e_denorm_low                  0x08007120   Section       70  btod.o(CL$$btod_d2e_denorm_low)
    CL$$btod_d2e_norm_op1                    0x08007166   Section       96  btod.o(CL$$btod_d2e_norm_op1)
    CL$$btod_div_common                      0x080071c6   Section      824  btod.o(CL$$btod_div_common)
    CL$$btod_e2e                             0x080074fe   Section      198  btod.o(CL$$btod_e2e)
    CL$$btod_ediv                            0x080075c4   Section       40  btod.o(CL$$btod_ediv)
    CL$$btod_emul                            0x080075ec   Section       40  btod.o(CL$$btod_emul)
    CL$$btod_mult_common                     0x08007614   Section      580  btod.o(CL$$btod_mult_common)
    i.__ARM_fpclassify                       0x08007858   Section        0  fpclassify.o(i.__ARM_fpclassify)
    i._is_digit                              0x08007888   Section        0  __printf_wp.o(i._is_digit)
    locale$$code                             0x08007898   Section       44  lc_numeric_c.o(locale$$code)
    x$fpl$dretinf                            0x080078c4   Section       12  dretinf.o(x$fpl$dretinf)
    $v0                                      0x080078c4   Number         0  dretinf.o(x$fpl$dretinf)
    x$fpl$f2d                                0x080078d0   Section       86  f2d.o(x$fpl$f2d)
    $v0                                      0x080078d0   Number         0  f2d.o(x$fpl$f2d)
    x$fpl$fnaninf                            0x08007926   Section      140  fnaninf.o(x$fpl$fnaninf)
    $v0                                      0x08007926   Number         0  fnaninf.o(x$fpl$fnaninf)
    x$fpl$fpinit                             0x080079b2   Section       10  fpinit.o(x$fpl$fpinit)
    $v0                                      0x080079b2   Number         0  fpinit.o(x$fpl$fpinit)
    x$fpl$printf1                            0x080079bc   Section        4  printf1.o(x$fpl$printf1)
    $v0                                      0x080079bc   Number         0  printf1.o(x$fpl$printf1)
    .constdata                               0x080079c0   Section       17  __printf_flags_wp.o(.constdata)
    x$fpl$usenofp                            0x080079c0   Section        0  usenofp.o(x$fpl$usenofp)
    maptable                                 0x080079c0   Data          17  __printf_flags_wp.o(.constdata)
    .constdata                               0x080079d4   Section      148  bigflt0.o(.constdata)
    tenpwrs_x                                0x080079d4   Data          60  bigflt0.o(.constdata)
    tenpwrs_i                                0x08007a10   Data          64  bigflt0.o(.constdata)
    locale$$data                             0x08007a88   Section       28  lc_numeric_c.o(locale$$data)
    __lcnum_c_name                           0x08007a8c   Data           2  lc_numeric_c.o(locale$$data)
    __lcnum_c_start                          0x08007a94   Data           0  lc_numeric_c.o(locale$$data)
    __lcnum_c_point                          0x08007aa0   Data           0  lc_numeric_c.o(locale$$data)
    __lcnum_c_thousands                      0x08007aa2   Data           0  lc_numeric_c.o(locale$$data)
    __lcnum_c_grouping                       0x08007aa3   Data           0  lc_numeric_c.o(locale$$data)
    __lcnum_c_end                            0x08007aa4   Data           0  lc_numeric_c.o(locale$$data)
    .data                                    0x20000000   Section       20  system_stm32f37x.o(.data)
    .data                                    0x20000014   Section        1  stm32f37x_it.o(.data)
    .data                                    0x20000018   Section       32  main.o(.data)
    .data                                    0x20000038   Section        8  uart.o(.data)
    .data                                    0x20000040   Section        4  systick.o(.data)
    TimingDelay                              0x20000040   Data           4  systick.o(.data)
    .data                                    0x20000044   Section        4  rtc.o(.data)
    .data                                    0x20000048   Section       17  application.o(.data)
    state                                    0x20000048   Data           1  application.o(.data)
    .data                                    0x20000059   Section       36  stm32f37x_rcc.o(.data)
    APBAHBPrescTable                         0x20000059   Data          16  stm32f37x_rcc.o(.data)
    ADCPrescTable                            0x20000069   Data           4  stm32f37x_rcc.o(.data)
    SDADCPrescTable                          0x2000006d   Data          16  stm32f37x_rcc.o(.data)
    .data                                    0x20000080   Section        6  ff.o(.data)
    FatFs                                    0x20000080   Data           4  ff.o(.data)
    Fsid                                     0x20000084   Data           2  ff.o(.data)
    .bss                                     0x20000088   Section     2704  main.o(.bss)
    .bss                                     0x20000b18   Section      200  uart.o(.bss)
    .bss                                     0x20000be0   Section       40  application.o(.bss)
    .bss                                     0x20000c08   Section       96  libspace.o(.bss)
    HEAP                                     0x20000c68   Section      512  startup_stm32f37x.o(HEAP)
    Heap_Mem                                 0x20000c68   Data         512  startup_stm32f37x.o(HEAP)
    STACK                                    0x20000e68   Section     1024  startup_stm32f37x.o(STACK)
    Stack_Mem                                0x20000e68   Data        1024  startup_stm32f37x.o(STACK)
    __initial_sp                             0x20001268   Data           0  startup_stm32f37x.o(STACK)

    Global Symbols

    Symbol Name                              Value     Ov Type        Size  Object(Section)

    BuildAttributes$$THM_ISAv4$E$P$D$K$B$S$7EM$VFPi3$EXTD16$VFPS$VFMA$PE$A:L22UL41UL21$X:L11$S22US41US21$IEEE1$IW$USESV6$~STKCKD$USESV7$~SHL$OTIME$ROPI$IEEEJ$EBA8$UX$STANDARDLIB$REQ8$PRES8$EABIv2 0x00000000   Number         0  anon$$obj.o ABSOLUTE
    __ARM_use_no_argv                        0x00000000   Number         0  main.o ABSOLUTE
    _printf_flags                            0x00000000   Number         0  printf_stubs.o ABSOLUTE
    _printf_return_value                     0x00000000   Number         0  printf_stubs.o ABSOLUTE
    _printf_sizespec                         0x00000000   Number         0  printf_stubs.o ABSOLUTE
    _printf_widthprec                        0x00000000   Number         0  printf_stubs.o ABSOLUTE
    __ARM_exceptions_init                     - Undefined Weak Reference
    __alloca_initialize                       - Undefined Weak Reference
    __cpp_initialize__aeabi_                  - Undefined Weak Reference
    __cxa_finalize                            - Undefined Weak Reference
    __sigvec_lookup                           - Undefined Weak Reference
    __user_heap_extent                        - Undefined Weak Reference
    _atexit_init                              - Undefined Weak Reference
    _call_atexit_fns                          - Undefined Weak Reference
    _clock_init                               - Undefined Weak Reference
    _fp_trap_init                             - Undefined Weak Reference
    _fp_trap_shutdown                         - Undefined Weak Reference
    _get_lc_collate                           - Undefined Weak Reference
    _get_lc_monetary                          - Undefined Weak Reference
    _get_lc_time                              - Undefined Weak Reference
    _getenv_init                              - Undefined Weak Reference
    _handle_redirection                       - Undefined Weak Reference
    _initio                                   - Undefined Weak Reference
    _mutex_acquire                            - Undefined Weak Reference
    _mutex_free                               - Undefined Weak Reference
    _mutex_release                            - Undefined Weak Reference
    _printf_mbtowc                            - Undefined Weak Reference
    _printf_truncate_signed                   - Undefined Weak Reference
    _printf_truncate_unsigned                 - Undefined Weak Reference
    _rand_init                                - Undefined Weak Reference
    _signal_finish                            - Undefined Weak Reference
    _signal_init                              - Undefined Weak Reference
    _terminateio                              - Undefined Weak Reference
    __Vectors_Size                           0x00000188   Number         0  startup_stm32f37x.o ABSOLUTE
    __Vectors                                0x08000000   Data           4  startup_stm32f37x.o(RESET)
    __Vectors_End                            0x08000188   Data           0  startup_stm32f37x.o(RESET)
    __main                                   0x08000189   Thumb Code     8  __main.o(!!!main)
    __scatterload                            0x08000191   Thumb Code     0  __scatter.o(!!!scatter)
    __scatterload_rt2                        0x08000191   Thumb Code    44  __scatter.o(!!!scatter)
    __scatterload_rt2_thumb_only             0x08000191   Thumb Code     0  __scatter.o(!!!scatter)
    __scatterload_null                       0x0800019f   Thumb Code     0  __scatter.o(!!!scatter)
    __scatterload_copy                       0x080001c5   Thumb Code    26  __scatter_copy.o(!!handler_copy)
    __scatterload_zeroinit                   0x080001e1   Thumb Code    28  __scatter_zi.o(!!handler_zi)
    _printf_f                                0x080001fd   Thumb Code     0  _printf_f.o(.ARM.Collect$$_printf_percent$$00000003)
    _printf_percent                          0x080001fd   Thumb Code     0  _printf_percent.o(.ARM.Collect$$_printf_percent$$00000000)
    _printf_d                                0x08000203   Thumb Code     0  _printf_d.o(.ARM.Collect$$_printf_percent$$00000009)
    _printf_s                                0x08000209   Thumb Code     0  _printf_s.o(.ARM.Collect$$_printf_percent$$00000014)
    _printf_percent_end                      0x0800020f   Thumb Code     0  _printf_percent_end.o(.ARM.Collect$$_printf_percent$$00000017)
    __rt_lib_init                            0x08000213   Thumb Code     0  libinit.o(.ARM.Collect$$libinit$$00000000)
    __rt_lib_init_fp_1                       0x08000215   Thumb Code     0  libinit2.o(.ARM.Collect$$libinit$$00000001)
    __rt_lib_init_heap_2                     0x08000219   Thumb Code     0  libinit2.o(.ARM.Collect$$libinit$$00000003)
    __rt_lib_init_heap_1                     0x08000221   Thumb Code     0  libinit2.o(.ARM.Collect$$libinit$$00000008)
    __rt_lib_init_lc_common                  0x08000221   Thumb Code     0  libinit2.o(.ARM.Collect$$libinit$$0000000D)
    __rt_lib_init_rand_1                     0x08000221   Thumb Code     0  libinit2.o(.ARM.Collect$$libinit$$0000000C)
    __rt_lib_init_user_alloc_1               0x08000221   Thumb Code     0  libinit2.o(.ARM.Collect$$libinit$$0000000A)
    __rt_lib_init_lc_collate_1               0x08000227   Thumb Code     0  libinit2.o(.ARM.Collect$$libinit$$0000000F)
    __rt_lib_init_lc_ctype_1                 0x08000227   Thumb Code     0  libinit2.o(.ARM.Collect$$libinit$$00000011)
    __rt_lib_init_lc_monetary_1              0x08000227   Thumb Code     0  libinit2.o(.ARM.Collect$$libinit$$00000013)
    __rt_lib_init_lc_numeric_2               0x08000227   Thumb Code     0  libinit2.o(.ARM.Collect$$libinit$$00000014)
    __rt_lib_init_alloca_1                   0x08000231   Thumb Code     0  libinit2.o(.ARM.Collect$$libinit$$0000002C)
    __rt_lib_init_argv_1                     0x08000231   Thumb Code     0  libinit2.o(.ARM.Collect$$libinit$$0000002A)
    __rt_lib_init_atexit_1                   0x08000231   Thumb Code     0  libinit2.o(.ARM.Collect$$libinit$$00000019)
    __rt_lib_init_clock_1                    0x08000231   Thumb Code     0  libinit2.o(.ARM.Collect$$libinit$$0000001F)
    __rt_lib_init_cpp_1                      0x08000231   Thumb Code     0  libinit2.o(.ARM.Collect$$libinit$$00000030)
    __rt_lib_init_exceptions_1               0x08000231   Thumb Code     0  libinit2.o(.ARM.Collect$$libinit$$0000002E)
    __rt_lib_init_fp_trap_1                  0x08000231   Thumb Code     0  libinit2.o(.ARM.Collect$$libinit$$0000001D)
    __rt_lib_init_getenv_1                   0x08000231   Thumb Code     0  libinit2.o(.ARM.Collect$$libinit$$00000021)
    __rt_lib_init_lc_numeric_1               0x08000231   Thumb Code     0  libinit2.o(.ARM.Collect$$libinit$$00000015)
    __rt_lib_init_lc_time_1                  0x08000231   Thumb Code     0  libinit2.o(.ARM.Collect$$libinit$$00000017)
    __rt_lib_init_return                     0x08000231   Thumb Code     0  libinit2.o(.ARM.Collect$$libinit$$00000031)
    __rt_lib_init_signal_1                   0x08000231   Thumb Code     0  libinit2.o(.ARM.Collect$$libinit$$0000001B)
    __rt_lib_init_stdio_1                    0x08000231   Thumb Code     0  libinit2.o(.ARM.Collect$$libinit$$00000023)
    __rt_lib_shutdown                        0x08000233   Thumb Code     0  libshutdown.o(.ARM.Collect$$libshutdown$$00000000)
    __rt_lib_shutdown_fp_trap_1              0x08000235   Thumb Code     0  libshutdown2.o(.ARM.Collect$$libshutdown$$00000006)
    __rt_lib_shutdown_heap_1                 0x08000235   Thumb Code     0  libshutdown2.o(.ARM.Collect$$libshutdown$$0000000E)
    __rt_lib_shutdown_return                 0x08000235   Thumb Code     0  libshutdown2.o(.ARM.Collect$$libshutdown$$0000000F)
    __rt_lib_shutdown_signal_1               0x08000235   Thumb Code     0  libshutdown2.o(.ARM.Collect$$libshutdown$$00000009)
    __rt_lib_shutdown_stdio_1                0x08000235   Thumb Code     0  libshutdown2.o(.ARM.Collect$$libshutdown$$00000003)
    __rt_lib_shutdown_user_alloc_1           0x08000235   Thumb Code     0  libshutdown2.o(.ARM.Collect$$libshutdown$$0000000B)
    __rt_entry                               0x08000237   Thumb Code     0  rtentry.o(.ARM.Collect$$rtentry$$00000000)
    __rt_entry_presh_1                       0x08000237   Thumb Code     0  rtentry2.o(.ARM.Collect$$rtentry$$00000002)
    __rt_entry_sh                            0x08000237   Thumb Code     0  rtentry4.o(.ARM.Collect$$rtentry$$00000004)
    __rt_entry_li                            0x0800023d   Thumb Code     0  rtentry2.o(.ARM.Collect$$rtentry$$0000000A)
    __rt_entry_postsh_1                      0x0800023d   Thumb Code     0  rtentry2.o(.ARM.Collect$$rtentry$$00000009)
    __rt_entry_main                          0x08000241   Thumb Code     0  rtentry2.o(.ARM.Collect$$rtentry$$0000000D)
    __rt_entry_postli_1                      0x08000241   Thumb Code     0  rtentry2.o(.ARM.Collect$$rtentry$$0000000C)
    __rt_exit                                0x08000249   Thumb Code     0  rtexit.o(.ARM.Collect$$rtexit$$00000000)
    __rt_exit_ls                             0x0800024b   Thumb Code     0  rtexit2.o(.ARM.Collect$$rtexit$$00000003)
    __rt_exit_prels_1                        0x0800024b   Thumb Code     0  rtexit2.o(.ARM.Collect$$rtexit$$00000002)
    __rt_exit_exit                           0x0800024f   Thumb Code     0  rtexit2.o(.ARM.Collect$$rtexit$$00000004)
    Reset_Handler                            0x08000255   Thumb Code     8  startup_stm32f37x.o(.text)
    _maybe_terminate_alloc                   0x08000255   Thumb Code     0  maybetermalloc1.o(.emb_text)
    CAN1_RX0_IRQHandler                      0x0800026f   Thumb Code     0  startup_stm32f37x.o(.text)
    CAN1_RX1_IRQHandler                      0x0800026f   Thumb Code     0  startup_stm32f37x.o(.text)
    CAN1_SCE_IRQHandler                      0x0800026f   Thumb Code     0  startup_stm32f37x.o(.text)
    CAN1_TX_IRQHandler                       0x0800026f   Thumb Code     0  startup_stm32f37x.o(.text)
    CEC_IRQHandler                           0x0800026f   Thumb Code     0  startup_stm32f37x.o(.text)
    COMP_IRQHandler                          0x0800026f   Thumb Code     0  startup_stm32f37x.o(.text)
    DMA1_Channel1_IRQHandler                 0x0800026f   Thumb Code     0  startup_stm32f37x.o(.text)
    DMA1_Channel2_IRQHandler                 0x0800026f   Thumb Code     0  startup_stm32f37x.o(.text)
    DMA1_Channel3_IRQHandler                 0x0800026f   Thumb Code     0  startup_stm32f37x.o(.text)
    DMA1_Channel4_IRQHandler                 0x0800026f   Thumb Code     0  startup_stm32f37x.o(.text)
    DMA1_Channel5_IRQHandler                 0x0800026f   Thumb Code     0  startup_stm32f37x.o(.text)
    DMA1_Channel6_IRQHandler                 0x0800026f   Thumb Code     0  startup_stm32f37x.o(.text)
    DMA1_Channel7_IRQHandler                 0x0800026f   Thumb Code     0  startup_stm32f37x.o(.text)
    DMA2_Channel1_IRQHandler                 0x0800026f   Thumb Code     0  startup_stm32f37x.o(.text)
    DMA2_Channel2_IRQHandler                 0x0800026f   Thumb Code     0  startup_stm32f37x.o(.text)
    DMA2_Channel3_IRQHandler                 0x0800026f   Thumb Code     0  startup_stm32f37x.o(.text)
    DMA2_Channel4_IRQHandler                 0x0800026f   Thumb Code     0  startup_stm32f37x.o(.text)
    DMA2_Channel5_IRQHandler                 0x0800026f   Thumb Code     0  startup_stm32f37x.o(.text)
    EXTI0_IRQHandler                         0x0800026f   Thumb Code     0  startup_stm32f37x.o(.text)
    EXTI15_10_IRQHandler                     0x0800026f   Thumb Code     0  startup_stm32f37x.o(.text)
    EXTI1_IRQHandler                         0x0800026f   Thumb Code     0  startup_stm32f37x.o(.text)
    EXTI2_TS_IRQHandler                      0x0800026f   Thumb Code     0  startup_stm32f37x.o(.text)
    EXTI3_IRQHandler                         0x0800026f   Thumb Code     0  startup_stm32f37x.o(.text)
    EXTI4_IRQHandler                         0x0800026f   Thumb Code     0  startup_stm32f37x.o(.text)
    FLASH_IRQHandler                         0x0800026f   Thumb Code     0  startup_stm32f37x.o(.text)
    FPU_IRQHandler                           0x0800026f   Thumb Code     0  startup_stm32f37x.o(.text)
    I2C1_ER_IRQHandler                       0x0800026f   Thumb Code     0  startup_stm32f37x.o(.text)
    I2C1_EV_IRQHandler                       0x0800026f   Thumb Code     0  startup_stm32f37x.o(.text)
    I2C2_ER_IRQHandler                       0x0800026f   Thumb Code     0  startup_stm32f37x.o(.text)
    I2C2_EV_IRQHandler                       0x0800026f   Thumb Code     0  startup_stm32f37x.o(.text)
    PVD_IRQHandler                           0x0800026f   Thumb Code     0  startup_stm32f37x.o(.text)
    RCC_IRQHandler                           0x0800026f   Thumb Code     0  startup_stm32f37x.o(.text)
    SDADC2_IRQHandler                        0x0800026f   Thumb Code     0  startup_stm32f37x.o(.text)
    SDADC3_IRQHandler                        0x0800026f   Thumb Code     0  startup_stm32f37x.o(.text)
    SPI1_IRQHandler                          0x0800026f   Thumb Code     0  startup_stm32f37x.o(.text)
    SPI2_IRQHandler                          0x0800026f   Thumb Code     0  startup_stm32f37x.o(.text)
    SPI3_IRQHandler                          0x0800026f   Thumb Code     0  startup_stm32f37x.o(.text)
    TAMPER_STAMP_IRQHandler                  0x0800026f   Thumb Code     0  startup_stm32f37x.o(.text)
    TIM12_IRQHandler                         0x0800026f   Thumb Code     0  startup_stm32f37x.o(.text)
    TIM13_IRQHandler                         0x0800026f   Thumb Code     0  startup_stm32f37x.o(.text)
    TIM14_IRQHandler                         0x0800026f   Thumb Code     0  startup_stm32f37x.o(.text)
    TIM15_IRQHandler                         0x0800026f   Thumb Code     0  startup_stm32f37x.o(.text)
    TIM16_IRQHandler                         0x0800026f   Thumb Code     0  startup_stm32f37x.o(.text)
    TIM17_IRQHandler                         0x0800026f   Thumb Code     0  startup_stm32f37x.o(.text)
    TIM18_DAC2_IRQHandler                    0x0800026f   Thumb Code     0  startup_stm32f37x.o(.text)
    TIM19_IRQHandler                         0x0800026f   Thumb Code     0  startup_stm32f37x.o(.text)
    TIM2_IRQHandler                          0x0800026f   Thumb Code     0  startup_stm32f37x.o(.text)
    TIM3_IRQHandler                          0x0800026f   Thumb Code     0  startup_stm32f37x.o(.text)
    TIM4_IRQHandler                          0x0800026f   Thumb Code     0  startup_stm32f37x.o(.text)
    TIM5_IRQHandler                          0x0800026f   Thumb Code     0  startup_stm32f37x.o(.text)
    TIM6_DAC1_IRQHandler                     0x0800026f   Thumb Code     0  startup_stm32f37x.o(.text)
    TIM7_IRQHandler                          0x0800026f   Thumb Code     0  startup_stm32f37x.o(.text)
    USART1_IRQHandler                        0x0800026f   Thumb Code     0  startup_stm32f37x.o(.text)
    USART3_IRQHandler                        0x0800026f   Thumb Code     0  startup_stm32f37x.o(.text)
    USBWakeUp_IRQHandler                     0x0800026f   Thumb Code     0  startup_stm32f37x.o(.text)
    USB_HP_IRQHandler                        0x0800026f   Thumb Code     0  startup_stm32f37x.o(.text)
    USB_LP_IRQHandler                        0x0800026f   Thumb Code     0  startup_stm32f37x.o(.text)
    WWDG_IRQHandler                          0x0800026f   Thumb Code     0  startup_stm32f37x.o(.text)
    __user_initial_stackheap                 0x08000271   Thumb Code     0  startup_stm32f37x.o(.text)
    SystemInit                               0x0800034f   Thumb Code   110  system_stm32f37x.o(.text)
    SystemCoreClockUpdate                    0x080003bd   Thumb Code   138  system_stm32f37x.o(.text)
    NMI_Handler                              0x0800046d   Thumb Code     2  stm32f37x_it.o(.text)
    HardFault_Handler                        0x0800046f   Thumb Code     4  stm32f37x_it.o(.text)
    MemManage_Handler                        0x08000473   Thumb Code     4  stm32f37x_it.o(.text)
    BusFault_Handler                         0x08000477   Thumb Code     4  stm32f37x_it.o(.text)
    UsageFault_Handler                       0x0800047b   Thumb Code     4  stm32f37x_it.o(.text)
    SVC_Handler                              0x0800047f   Thumb Code     2  stm32f37x_it.o(.text)
    DebugMon_Handler                         0x08000481   Thumb Code     2  stm32f37x_it.o(.text)
    PendSV_Handler                           0x08000483   Thumb Code     2  stm32f37x_it.o(.text)
    SysTick_Handler                          0x08000485   Thumb Code     8  stm32f37x_it.o(.text)
    ADC1_IRQHandler                          0x0800048d   Thumb Code     2  stm32f37x_it.o(.text)
    EXTI9_5_IRQHandler                       0x0800048f   Thumb Code    26  stm32f37x_it.o(.text)
    SDADC1_IRQHandler                        0x080004a9   Thumb Code    26  stm32f37x_it.o(.text)
    main                                     0x080004d1   Thumb Code   524  main.o(.text)
    SD_SPI_Init                              0x08000851   Thumb Code   244  sd.o(.text)
    SD_WriteByte                             0x08000945   Thumb Code    48  sd.o(.text)
    SD_SendCmd                               0x08000975   Thumb Code    70  sd.o(.text)
    SD_ReadByte                              0x080009bb   Thumb Code    52  sd.o(.text)
    SD_GetResponse                           0x080009ef   Thumb Code    34  sd.o(.text)
    SD_GoIdleState                           0x08000a11   Thumb Code   110  sd.o(.text)
    SD_Init                                  0x08000a7f   Thumb Code    42  sd.o(.text)
    SD_GetCIDRegister                        0x08000aa9   Thumb Code   264  sd.o(.text)
    SD_GetCSDRegister                        0x08000bb1   Thumb Code   534  sd.o(.text)
    SD_GetCardInfo                           0x08000dc7   Thumb Code    62  sd.o(.text)
    SD_ReadBlock                             0x08000e05   Thumb Code   108  sd.o(.text)
    SD_ReadMultiBlocks                       0x08000e71   Thumb Code   144  sd.o(.text)
    SD_GetDataResponse                       0x08000f01   Thumb Code    76  sd.o(.text)
    SD_WriteBlock                            0x08000f4d   Thumb Code   120  sd.o(.text)
    SD_WriteMultiBlocks                      0x08000fc5   Thumb Code   156  sd.o(.text)
    SD_GetStatus                             0x08001061   Thumb Code    62  sd.o(.text)
    USART_Configuration                      0x080010a1   Thumb Code   266  uart.o(.text)
    UART_send_byte                           0x080011ab   Thumb Code    22  uart.o(.text)
    UART_Send                                0x080011c1   Thumb Code    34  uart.o(.text)
    UART2_send_byte                          0x080011e3   Thumb Code    22  uart.o(.text)
    UART2_Send                               0x080011f9   Thumb Code    34  uart.o(.text)
    UART_Recive                              0x0800121b   Thumb Code    24  uart.o(.text)
    USART2_IRQHandler                        0x08001233   Thumb Code   120  uart.o(.text)
    _ttywrch                                 0x080012ab   Thumb Code     6  uart.o(.text)
    _sys_exit                                0x080012b1   Thumb Code     6  uart.o(.text)
    fputc                                    0x080012b7   Thumb Code    32  uart.o(.text)
    SDADC1_Config                            0x080012ed   Thumb Code   276  sdadc.o(.text)
    Delay_ms                                 0x0800140d   Thumb Code    20  systick.o(.text)
    TimingDelay_Decrement                    0x08001421   Thumb Code    18  systick.o(.text)
    Systick_Init                             0x08001433   Thumb Code    90  systick.o(.text)
    RTC_Set_Time                             0x0800149d   Thumb Code    36  rtc.o(.text)
    RTC_Set_Date                             0x080014c1   Thumb Code    36  rtc.o(.text)
    My_RTC_Init                              0x080014e5   Thumb Code   138  rtc.o(.text)
    RTC_Set_AlarmA                           0x0800156f   Thumb Code   158  rtc.o(.text)
    RTC_Set_AlarmB                           0x0800160d   Thumb Code   158  rtc.o(.text)
    RTC_Set_WakeUp                           0x080016ab   Thumb Code   108  rtc.o(.text)
    RTC_Alarm_IRQHandler                     0x08001717   Thumb Code    88  rtc.o(.text)
    RTC_WKUP_IRQHandler                      0x0800176f   Thumb Code    30  rtc.o(.text)
    set_alarm                                0x0800179d   Thumb Code    36  application.o(.text)
    set_time                                 0x080017c1   Thumb Code   128  application.o(.text)
    Command_msg_handler                      0x08001841   Thumb Code   110  application.o(.text)
    timet_checking                           0x080018af   Thumb Code   290  application.o(.text)
    command_msg_analysis                     0x080019d1   Thumb Code  1616  application.o(.text)
    timet_compare                            0x08002021   Thumb Code   576  application.o(.text)
    SPI_I2S_DeInit                           0x08002261   Thumb Code    76  stm32f37x_spi.o(.text)
    SPI_StructInit                           0x080022ad   Thumb Code    30  stm32f37x_spi.o(.text)
    SPI_Init                                 0x080022cb   Thumb Code    80  stm32f37x_spi.o(.text)
    I2S_StructInit                           0x0800231b   Thumb Code    20  stm32f37x_spi.o(.text)
    I2S_Init                                 0x0800232f   Thumb Code   216  stm32f37x_spi.o(.text)
    SPI_Cmd                                  0x08002407   Thumb Code    24  stm32f37x_spi.o(.text)
    SPI_TIModeCmd                            0x0800241f   Thumb Code    24  stm32f37x_spi.o(.text)
    I2S_Cmd                                  0x08002437   Thumb Code    24  stm32f37x_spi.o(.text)
    SPI_DataSizeConfig                       0x0800244f   Thumb Code    18  stm32f37x_spi.o(.text)
    SPI_RxFIFOThresholdConfig                0x08002461   Thumb Code    18  stm32f37x_spi.o(.text)
    SPI_BiDirectionalLineConfig              0x08002473   Thumb Code    28  stm32f37x_spi.o(.text)
    SPI_NSSInternalSoftwareConfig            0x0800248f   Thumb Code    30  stm32f37x_spi.o(.text)
    SPI_SSOutputCmd                          0x080024ad   Thumb Code    24  stm32f37x_spi.o(.text)
    SPI_NSSPulseModeCmd                      0x080024c5   Thumb Code    24  stm32f37x_spi.o(.text)
    SPI_SendData8                            0x080024dd   Thumb Code    10  stm32f37x_spi.o(.text)
    SPI_I2S_SendData16                       0x080024e7   Thumb Code     4  stm32f37x_spi.o(.text)
    SPI_ReceiveData8                         0x080024eb   Thumb Code    12  stm32f37x_spi.o(.text)
    SPI_I2S_ReceiveData16                    0x080024f7   Thumb Code     6  stm32f37x_spi.o(.text)
    SPI_CRCLengthConfig                      0x080024fd   Thumb Code    18  stm32f37x_spi.o(.text)
    SPI_CalculateCRC                         0x0800250f   Thumb Code    24  stm32f37x_spi.o(.text)
    SPI_TransmitCRC                          0x08002527   Thumb Code    10  stm32f37x_spi.o(.text)
    SPI_GetCRC                               0x08002531   Thumb Code    16  stm32f37x_spi.o(.text)
    SPI_GetCRCPolynomial                     0x08002541   Thumb Code     6  stm32f37x_spi.o(.text)
    SPI_I2S_DMACmd                           0x08002547   Thumb Code    18  stm32f37x_spi.o(.text)
    SPI_LastDMATransferCmd                   0x08002559   Thumb Code    18  stm32f37x_spi.o(.text)
    SPI_I2S_ITConfig                         0x0800256b   Thumb Code    32  stm32f37x_spi.o(.text)
    SPI_GetTransmissionFIFOStatus            0x0800258b   Thumb Code    10  stm32f37x_spi.o(.text)
    SPI_GetReceptionFIFOStatus               0x08002595   Thumb Code    10  stm32f37x_spi.o(.text)
    SPI_I2S_GetFlagStatus                    0x0800259f   Thumb Code    18  stm32f37x_spi.o(.text)
    SPI_I2S_ClearFlag                        0x080025b1   Thumb Code     6  stm32f37x_spi.o(.text)
    SPI_I2S_GetITStatus                      0x080025b7   Thumb Code    52  stm32f37x_spi.o(.text)
    GPIO_DeInit                              0x080025f9   Thumb Code   154  stm32f37x_gpio.o(.text)
    GPIO_Init                                0x08002693   Thumb Code   144  stm32f37x_gpio.o(.text)
    GPIO_StructInit                          0x08002723   Thumb Code    22  stm32f37x_gpio.o(.text)
    GPIO_PinLockConfig                       0x08002739   Thumb Code    34  stm32f37x_gpio.o(.text)
    GPIO_ReadInputDataBit                    0x0800275b   Thumb Code    18  stm32f37x_gpio.o(.text)
    GPIO_ReadInputData                       0x0800276d   Thumb Code     6  stm32f37x_gpio.o(.text)
    GPIO_ReadOutputDataBit                   0x08002773   Thumb Code    18  stm32f37x_gpio.o(.text)
    GPIO_ReadOutputData                      0x08002785   Thumb Code     6  stm32f37x_gpio.o(.text)
    GPIO_SetBits                             0x0800278b   Thumb Code     4  stm32f37x_gpio.o(.text)
    GPIO_ResetBits                           0x0800278f   Thumb Code     4  stm32f37x_gpio.o(.text)
    GPIO_WriteBit                            0x08002793   Thumb Code    10  stm32f37x_gpio.o(.text)
    GPIO_Write                               0x0800279d   Thumb Code     4  stm32f37x_gpio.o(.text)
    GPIO_PinAFConfig                         0x080027a1   Thumb Code    70  stm32f37x_gpio.o(.text)
    RCC_DeInit                               0x080027fd   Thumb Code    82  stm32f37x_rcc.o(.text)
    RCC_HSEConfig                            0x0800284f   Thumb Code    12  stm32f37x_rcc.o(.text)
    RCC_GetFlagStatus                        0x0800285b   Thumb Code    54  stm32f37x_rcc.o(.text)
    RCC_WaitForHSEStartUp                    0x08002891   Thumb Code    56  stm32f37x_rcc.o(.text)
    RCC_AdjustHSICalibrationValue            0x080028c9   Thumb Code    20  stm32f37x_rcc.o(.text)
    RCC_HSICmd                               0x080028dd   Thumb Code     6  stm32f37x_rcc.o(.text)
    RCC_LSEConfig                            0x080028e3   Thumb Code    32  stm32f37x_rcc.o(.text)
    RCC_LSEDriveConfig                       0x08002903   Thumb Code    22  stm32f37x_rcc.o(.text)
    RCC_LSICmd                               0x08002919   Thumb Code     6  stm32f37x_rcc.o(.text)
    RCC_PLLConfig                            0x0800291f   Thumb Code    28  stm32f37x_rcc.o(.text)
    RCC_PLLCmd                               0x0800293b   Thumb Code     6  stm32f37x_rcc.o(.text)
    RCC_PREDIV1Config                        0x08002941   Thumb Code    18  stm32f37x_rcc.o(.text)
    RCC_ClockSecuritySystemCmd               0x08002953   Thumb Code     6  stm32f37x_rcc.o(.text)
    RCC_MCOConfig                            0x08002959   Thumb Code     6  stm32f37x_rcc.o(.text)
    RCC_SYSCLKConfig                         0x0800295f   Thumb Code    18  stm32f37x_rcc.o(.text)
    RCC_GetSYSCLKSource                      0x08002971   Thumb Code    10  stm32f37x_rcc.o(.text)
    RCC_HCLKConfig                           0x0800297b   Thumb Code    18  stm32f37x_rcc.o(.text)
    RCC_PCLK1Config                          0x0800298d   Thumb Code    18  stm32f37x_rcc.o(.text)
    RCC_PCLK2Config                          0x0800299f   Thumb Code    20  stm32f37x_rcc.o(.text)
    RCC_ADCCLKConfig                         0x080029b3   Thumb Code    22  stm32f37x_rcc.o(.text)
    RCC_SDADCCLKConfig                       0x080029c9   Thumb Code    22  stm32f37x_rcc.o(.text)
    RCC_CECCLKConfig                         0x080029df   Thumb Code    22  stm32f37x_rcc.o(.text)
    RCC_I2CCLKConfig                         0x080029f5   Thumb Code    44  stm32f37x_rcc.o(.text)
    RCC_USARTCLKConfig                       0x08002a21   Thumb Code    76  stm32f37x_rcc.o(.text)
    RCC_USBCLKConfig                         0x08002a6d   Thumb Code     6  stm32f37x_rcc.o(.text)
    RCC_GetClocksFreq                        0x08002a73   Thumb Code   548  stm32f37x_rcc.o(.text)
    RCC_RTCCLKConfig                         0x08002c97   Thumb Code    12  stm32f37x_rcc.o(.text)
    RCC_RTCCLKCmd                            0x08002ca3   Thumb Code     6  stm32f37x_rcc.o(.text)
    RCC_BackupResetCmd                       0x08002ca9   Thumb Code     8  stm32f37x_rcc.o(.text)
    RCC_AHBPeriphClockCmd                    0x08002cb1   Thumb Code    26  stm32f37x_rcc.o(.text)
    RCC_APB2PeriphClockCmd                   0x08002ccb   Thumb Code    26  stm32f37x_rcc.o(.text)
    RCC_APB1PeriphClockCmd                   0x08002ce5   Thumb Code    26  stm32f37x_rcc.o(.text)
    RCC_AHBPeriphResetCmd                    0x08002cff   Thumb Code    26  stm32f37x_rcc.o(.text)
    RCC_APB2PeriphResetCmd                   0x08002d19   Thumb Code    26  stm32f37x_rcc.o(.text)
    RCC_APB1PeriphResetCmd                   0x08002d33   Thumb Code    26  stm32f37x_rcc.o(.text)
    RCC_ITConfig                             0x08002d4d   Thumb Code    26  stm32f37x_rcc.o(.text)
    RCC_ClearFlag                            0x08002d67   Thumb Code    14  stm32f37x_rcc.o(.text)
    RCC_GetITStatus                          0x08002d75   Thumb Code    20  stm32f37x_rcc.o(.text)
    RCC_ClearITPendingBit                    0x08002d89   Thumb Code     6  stm32f37x_rcc.o(.text)
    USART_DeInit                             0x08002d9d   Thumb Code    82  stm32f37x_usart.o(.text)
    USART_Init                               0x08002def   Thumb Code   196  stm32f37x_usart.o(.text)
    USART_StructInit                         0x08002eb3   Thumb Code    24  stm32f37x_usart.o(.text)
    USART_ClockInit                          0x08002ecb   Thumb Code    30  stm32f37x_usart.o(.text)
    USART_ClockStructInit                    0x08002ee9   Thumb Code    12  stm32f37x_usart.o(.text)
    USART_Cmd                                0x08002ef5   Thumb Code    22  stm32f37x_usart.o(.text)
    USART_DirectionModeCmd                   0x08002f0b   Thumb Code    18  stm32f37x_usart.o(.text)
    USART_OverSampling8Cmd                   0x08002f1d   Thumb Code    22  stm32f37x_usart.o(.text)
    USART_OneBitMethodCmd                    0x08002f33   Thumb Code    22  stm32f37x_usart.o(.text)
    USART_MSBFirstCmd                        0x08002f49   Thumb Code    22  stm32f37x_usart.o(.text)
    USART_DataInvCmd                         0x08002f5f   Thumb Code    22  stm32f37x_usart.o(.text)
    USART_InvPinCmd                          0x08002f75   Thumb Code    18  stm32f37x_usart.o(.text)
    USART_SWAPPinCmd                         0x08002f87   Thumb Code    22  stm32f37x_usart.o(.text)
    USART_ReceiverTimeOutCmd                 0x08002f9d   Thumb Code    22  stm32f37x_usart.o(.text)
    USART_SetReceiverTimeOut                 0x08002fb3   Thumb Code    16  stm32f37x_usart.o(.text)
    USART_SetPrescaler                       0x08002fc3   Thumb Code    16  stm32f37x_usart.o(.text)
    USART_STOPModeCmd                        0x08002fd3   Thumb Code    22  stm32f37x_usart.o(.text)
    USART_StopModeWakeUpSourceConfig         0x08002fe9   Thumb Code    16  stm32f37x_usart.o(.text)
    USART_AutoBaudRateCmd                    0x08002ff9   Thumb Code    22  stm32f37x_usart.o(.text)
    USART_AutoBaudRateConfig                 0x0800300f   Thumb Code    16  stm32f37x_usart.o(.text)
    USART_SendData                           0x0800301f   Thumb Code     8  stm32f37x_usart.o(.text)
    USART_ReceiveData                        0x08003027   Thumb Code    10  stm32f37x_usart.o(.text)
    USART_SetAddress                         0x08003031   Thumb Code    18  stm32f37x_usart.o(.text)
    USART_MuteModeCmd                        0x08003043   Thumb Code    22  stm32f37x_usart.o(.text)
    USART_MuteModeWakeUpConfig               0x08003059   Thumb Code    16  stm32f37x_usart.o(.text)
    USART_AddressDetectionConfig             0x08003069   Thumb Code    16  stm32f37x_usart.o(.text)
    USART_LINBreakDetectLengthConfig         0x08003079   Thumb Code    16  stm32f37x_usart.o(.text)
    USART_LINCmd                             0x08003089   Thumb Code    22  stm32f37x_usart.o(.text)
    USART_HalfDuplexCmd                      0x0800309f   Thumb Code    22  stm32f37x_usart.o(.text)
    USART_SetGuardTime                       0x080030b5   Thumb Code    16  stm32f37x_usart.o(.text)
    USART_SmartCardCmd                       0x080030c5   Thumb Code    22  stm32f37x_usart.o(.text)
    USART_SmartCardNACKCmd                   0x080030db   Thumb Code    22  stm32f37x_usart.o(.text)
    USART_SetAutoRetryCount                  0x080030f1   Thumb Code    18  stm32f37x_usart.o(.text)
    USART_SetBlockLength                     0x08003103   Thumb Code    18  stm32f37x_usart.o(.text)
    USART_IrDAConfig                         0x08003115   Thumb Code    16  stm32f37x_usart.o(.text)
    USART_IrDACmd                            0x08003125   Thumb Code    22  stm32f37x_usart.o(.text)
    USART_DECmd                              0x0800313b   Thumb Code    22  stm32f37x_usart.o(.text)
    USART_DEPolarityConfig                   0x08003151   Thumb Code    16  stm32f37x_usart.o(.text)
    USART_SetDEAssertionTime                 0x08003161   Thumb Code    18  stm32f37x_usart.o(.text)
    USART_SetDEDeassertionTime               0x08003173   Thumb Code    30  stm32f37x_usart.o(.text)
    USART_DMACmd                             0x08003191   Thumb Code    18  stm32f37x_usart.o(.text)
    USART_DMAReceptionErrorConfig            0x080031a3   Thumb Code    16  stm32f37x_usart.o(.text)
    USART_ITConfig                           0x080031b3   Thumb Code    58  stm32f37x_usart.o(.text)
    USART_RequestCmd                         0x080031ed   Thumb Code    18  stm32f37x_usart.o(.text)
    USART_OverrunDetectionConfig             0x080031ff   Thumb Code    16  stm32f37x_usart.o(.text)
    USART_GetFlagStatus                      0x0800320f   Thumb Code    18  stm32f37x_usart.o(.text)
    USART_ClearFlag                          0x08003221   Thumb Code     4  stm32f37x_usart.o(.text)
    USART_GetITStatus                        0x08003225   Thumb Code    74  stm32f37x_usart.o(.text)
    USART_ClearITPendingBit                  0x0800326f   Thumb Code    18  stm32f37x_usart.o(.text)
    EXTI_DeInit                              0x08003281   Thumb Code    34  stm32f37x_exti.o(.text)
    EXTI_Init                                0x080032a3   Thumb Code   142  stm32f37x_exti.o(.text)
    EXTI_StructInit                          0x08003331   Thumb Code    16  stm32f37x_exti.o(.text)
    EXTI_GenerateSWInterrupt                 0x08003341   Thumb Code    16  stm32f37x_exti.o(.text)
    EXTI_GetFlagStatus                       0x08003351   Thumb Code    22  stm32f37x_exti.o(.text)
    EXTI_ClearFlag                           0x08003367   Thumb Code     8  stm32f37x_exti.o(.text)
    EXTI_GetITStatus                         0x0800336f   Thumb Code    34  stm32f37x_exti.o(.text)
    EXTI_ClearITPendingBit                   0x08003391   Thumb Code     8  stm32f37x_exti.o(.text)
    NVIC_PriorityGroupConfig                 0x0800339d   Thumb Code    10  stm32f37x_misc.o(.text)
    NVIC_Init                                0x080033a7   Thumb Code   102  stm32f37x_misc.o(.text)
    NVIC_SetVectorTable                      0x0800340d   Thumb Code    14  stm32f37x_misc.o(.text)
    NVIC_SystemLPConfig                      0x0800341b   Thumb Code    34  stm32f37x_misc.o(.text)
    SysTick_CLKSourceConfig                  0x0800343d   Thumb Code    40  stm32f37x_misc.o(.text)
    RTC_WaitForSynchro                       0x08003479   Thumb Code    92  stm32f37x_rtc.o(.text)
    RTC_EnterInitMode                        0x080034d5   Thumb Code    84  stm32f37x_rtc.o(.text)
    RTC_DeInit                               0x08003529   Thumb Code   200  stm32f37x_rtc.o(.text)
    RTC_ExitInitMode                         0x080035f1   Thumb Code    18  stm32f37x_rtc.o(.text)
    RTC_Init                                 0x08003603   Thumb Code    94  stm32f37x_rtc.o(.text)
    RTC_StructInit                           0x08003661   Thumb Code    14  stm32f37x_rtc.o(.text)
    RTC_WriteProtectionCmd                   0x0800366f   Thumb Code    22  stm32f37x_rtc.o(.text)
    RTC_RefClockCmd                          0x08003685   Thumb Code    76  stm32f37x_rtc.o(.text)
    RTC_BypassShadowCmd                      0x080036d1   Thumb Code    54  stm32f37x_rtc.o(.text)
    RTC_SetTime                              0x08003739   Thumb Code   200  stm32f37x_rtc.o(.text)
    RTC_TimeStructInit                       0x08003801   Thumb Code    12  stm32f37x_rtc.o(.text)
    RTC_GetTime                              0x0800380d   Thumb Code    74  stm32f37x_rtc.o(.text)
    RTC_GetSubSecond                         0x08003857   Thumb Code    30  stm32f37x_rtc.o(.text)
    RTC_SetDate                              0x08003875   Thumb Code   190  stm32f37x_rtc.o(.text)
    RTC_DateStructInit                       0x08003933   Thumb Code    14  stm32f37x_rtc.o(.text)
    RTC_GetDate                              0x08003941   Thumb Code    74  stm32f37x_rtc.o(.text)
    RTC_SetAlarm                             0x0800398b   Thumb Code   230  stm32f37x_rtc.o(.text)
    RTC_AlarmStructInit                      0x08003a71   Thumb Code    22  stm32f37x_rtc.o(.text)
    RTC_GetAlarm                             0x08003a87   Thumb Code   114  stm32f37x_rtc.o(.text)
    RTC_AlarmCmd                             0x08003af9   Thumb Code   112  stm32f37x_rtc.o(.text)
    RTC_AlarmSubSecondConfig                 0x08003b69   Thumb Code    46  stm32f37x_rtc.o(.text)
    RTC_GetAlarmSubSecond                    0x08003b97   Thumb Code    34  stm32f37x_rtc.o(.text)
    RTC_WakeUpClockConfig                    0x08003bb9   Thumb Code    42  stm32f37x_rtc.o(.text)
    RTC_SetWakeUpCounter                     0x08003be3   Thumb Code    22  stm32f37x_rtc.o(.text)
    RTC_GetWakeUpCounter                     0x08003bf9   Thumb Code    10  stm32f37x_rtc.o(.text)
    RTC_WakeUpCmd                            0x08003c03   Thumb Code   116  stm32f37x_rtc.o(.text)
    RTC_DayLightSavingConfig                 0x08003c77   Thumb Code    50  stm32f37x_rtc.o(.text)
    RTC_GetStoreOperation                    0x08003ca9   Thumb Code    12  stm32f37x_rtc.o(.text)
    RTC_OutputConfig                         0x08003cb5   Thumb Code    60  stm32f37x_rtc.o(.text)
    RTC_CalibOutputCmd                       0x08003cf1   Thumb Code    54  stm32f37x_rtc.o(.text)
    RTC_CalibOutputConfig                    0x08003d27   Thumb Code    42  stm32f37x_rtc.o(.text)
    RTC_SmoothCalibConfig                    0x08003d51   Thumb Code    90  stm32f37x_rtc.o(.text)
    RTC_TimeStampCmd                         0x08003dab   Thumb Code    54  stm32f37x_rtc.o(.text)
    RTC_GetTimeStamp                         0x08003de1   Thumb Code   144  stm32f37x_rtc.o(.text)
    RTC_GetTimeStampSubSecond                0x08003e71   Thumb Code     8  stm32f37x_rtc.o(.text)
    RTC_TamperTriggerConfig                  0x08003e79   Thumb Code    38  stm32f37x_rtc.o(.text)
    RTC_TamperCmd                            0x08003e9f   Thumb Code    34  stm32f37x_rtc.o(.text)
    RTC_TamperFilterConfig                   0x08003ec1   Thumb Code    26  stm32f37x_rtc.o(.text)
    RTC_TamperSamplingFreqConfig             0x08003edb   Thumb Code    26  stm32f37x_rtc.o(.text)
    RTC_TamperPinsPrechargeDuration          0x08003ef5   Thumb Code    26  stm32f37x_rtc.o(.text)
    RTC_TimeStampOnTamperDetectionCmd        0x08003f0f   Thumb Code    38  stm32f37x_rtc.o(.text)
    RTC_TamperPullUpCmd                      0x08003f35   Thumb Code    38  stm32f37x_rtc.o(.text)
    RTC_WriteBackupRegister                  0x08003f5b   Thumb Code    26  stm32f37x_rtc.o(.text)
    RTC_ReadBackupRegister                   0x08003f75   Thumb Code    28  stm32f37x_rtc.o(.text)
    RTC_OutputTypeConfig                     0x08003f91   Thumb Code    26  stm32f37x_rtc.o(.text)
    RTC_SynchroShiftConfig                   0x08003fab   Thumb Code   118  stm32f37x_rtc.o(.text)
    RTC_ITConfig                             0x08004021   Thumb Code    94  stm32f37x_rtc.o(.text)
    RTC_GetFlagStatus                        0x0800407f   Thumb Code    32  stm32f37x_rtc.o(.text)
    RTC_ClearFlag                            0x0800409f   Thumb Code    30  stm32f37x_rtc.o(.text)
    RTC_GetITStatus                          0x080040bd   Thumb Code    86  stm32f37x_rtc.o(.text)
    RTC_ClearITPendingBit                    0x08004113   Thumb Code    28  stm32f37x_rtc.o(.text)
    SDADC_DeInit                             0x08004135   Thumb Code    76  stm32f37x_sdadc.o(.text)
    SDADC_Init                               0x08004181   Thumb Code    34  stm32f37x_sdadc.o(.text)
    SDADC_StructInit                         0x080041a3   Thumb Code    12  stm32f37x_sdadc.o(.text)
    SDADC_AINInit                            0x080041af   Thumb Code    30  stm32f37x_sdadc.o(.text)
    SDADC_AINStructInit                      0x080041cd   Thumb Code    12  stm32f37x_sdadc.o(.text)
    SDADC_ChannelConfig                      0x080041d9   Thumb Code    30  stm32f37x_sdadc.o(.text)
    SDADC_Cmd                                0x080041f7   Thumb Code    22  stm32f37x_sdadc.o(.text)
    SDADC_InitModeCmd                        0x0800420d   Thumb Code    22  stm32f37x_sdadc.o(.text)
    SDADC_FastConversionCmd                  0x08004223   Thumb Code    22  stm32f37x_sdadc.o(.text)
    SDADC_VREFSelect                         0x08004239   Thumb Code    16  stm32f37x_sdadc.o(.text)
    SDADC_CalibrationSequenceConfig          0x08004249   Thumb Code    14  stm32f37x_sdadc.o(.text)
    SDADC_StartCalibration                   0x08004257   Thumb Code    10  stm32f37x_sdadc.o(.text)
    SDADC_ChannelSelect                      0x08004261   Thumb Code    18  stm32f37x_sdadc.o(.text)
    SDADC_ContinuousModeCmd                  0x08004273   Thumb Code    22  stm32f37x_sdadc.o(.text)
    SDADC_SoftwareStartConv                  0x08004289   Thumb Code    10  stm32f37x_sdadc.o(.text)
    SDADC_GetConversionValue                 0x08004293   Thumb Code     8  stm32f37x_sdadc.o(.text)
    SDADC_RegularSynchroSDADC1               0x0800429b   Thumb Code    22  stm32f37x_sdadc.o(.text)
    SDADC_GetConversionSDADC12Value          0x080042b1   Thumb Code     6  stm32f37x_sdadc.o(.text)
    SDADC_GetConversionSDADC13Value          0x080042b7   Thumb Code     6  stm32f37x_sdadc.o(.text)
    SDADC_SoftwareStartInjectedConv          0x080042bd   Thumb Code    10  stm32f37x_sdadc.o(.text)
    SDADC_InjectedChannelSelect              0x080042c7   Thumb Code     6  stm32f37x_sdadc.o(.text)
    SDADC_DelayStartInjectedConvCmd          0x080042cd   Thumb Code    22  stm32f37x_sdadc.o(.text)
    SDADC_InjectedContinuousModeCmd          0x080042e3   Thumb Code    22  stm32f37x_sdadc.o(.text)
    SDADC_ExternalTrigInjectedConvConfig     0x080042f9   Thumb Code    16  stm32f37x_sdadc.o(.text)
    SDADC_ExternalTrigInjectedConvEdgeConfig 0x08004309   Thumb Code    16  stm32f37x_sdadc.o(.text)
    SDADC_GetInjectedChannel                 0x08004319   Thumb Code    18  stm32f37x_sdadc.o(.text)
    SDADC_GetInjectedConversionValue         0x0800432b   Thumb Code    30  stm32f37x_sdadc.o(.text)
    SDADC_InjectedSynchroSDADC1              0x08004349   Thumb Code    22  stm32f37x_sdadc.o(.text)
    SDADC_GetInjectedConversionSDADC12Value  0x0800435f   Thumb Code     6  stm32f37x_sdadc.o(.text)
    SDADC_GetInjectedConversionSDADC13Value  0x08004365   Thumb Code     6  stm32f37x_sdadc.o(.text)
    SDADC_PowerDownCmd                       0x0800436b   Thumb Code    22  stm32f37x_sdadc.o(.text)
    SDADC_StandbyCmd                         0x08004381   Thumb Code    22  stm32f37x_sdadc.o(.text)
    SDADC_SlowClockCmd                       0x08004397   Thumb Code    22  stm32f37x_sdadc.o(.text)
    SDADC_DMAConfig                          0x080043ad   Thumb Code    18  stm32f37x_sdadc.o(.text)
    SDADC_ITConfig                           0x080043bf   Thumb Code    18  stm32f37x_sdadc.o(.text)
    SDADC_GetFlagStatus                      0x080043d1   Thumb Code    18  stm32f37x_sdadc.o(.text)
    SDADC_ClearFlag                          0x080043e3   Thumb Code     8  stm32f37x_sdadc.o(.text)
    SDADC_GetITStatus                        0x080043eb   Thumb Code    34  stm32f37x_sdadc.o(.text)
    SDADC_ClearITPendingBit                  0x0800440d   Thumb Code     8  stm32f37x_sdadc.o(.text)
    PWR_DeInit                               0x08004429   Thumb Code    22  stm32f37x_pwr.o(.text)
    PWR_BackupAccessCmd                      0x0800443f   Thumb Code     6  stm32f37x_pwr.o(.text)
    PWR_PVDLevelConfig                       0x08004445   Thumb Code    18  stm32f37x_pwr.o(.text)
    PWR_PVDCmd                               0x08004457   Thumb Code     6  stm32f37x_pwr.o(.text)
    PWR_WakeUpPinCmd                         0x0800445d   Thumb Code    26  stm32f37x_pwr.o(.text)
    PWR_SDADCAnalogCmd                       0x08004477   Thumb Code    26  stm32f37x_pwr.o(.text)
    PWR_EnterSleepMode                       0x08004491   Thumb Code    24  stm32f37x_pwr.o(.text)
    PWR_EnterSTOPMode                        0x080044a9   Thumb Code    54  stm32f37x_pwr.o(.text)
    PWR_EnterSTANDBYMode                     0x080044df   Thumb Code    42  stm32f37x_pwr.o(.text)
    PWR_GetFlagStatus                        0x08004509   Thumb Code    20  stm32f37x_pwr.o(.text)
    PWR_ClearFlag                            0x0800451d   Thumb Code    14  stm32f37x_pwr.o(.text)
    disk_initialize                          0x08004539   Thumb Code    16  diskio.o(.text)
    disk_status                              0x08004549   Thumb Code    12  diskio.o(.text)
    disk_read                                0x08004555   Thumb Code    30  diskio.o(.text)
    disk_write                               0x08004573   Thumb Code    30  diskio.o(.text)
    get_fattime                              0x08004591   Thumb Code     4  diskio.o(.text)
    disk_ioctl                               0x08004595   Thumb Code    52  diskio.o(.text)
    clust2sect                               0x08004771   Thumb Code    26  ff.o(.text)
    get_fat                                  0x0800478b   Thumb Code   228  ff.o(.text)
    put_fat                                  0x0800486f   Thumb Code   314  ff.o(.text)
    f_mount                                  0x0800546f   Thumb Code    38  ff.o(.text)
    f_open                                   0x08005495   Thumb Code   360  ff.o(.text)
    f_read                                   0x080055fd   Thumb Code   474  ff.o(.text)
    f_write                                  0x080057d7   Thumb Code   524  ff.o(.text)
    f_sync                                   0x080059e3   Thumb Code   182  ff.o(.text)
    f_close                                  0x08005a99   Thumb Code    22  ff.o(.text)
    f_lseek                                  0x08005aaf   Thumb Code   432  ff.o(.text)
    f_opendir                                0x08005c5f   Thumb Code   110  ff.o(.text)
    f_readdir                                0x08005ccd   Thumb Code    88  ff.o(.text)
    f_stat                                   0x08005d25   Thumb Code    58  ff.o(.text)
    f_getfree                                0x08005d5f   Thumb Code   276  ff.o(.text)
    f_truncate                               0x08005e73   Thumb Code   156  ff.o(.text)
    f_unlink                                 0x08005f0f   Thumb Code   178  ff.o(.text)
    f_mkdir                                  0x08005fc1   Thumb Code   384  ff.o(.text)
    f_chmod                                  0x08006141   Thumb Code    84  ff.o(.text)
    f_utime                                  0x08006195   Thumb Code    86  ff.o(.text)
    f_rename                                 0x080061eb   Thumb Code   288  ff.o(.text)
    __use_no_semihosting                     0x0800630b   Thumb Code     2  use_no_semi_2.o(.text)
    malloc                                   0x0800630d   Thumb Code    94  h1_alloc.o(.text)
    free                                     0x0800636b   Thumb Code    78  h1_free.o(.text)
    __2printf                                0x080063b9   Thumb Code    20  noretval__2printf.o(.text)
    __2sprintf                               0x080063d1   Thumb Code    34  noretval__2sprintf.o(.text)
    _printf_pre_padding                      0x080063f9   Thumb Code    46  _printf_pad.o(.text)
    _printf_post_padding                     0x08006427   Thumb Code    36  _printf_pad.o(.text)
    _printf_str                              0x0800644b   Thumb Code    82  _printf_str.o(.text)
    _printf_int_dec                          0x0800649d   Thumb Code   102  _printf_dec.o(.text)
    __printf                                 0x08006515   Thumb Code   310  __printf_flags_wp.o(.text)
    strlen                                   0x08006651   Thumb Code    62  strlen.o(.text)
    __aeabi_memclr                           0x0800668f   Thumb Code     0  rt_memclr.o(.text)
    __rt_memclr                              0x0800668f   Thumb Code    68  rt_memclr.o(.text)
    _memset                                  0x08006693   Thumb Code     0  rt_memclr.o(.text)
    strcmp                                   0x080066d5   Thumb Code   128  strcmpv7m.o(.text)
    __use_two_region_memory                  0x08006755   Thumb Code     2  heapauxi.o(.text)
    __rt_heap_escrow                         0x08006757   Thumb Code     2  heapauxi.o(.text)
    __rt_heap_expand                         0x08006759   Thumb Code     2  heapauxi.o(.text)
    __I$use$semihosting                      0x0800675b   Thumb Code     0  use_no_semi.o(.text)
    __use_no_semihosting_swi                 0x0800675b   Thumb Code     2  use_no_semi.o(.text)
    __rt_heap_descriptor                     0x0800675d   Thumb Code     8  rt_heap_descriptor_intlibspace.o(.text)
    __use_no_heap                            0x08006765   Thumb Code     2  hguard.o(.text)
    __heap$guard                             0x08006767   Thumb Code     2  hguard.o(.text)
    _terminate_user_alloc                    0x08006769   Thumb Code     2  init_alloc.o(.text)
    _init_user_alloc                         0x0800676b   Thumb Code     2  init_alloc.o(.text)
    __Heap_Full                              0x0800676d   Thumb Code    34  init_alloc.o(.text)
    __Heap_Broken                            0x0800678f   Thumb Code     6  init_alloc.o(.text)
    _init_alloc                              0x08006795   Thumb Code    94  init_alloc.o(.text)
    __Heap_Initialize                        0x080067f3   Thumb Code    10  h1_init.o(.text)
    __Heap_DescSize                          0x080067fd   Thumb Code     4  h1_init.o(.text)
    _printf_int_common                       0x08006801   Thumb Code   184  _printf_intcommon.o(.text)
    __lib_sel_fp_printf                      0x080068b9   Thumb Code     2  _printf_fp_dec.o(.text)
    _printf_fp_dec_real                      0x08006a65   Thumb Code   628  _printf_fp_dec.o(.text)
    _printf_char_common                      0x08006ce3   Thumb Code    32  _printf_char_common.o(.text)
    _sputc                                   0x08006d09   Thumb Code    10  _sputc.o(.text)
    _printf_cs_common                        0x08006d13   Thumb Code    20  _printf_char.o(.text)
    _printf_char                             0x08006d27   Thumb Code    16  _printf_char.o(.text)
    _printf_string                           0x08006d37   Thumb Code     8  _printf_char.o(.text)
    _printf_char_file                        0x08006d41   Thumb Code    32  _printf_char_file.o(.text)
    __aeabi_memclr4                          0x08006d65   Thumb Code     0  rt_memclr_w.o(.text)
    __aeabi_memclr8                          0x08006d65   Thumb Code     0  rt_memclr_w.o(.text)
    __rt_memclr_w                            0x08006d65   Thumb Code    78  rt_memclr_w.o(.text)
    _memset_w                                0x08006d69   Thumb Code     0  rt_memclr_w.o(.text)
    __user_libspace                          0x08006db5   Thumb Code     8  libspace.o(.text)
    __user_perproc_libspace                  0x08006db5   Thumb Code     0  libspace.o(.text)
    __user_perthread_libspace                0x08006db5   Thumb Code     0  libspace.o(.text)
    __rt_locale                              0x08006dbd   Thumb Code     8  rt_locale_intlibspace.o(.text)
    __Heap_ProvideMemory                     0x08006dc5   Thumb Code    52  h1_extend.o(.text)
    _ll_udiv10                               0x08006df9   Thumb Code   138  lludiv10.o(.text)
    _printf_fp_infnan                        0x08006e85   Thumb Code   112  _printf_fp_infnan.o(.text)
    _btod_etento                             0x08006f05   Thumb Code   222  bigflt0.o(.text)
    ferror                                   0x08006fe9   Thumb Code     8  ferror.o(.text)
    __rt_SIGRTMEM                            0x08006ff1   Thumb Code    14  defsig_rtmem_outer.o(.text)
    __user_setup_stackheap                   0x08006fff   Thumb Code    74  sys_stackheap_outer.o(.text)
    exit                                     0x08007049   Thumb Code    12  exit.o(.text)
    __sig_exit                               0x08007055   Thumb Code    10  defsig_exit.o(.text)
    __rt_SIGRTMEM_inner                      0x08007061   Thumb Code    22  defsig_rtmem_inner.o(.text)
    __default_signal_display                 0x080070b1   Thumb Code    50  defsig_general.o(.text)
    _btod_d2e                                0x080070e3   Thumb Code    62  btod.o(CL$$btod_d2e)
    _d2e_denorm_low                          0x08007121   Thumb Code    70  btod.o(CL$$btod_d2e_denorm_low)
    _d2e_norm_op1                            0x08007167   Thumb Code    96  btod.o(CL$$btod_d2e_norm_op1)
    __btod_div_common                        0x080071c7   Thumb Code   696  btod.o(CL$$btod_div_common)
    _e2e                                     0x080074ff   Thumb Code   198  btod.o(CL$$btod_e2e)
    _btod_ediv                               0x080075c5   Thumb Code    40  btod.o(CL$$btod_ediv)
    _btod_emul                               0x080075ed   Thumb Code    40  btod.o(CL$$btod_emul)
    __btod_mult_common                       0x08007615   Thumb Code   580  btod.o(CL$$btod_mult_common)
    __ARM_fpclassify                         0x08007859   Thumb Code    48  fpclassify.o(i.__ARM_fpclassify)
    _is_digit                                0x08007889   Thumb Code    14  __printf_wp.o(i._is_digit)
    _get_lc_numeric                          0x08007899   Thumb Code    44  lc_numeric_c.o(locale$$code)
    __fpl_dretinf                            0x080078c5   Thumb Code    12  dretinf.o(x$fpl$dretinf)
    __aeabi_f2d                              0x080078d1   Thumb Code     0  f2d.o(x$fpl$f2d)
    _f2d                                     0x080078d1   Thumb Code    86  f2d.o(x$fpl$f2d)
    __fpl_fnaninf                            0x08007927   Thumb Code   140  fnaninf.o(x$fpl$fnaninf)
    _fp_init                                 0x080079b3   Thumb Code    10  fpinit.o(x$fpl$fpinit)
    __fplib_config_fpu_vfp                   0x080079bb   Thumb Code     0  fpinit.o(x$fpl$fpinit)
    __fplib_config_pureend_doubles           0x080079bb   Thumb Code     0  fpinit.o(x$fpl$fpinit)
    _printf_fp_dec                           0x080079bd   Thumb Code     4  printf1.o(x$fpl$printf1)
    __I$use$fp                               0x080079c0   Number         0  usenofp.o(x$fpl$usenofp)
    Region$$Table$$Base                      0x08007a68   Number         0  anon$$obj.o(Region$$Table)
    Region$$Table$$Limit                     0x08007a88   Number         0  anon$$obj.o(Region$$Table)
    SystemCoreClock                          0x20000000   Data           4  system_stm32f37x.o(.data)
    AHBPrescTable                            0x20000004   Data          16  system_stm32f37x.o(.data)
    touch_flag                               0x20000014   Data           1  stm32f37x_it.o(.data)
    InjectedConvData                         0x20000018   Data           2  main.o(.data)
    TimingDelay                              0x2000001c   Data           4  main.o(.data)
    adc_start_flag                           0x20000020   Data           4  main.o(.data)
    read_flag                                0x20000024   Data           4  main.o(.data)
    read_start_flag                          0x20000028   Data           4  main.o(.data)
    res                                      0x2000002c   Data           1  main.o(.data)
    br                                       0x20000030   Data           4  main.o(.data)
    bw                                       0x20000034   Data           4  main.o(.data)
    USART_RX_STA                             0x20000038   Data           2  uart.o(.data)
    __stdout                                 0x2000003c   Data           4  uart.o(.data)
    NVIC_InitStructure                       0x20000044   Data           4  rtc.o(.data)
    RTC_Time                                 0x20000049   Data           4  application.o(.data)
    RTC_Date                                 0x2000004d   Data           4  application.o(.data)
    RTC_TimeStruct                           0x20000051   Data           4  application.o(.data)
    RTC_DateStruct                           0x20000055   Data           4  application.o(.data)
    fs                                       0x20000088   Data         560  main.o(.bss)
    fsrc                                     0x200002b8   Data         548  main.o(.bss)
    fdst                                     0x200004dc   Data         548  main.o(.bss)
    buffer                                   0x20000700   Data        1024  main.o(.bss)
    w_buffer                                 0x20000b00   Data          24  main.o(.bss)
    COMMAND_BUF                              0x20000b18   Data         200  uart.o(.bss)
    tbuf                                     0x20000be0   Data          40  application.o(.bss)
    __libspace_start                         0x20000c08   Data          96  libspace.o(.bss)
    __temporary_stack_top$libspace           0x20000c68   Data           0  libspace.o(.bss)



==============================================================================

Memory Map of the image

  Image Entry point : 0x08000189

  Load Region LR_IROM1 (Base: 0x08000000, Size: 0x00007b2c, Max: 0x00040000, ABSOLUTE)

    Execution Region ER_IROM1 (Base: 0x08000000, Size: 0x00007aa4, Max: 0x00040000, ABSOLUTE)

    Base Addr    Size         Type   Attr      Idx    E Section Name        Object

    0x08000000   0x00000188   Data   RO            3    RESET               startup_stm32f37x.o
    0x08000188   0x00000008   Code   RO          839  * !!!main             c_w.l(__main.o)
    0x08000190   0x00000034   Code   RO         1111    !!!scatter          c_w.l(__scatter.o)
    0x080001c4   0x0000001a   Code   RO         1113    !!handler_copy      c_w.l(__scatter_copy.o)
    0x080001de   0x00000002   PAD
    0x080001e0   0x0000001c   Code   RO         1115    !!handler_zi        c_w.l(__scatter_zi.o)
    0x080001fc   0x00000000   Code   RO          824    .ARM.Collect$$_printf_percent$$00000000  c_w.l(_printf_percent.o)
    0x080001fc   0x00000006   Code   RO          823    .ARM.Collect$$_printf_percent$$00000003  c_w.l(_printf_f.o)
    0x08000202   0x00000006   Code   RO          822    .ARM.Collect$$_printf_percent$$00000009  c_w.l(_printf_d.o)
    0x08000208   0x00000006   Code   RO          821    .ARM.Collect$$_printf_percent$$00000014  c_w.l(_printf_s.o)
    0x0800020e   0x00000004   Code   RO          889    .ARM.Collect$$_printf_percent$$00000017  c_w.l(_printf_percent_end.o)
    0x08000212   0x00000002   Code   RO         1055    .ARM.Collect$$libinit$$00000000  c_w.l(libinit.o)
    0x08000214   0x00000004   Code   RO          894    .ARM.Collect$$libinit$$00000001  c_w.l(libinit2.o)
    0x08000218   0x00000008   Code   RO          896    .ARM.Collect$$libinit$$00000003  c_w.l(libinit2.o)
    0x08000220   0x00000000   Code   RO          898    .ARM.Collect$$libinit$$00000008  c_w.l(libinit2.o)
    0x08000220   0x00000000   Code   RO          900    .ARM.Collect$$libinit$$0000000A  c_w.l(libinit2.o)
    0x08000220   0x00000000   Code   RO          902    .ARM.Collect$$libinit$$0000000C  c_w.l(libinit2.o)
    0x08000220   0x00000006   Code   RO          903    .ARM.Collect$$libinit$$0000000D  c_w.l(libinit2.o)
    0x08000226   0x00000000   Code   RO          905    .ARM.Collect$$libinit$$0000000F  c_w.l(libinit2.o)
    0x08000226   0x00000000   Code   RO          907    .ARM.Collect$$libinit$$00000011  c_w.l(libinit2.o)
    0x08000226   0x00000000   Code   RO          909    .ARM.Collect$$libinit$$00000013  c_w.l(libinit2.o)
    0x08000226   0x0000000a   Code   RO          910    .ARM.Collect$$libinit$$00000014  c_w.l(libinit2.o)
    0x08000230   0x00000000   Code   RO          911    .ARM.Collect$$libinit$$00000015  c_w.l(libinit2.o)
    0x08000230   0x00000000   Code   RO          913    .ARM.Collect$$libinit$$00000017  c_w.l(libinit2.o)
    0x08000230   0x00000000   Code   RO          915    .ARM.Collect$$libinit$$00000019  c_w.l(libinit2.o)
    0x08000230   0x00000000   Code   RO          917    .ARM.Collect$$libinit$$0000001B  c_w.l(libinit2.o)
    0x08000230   0x00000000   Code   RO          919    .ARM.Collect$$libinit$$0000001D  c_w.l(libinit2.o)
    0x08000230   0x00000000   Code   RO          921    .ARM.Collect$$libinit$$0000001F  c_w.l(libinit2.o)
    0x08000230   0x00000000   Code   RO          923    .ARM.Collect$$libinit$$00000021  c_w.l(libinit2.o)
    0x08000230   0x00000000   Code   RO          925    .ARM.Collect$$libinit$$00000023  c_w.l(libinit2.o)
    0x08000230   0x00000000   Code   RO          929    .ARM.Collect$$libinit$$0000002A  c_w.l(libinit2.o)
    0x08000230   0x00000000   Code   RO          931    .ARM.Collect$$libinit$$0000002C  c_w.l(libinit2.o)
    0x08000230   0x00000000   Code   RO          933    .ARM.Collect$$libinit$$0000002E  c_w.l(libinit2.o)
    0x08000230   0x00000000   Code   RO          935    .ARM.Collect$$libinit$$00000030  c_w.l(libinit2.o)
    0x08000230   0x00000002   Code   RO          936    .ARM.Collect$$libinit$$00000031  c_w.l(libinit2.o)
    0x08000232   0x00000002   Code   RO         1108    .ARM.Collect$$libshutdown$$00000000  c_w.l(libshutdown.o)
    0x08000234   0x00000000   Code   RO         1068    .ARM.Collect$$libshutdown$$00000003  c_w.l(libshutdown2.o)
    0x08000234   0x00000000   Code   RO         1071    .ARM.Collect$$libshutdown$$00000006  c_w.l(libshutdown2.o)
    0x08000234   0x00000000   Code   RO         1074    .ARM.Collect$$libshutdown$$00000009  c_w.l(libshutdown2.o)
    0x08000234   0x00000000   Code   RO         1076    .ARM.Collect$$libshutdown$$0000000B  c_w.l(libshutdown2.o)
    0x08000234   0x00000000   Code   RO         1079    .ARM.Collect$$libshutdown$$0000000E  c_w.l(libshutdown2.o)
    0x08000234   0x00000002   Code   RO         1080    .ARM.Collect$$libshutdown$$0000000F  c_w.l(libshutdown2.o)
    0x08000236   0x00000000   Code   RO          849    .ARM.Collect$$rtentry$$00000000  c_w.l(rtentry.o)
    0x08000236   0x00000000   Code   RO          948    .ARM.Collect$$rtentry$$00000002  c_w.l(rtentry2.o)
    0x08000236   0x00000006   Code   RO          960    .ARM.Collect$$rtentry$$00000004  c_w.l(rtentry4.o)
    0x0800023c   0x00000000   Code   RO          950    .ARM.Collect$$rtentry$$00000009  c_w.l(rtentry2.o)
    0x0800023c   0x00000004   Code   RO          951    .ARM.Collect$$rtentry$$0000000A  c_w.l(rtentry2.o)
    0x08000240   0x00000000   Code   RO          953    .ARM.Collect$$rtentry$$0000000C  c_w.l(rtentry2.o)
    0x08000240   0x00000008   Code   RO          954    .ARM.Collect$$rtentry$$0000000D  c_w.l(rtentry2.o)
    0x08000248   0x00000002   Code   RO         1056    .ARM.Collect$$rtexit$$00000000  c_w.l(rtexit.o)
    0x0800024a   0x00000000   Code   RO         1082    .ARM.Collect$$rtexit$$00000002  c_w.l(rtexit2.o)
    0x0800024a   0x00000004   Code   RO         1083    .ARM.Collect$$rtexit$$00000003  c_w.l(rtexit2.o)
    0x0800024e   0x00000006   Code   RO         1084    .ARM.Collect$$rtexit$$00000004  c_w.l(rtexit2.o)
    0x08000254   0x00000000   Code   RO          971    .emb_text           c_w.l(maybetermalloc1.o)
    0x08000254   0x00000040   Code   RO            4    .text               startup_stm32f37x.o
    0x08000294   0x000001d8   Code   RO           12    .text               system_stm32f37x.o
    0x0800046c   0x00000064   Code   RO          130    .text               stm32f37x_it.o
    0x080004d0   0x00000380   Code   RO          167    .text               main.o
    0x08000850   0x0000084e   Code   RO          317    .text               sd.o
    0x0800109e   0x00000002   PAD
    0x080010a0   0x0000024c   Code   RO          337    .text               uart.o
    0x080012ec   0x00000120   Code   RO          371    .text               sdadc.o
    0x0800140c   0x00000090   Code   RO          391    .text               systick.o
    0x0800149c   0x00000300   Code   RO          413    .text               rtc.o
    0x0800179c   0x00000ac4   Code   RO          437    .text               application.o
    0x08002260   0x00000398   Code   RO          472    .text               stm32f37x_spi.o
    0x080025f8   0x00000204   Code   RO          492    .text               stm32f37x_gpio.o
    0x080027fc   0x000005a0   Code   RO          512    .text               stm32f37x_rcc.o
    0x08002d9c   0x000004e4   Code   RO          534    .text               stm32f37x_usart.o
    0x08003280   0x0000011c   Code   RO          554    .text               stm32f37x_exti.o
    0x0800339c   0x000000dc   Code   RO          574    .text               stm32f37x_misc.o
    0x08003478   0x00000cbc   Code   RO          594    .text               stm32f37x_rtc.o
    0x08004134   0x000002f4   Code   RO          614    .text               stm32f37x_sdadc.o
    0x08004428   0x00000110   Code   RO          634    .text               stm32f37x_pwr.o
    0x08004538   0x00000094   Code   RO          654    .text               diskio.o
    0x080045cc   0x00001d3e   Code   RO          675    .text               ff.o
    0x0800630a   0x00000002   Code   RO          721    .text               c_w.l(use_no_semi_2.o)
    0x0800630c   0x0000005e   Code   RO          727    .text               c_w.l(h1_alloc.o)
    0x0800636a   0x0000004e   Code   RO          729    .text               c_w.l(h1_free.o)
    0x080063b8   0x00000018   Code   RO          789    .text               c_w.l(noretval__2printf.o)
    0x080063d0   0x00000028   Code   RO          791    .text               c_w.l(noretval__2sprintf.o)
    0x080063f8   0x00000052   Code   RO          795    .text               c_w.l(_printf_pad.o)
    0x0800644a   0x00000052   Code   RO          797    .text               c_w.l(_printf_str.o)
    0x0800649c   0x00000078   Code   RO          799    .text               c_w.l(_printf_dec.o)
    0x08006514   0x0000013c   Code   RO          813    .text               c_w.l(__printf_flags_wp.o)
    0x08006650   0x0000003e   Code   RO          829    .text               c_w.l(strlen.o)
    0x0800668e   0x00000044   Code   RO          833    .text               c_w.l(rt_memclr.o)
    0x080066d2   0x00000002   PAD
    0x080066d4   0x00000080   Code   RO          835    .text               c_w.l(strcmpv7m.o)
    0x08006754   0x00000006   Code   RO          837    .text               c_w.l(heapauxi.o)
    0x0800675a   0x00000002   Code   RO          845    .text               c_w.l(use_no_semi.o)
    0x0800675c   0x00000008   Code   RO          853    .text               c_w.l(rt_heap_descriptor_intlibspace.o)
    0x08006764   0x00000004   Code   RO          855    .text               c_w.l(hguard.o)
    0x08006768   0x0000008a   Code   RO          857    .text               c_w.l(init_alloc.o)
    0x080067f2   0x0000000e   Code   RO          861    .text               c_w.l(h1_init.o)
    0x08006800   0x000000b8   Code   RO          877    .text               c_w.l(_printf_intcommon.o)
    0x080068b8   0x00000420   Code   RO          879    .text               c_w.l(_printf_fp_dec.o)
    0x08006cd8   0x00000030   Code   RO          881    .text               c_w.l(_printf_char_common.o)
    0x08006d08   0x0000000a   Code   RO          883    .text               c_w.l(_sputc.o)
    0x08006d12   0x0000002c   Code   RO          885    .text               c_w.l(_printf_char.o)
    0x08006d3e   0x00000002   PAD
    0x08006d40   0x00000024   Code   RO          887    .text               c_w.l(_printf_char_file.o)
    0x08006d64   0x0000004e   Code   RO          890    .text               c_w.l(rt_memclr_w.o)
    0x08006db2   0x00000002   PAD
    0x08006db4   0x00000008   Code   RO          944    .text               c_w.l(libspace.o)
    0x08006dbc   0x00000008   Code   RO          967    .text               c_w.l(rt_locale_intlibspace.o)
    0x08006dc4   0x00000034   Code   RO          973    .text               c_w.l(h1_extend.o)
    0x08006df8   0x0000008a   Code   RO          977    .text               c_w.l(lludiv10.o)
    0x08006e82   0x00000002   PAD
    0x08006e84   0x00000080   Code   RO          979    .text               c_w.l(_printf_fp_infnan.o)
    0x08006f04   0x000000e4   Code   RO          983    .text               c_w.l(bigflt0.o)
    0x08006fe8   0x00000008   Code   RO         1008    .text               c_w.l(ferror.o)
    0x08006ff0   0x0000000e   Code   RO         1015    .text               c_w.l(defsig_rtmem_outer.o)
    0x08006ffe   0x0000004a   Code   RO         1031    .text               c_w.l(sys_stackheap_outer.o)
    0x08007048   0x0000000c   Code   RO         1040    .text               c_w.l(exit.o)
    0x08007054   0x0000000a   Code   RO         1042    .text               c_w.l(defsig_exit.o)
    0x0800705e   0x00000002   PAD
    0x08007060   0x00000050   Code   RO         1044    .text               c_w.l(defsig_rtmem_inner.o)
    0x080070b0   0x00000032   Code   RO         1064    .text               c_w.l(defsig_general.o)
    0x080070e2   0x0000003e   Code   RO          986    CL$$btod_d2e        c_w.l(btod.o)
    0x08007120   0x00000046   Code   RO          988    CL$$btod_d2e_denorm_low  c_w.l(btod.o)
    0x08007166   0x00000060   Code   RO          987    CL$$btod_d2e_norm_op1  c_w.l(btod.o)
    0x080071c6   0x00000338   Code   RO          996    CL$$btod_div_common  c_w.l(btod.o)
    0x080074fe   0x000000c6   Code   RO          993    CL$$btod_e2e        c_w.l(btod.o)
    0x080075c4   0x00000028   Code   RO          990    CL$$btod_ediv       c_w.l(btod.o)
    0x080075ec   0x00000028   Code   RO          989    CL$$btod_emul       c_w.l(btod.o)
    0x08007614   0x00000244   Code   RO          995    CL$$btod_mult_common  c_w.l(btod.o)
    0x08007858   0x00000030   Code   RO         1028    i.__ARM_fpclassify  m_wm.l(fpclassify.o)
    0x08007888   0x0000000e   Code   RO          811    i._is_digit         c_w.l(__printf_wp.o)
    0x08007896   0x00000002   PAD
    0x08007898   0x0000002c   Code   RO         1013    locale$$code        c_w.l(lc_numeric_c.o)
    0x080078c4   0x0000000c   Code   RO          937    x$fpl$dretinf       fz_wm.l(dretinf.o)
    0x080078d0   0x00000056   Code   RO          841    x$fpl$f2d           fz_wm.l(f2d.o)
    0x08007926   0x0000008c   Code   RO          939    x$fpl$fnaninf       fz_wm.l(fnaninf.o)
    0x080079b2   0x0000000a   Code   RO         1024    x$fpl$fpinit        fz_wm.l(fpinit.o)
    0x080079bc   0x00000004   Code   RO          843    x$fpl$printf1       fz_wm.l(printf1.o)
    0x080079c0   0x00000000   Code   RO          941    x$fpl$usenofp       fz_wm.l(usenofp.o)
    0x080079c0   0x00000011   Data   RO          814    .constdata          c_w.l(__printf_flags_wp.o)
    0x080079d1   0x00000003   PAD
    0x080079d4   0x00000094   Data   RO          984    .constdata          c_w.l(bigflt0.o)
    0x08007a68   0x00000020   Data   RO         1109    Region$$Table       anon$$obj.o
    0x08007a88   0x0000001c   Data   RO         1012    locale$$data        c_w.l(lc_numeric_c.o)


    Execution Region RW_IRAM1 (Base: 0x20000000, Size: 0x00001268, Max: 0x00008000, ABSOLUTE)

    Base Addr    Size         Type   Attr      Idx    E Section Name        Object

    0x20000000   0x00000014   Data   RW           13    .data               system_stm32f37x.o
    0x20000014   0x00000001   Data   RW          131    .data               stm32f37x_it.o
    0x20000015   0x00000003   PAD
    0x20000018   0x00000020   Data   RW          169    .data               main.o
    0x20000038   0x00000008   Data   RW          339    .data               uart.o
    0x20000040   0x00000004   Data   RW          392    .data               systick.o
    0x20000044   0x00000004   Data   RW          414    .data               rtc.o
    0x20000048   0x00000011   Data   RW          439    .data               application.o
    0x20000059   0x00000024   Data   RW          513    .data               stm32f37x_rcc.o
    0x2000007d   0x00000003   PAD
    0x20000080   0x00000006   Data   RW          676    .data               ff.o
    0x20000086   0x00000002   PAD
    0x20000088   0x00000a90   Zero   RW          168    .bss                main.o
    0x20000b18   0x000000c8   Zero   RW          338    .bss                uart.o
    0x20000be0   0x00000028   Zero   RW          438    .bss                application.o
    0x20000c08   0x00000060   Zero   RW          945    .bss                c_w.l(libspace.o)
    0x20000c68   0x00000200   Zero   RW            2    HEAP                startup_stm32f37x.o
    0x20000e68   0x00000400   Zero   RW            1    STACK               startup_stm32f37x.o


==============================================================================

Image component sizes


      Code (inc. data)   RO Data    RW Data    ZI Data      Debug   Object Name

      2756        688          0         17         40       3734   application.o
       148          4          0          0          0       2382   diskio.o
      7486         40          0          6          0      20248   ff.o
       896        372          0         32       2704      36153   main.o
       768         16          0          4          0       3103   rtc.o
      2126         12          0          0          0       5841   sd.o
       288         12          0          0          0        816   sdadc.o
        64         26        392          0       1536        788   startup_stm32f37x.o
       284          4          0          0          0       2187   stm32f37x_exti.o
       516         22          0          0          0       3729   stm32f37x_gpio.o
       100         14          0          1          0       1916   stm32f37x_it.o
       220         20          0          0          0       1757   stm32f37x_misc.o
       272         14          0          0          0       2489   stm32f37x_pwr.o
      1440         58          0         36          0       9379   stm32f37x_rcc.o
      3260         44          0          0          0      14082   stm32f37x_rtc.o
       756         20          0          0          0       9157   stm32f37x_sdadc.o
       920         14          0          0          0       7627   stm32f37x_spi.o
      1252         12          0          0          0      11794   stm32f37x_usart.o
       472         38          0         20          0     227271   system_stm32f37x.o
       144         16          0          4          0       1466   systick.o
       588         22          0          8        200       4780   uart.o

    ----------------------------------------------------------------------
     24758       1468        424        136       4480     370699   Object Totals
         0          0         32          0          0          0   (incl. Generated)
         2          0          0          8          0          0   (incl. Padding)

    ----------------------------------------------------------------------

      Code (inc. data)   RO Data    RW Data    ZI Data      Debug   Library Member Name

         8          0          0          0          0         68   __main.o
       316          6         17          0          0         92   __printf_flags_wp.o
        14          0          0          0          0         68   __printf_wp.o
        52          8          0          0          0          0   __scatter.o
        26          0          0          0          0          0   __scatter_copy.o
        28          0          0          0          0          0   __scatter_zi.o
        44          0          0          0          0        108   _printf_char.o
        48          6          0          0          0         96   _printf_char_common.o
        36          4          0          0          0         80   _printf_char_file.o
         6          0          0          0          0          0   _printf_d.o
       120         18          0          0          0         92   _printf_dec.o
         6          0          0          0          0          0   _printf_f.o
      1056          0          0          0          0        216   _printf_fp_dec.o
       128         16          0          0          0         84   _printf_fp_infnan.o
       184          0          0          0          0         88   _printf_intcommon.o
        82          0          0          0          0        108   _printf_pad.o
         0          0          0          0          0          0   _printf_percent.o
         4          0          0          0          0          0   _printf_percent_end.o
         6          0          0          0          0          0   _printf_s.o
        82          0          0          0          0         80   _printf_str.o
        10          0          0          0          0         68   _sputc.o
       228          6        148          0          0         96   bigflt0.o
      1910        128          0          0          0        672   btod.o
        10          0          0          0          0         68   defsig_exit.o
        50          0          0          0          0         88   defsig_general.o
        80         58          0          0          0         76   defsig_rtmem_inner.o
        14          0          0          0          0         80   defsig_rtmem_outer.o
        12          0          0          0          0         72   exit.o
         8          0          0          0          0         68   ferror.o
        94          0          0          0          0         80   h1_alloc.o
        52          0          0          0          0         68   h1_extend.o
        78          0          0          0          0         80   h1_free.o
        14          0          0          0          0         84   h1_init.o
         6          0          0          0          0        152   heapauxi.o
         4          0          0          0          0        136   hguard.o
       138          0          0          0          0        168   init_alloc.o
        44         10         28          0          0         76   lc_numeric_c.o
         2          0          0          0          0          0   libinit.o
        30          0          0          0          0          0   libinit2.o
         2          0          0          0          0          0   libshutdown.o
         2          0          0          0          0          0   libshutdown2.o
         8          4          0          0         96         68   libspace.o
       138          0          0          0          0         80   lludiv10.o
         0          0          0          0          0          0   maybetermalloc1.o
        24          4          0          0          0         84   noretval__2printf.o
        40          6          0          0          0         84   noretval__2sprintf.o
         8          4          0          0          0         68   rt_heap_descriptor_intlibspace.o
         8          4          0          0          0         68   rt_locale_intlibspace.o
        68          0          0          0          0         68   rt_memclr.o
        78          0          0          0          0         80   rt_memclr_w.o
         0          0          0          0          0          0   rtentry.o
        12          0          0          0          0          0   rtentry2.o
         6          0          0          0          0          0   rtentry4.o
         2          0          0          0          0          0   rtexit.o
        10          0          0          0          0          0   rtexit2.o
       128          0          0          0          0         68   strcmpv7m.o
        62          0          0          0          0         76   strlen.o
        74          0          0          0          0         80   sys_stackheap_outer.o
         2          0          0          0          0         68   use_no_semi.o
         2          0          0          0          0         68   use_no_semi_2.o
        12          0          0          0          0        116   dretinf.o
        86          4          0          0          0        132   f2d.o
       140          4          0          0          0        132   fnaninf.o
        10          0          0          0          0        116   fpinit.o
         4          0          0          0          0        116   printf1.o
         0          0          0          0          0          0   usenofp.o
        48          0          0          0          0        124   fpclassify.o

    ----------------------------------------------------------------------
      6018        290        196          0         96       5008   Library Totals
        14          0          3          0          0          0   (incl. Padding)

    ----------------------------------------------------------------------

      Code (inc. data)   RO Data    RW Data    ZI Data      Debug   Library Name

      5704        282        193          0         96       4272   c_w.l
       252          8          0          0          0        612   fz_wm.l
        48          0          0          0          0        124   m_wm.l

    ----------------------------------------------------------------------
      6018        290        196          0         96       5008   Library Totals

    ----------------------------------------------------------------------

==============================================================================


      Code (inc. data)   RO Data    RW Data    ZI Data      Debug   

     30776       1758        620        136       4576     367359   Grand Totals
     30776       1758        620        136       4576     367359   ELF Image Totals
     30776       1758        620        136          0          0   ROM Totals

==============================================================================

    Total RO  Size (Code + RO Data)                31396 (  30.66kB)
    Total RW  Size (RW Data + ZI Data)              4712 (   4.60kB)
    Total ROM Size (Code + RO Data + RW Data)      31532 (  30.79kB)

==============================================================================

